******************************************************************************
             TMS320C2000 Linker PC v21.6.0                     
******************************************************************************
>> Linked Wed Jan 26 09:50:28 2022

OUTPUT FILE NAME:   <dsp_test1.out>
ENTRY POINT SYMBOL: "_c_int00"  address: 0000ac41


MEMORY CONFIGURATION

         name            origin    length      used     unused   attr    fill
----------------------  --------  ---------  --------  --------  ----  --------
PAGE 0:
  BEGIN                 00000000   00000002  00000002  00000000  RWIX
  BOOT_RSVD             00000002   0000004e  00000000  0000004e  RWIX
  RAMM0                 00000050   000003b0  00000000  000003b0  RWIX
  RAML0                 00008000   00001000  00000041  00000fbf  RWIX
  RAML1                 00009000   00003000  00002013  00000fed  RWIX
  RAML2                 0000c000   00001000  00000000  00001000  RWIX
  RAML3                 0000d000   00001000  00000000  00001000  RWIX
  ZONE6A                00100000   0000fc00  00000000  0000fc00  RWIX
  CSM_RSVD              0033ff80   00000076  00000000  00000076  RWIX
  CSM_PWL               0033fff8   00000008  00000000  00000008  RWIX
  ADC_CAL               00380080   00000009  00000007  00000002  RWIX
  IQTABLES              003fe000   00000b50  00000000  00000b50  RWIX
  IQTABLES2             003feb50   0000008c  00000000  0000008c  RWIX
  FPUTABLES             003febdc   000006a0  00000000  000006a0  RWIX
  BOOTROM               003ff27c   00000d44  00000000  00000d44  RWIX
  RESET                 003fffc0   00000002  00000000  00000002  RWIX

PAGE 1:
  RAMM1                 00000400   00000400  00000000  00000400  RWIX
  DEV_EMU               00000880   00000180  000000d0  000000b0  RWIX
  FLASH_REGS            00000a80   00000060  00000008  00000058  RWIX
  CSM                   00000ae0   00000010  00000010  00000000  RWIX
  ADC_MIRROR            00000b00   00000010  00000010  00000000  RWIX
  XINTF                 00000b20   00000020  0000001e  00000002  RWIX
  CPU_TIMER0            00000c00   00000008  00000008  00000000  RWIX
  CPU_TIMER1            00000c08   00000008  00000008  00000000  RWIX
  CPU_TIMER2            00000c10   00000008  00000008  00000000  RWIX
  PIE_CTRL              00000ce0   00000020  0000001a  00000006  RWIX
  PIE_VECT              00000d00   00000100  00000100  00000000  RWIX
  DMA                   00001000   00000200  000000e0  00000120  RWIX
  MCBSPA                00005000   00000040  00000025  0000001b  RWIX
  MCBSPB                00005040   00000040  00000025  0000001b  RWIX
  ECANA                 00006000   00000040  00000034  0000000c  RWIX
  ECANA_LAM             00006040   00000040  00000040  00000000  RWIX
  ECANA_MOTS            00006080   00000040  00000040  00000000  RWIX
  ECANA_MOTO            000060c0   00000040  00000040  00000000  RWIX
  ECANA_MBOX            00006100   00000100  00000100  00000000  RWIX
  ECANB                 00006200   00000040  00000034  0000000c  RWIX
  ECANB_LAM             00006240   00000040  00000040  00000000  RWIX
  ECANB_MOTS            00006280   00000040  00000040  00000000  RWIX
  ECANB_MOTO            000062c0   00000040  00000040  00000000  RWIX
  ECANB_MBOX            00006300   00000100  00000100  00000000  RWIX
  EPWM1                 00006800   00000022  00000022  00000000  RWIX
  EPWM2                 00006840   00000022  00000022  00000000  RWIX
  EPWM3                 00006880   00000022  00000022  00000000  RWIX
  EPWM4                 000068c0   00000022  00000022  00000000  RWIX
  EPWM5                 00006900   00000022  00000022  00000000  RWIX
  EPWM6                 00006940   00000022  00000022  00000000  RWIX
  ECAP1                 00006a00   00000020  00000020  00000000  RWIX
  ECAP2                 00006a20   00000020  00000020  00000000  RWIX
  ECAP3                 00006a40   00000020  00000020  00000000  RWIX
  ECAP4                 00006a60   00000020  00000020  00000000  RWIX
  ECAP5                 00006a80   00000020  00000020  00000000  RWIX
  ECAP6                 00006aa0   00000020  00000020  00000000  RWIX
  EQEP1                 00006b00   00000040  00000040  00000000  RWIX
  EQEP2                 00006b40   00000040  00000040  00000000  RWIX
  GPIOCTRL              00006f80   00000040  0000002e  00000012  RWIX
  GPIODAT               00006fc0   00000020  00000020  00000000  RWIX
  GPIOINT               00006fe0   00000020  0000000a  00000016  RWIX
  SYSTEM                00007010   00000020  00000020  00000000  RWIX
  SPIA                  00007040   00000010  00000010  00000000  RWIX
  SCIA                  00007050   00000010  00000010  00000000  RWIX
  XINTRUPT              00007070   00000010  00000010  00000000  RWIX
  ADC                   00007100   00000020  0000001e  00000002  RWIX
  SCIB                  00007750   00000010  00000010  00000000  RWIX
  SCIC                  00007770   00000010  00000010  00000000  RWIX
  I2CA                  00007900   00000040  00000022  0000001e  RWIX
  RAML4                 0000c000   00001000  00000548  00000ab8  RWIX
  RAML5                 0000d000   00001000  000001ae  00000e52  RWIX
  RAML6                 0000e000   00001000  00000000  00001000  RWIX
  RAML7                 0000f000   00001000  00000000  00001000  RWIX
  ZONE7B                0020fc00   00000400  00000000  00000400  RWIX
  CSM_PWL               0033fff8   00000008  00000008  00000000  RWIX


SECTION ALLOCATION MAP

 output                                  attributes/
section   page    origin      length       input sections
--------  ----  ----------  ----------   ----------------
codestart 
*          0    00000000    00000002     
                  00000000    00000002     DSP2833x_CodeStartBranch.obj (codestart)

.cinit     0    00008000    0000003d     
                  00008000    00000013     smg.obj (.cinit)
                  00008013    0000000e     rts2800_fpu32.lib : exit.c.obj (.cinit)
                  00008021    0000000c     key.obj (.cinit)
                  0000802d    00000005     rts2800_fpu32.lib : _lock.c.obj (.cinit:__lock)
                  00008032    00000005                       : _lock.c.obj (.cinit:__unlock)
                  00008037    00000004                       : errno.c.obj (.cinit)
                  0000803b    00000002     --HOLE-- [fill = 0]

ramfuncs   0    0000803d    00000004     
                  0000803d    00000004     DSP2833x_usDelay.obj (ramfuncs)

.text      0    00009000    00002013     
                  00009000    000006da     rts2800_fpu32.lib : _printfi.c.obj (.text)
                  000096da    0000060a                       : _printfi.c.obj (.text:__TI_printfi)
                  00009ce4    00000323     DSP2833x_DefaultIsr.obj (.text:retain)
                  0000a007    000001bd     smg.obj (.text)
                  0000a1c4    00000166     i2c.obj (.text)
                  0000a32a    00000132     uart.obj (.text)
                  0000a45c    00000110     key.obj (.text)
                  0000a56c    00000107     rts2800_fpu32.lib : ll_div28.asm.obj (.text)
                  0000a673    000000f8     DSP2833x_SysCtrl.obj (.text)
                  0000a76b    000000d2     rts2800_fpu32.lib : e_atan2f.c.obj (.text)
                  0000a83d    000000ca                       : s_atanf.c.obj (.text)
                  0000a907    000000ae                       : s_scalbn.c.obj (.text)
                  0000a9b5    0000009c                       : fd_add28.asm.obj (.text)
                  0000aa51    0000008b                       : fd_div28.asm.obj (.text)
                  0000aadc    00000088                       : fs_div28.asm.obj (.text)
                  0000ab64    00000083                       : fd_mpy28.asm.obj (.text)
                  0000abe7    0000005a                       : s_frexp.c.obj (.text)
                  0000ac41    00000056                       : boot28.asm.obj (.text)
                  0000ac97    00000040     leds.obj (.text)
                  0000acd7    00000031     rts2800_fpu32.lib : atoi.c.obj (.text)
                  0000ad08    00000030                       : _ltoa.c.obj (.text)
                  0000ad38    00000030                       : vsprintf.c.obj (.text)
                  0000ad68    0000002a     main.obj (.text)
                  0000ad92    0000002a     rts2800_fpu32.lib : fd_cmp28.asm.obj (.text)
                  0000adbc    0000002a                       : l_div28.asm.obj (.text)
                  0000ade6    00000029                       : exit.c.obj (.text)
                  0000ae0f    00000025                       : s_copysign.c.obj (.text)
                  0000ae34    00000024                       : cpy_tbl.c.obj (.text)
                  0000ae58    00000022                       : i_div28.asm.obj (.text)
                  0000ae7a    00000021                       : fd_toi28.asm.obj (.text)
                  0000ae9b    0000001f                       : fd_tol28.asm.obj (.text)
                  0000aeba    0000001e                       : ll_cmp28.asm.obj (.text)
                  0000aed8    0000001d                       : i_tofd28.asm.obj (.text)
                  0000aef5    0000001d                       : memcpy.c.obj (.text)
                  0000af12    0000001c                       : fs_tofdfpu32.asm.obj (.text)
                  0000af2e    0000001c                       : l_tofd28.asm.obj (.text)
                  0000af4a    00000019     DSP2833x_Sci.obj (.text)
                  0000af63    00000018     rts2800_fpu32.lib : ll_aox28.asm.obj (.text)
                  0000af7b    00000017     DSP2833x_I2C.obj (.text)
                  0000af92    00000012     rts2800_fpu32.lib : args_main.c.obj (.text)
                  0000afa4    00000010                       : memccpy.c.obj (.text)
                  0000afb4    0000000e                       : fd_sub28.asm.obj (.text)
                  0000afc2    0000000c                       : strchr.c.obj (.text)
                  0000afce    0000000b                       : u_div28.asm.obj (.text)
                  0000afd9    00000009                       : _lock.c.obj (.text)
                  0000afe2    00000009                       : fd_neg28.asm.obj (.text)
                  0000afeb    00000009                       : wcslen.c.obj (.text)
                  0000aff4    00000008     DSP2833x_CodeStartBranch.obj (.text)
                  0000affc    00000008     rts2800_fpu32.lib : strlen.c.obj (.text)
                  0000b004    00000007                       : memset.c.obj (.text)
                  0000b00b    00000005                       : strcpy.c.obj (.text)
                  0000b010    00000002                       : pre_init.c.obj (.text)
                  0000b012    00000001                       : startup.c.obj (.text)

.pinit     0    00008000    00000000     UNINITIALIZED

DevEmuRegsFile 
*          1    00000880    000000d0     UNINITIALIZED
                  00000880    000000d0     DSP2833x_GlobalVariableDefs.obj (DevEmuRegsFile)

FlashRegsFile 
*          1    00000a80    00000008     UNINITIALIZED
                  00000a80    00000008     DSP2833x_GlobalVariableDefs.obj (FlashRegsFile)

CsmRegsFile 
*          1    00000ae0    00000010     UNINITIALIZED
                  00000ae0    00000010     DSP2833x_GlobalVariableDefs.obj (CsmRegsFile)

AdcMirrorFile 
*          1    00000b00    00000010     UNINITIALIZED
                  00000b00    00000010     DSP2833x_GlobalVariableDefs.obj (AdcMirrorFile)

XintfRegsFile 
*          1    00000b20    0000001e     UNINITIALIZED
                  00000b20    0000001e     DSP2833x_GlobalVariableDefs.obj (XintfRegsFile)

CpuTimer0RegsFile 
*          1    00000c00    00000008     UNINITIALIZED
                  00000c00    00000008     DSP2833x_GlobalVariableDefs.obj (CpuTimer0RegsFile)

CpuTimer1RegsFile 
*          1    00000c08    00000008     UNINITIALIZED
                  00000c08    00000008     DSP2833x_GlobalVariableDefs.obj (CpuTimer1RegsFile)

CpuTimer2RegsFile 
*          1    00000c10    00000008     UNINITIALIZED
                  00000c10    00000008     DSP2833x_GlobalVariableDefs.obj (CpuTimer2RegsFile)

PieCtrlRegsFile 
*          1    00000ce0    0000001a     UNINITIALIZED
                  00000ce0    0000001a     DSP2833x_GlobalVariableDefs.obj (PieCtrlRegsFile)

ECanaMOTSRegsFile 
*          1    00006080    00000040     UNINITIALIZED
                  00006080    00000040     DSP2833x_GlobalVariableDefs.obj (ECanaMOTSRegsFile)

ECanaMOTORegsFile 
*          1    000060c0    00000040     UNINITIALIZED
                  000060c0    00000040     DSP2833x_GlobalVariableDefs.obj (ECanaMOTORegsFile)

ECanbMOTSRegsFile 
*          1    00006280    00000040     UNINITIALIZED
                  00006280    00000040     DSP2833x_GlobalVariableDefs.obj (ECanbMOTSRegsFile)

ECanbMOTORegsFile 
*          1    000062c0    00000040     UNINITIALIZED
                  000062c0    00000040     DSP2833x_GlobalVariableDefs.obj (ECanbMOTORegsFile)

.stack     1    0000c000    00000300     UNINITIALIZED
                  0000c000    00000300     --HOLE--

.ebss      1    0000c300    00000248     UNINITIALIZED
                  0000c300    00000210     uart.obj (.ebss)
                  0000c510    00000018     DSP2833x_CpuTimers.obj (.ebss)
                  0000c528    00000010     smg.obj (.ebss)
                  0000c538    00000006     rts2800_fpu32.lib : exit.c.obj (.ebss)
                  0000c53e    00000002                       : _lock.c.obj (.ebss:__lock)
                  0000c540    00000003     key.obj (.ebss)
                  0000c543    00000001     rts2800_fpu32.lib : errno.c.obj (.ebss)
                  0000c544    00000002                       : _lock.c.obj (.ebss:__unlock)
                  0000c546    00000002     main.obj (.ebss)

.econst    1    0000d000    000001ae     
                  0000d000    00000101     rts2800_fpu32.lib : ctype.c.obj (.econst:.string:__ctypes_)
                  0000d101    00000001     --HOLE-- [fill = 0]
                  0000d102    00000026                       : _printfi.c.obj (.econst:.string)
                  0000d128    0000001c                       : _printfi.c.obj (.econst)
                  0000d144    0000001c                       : s_scalbn.c.obj (.econst)
                  0000d160    00000012     main.obj (.econst:.string)
                  0000d172    0000000c     rts2800_fpu32.lib : e_atan2f.c.obj (.econst)
                  0000d17e    0000000a                       : s_atanf.c.obj (.econst:_aT)
                  0000d188    00000009     i2c.obj (.econst:.string)
                  0000d191    00000001     --HOLE-- [fill = 0]
                  0000d192    00000008     rts2800_fpu32.lib : s_atanf.c.obj (.econst:_atanhi)
                  0000d19a    00000008                       : s_atanf.c.obj (.econst:_atanlo)
                  0000d1a2    00000008                       : s_frexp.c.obj (.econst)
                  0000d1aa    00000004                       : s_atanf.c.obj (.econst)

.reset     0    003fffc0    00000002     DSECT
                  003fffc0    00000002     rts2800_fpu32.lib : boot28.asm.obj (.reset)

csm_rsvd   0    0033ff80    00000000     DSECT

csmpasswds 
*          0    0033fff8    00000000     DSECT

.adc_cal   0    00380080    00000007     NOLOAD SECTION
                  00380080    00000007     DSP2833x_ADC_cal.obj (.adc_cal)

PieVectTableFile 
*          1    00000d00    00000100     UNINITIALIZED
                  00000d00    00000100     DSP2833x_GlobalVariableDefs.obj (PieVectTableFile)

DmaRegsFile 
*          1    00001000    000000e0     UNINITIALIZED
                  00001000    000000e0     DSP2833x_GlobalVariableDefs.obj (DmaRegsFile)

McbspaRegsFile 
*          1    00005000    00000025     UNINITIALIZED
                  00005000    00000025     DSP2833x_GlobalVariableDefs.obj (McbspaRegsFile)

McbspbRegsFile 
*          1    00005040    00000025     UNINITIALIZED
                  00005040    00000025     DSP2833x_GlobalVariableDefs.obj (McbspbRegsFile)

ECanaRegsFile 
*          1    00006000    00000034     UNINITIALIZED
                  00006000    00000034     DSP2833x_GlobalVariableDefs.obj (ECanaRegsFile)

ECanaLAMRegsFile 
*          1    00006040    00000040     UNINITIALIZED
                  00006040    00000040     DSP2833x_GlobalVariableDefs.obj (ECanaLAMRegsFile)

ECanaMboxesFile 
*          1    00006100    00000100     UNINITIALIZED
                  00006100    00000100     DSP2833x_GlobalVariableDefs.obj (ECanaMboxesFile)

ECanbRegsFile 
*          1    00006200    00000034     UNINITIALIZED
                  00006200    00000034     DSP2833x_GlobalVariableDefs.obj (ECanbRegsFile)

ECanbLAMRegsFile 
*          1    00006240    00000040     UNINITIALIZED
                  00006240    00000040     DSP2833x_GlobalVariableDefs.obj (ECanbLAMRegsFile)

ECanbMboxesFile 
*          1    00006300    00000100     UNINITIALIZED
                  00006300    00000100     DSP2833x_GlobalVariableDefs.obj (ECanbMboxesFile)

EPwm1RegsFile 
*          1    00006800    00000022     UNINITIALIZED
                  00006800    00000022     DSP2833x_GlobalVariableDefs.obj (EPwm1RegsFile)

EPwm2RegsFile 
*          1    00006840    00000022     UNINITIALIZED
                  00006840    00000022     DSP2833x_GlobalVariableDefs.obj (EPwm2RegsFile)

EPwm3RegsFile 
*          1    00006880    00000022     UNINITIALIZED
                  00006880    00000022     DSP2833x_GlobalVariableDefs.obj (EPwm3RegsFile)

EPwm4RegsFile 
*          1    000068c0    00000022     UNINITIALIZED
                  000068c0    00000022     DSP2833x_GlobalVariableDefs.obj (EPwm4RegsFile)

EPwm5RegsFile 
*          1    00006900    00000022     UNINITIALIZED
                  00006900    00000022     DSP2833x_GlobalVariableDefs.obj (EPwm5RegsFile)

EPwm6RegsFile 
*          1    00006940    00000022     UNINITIALIZED
                  00006940    00000022     DSP2833x_GlobalVariableDefs.obj (EPwm6RegsFile)

ECap1RegsFile 
*          1    00006a00    00000020     UNINITIALIZED
                  00006a00    00000020     DSP2833x_GlobalVariableDefs.obj (ECap1RegsFile)

ECap2RegsFile 
*          1    00006a20    00000020     UNINITIALIZED
                  00006a20    00000020     DSP2833x_GlobalVariableDefs.obj (ECap2RegsFile)

ECap3RegsFile 
*          1    00006a40    00000020     UNINITIALIZED
                  00006a40    00000020     DSP2833x_GlobalVariableDefs.obj (ECap3RegsFile)

ECap4RegsFile 
*          1    00006a60    00000020     UNINITIALIZED
                  00006a60    00000020     DSP2833x_GlobalVariableDefs.obj (ECap4RegsFile)

ECap5RegsFile 
*          1    00006a80    00000020     UNINITIALIZED
                  00006a80    00000020     DSP2833x_GlobalVariableDefs.obj (ECap5RegsFile)

ECap6RegsFile 
*          1    00006aa0    00000020     UNINITIALIZED
                  00006aa0    00000020     DSP2833x_GlobalVariableDefs.obj (ECap6RegsFile)

EQep1RegsFile 
*          1    00006b00    00000040     UNINITIALIZED
                  00006b00    00000040     DSP2833x_GlobalVariableDefs.obj (EQep1RegsFile)

EQep2RegsFile 
*          1    00006b40    00000040     UNINITIALIZED
                  00006b40    00000040     DSP2833x_GlobalVariableDefs.obj (EQep2RegsFile)

GpioCtrlRegsFile 
*          1    00006f80    0000002e     UNINITIALIZED
                  00006f80    0000002e     DSP2833x_GlobalVariableDefs.obj (GpioCtrlRegsFile)

GpioDataRegsFile 
*          1    00006fc0    00000020     UNINITIALIZED
                  00006fc0    00000020     DSP2833x_GlobalVariableDefs.obj (GpioDataRegsFile)

GpioIntRegsFile 
*          1    00006fe0    0000000a     UNINITIALIZED
                  00006fe0    0000000a     DSP2833x_GlobalVariableDefs.obj (GpioIntRegsFile)

SysCtrlRegsFile 
*          1    00007010    00000020     UNINITIALIZED
                  00007010    00000020     DSP2833x_GlobalVariableDefs.obj (SysCtrlRegsFile)

SpiaRegsFile 
*          1    00007040    00000010     UNINITIALIZED
                  00007040    00000010     DSP2833x_GlobalVariableDefs.obj (SpiaRegsFile)

SciaRegsFile 
*          1    00007050    00000010     UNINITIALIZED
                  00007050    00000010     DSP2833x_GlobalVariableDefs.obj (SciaRegsFile)

XIntruptRegsFile 
*          1    00007070    00000010     UNINITIALIZED
                  00007070    00000010     DSP2833x_GlobalVariableDefs.obj (XIntruptRegsFile)

AdcRegsFile 
*          1    00007100    0000001e     UNINITIALIZED
                  00007100    0000001e     DSP2833x_GlobalVariableDefs.obj (AdcRegsFile)

ScibRegsFile 
*          1    00007750    00000010     UNINITIALIZED
                  00007750    00000010     DSP2833x_GlobalVariableDefs.obj (ScibRegsFile)

ScicRegsFile 
*          1    00007770    00000010     UNINITIALIZED
                  00007770    00000010     DSP2833x_GlobalVariableDefs.obj (ScicRegsFile)

I2caRegsFile 
*          1    00007900    00000022     UNINITIALIZED
                  00007900    00000022     DSP2833x_GlobalVariableDefs.obj (I2caRegsFile)

CsmPwlFile 
*          1    0033fff8    00000008     UNINITIALIZED
                  0033fff8    00000008     DSP2833x_GlobalVariableDefs.obj (CsmPwlFile)

MODULE SUMMARY

       Module                            code   initialized data   uninitialized data
       ------                            ----   ----------------   ------------------
    .\app\LEDS\
       leds.obj                          64     0                  0                 
    +--+---------------------------------+------+------------------+--------------------+
       Total:                            64     0                  0                 
                                                                                     
    .\app\i2c\
       i2c.obj                           358    9                  0                 
    +--+---------------------------------+------+------------------+--------------------+
       Total:                            358    9                  0                 
                                                                                     
    .\app\key\
       key.obj                           272    12                 3                 
    +--+---------------------------------+------+------------------+--------------------+
       Total:                            272    12                 3                 
                                                                                     
    .\app\smg\
       smg.obj                           445    19                 16                
    +--+---------------------------------+------+------------------+--------------------+
       Total:                            445    19                 16                
                                                                                     
    .\app\uart\
       uart.obj                          306    0                  528               
    +--+---------------------------------+------+------------------+--------------------+
       Total:                            306    0                  528               
                                                                                     
    .\source\
       DSP2833x_GlobalVariableDefs.obj   0      0                  2678              
       DSP2833x_DefaultIsr.obj           803    0                  0                 
       DSP2833x_SysCtrl.obj              248    0                  0                 
       DSP2833x_Sci.obj                  25     0                  0                 
       DSP2833x_CpuTimers.obj            0      0                  24                
       DSP2833x_I2C.obj                  23     0                  0                 
       DSP2833x_CodeStartBranch.obj      10     0                  0                 
       DSP2833x_ADC_cal.obj              7      0                  0                 
       DSP2833x_usDelay.obj              4      0                  0                 
    +--+---------------------------------+------+------------------+--------------------+
       Total:                            1120   0                  2702              
                                                                                     
    .\user\
       main.obj                          42     18                 2                 
    +--+---------------------------------+------+------------------+--------------------+
       Total:                            42     18                 2                 
                                                                                     
    C:\ti\ccs1110\ccs\tools\compiler\ti-cgt-c2000_21.6.0.LTS\lib\rts2800_fpu32.lib
       _printfi.c.obj                    3300   66                 0                 
       ll_div28.asm.obj                  263    0                  0                 
       ctype.c.obj                       0      257                0                 
       s_atanf.c.obj                     202    30                 0                 
       e_atan2f.c.obj                    210    12                 0                 
       s_scalbn.c.obj                    174    28                 0                 
       fd_add28.asm.obj                  156    0                  0                 
       fd_div28.asm.obj                  139    0                  0                 
       fs_div28.asm.obj                  136    0                  0                 
       fd_mpy28.asm.obj                  131    0                  0                 
       s_frexp.c.obj                     90     8                  0                 
       boot28.asm.obj                    86     0                  0                 
       exit.c.obj                        41     14                 6                 
       atoi.c.obj                        49     0                  0                 
       _ltoa.c.obj                       48     0                  0                 
       vsprintf.c.obj                    48     0                  0                 
       fd_cmp28.asm.obj                  42     0                  0                 
       l_div28.asm.obj                   42     0                  0                 
       s_copysign.c.obj                  37     0                  0                 
       cpy_tbl.c.obj                     36     0                  0                 
       i_div28.asm.obj                   34     0                  0                 
       fd_toi28.asm.obj                  33     0                  0                 
       fd_tol28.asm.obj                  31     0                  0                 
       ll_cmp28.asm.obj                  30     0                  0                 
       i_tofd28.asm.obj                  29     0                  0                 
       memcpy.c.obj                      29     0                  0                 
       fs_tofdfpu32.asm.obj              28     0                  0                 
       l_tofd28.asm.obj                  28     0                  0                 
       ll_aox28.asm.obj                  24     0                  0                 
       _lock.c.obj                       9      10                 4                 
       args_main.c.obj                   18     0                  0                 
       memccpy.c.obj                     16     0                  0                 
       fd_sub28.asm.obj                  14     0                  0                 
       strchr.c.obj                      12     0                  0                 
       u_div28.asm.obj                   11     0                  0                 
       fd_neg28.asm.obj                  9      0                  0                 
       wcslen.c.obj                      9      0                  0                 
       strlen.c.obj                      8      0                  0                 
       memset.c.obj                      7      0                  0                 
       errno.c.obj                       0      4                  1                 
       strcpy.c.obj                      5      0                  0                 
       pre_init.c.obj                    2      0                  0                 
       startup.c.obj                     1      0                  0                 
    +--+---------------------------------+------+------------------+--------------------+
       Total:                            5617   429                11                
                                                                                     
       Stack:                            0      0                  768               
    +--+---------------------------------+------+------------------+--------------------+
       Grand Total:                      8224   487                4030              


GLOBAL DATA SYMBOLS: SORTED BY DATA PAGE

address     data page           name
--------    ----------------    ----
00000880      22 (00000880)     _DevEmuRegs

00000a80      2a (00000a80)     _FlashRegs

00000ae0      2b (00000ac0)     _CsmRegs

00000b00      2c (00000b00)     _AdcMirror
00000b20      2c (00000b00)     _XintfRegs

00000c00      30 (00000c00)     _CpuTimer0Regs
00000c08      30 (00000c00)     _CpuTimer1Regs
00000c10      30 (00000c00)     _CpuTimer2Regs

00000ce0      33 (00000cc0)     _PieCtrlRegs

00000d00      34 (00000d00)     _PieVectTable

00001000      40 (00001000)     _DmaRegs

00005000     140 (00005000)     _McbspaRegs

00005040     141 (00005040)     _McbspbRegs

00006000     180 (00006000)     _ECanaRegs

00006040     181 (00006040)     _ECanaLAMRegs

00006080     182 (00006080)     _ECanaMOTSRegs

000060c0     183 (000060c0)     _ECanaMOTORegs

00006100     184 (00006100)     _ECanaMboxes

00006200     188 (00006200)     _ECanbRegs

00006240     189 (00006240)     _ECanbLAMRegs

00006280     18a (00006280)     _ECanbMOTSRegs

000062c0     18b (000062c0)     _ECanbMOTORegs

00006300     18c (00006300)     _ECanbMboxes

00006800     1a0 (00006800)     _EPwm1Regs

00006840     1a1 (00006840)     _EPwm2Regs

00006880     1a2 (00006880)     _EPwm3Regs

000068c0     1a3 (000068c0)     _EPwm4Regs

00006900     1a4 (00006900)     _EPwm5Regs

00006940     1a5 (00006940)     _EPwm6Regs

00006a00     1a8 (00006a00)     _ECap1Regs
00006a20     1a8 (00006a00)     _ECap2Regs

00006a40     1a9 (00006a40)     _ECap3Regs
00006a60     1a9 (00006a40)     _ECap4Regs

00006a80     1aa (00006a80)     _ECap5Regs
00006aa0     1aa (00006a80)     _ECap6Regs

00006b00     1ac (00006b00)     _EQep1Regs

00006b40     1ad (00006b40)     _EQep2Regs

00006f80     1be (00006f80)     _GpioCtrlRegs

00006fc0     1bf (00006fc0)     _GpioDataRegs
00006fe0     1bf (00006fc0)     _GpioIntRegs

00007010     1c0 (00007000)     _SysCtrlRegs

00007040     1c1 (00007040)     _SpiaRegs
00007050     1c1 (00007040)     _SciaRegs
00007070     1c1 (00007040)     _XIntruptRegs

00007100     1c4 (00007100)     _AdcRegs

00007750     1dd (00007740)     _ScibRegs
00007770     1dd (00007740)     _ScicRegs

00007900     1e4 (00007900)     _I2caRegs

0000c000     300 (0000c000)     __stack

0000c510     314 (0000c500)     _CpuTimer1
0000c518     314 (0000c500)     _CpuTimer2
0000c520     314 (0000c500)     _CpuTimer0
0000c528     314 (0000c500)     _smgduan
0000c538     314 (0000c500)     ___TI_enable_exit_profile_output
0000c53a     314 (0000c500)     ___TI_cleanup_ptr
0000c53c     314 (0000c500)     ___TI_dtors_ptr
0000c53e     314 (0000c500)     __lock

0000c543     315 (0000c540)     _errno
0000c544     315 (0000c540)     __unlock
0000c546     315 (0000c540)     _t

0000d000     340 (0000d000)     __ctypes_

0033fff8    cfff (0033ffc0)     _CsmPwl


GLOBAL SYMBOLS: SORTED ALPHABETICALLY BY Name 

page  address   name                            
----  -------   ----                            
0     00009000  .text                           
0     0000ade6  C$$EXIT                         
0     0000a9b5  FD$$ADD                         
0     0000ad92  FD$$CMP                         
0     0000aa51  FD$$DIV                         
0     0000ab64  FD$$MPY                         
0     0000afe2  FD$$NEG                         
0     0000afb4  FD$$SUB                         
0     0000ae7a  FD$$TOI                         
0     0000ae9b  FD$$TOL                         
0     0000aadc  FS$$DIV                         
0     0000af12  FS$$TOFD                        
0     0000ae58  I$$DIV                          
0     0000ae69  I$$MOD                          
0     0000aed8  I$$TOFD                         
0     0000adbc  L$$DIV                          
0     0000adcb  L$$MOD                          
0     0000af2e  L$$TOFD                         
0     0000af63  LL$$AND                         
0     0000aeba  LL$$CMP                         
0     0000a56c  LL$$DIV                         
0     0000a5a8  LL$$MOD                         
0     0000af6b  LL$$OR                          
0     0000af73  LL$$XOR                         
0     0000afce  U$$DIV                          
0     0000afd3  U$$MOD                          
0     0000add9  UL$$DIV                         
0     0000ade0  UL$$MOD                         
0     0000aecc  ULL$$CMP                        
0     0000a5e2  ULL$$DIV                        
0     0000a611  ULL$$MOD                        
0     00009dca  _ADCINT_ISR                     
0     00380080  _ADC_cal                        
0     0000a2e8  _AT24CXX_Check2                 
1     00000b00  _AdcMirror                      
1     00007100  _AdcRegs                        
1     0000c520  _CpuTimer0                      
1     00000c00  _CpuTimer0Regs                  
1     0000c510  _CpuTimer1                      
1     00000c08  _CpuTimer1Regs                  
1     0000c518  _CpuTimer2                      
1     00000c10  _CpuTimer2Regs                  
1     0033fff8  _CsmPwl                         
1     00000ae0  _CsmRegs                        
0     0000a73a  _CsmUnlock                      
0     00009cf8  _DATALOG_ISR                    
0     00009eec  _DINTCH1_ISR                    
0     00009ef6  _DINTCH2_ISR                    
0     00009f00  _DINTCH3_ISR                    
0     00009f0a  _DINTCH4_ISR                    
0     00009f14  _DINTCH5_ISR                    
0     00009f1e  _DINTCH6_ISR                    
0     0000803d  _DSP28x_usDelay                 
1     00000880  _DevEmuRegs                     
0     0000a686  _DisableDog                     
1     00001000  _DmaRegs                        
0     00009f78  _ECAN0INTA_ISR                  
0     00009f8c  _ECAN0INTB_ISR                  
0     00009f82  _ECAN1INTA_ISR                  
0     00009f96  _ECAN1INTB_ISR                  
0     00009e60  _ECAP1_INT_ISR                  
0     00009e6a  _ECAP2_INT_ISR                  
0     00009e74  _ECAP3_INT_ISR                  
0     00009e7e  _ECAP4_INT_ISR                  
0     00009e88  _ECAP5_INT_ISR                  
0     00009e92  _ECAP6_INT_ISR                  
1     00006040  _ECanaLAMRegs                   
1     000060c0  _ECanaMOTORegs                  
1     00006080  _ECanaMOTSRegs                  
1     00006100  _ECanaMboxes                    
1     00006000  _ECanaRegs                      
1     00006240  _ECanbLAMRegs                   
1     000062c0  _ECanbMOTORegs                  
1     00006280  _ECanbMOTSRegs                  
1     00006300  _ECanbMboxes                    
1     00006200  _ECanbRegs                      
1     00006a00  _ECap1Regs                      
1     00006a20  _ECap2Regs                      
1     00006a40  _ECap3Regs                      
1     00006a60  _ECap4Regs                      
1     00006a80  _ECap5Regs                      
1     00006aa0  _ECap6Regs                      
0     00009fe6  _EMPTY_ISR                      
0     00009d0c  _EMUINT_ISR                     
0     00009e24  _EPWM1_INT_ISR                  
0     00009de8  _EPWM1_TZINT_ISR                
0     00009e2e  _EPWM2_INT_ISR                  
0     00009df2  _EPWM2_TZINT_ISR                
0     00009e38  _EPWM3_INT_ISR                  
0     00009dfc  _EPWM3_TZINT_ISR                
0     00009e42  _EPWM4_INT_ISR                  
0     00009e06  _EPWM4_TZINT_ISR                
0     00009e4c  _EPWM5_INT_ISR                  
0     00009e10  _EPWM5_TZINT_ISR                
0     00009e56  _EPWM6_INT_ISR                  
0     00009e1a  _EPWM6_TZINT_ISR                
1     00006800  _EPwm1Regs                      
1     00006840  _EPwm2Regs                      
1     00006880  _EPwm3Regs                      
1     000068c0  _EPwm4Regs                      
1     00006900  _EPwm5Regs                      
1     00006940  _EPwm6Regs                      
0     00009e9c  _EQEP1_INT_ISR                  
0     00009ea6  _EQEP2_INT_ISR                  
1     00006b00  _EQep1Regs                      
1     00006b40  _EQep2Regs                      
1     00000a80  _FlashRegs                      
1     00006f80  _GpioCtrlRegs                   
1     00006fc0  _GpioDataRegs                   
1     00006fe0  _GpioIntRegs                    
0     0000a03f  _HC164SendData                  
0     0000a1c4  _I2CA_Init                      
0     00009f28  _I2CINT1A_ISR                   
0     00009f32  _I2CINT2A_ISR                   
0     0000a276  _I2C_ReadData                   
0     0000a1fd  _I2C_WriteData                  
0     0000a245  _I2C_WriteData2                 
1     00007900  _I2caRegs                       
0     00009d20  _ILLEGAL_ISR                    
0     00009ce4  _INT13_ISR                      
0     00009cee  _INT14_ISR                      
0     0000af7b  _InitI2C                        
0     0000af7c  _InitI2CGpio                    
0     0000a6df  _InitPeripheralClocks           
0     0000a68e  _InitPll                        
0     0000af4a  _InitSci                        
0     0000af4b  _InitSciGpio                    
0     0000af4e  _InitSciaGpio                   
0     0000a673  _InitSysCtrl                    
0     0000a45c  _KEY_Init                       
0     0000a492  _KEY_Scan                       
0     0000ac97  _LED_Init                       
0     00009fdc  _LUF_ISR                        
0     00009fd2  _LVF_ISR                        
0     00009ed8  _MRINTA_ISR                     
0     00009ec4  _MRINTB_ISR                     
0     00009ee2  _MXINTA_ISR                     
0     00009ece  _MXINTB_ISR                     
1     00005000  _McbspaRegs                     
1     00005040  _McbspbRegs                     
0     00009d16  _NMI_ISR                        
0     00009ff3  _PIE_RESERVED                   
1     00000ce0  _PieCtrlRegs                    
1     00000d00  _PieVectTable                   
0     00009d02  _RTOSINT_ISR                    
0     00009f50  _SCIRXINTA_ISR                  
0     00009f64  _SCIRXINTB_ISR                  
0     00009f3c  _SCIRXINTC_ISR                  
0     00009f5a  _SCITXINTA_ISR                  
0     00009f6e  _SCITXINTB_ISR                  
0     00009f46  _SCITXINTC_ISR                  
0     00009da2  _SEQ1INT_ISR                    
0     00009dac  _SEQ2INT_ISR                    
0     0000a0d3  _SMG_DisplayFloat               
0     0000a05d  _SMG_DisplayInt                 
0     0000a007  _SMG_Init                       
0     00009eb0  _SPIRXINTA_ISR                  
0     00009eba  _SPITXINTA_ISR                  
1     00007050  _SciaRegs                       
1     00007750  _ScibRegs                       
1     00007770  _ScicRegs                       
0     0000a67c  _ServiceDog                     
1     00007040  _SpiaRegs                       
1     00007010  _SysCtrlRegs                    
0     00009dd4  _TINT0_ISR                      
0     0000a32a  _UARTa_Init                     
0     0000a385  _UARTa_SendByte                 
0     0000a391  _UARTa_SendString               
0     00009d84  _USER10_ISR                     
0     00009d8e  _USER11_ISR                     
0     00009d98  _USER12_ISR                     
0     00009d2a  _USER1_ISR                      
0     00009d34  _USER2_ISR                      
0     00009d3e  _USER3_ISR                      
0     00009d48  _USER4_ISR                      
0     00009d52  _USER5_ISR                      
0     00009d5c  _USER6_ISR                      
0     00009d66  _USER7_ISR                      
0     00009d70  _USER8_ISR                      
0     00009d7a  _USER9_ISR                      
0     00009dde  _WAKEINT_ISR                    
0     00009db6  _XINT1_ISR                      
0     00009dc0  _XINT2_ISR                      
0     00009fa0  _XINT3_ISR                      
0     00009faa  _XINT4_ISR                      
0     00009fb4  _XINT5_ISR                      
0     00009fbe  _XINT6_ISR                      
0     00009fc8  _XINT7_ISR                      
1     00007070  _XIntruptRegs                   
1     00000b20  _XintfRegs                      
1     0000c300  __STACK_END                     
abs   00000300  __STACK_SIZE                    
1     0000c53a  ___TI_cleanup_ptr               
1     0000c53c  ___TI_dtors_ptr                 
1     0000c538  ___TI_enable_exit_profile_output
0     0000ad08  ___TI_ltoa                      
abs   ffffffff  ___TI_pprof_out_hndl            
0     00009b53  ___TI_printfi                   
abs   ffffffff  ___TI_prof_data_size            
abs   ffffffff  ___TI_prof_data_start           
abs   ffffffff  ___binit__                      
abs   ffffffff  ___c_args__                     
0     00008000  ___cinit__                      
0     0000b013  ___etext__                      
abs   ffffffff  ___pinit__                      
0     00009000  ___text__                       
0     0000af92  __args_main                     
1     0000d000  __ctypes_                       
1     0000c53e  __lock                          
0     0000afe1  __nop                           
0     0000afdd  __register_lock                 
0     0000afd9  __register_unlock               
1     0000c000  __stack                         
0     0000b012  __system_post_cinit             
0     0000b010  __system_pre_init               
1     0000c544  __unlock                        
0     0000ade6  _abort                          
0     0000a83d  _atan                           
0     0000a76b  _atan2                          
0     0000a76b  _atan2f                         
0     0000a83d  _atanf                          
0     0000acd7  _atoi                           
0     0000ac41  _c_int00                        
0     0000ae34  _copy_in                        
0     0000ae0f  _copysignl                      
1     0000c543  _errno                          
0     0000ade8  _exit                           
0     0000abe7  _frexpl                         
0     0000a907  _ldexpl                         
0     0000ad68  _main                           
0     0000afa4  _memccpy                        
0     0000aef5  _memcpy                         
0     0000b004  _memset                         
0     00009ffd  _rsvd_ISR                       
0     0000a907  _scalbnl                        
0     0000a3f7  _scia_float                     
0     0000a3b0  _scia_int                       
0     0000a449  _scia_msg                       
0     0000a3a4  _scia_xmit                      
1     0000c528  _smgduan                        
0     0000afc2  _strchr                         
0     0000b00b  _strcpy                         
0     0000affc  _strlen                         
1     0000c546  _t                              
0     0000a363  _uart_printf                    
0     0000ad38  _vsprintf                       
0     0000afeb  _wcslen                         
abs   ffffffff  binit                           
0     00008000  cinit                           
0     00000000  code_start                      
0     0000b013  etext                           
abs   ffffffff  pinit                           


GLOBAL SYMBOLS: SORTED BY Symbol Address 

page  address   name                            
----  -------   ----                            
0     00000000  code_start                      
0     00008000  ___cinit__                      
0     00008000  cinit                           
0     0000803d  _DSP28x_usDelay                 
0     00009000  .text                           
0     00009000  ___text__                       
0     00009b53  ___TI_printfi                   
0     00009ce4  _INT13_ISR                      
0     00009cee  _INT14_ISR                      
0     00009cf8  _DATALOG_ISR                    
0     00009d02  _RTOSINT_ISR                    
0     00009d0c  _EMUINT_ISR                     
0     00009d16  _NMI_ISR                        
0     00009d20  _ILLEGAL_ISR                    
0     00009d2a  _USER1_ISR                      
0     00009d34  _USER2_ISR                      
0     00009d3e  _USER3_ISR                      
0     00009d48  _USER4_ISR                      
0     00009d52  _USER5_ISR                      
0     00009d5c  _USER6_ISR                      
0     00009d66  _USER7_ISR                      
0     00009d70  _USER8_ISR                      
0     00009d7a  _USER9_ISR                      
0     00009d84  _USER10_ISR                     
0     00009d8e  _USER11_ISR                     
0     00009d98  _USER12_ISR                     
0     00009da2  _SEQ1INT_ISR                    
0     00009dac  _SEQ2INT_ISR                    
0     00009db6  _XINT1_ISR                      
0     00009dc0  _XINT2_ISR                      
0     00009dca  _ADCINT_ISR                     
0     00009dd4  _TINT0_ISR                      
0     00009dde  _WAKEINT_ISR                    
0     00009de8  _EPWM1_TZINT_ISR                
0     00009df2  _EPWM2_TZINT_ISR                
0     00009dfc  _EPWM3_TZINT_ISR                
0     00009e06  _EPWM4_TZINT_ISR                
0     00009e10  _EPWM5_TZINT_ISR                
0     00009e1a  _EPWM6_TZINT_ISR                
0     00009e24  _EPWM1_INT_ISR                  
0     00009e2e  _EPWM2_INT_ISR                  
0     00009e38  _EPWM3_INT_ISR                  
0     00009e42  _EPWM4_INT_ISR                  
0     00009e4c  _EPWM5_INT_ISR                  
0     00009e56  _EPWM6_INT_ISR                  
0     00009e60  _ECAP1_INT_ISR                  
0     00009e6a  _ECAP2_INT_ISR                  
0     00009e74  _ECAP3_INT_ISR                  
0     00009e7e  _ECAP4_INT_ISR                  
0     00009e88  _ECAP5_INT_ISR                  
0     00009e92  _ECAP6_INT_ISR                  
0     00009e9c  _EQEP1_INT_ISR                  
0     00009ea6  _EQEP2_INT_ISR                  
0     00009eb0  _SPIRXINTA_ISR                  
0     00009eba  _SPITXINTA_ISR                  
0     00009ec4  _MRINTB_ISR                     
0     00009ece  _MXINTB_ISR                     
0     00009ed8  _MRINTA_ISR                     
0     00009ee2  _MXINTA_ISR                     
0     00009eec  _DINTCH1_ISR                    
0     00009ef6  _DINTCH2_ISR                    
0     00009f00  _DINTCH3_ISR                    
0     00009f0a  _DINTCH4_ISR                    
0     00009f14  _DINTCH5_ISR                    
0     00009f1e  _DINTCH6_ISR                    
0     00009f28  _I2CINT1A_ISR                   
0     00009f32  _I2CINT2A_ISR                   
0     00009f3c  _SCIRXINTC_ISR                  
0     00009f46  _SCITXINTC_ISR                  
0     00009f50  _SCIRXINTA_ISR                  
0     00009f5a  _SCITXINTA_ISR                  
0     00009f64  _SCIRXINTB_ISR                  
0     00009f6e  _SCITXINTB_ISR                  
0     00009f78  _ECAN0INTA_ISR                  
0     00009f82  _ECAN1INTA_ISR                  
0     00009f8c  _ECAN0INTB_ISR                  
0     00009f96  _ECAN1INTB_ISR                  
0     00009fa0  _XINT3_ISR                      
0     00009faa  _XINT4_ISR                      
0     00009fb4  _XINT5_ISR                      
0     00009fbe  _XINT6_ISR                      
0     00009fc8  _XINT7_ISR                      
0     00009fd2  _LVF_ISR                        
0     00009fdc  _LUF_ISR                        
0     00009fe6  _EMPTY_ISR                      
0     00009ff3  _PIE_RESERVED                   
0     00009ffd  _rsvd_ISR                       
0     0000a007  _SMG_Init                       
0     0000a03f  _HC164SendData                  
0     0000a05d  _SMG_DisplayInt                 
0     0000a0d3  _SMG_DisplayFloat               
0     0000a1c4  _I2CA_Init                      
0     0000a1fd  _I2C_WriteData                  
0     0000a245  _I2C_WriteData2                 
0     0000a276  _I2C_ReadData                   
0     0000a2e8  _AT24CXX_Check2                 
0     0000a32a  _UARTa_Init                     
0     0000a363  _uart_printf                    
0     0000a385  _UARTa_SendByte                 
0     0000a391  _UARTa_SendString               
0     0000a3a4  _scia_xmit                      
0     0000a3b0  _scia_int                       
0     0000a3f7  _scia_float                     
0     0000a449  _scia_msg                       
0     0000a45c  _KEY_Init                       
0     0000a492  _KEY_Scan                       
0     0000a56c  LL$$DIV                         
0     0000a5a8  LL$$MOD                         
0     0000a5e2  ULL$$DIV                        
0     0000a611  ULL$$MOD                        
0     0000a673  _InitSysCtrl                    
0     0000a67c  _ServiceDog                     
0     0000a686  _DisableDog                     
0     0000a68e  _InitPll                        
0     0000a6df  _InitPeripheralClocks           
0     0000a73a  _CsmUnlock                      
0     0000a76b  _atan2                          
0     0000a76b  _atan2f                         
0     0000a83d  _atan                           
0     0000a83d  _atanf                          
0     0000a907  _ldexpl                         
0     0000a907  _scalbnl                        
0     0000a9b5  FD$$ADD                         
0     0000aa51  FD$$DIV                         
0     0000aadc  FS$$DIV                         
0     0000ab64  FD$$MPY                         
0     0000abe7  _frexpl                         
0     0000ac41  _c_int00                        
0     0000ac97  _LED_Init                       
0     0000acd7  _atoi                           
0     0000ad08  ___TI_ltoa                      
0     0000ad38  _vsprintf                       
0     0000ad68  _main                           
0     0000ad92  FD$$CMP                         
0     0000adbc  L$$DIV                          
0     0000adcb  L$$MOD                          
0     0000add9  UL$$DIV                         
0     0000ade0  UL$$MOD                         
0     0000ade6  C$$EXIT                         
0     0000ade6  _abort                          
0     0000ade8  _exit                           
0     0000ae0f  _copysignl                      
0     0000ae34  _copy_in                        
0     0000ae58  I$$DIV                          
0     0000ae69  I$$MOD                          
0     0000ae7a  FD$$TOI                         
0     0000ae9b  FD$$TOL                         
0     0000aeba  LL$$CMP                         
0     0000aecc  ULL$$CMP                        
0     0000aed8  I$$TOFD                         
0     0000aef5  _memcpy                         
0     0000af12  FS$$TOFD                        
0     0000af2e  L$$TOFD                         
0     0000af4a  _InitSci                        
0     0000af4b  _InitSciGpio                    
0     0000af4e  _InitSciaGpio                   
0     0000af63  LL$$AND                         
0     0000af6b  LL$$OR                          
0     0000af73  LL$$XOR                         
0     0000af7b  _InitI2C                        
0     0000af7c  _InitI2CGpio                    
0     0000af92  __args_main                     
0     0000afa4  _memccpy                        
0     0000afb4  FD$$SUB                         
0     0000afc2  _strchr                         
0     0000afce  U$$DIV                          
0     0000afd3  U$$MOD                          
0     0000afd9  __register_unlock               
0     0000afdd  __register_lock                 
0     0000afe1  __nop                           
0     0000afe2  FD$$NEG                         
0     0000afeb  _wcslen                         
0     0000affc  _strlen                         
0     0000b004  _memset                         
0     0000b00b  _strcpy                         
0     0000b010  __system_pre_init               
0     0000b012  __system_post_cinit             
0     0000b013  ___etext__                      
0     0000b013  etext                           
0     00380080  _ADC_cal                        
1     00000880  _DevEmuRegs                     
1     00000a80  _FlashRegs                      
1     00000ae0  _CsmRegs                        
1     00000b00  _AdcMirror                      
1     00000b20  _XintfRegs                      
1     00000c00  _CpuTimer0Regs                  
1     00000c08  _CpuTimer1Regs                  
1     00000c10  _CpuTimer2Regs                  
1     00000ce0  _PieCtrlRegs                    
1     00000d00  _PieVectTable                   
1     00001000  _DmaRegs                        
1     00005000  _McbspaRegs                     
1     00005040  _McbspbRegs                     
1     00006000  _ECanaRegs                      
1     00006040  _ECanaLAMRegs                   
1     00006080  _ECanaMOTSRegs                  
1     000060c0  _ECanaMOTORegs                  
1     00006100  _ECanaMboxes                    
1     00006200  _ECanbRegs                      
1     00006240  _ECanbLAMRegs                   
1     00006280  _ECanbMOTSRegs                  
1     000062c0  _ECanbMOTORegs                  
1     00006300  _ECanbMboxes                    
1     00006800  _EPwm1Regs                      
1     00006840  _EPwm2Regs                      
1     00006880  _EPwm3Regs                      
1     000068c0  _EPwm4Regs                      
1     00006900  _EPwm5Regs                      
1     00006940  _EPwm6Regs                      
1     00006a00  _ECap1Regs                      
1     00006a20  _ECap2Regs                      
1     00006a40  _ECap3Regs                      
1     00006a60  _ECap4Regs                      
1     00006a80  _ECap5Regs                      
1     00006aa0  _ECap6Regs                      
1     00006b00  _EQep1Regs                      
1     00006b40  _EQep2Regs                      
1     00006f80  _GpioCtrlRegs                   
1     00006fc0  _GpioDataRegs                   
1     00006fe0  _GpioIntRegs                    
1     00007010  _SysCtrlRegs                    
1     00007040  _SpiaRegs                       
1     00007050  _SciaRegs                       
1     00007070  _XIntruptRegs                   
1     00007100  _AdcRegs                        
1     00007750  _ScibRegs                       
1     00007770  _ScicRegs                       
1     00007900  _I2caRegs                       
1     0000c000  __stack                         
1     0000c300  __STACK_END                     
1     0000c510  _CpuTimer1                      
1     0000c518  _CpuTimer2                      
1     0000c520  _CpuTimer0                      
1     0000c528  _smgduan                        
1     0000c538  ___TI_enable_exit_profile_output
1     0000c53a  ___TI_cleanup_ptr               
1     0000c53c  ___TI_dtors_ptr                 
1     0000c53e  __lock                          
1     0000c543  _errno                          
1     0000c544  __unlock                        
1     0000c546  _t                              
1     0000d000  __ctypes_                       
1     0033fff8  _CsmPwl                         
abs   00000300  __STACK_SIZE                    
abs   ffffffff  ___TI_pprof_out_hndl            
abs   ffffffff  ___TI_prof_data_size            
abs   ffffffff  ___TI_prof_data_start           
abs   ffffffff  ___binit__                      
abs   ffffffff  ___c_args__                     
abs   ffffffff  ___pinit__                      
abs   ffffffff  binit                           
abs   ffffffff  pinit                           

[252 symbols]
