<?xml version="1.0" encoding="ISO-8859-1" ?>
<link_info>
   <banner>TMS320C2000 Linker PC v21.6.0.LTS</banner>
   <copyright>Copyright (c) 1996-2018 Texas Instruments Incorporated</copyright>
   <link_time>0x620f640c</link_time>
   <link_errors>0x0</link_errors>
   <output_file>mpu_two_test11.out</output_file>
   <entry_point>
      <name>_c_int00</name>
      <address>0x33bba7</address>
   </entry_point>
   <input_file_list>
      <input_file id="fl-2">
         <path>.\app\src\</path>
         <kind>object</kind>
         <file>common.obj</file>
         <name>common.obj</name>
      </input_file>
      <input_file id="fl-3">
         <path>.\app\src\</path>
         <kind>object</kind>
         <file>i2c.obj</file>
         <name>i2c.obj</name>
      </input_file>
      <input_file id="fl-4">
         <path>.\app\src\</path>
         <kind>object</kind>
         <file>imu901.obj</file>
         <name>imu901.obj</name>
      </input_file>
      <input_file id="fl-5">
         <path>.\app\src\</path>
         <kind>object</kind>
         <file>leds.obj</file>
         <name>leds.obj</name>
      </input_file>
      <input_file id="fl-6">
         <path>.\app\src\</path>
         <kind>object</kind>
         <file>mpu6050.obj</file>
         <name>mpu6050.obj</name>
      </input_file>
      <input_file id="fl-7">
         <path>.\app\src\</path>
         <kind>object</kind>
         <file>ringbuffer.obj</file>
         <name>ringbuffer.obj</name>
      </input_file>
      <input_file id="fl-8">
         <path>.\app\src\</path>
         <kind>object</kind>
         <file>timer.obj</file>
         <name>timer.obj</name>
      </input_file>
      <input_file id="fl-9">
         <path>.\app\src\</path>
         <kind>object</kind>
         <file>uart.obj</file>
         <name>uart.obj</name>
      </input_file>
      <input_file id="fl-a">
         <path>.\app\src\eMPL\</path>
         <kind>object</kind>
         <file>inv_mpu.obj</file>
         <name>inv_mpu.obj</name>
      </input_file>
      <input_file id="fl-b">
         <path>.\app\src\eMPL\</path>
         <kind>object</kind>
         <file>inv_mpu_dmp_motion_driver.obj</file>
         <name>inv_mpu_dmp_motion_driver.obj</name>
      </input_file>
      <input_file id="fl-c">
         <path>.\source\</path>
         <kind>object</kind>
         <file>DSP2833x_ADC_cal.obj</file>
         <name>DSP2833x_ADC_cal.obj</name>
      </input_file>
      <input_file id="fl-d">
         <path>.\source\</path>
         <kind>object</kind>
         <file>DSP2833x_Adc.obj</file>
         <name>DSP2833x_Adc.obj</name>
      </input_file>
      <input_file id="fl-e">
         <path>.\source\</path>
         <kind>object</kind>
         <file>DSP2833x_CodeStartBranch.obj</file>
         <name>DSP2833x_CodeStartBranch.obj</name>
      </input_file>
      <input_file id="fl-f">
         <path>.\source\</path>
         <kind>object</kind>
         <file>DSP2833x_CpuTimers.obj</file>
         <name>DSP2833x_CpuTimers.obj</name>
      </input_file>
      <input_file id="fl-10">
         <path>.\source\</path>
         <kind>object</kind>
         <file>DSP2833x_DefaultIsr.obj</file>
         <name>DSP2833x_DefaultIsr.obj</name>
      </input_file>
      <input_file id="fl-11">
         <path>.\source\</path>
         <kind>object</kind>
         <file>DSP2833x_EPwm.obj</file>
         <name>DSP2833x_EPwm.obj</name>
      </input_file>
      <input_file id="fl-12">
         <path>.\source\</path>
         <kind>object</kind>
         <file>DSP2833x_GlobalVariableDefs.obj</file>
         <name>DSP2833x_GlobalVariableDefs.obj</name>
      </input_file>
      <input_file id="fl-13">
         <path>.\source\</path>
         <kind>object</kind>
         <file>DSP2833x_Gpio.obj</file>
         <name>DSP2833x_Gpio.obj</name>
      </input_file>
      <input_file id="fl-14">
         <path>.\source\</path>
         <kind>object</kind>
         <file>DSP2833x_I2C.obj</file>
         <name>DSP2833x_I2C.obj</name>
      </input_file>
      <input_file id="fl-15">
         <path>.\source\</path>
         <kind>object</kind>
         <file>DSP2833x_MemCopy.obj</file>
         <name>DSP2833x_MemCopy.obj</name>
      </input_file>
      <input_file id="fl-16">
         <path>.\source\</path>
         <kind>object</kind>
         <file>DSP2833x_PieCtrl.obj</file>
         <name>DSP2833x_PieCtrl.obj</name>
      </input_file>
      <input_file id="fl-17">
         <path>.\source\</path>
         <kind>object</kind>
         <file>DSP2833x_PieVect.obj</file>
         <name>DSP2833x_PieVect.obj</name>
      </input_file>
      <input_file id="fl-18">
         <path>.\source\</path>
         <kind>object</kind>
         <file>DSP2833x_Sci.obj</file>
         <name>DSP2833x_Sci.obj</name>
      </input_file>
      <input_file id="fl-19">
         <path>.\source\</path>
         <kind>object</kind>
         <file>DSP2833x_Spi.obj</file>
         <name>DSP2833x_Spi.obj</name>
      </input_file>
      <input_file id="fl-1a">
         <path>.\source\</path>
         <kind>object</kind>
         <file>DSP2833x_SysCtrl.obj</file>
         <name>DSP2833x_SysCtrl.obj</name>
      </input_file>
      <input_file id="fl-1b">
         <path>.\source\</path>
         <kind>object</kind>
         <file>DSP2833x_usDelay.obj</file>
         <name>DSP2833x_usDelay.obj</name>
      </input_file>
      <input_file id="fl-1c">
         <path>.\user\</path>
         <kind>object</kind>
         <file>main_mpu_two1.obj</file>
         <name>main_mpu_two1.obj</name>
      </input_file>
      <input_file id="fl-22">
         <kind>object</kind>
         <file>&lt;internal&gt;</file>
         <name>&lt;internal&gt;</name>
      </input_file>
      <input_file id="fl-2e">
         <path>E:\ti\ccs1110\ccs\tools\compiler\ti-cgt-c2000_21.6.0.LTS\lib\</path>
         <kind>archive</kind>
         <file>rts2800_fpu32.lib</file>
         <name>vsprintf.c.obj</name>
      </input_file>
      <input_file id="fl-2f">
         <path>E:\ti\ccs1110\ccs\tools\compiler\ti-cgt-c2000_21.6.0.LTS\lib\</path>
         <kind>archive</kind>
         <file>rts2800_fpu32.lib</file>
         <name>e_asinf.c.obj</name>
      </input_file>
      <input_file id="fl-30">
         <path>E:\ti\ccs1110\ccs\tools\compiler\ti-cgt-c2000_21.6.0.LTS\lib\</path>
         <kind>archive</kind>
         <file>rts2800_fpu32.lib</file>
         <name>e_atan2f.c.obj</name>
      </input_file>
      <input_file id="fl-31">
         <path>E:\ti\ccs1110\ccs\tools\compiler\ti-cgt-c2000_21.6.0.LTS\lib\</path>
         <kind>archive</kind>
         <file>rts2800_fpu32.lib</file>
         <name>s_atanf.c.obj</name>
      </input_file>
      <input_file id="fl-32">
         <path>E:\ti\ccs1110\ccs\tools\compiler\ti-cgt-c2000_21.6.0.LTS\lib\</path>
         <kind>archive</kind>
         <file>rts2800_fpu32.lib</file>
         <name>boot28.asm.obj</name>
      </input_file>
      <input_file id="fl-33">
         <path>E:\ti\ccs1110\ccs\tools\compiler\ti-cgt-c2000_21.6.0.LTS\lib\</path>
         <kind>archive</kind>
         <file>rts2800_fpu32.lib</file>
         <name>fd_add28.asm.obj</name>
      </input_file>
      <input_file id="fl-34">
         <path>E:\ti\ccs1110\ccs\tools\compiler\ti-cgt-c2000_21.6.0.LTS\lib\</path>
         <kind>archive</kind>
         <file>rts2800_fpu32.lib</file>
         <name>fd_mpy28.asm.obj</name>
      </input_file>
      <input_file id="fl-35">
         <path>E:\ti\ccs1110\ccs\tools\compiler\ti-cgt-c2000_21.6.0.LTS\lib\</path>
         <kind>archive</kind>
         <file>rts2800_fpu32.lib</file>
         <name>fd_sub28.asm.obj</name>
      </input_file>
      <input_file id="fl-36">
         <path>E:\ti\ccs1110\ccs\tools\compiler\ti-cgt-c2000_21.6.0.LTS\lib\</path>
         <kind>archive</kind>
         <file>rts2800_fpu32.lib</file>
         <name>fd_toul28.asm.obj</name>
      </input_file>
      <input_file id="fl-37">
         <path>E:\ti\ccs1110\ccs\tools\compiler\ti-cgt-c2000_21.6.0.LTS\lib\</path>
         <kind>archive</kind>
         <file>rts2800_fpu32.lib</file>
         <name>fs_div28.asm.obj</name>
      </input_file>
      <input_file id="fl-38">
         <path>E:\ti\ccs1110\ccs\tools\compiler\ti-cgt-c2000_21.6.0.LTS\lib\</path>
         <kind>archive</kind>
         <file>rts2800_fpu32.lib</file>
         <name>ll_div28.asm.obj</name>
      </input_file>
      <input_file id="fl-39">
         <path>E:\ti\ccs1110\ccs\tools\compiler\ti-cgt-c2000_21.6.0.LTS\lib\</path>
         <kind>archive</kind>
         <file>rts2800_fpu32.lib</file>
         <name>ll_mpy28.asm.obj</name>
      </input_file>
      <input_file id="fl-3a">
         <path>E:\ti\ccs1110\ccs\tools\compiler\ti-cgt-c2000_21.6.0.LTS\lib\</path>
         <kind>archive</kind>
         <file>rts2800_fpu32.lib</file>
         <name>i_div28.asm.obj</name>
      </input_file>
      <input_file id="fl-3b">
         <path>E:\ti\ccs1110\ccs\tools\compiler\ti-cgt-c2000_21.6.0.LTS\lib\</path>
         <kind>archive</kind>
         <file>rts2800_fpu32.lib</file>
         <name>u_div28.asm.obj</name>
      </input_file>
      <input_file id="fl-3c">
         <path>E:\ti\ccs1110\ccs\tools\compiler\ti-cgt-c2000_21.6.0.LTS\lib\</path>
         <kind>archive</kind>
         <file>rts2800_fpu32.lib</file>
         <name>u_tofd28.asm.obj</name>
      </input_file>
      <input_file id="fl-3d">
         <path>E:\ti\ccs1110\ccs\tools\compiler\ti-cgt-c2000_21.6.0.LTS\lib\</path>
         <kind>archive</kind>
         <file>rts2800_fpu32.lib</file>
         <name>l_div28.asm.obj</name>
      </input_file>
      <input_file id="fl-3e">
         <path>E:\ti\ccs1110\ccs\tools\compiler\ti-cgt-c2000_21.6.0.LTS\lib\</path>
         <kind>archive</kind>
         <file>rts2800_fpu32.lib</file>
         <name>fs_tofdfpu32.asm.obj</name>
      </input_file>
      <input_file id="fl-3f">
         <path>E:\ti\ccs1110\ccs\tools\compiler\ti-cgt-c2000_21.6.0.LTS\lib\</path>
         <kind>archive</kind>
         <file>rts2800_fpu32.lib</file>
         <name>fd_tofsfpu32.asm.obj</name>
      </input_file>
      <input_file id="fl-40">
         <path>E:\ti\ccs1110\ccs\tools\compiler\ti-cgt-c2000_21.6.0.LTS\lib\</path>
         <kind>archive</kind>
         <file>rts2800_fpu32.lib</file>
         <name>fd_div28.asm.obj</name>
      </input_file>
      <input_file id="fl-41">
         <path>E:\ti\ccs1110\ccs\tools\compiler\ti-cgt-c2000_21.6.0.LTS\lib\</path>
         <kind>archive</kind>
         <file>rts2800_fpu32.lib</file>
         <name>cpy_tbl.c.obj</name>
      </input_file>
      <input_file id="fl-42">
         <path>E:\ti\ccs1110\ccs\tools\compiler\ti-cgt-c2000_21.6.0.LTS\lib\</path>
         <kind>archive</kind>
         <file>rts2800_fpu32.lib</file>
         <name>memcpy.c.obj</name>
      </input_file>
      <input_file id="fl-43">
         <path>E:\ti\ccs1110\ccs\tools\compiler\ti-cgt-c2000_21.6.0.LTS\lib\</path>
         <kind>archive</kind>
         <file>rts2800_fpu32.lib</file>
         <name>pre_init.c.obj</name>
      </input_file>
      <input_file id="fl-44">
         <path>E:\ti\ccs1110\ccs\tools\compiler\ti-cgt-c2000_21.6.0.LTS\lib\</path>
         <kind>archive</kind>
         <file>rts2800_fpu32.lib</file>
         <name>startup.c.obj</name>
      </input_file>
      <input_file id="fl-45">
         <path>E:\ti\ccs1110\ccs\tools\compiler\ti-cgt-c2000_21.6.0.LTS\lib\</path>
         <kind>archive</kind>
         <file>rts2800_fpu32.lib</file>
         <name>exit.c.obj</name>
      </input_file>
      <input_file id="fl-46">
         <path>E:\ti\ccs1110\ccs\tools\compiler\ti-cgt-c2000_21.6.0.LTS\lib\</path>
         <kind>archive</kind>
         <file>rts2800_fpu32.lib</file>
         <name>_lock.c.obj</name>
      </input_file>
      <input_file id="fl-47">
         <path>E:\ti\ccs1110\ccs\tools\compiler\ti-cgt-c2000_21.6.0.LTS\lib\</path>
         <kind>archive</kind>
         <file>rts2800_fpu32.lib</file>
         <name>args_main.c.obj</name>
      </input_file>
      <input_file id="fl-48">
         <path>E:\ti\ccs1110\ccs\tools\compiler\ti-cgt-c2000_21.6.0.LTS\lib\</path>
         <kind>archive</kind>
         <file>rts2800_fpu32.lib</file>
         <name>memcmp.c.obj</name>
      </input_file>
      <input_file id="fl-49">
         <path>E:\ti\ccs1110\ccs\tools\compiler\ti-cgt-c2000_21.6.0.LTS\lib\</path>
         <kind>archive</kind>
         <file>rts2800_fpu32.lib</file>
         <name>errno.c.obj</name>
      </input_file>
      <input_file id="fl-4a">
         <path>E:\ti\ccs1110\ccs\tools\compiler\ti-cgt-c2000_21.6.0.LTS\lib\</path>
         <kind>archive</kind>
         <file>rts2800_fpu32.lib</file>
         <name>_printfi.c.obj</name>
      </input_file>
      <input_file id="fl-4b">
         <path>E:\ti\ccs1110\ccs\tools\compiler\ti-cgt-c2000_21.6.0.LTS\lib\</path>
         <kind>archive</kind>
         <file>rts2800_fpu32.lib</file>
         <name>e_sqrt.c.obj</name>
      </input_file>
      <input_file id="fl-4c">
         <path>E:\ti\ccs1110\ccs\tools\compiler\ti-cgt-c2000_21.6.0.LTS\lib\</path>
         <kind>archive</kind>
         <file>rts2800_fpu32.lib</file>
         <name>s_frexp.c.obj</name>
      </input_file>
      <input_file id="fl-4d">
         <path>E:\ti\ccs1110\ccs\tools\compiler\ti-cgt-c2000_21.6.0.LTS\lib\</path>
         <kind>archive</kind>
         <file>rts2800_fpu32.lib</file>
         <name>s_scalbn.c.obj</name>
      </input_file>
      <input_file id="fl-4e">
         <path>E:\ti\ccs1110\ccs\tools\compiler\ti-cgt-c2000_21.6.0.LTS\lib\</path>
         <kind>archive</kind>
         <file>rts2800_fpu32.lib</file>
         <name>fd_cmp28.asm.obj</name>
      </input_file>
      <input_file id="fl-4f">
         <path>E:\ti\ccs1110\ccs\tools\compiler\ti-cgt-c2000_21.6.0.LTS\lib\</path>
         <kind>archive</kind>
         <file>rts2800_fpu32.lib</file>
         <name>fd_neg28.asm.obj</name>
      </input_file>
      <input_file id="fl-50">
         <path>E:\ti\ccs1110\ccs\tools\compiler\ti-cgt-c2000_21.6.0.LTS\lib\</path>
         <kind>archive</kind>
         <file>rts2800_fpu32.lib</file>
         <name>fd_toi28.asm.obj</name>
      </input_file>
      <input_file id="fl-51">
         <path>E:\ti\ccs1110\ccs\tools\compiler\ti-cgt-c2000_21.6.0.LTS\lib\</path>
         <kind>archive</kind>
         <file>rts2800_fpu32.lib</file>
         <name>fd_tol28.asm.obj</name>
      </input_file>
      <input_file id="fl-52">
         <path>E:\ti\ccs1110\ccs\tools\compiler\ti-cgt-c2000_21.6.0.LTS\lib\</path>
         <kind>archive</kind>
         <file>rts2800_fpu32.lib</file>
         <name>ll_aox28.asm.obj</name>
      </input_file>
      <input_file id="fl-53">
         <path>E:\ti\ccs1110\ccs\tools\compiler\ti-cgt-c2000_21.6.0.LTS\lib\</path>
         <kind>archive</kind>
         <file>rts2800_fpu32.lib</file>
         <name>ll_cmp28.asm.obj</name>
      </input_file>
      <input_file id="fl-54">
         <path>E:\ti\ccs1110\ccs\tools\compiler\ti-cgt-c2000_21.6.0.LTS\lib\</path>
         <kind>archive</kind>
         <file>rts2800_fpu32.lib</file>
         <name>i_tofd28.asm.obj</name>
      </input_file>
      <input_file id="fl-55">
         <path>E:\ti\ccs1110\ccs\tools\compiler\ti-cgt-c2000_21.6.0.LTS\lib\</path>
         <kind>archive</kind>
         <file>rts2800_fpu32.lib</file>
         <name>l_tofd28.asm.obj</name>
      </input_file>
      <input_file id="fl-56">
         <path>E:\ti\ccs1110\ccs\tools\compiler\ti-cgt-c2000_21.6.0.LTS\lib\</path>
         <kind>archive</kind>
         <file>rts2800_fpu32.lib</file>
         <name>_ltoa.c.obj</name>
      </input_file>
      <input_file id="fl-57">
         <path>E:\ti\ccs1110\ccs\tools\compiler\ti-cgt-c2000_21.6.0.LTS\lib\</path>
         <kind>archive</kind>
         <file>rts2800_fpu32.lib</file>
         <name>atoi.c.obj</name>
      </input_file>
      <input_file id="fl-58">
         <path>E:\ti\ccs1110\ccs\tools\compiler\ti-cgt-c2000_21.6.0.LTS\lib\</path>
         <kind>archive</kind>
         <file>rts2800_fpu32.lib</file>
         <name>ctype.c.obj</name>
      </input_file>
      <input_file id="fl-59">
         <path>E:\ti\ccs1110\ccs\tools\compiler\ti-cgt-c2000_21.6.0.LTS\lib\</path>
         <kind>archive</kind>
         <file>rts2800_fpu32.lib</file>
         <name>memccpy.c.obj</name>
      </input_file>
      <input_file id="fl-5a">
         <path>E:\ti\ccs1110\ccs\tools\compiler\ti-cgt-c2000_21.6.0.LTS\lib\</path>
         <kind>archive</kind>
         <file>rts2800_fpu32.lib</file>
         <name>memset.c.obj</name>
      </input_file>
      <input_file id="fl-5b">
         <path>E:\ti\ccs1110\ccs\tools\compiler\ti-cgt-c2000_21.6.0.LTS\lib\</path>
         <kind>archive</kind>
         <file>rts2800_fpu32.lib</file>
         <name>strchr.c.obj</name>
      </input_file>
      <input_file id="fl-5c">
         <path>E:\ti\ccs1110\ccs\tools\compiler\ti-cgt-c2000_21.6.0.LTS\lib\</path>
         <kind>archive</kind>
         <file>rts2800_fpu32.lib</file>
         <name>strcpy.c.obj</name>
      </input_file>
      <input_file id="fl-5d">
         <path>E:\ti\ccs1110\ccs\tools\compiler\ti-cgt-c2000_21.6.0.LTS\lib\</path>
         <kind>archive</kind>
         <file>rts2800_fpu32.lib</file>
         <name>strlen.c.obj</name>
      </input_file>
      <input_file id="fl-5e">
         <path>E:\ti\ccs1110\ccs\tools\compiler\ti-cgt-c2000_21.6.0.LTS\lib\</path>
         <kind>archive</kind>
         <file>rts2800_fpu32.lib</file>
         <name>wcslen.c.obj</name>
      </input_file>
      <input_file id="fl-5f">
         <path>E:\ti\ccs1110\ccs\tools\compiler\ti-cgt-c2000_21.6.0.LTS\lib\</path>
         <kind>archive</kind>
         <file>rts2800_fpu32.lib</file>
         <name>s_copysign.c.obj</name>
      </input_file>
   </input_file_list>
   <object_component_list>
      <object_component id="oc-de">
         <name>PieVectTableFile</name>
         <uninitialized>true</uninitialized>
         <run_address>0xd00</run_address>
         <size>0x100</size>
         <input_file_ref idref="fl-12"/>
      </object_component>
      <object_component id="oc-da">
         <name>DevEmuRegsFile</name>
         <uninitialized>true</uninitialized>
         <run_address>0x880</run_address>
         <size>0xd0</size>
         <input_file_ref idref="fl-12"/>
      </object_component>
      <object_component id="oc-b2">
         <name>FlashRegsFile</name>
         <uninitialized>true</uninitialized>
         <run_address>0xa80</run_address>
         <size>0x8</size>
         <input_file_ref idref="fl-12"/>
      </object_component>
      <object_component id="oc-b5">
         <name>CsmRegsFile</name>
         <uninitialized>true</uninitialized>
         <run_address>0xae0</run_address>
         <size>0x10</size>
         <input_file_ref idref="fl-12"/>
      </object_component>
      <object_component id="oc-b4">
         <name>AdcMirrorFile</name>
         <uninitialized>true</uninitialized>
         <run_address>0xb00</run_address>
         <size>0x10</size>
         <input_file_ref idref="fl-12"/>
      </object_component>
      <object_component id="oc-bd">
         <name>XintfRegsFile</name>
         <uninitialized>true</uninitialized>
         <run_address>0xb20</run_address>
         <size>0x1e</size>
         <input_file_ref idref="fl-12"/>
      </object_component>
      <object_component id="oc-ae">
         <name>CpuTimer0RegsFile</name>
         <uninitialized>true</uninitialized>
         <run_address>0xc00</run_address>
         <size>0x8</size>
         <input_file_ref idref="fl-12"/>
      </object_component>
      <object_component id="oc-af">
         <name>CpuTimer1RegsFile</name>
         <uninitialized>true</uninitialized>
         <run_address>0xc08</run_address>
         <size>0x8</size>
         <input_file_ref idref="fl-12"/>
      </object_component>
      <object_component id="oc-b0">
         <name>CpuTimer2RegsFile</name>
         <uninitialized>true</uninitialized>
         <run_address>0xc10</run_address>
         <size>0x8</size>
         <input_file_ref idref="fl-12"/>
      </object_component>
      <object_component id="oc-bb">
         <name>PieCtrlRegsFile</name>
         <uninitialized>true</uninitialized>
         <run_address>0xce0</run_address>
         <size>0x1a</size>
         <input_file_ref idref="fl-12"/>
      </object_component>
      <object_component id="oc-db">
         <name>DmaRegsFile</name>
         <uninitialized>true</uninitialized>
         <run_address>0x1000</run_address>
         <size>0xe0</size>
         <input_file_ref idref="fl-12"/>
      </object_component>
      <object_component id="oc-cd">
         <name>McbspaRegsFile</name>
         <uninitialized>true</uninitialized>
         <run_address>0x5000</run_address>
         <size>0x25</size>
         <input_file_ref idref="fl-12"/>
      </object_component>
      <object_component id="oc-ce">
         <name>McbspbRegsFile</name>
         <uninitialized>true</uninitialized>
         <run_address>0x5040</run_address>
         <size>0x25</size>
         <input_file_ref idref="fl-12"/>
      </object_component>
      <object_component id="oc-d0">
         <name>ECanaRegsFile</name>
         <uninitialized>true</uninitialized>
         <run_address>0x6000</run_address>
         <size>0x34</size>
         <input_file_ref idref="fl-12"/>
      </object_component>
      <object_component id="oc-d2">
         <name>ECanaLAMRegsFile</name>
         <uninitialized>true</uninitialized>
         <run_address>0x6040</run_address>
         <size>0x40</size>
         <input_file_ref idref="fl-12"/>
      </object_component>
      <object_component id="oc-dc">
         <name>ECanaMboxesFile</name>
         <uninitialized>true</uninitialized>
         <run_address>0x6100</run_address>
         <size>0x100</size>
         <input_file_ref idref="fl-12"/>
      </object_component>
      <object_component id="oc-d3">
         <name>ECanaMOTSRegsFile</name>
         <uninitialized>true</uninitialized>
         <run_address>0x6080</run_address>
         <size>0x40</size>
         <input_file_ref idref="fl-12"/>
      </object_component>
      <object_component id="oc-d4">
         <name>ECanaMOTORegsFile</name>
         <uninitialized>true</uninitialized>
         <run_address>0x60c0</run_address>
         <size>0x40</size>
         <input_file_ref idref="fl-12"/>
      </object_component>
      <object_component id="oc-d1">
         <name>ECanbRegsFile</name>
         <uninitialized>true</uninitialized>
         <run_address>0x6200</run_address>
         <size>0x34</size>
         <input_file_ref idref="fl-12"/>
      </object_component>
      <object_component id="oc-d5">
         <name>ECanbLAMRegsFile</name>
         <uninitialized>true</uninitialized>
         <run_address>0x6240</run_address>
         <size>0x40</size>
         <input_file_ref idref="fl-12"/>
      </object_component>
      <object_component id="oc-dd">
         <name>ECanbMboxesFile</name>
         <uninitialized>true</uninitialized>
         <run_address>0x6300</run_address>
         <size>0x100</size>
         <input_file_ref idref="fl-12"/>
      </object_component>
      <object_component id="oc-d6">
         <name>ECanbMOTSRegsFile</name>
         <uninitialized>true</uninitialized>
         <run_address>0x6280</run_address>
         <size>0x40</size>
         <input_file_ref idref="fl-12"/>
      </object_component>
      <object_component id="oc-d7">
         <name>ECanbMOTORegsFile</name>
         <uninitialized>true</uninitialized>
         <run_address>0x62c0</run_address>
         <size>0x40</size>
         <input_file_ref idref="fl-12"/>
      </object_component>
      <object_component id="oc-c6">
         <name>EPwm1RegsFile</name>
         <uninitialized>true</uninitialized>
         <run_address>0x6800</run_address>
         <size>0x22</size>
         <input_file_ref idref="fl-12"/>
      </object_component>
      <object_component id="oc-c7">
         <name>EPwm2RegsFile</name>
         <uninitialized>true</uninitialized>
         <run_address>0x6840</run_address>
         <size>0x22</size>
         <input_file_ref idref="fl-12"/>
      </object_component>
      <object_component id="oc-c8">
         <name>EPwm3RegsFile</name>
         <uninitialized>true</uninitialized>
         <run_address>0x6880</run_address>
         <size>0x22</size>
         <input_file_ref idref="fl-12"/>
      </object_component>
      <object_component id="oc-c9">
         <name>EPwm4RegsFile</name>
         <uninitialized>true</uninitialized>
         <run_address>0x68c0</run_address>
         <size>0x22</size>
         <input_file_ref idref="fl-12"/>
      </object_component>
      <object_component id="oc-ca">
         <name>EPwm5RegsFile</name>
         <uninitialized>true</uninitialized>
         <run_address>0x6900</run_address>
         <size>0x22</size>
         <input_file_ref idref="fl-12"/>
      </object_component>
      <object_component id="oc-cb">
         <name>EPwm6RegsFile</name>
         <uninitialized>true</uninitialized>
         <run_address>0x6940</run_address>
         <size>0x22</size>
         <input_file_ref idref="fl-12"/>
      </object_component>
      <object_component id="oc-be">
         <name>ECap1RegsFile</name>
         <uninitialized>true</uninitialized>
         <run_address>0x6a00</run_address>
         <size>0x20</size>
         <input_file_ref idref="fl-12"/>
      </object_component>
      <object_component id="oc-bf">
         <name>ECap2RegsFile</name>
         <uninitialized>true</uninitialized>
         <run_address>0x6a20</run_address>
         <size>0x20</size>
         <input_file_ref idref="fl-12"/>
      </object_component>
      <object_component id="oc-c0">
         <name>ECap3RegsFile</name>
         <uninitialized>true</uninitialized>
         <run_address>0x6a40</run_address>
         <size>0x20</size>
         <input_file_ref idref="fl-12"/>
      </object_component>
      <object_component id="oc-c1">
         <name>ECap4RegsFile</name>
         <uninitialized>true</uninitialized>
         <run_address>0x6a60</run_address>
         <size>0x20</size>
         <input_file_ref idref="fl-12"/>
      </object_component>
      <object_component id="oc-c2">
         <name>ECap5RegsFile</name>
         <uninitialized>true</uninitialized>
         <run_address>0x6a80</run_address>
         <size>0x20</size>
         <input_file_ref idref="fl-12"/>
      </object_component>
      <object_component id="oc-c3">
         <name>ECap6RegsFile</name>
         <uninitialized>true</uninitialized>
         <run_address>0x6aa0</run_address>
         <size>0x20</size>
         <input_file_ref idref="fl-12"/>
      </object_component>
      <object_component id="oc-d8">
         <name>EQep1RegsFile</name>
         <uninitialized>true</uninitialized>
         <run_address>0x6b00</run_address>
         <size>0x40</size>
         <input_file_ref idref="fl-12"/>
      </object_component>
      <object_component id="oc-d9">
         <name>EQep2RegsFile</name>
         <uninitialized>true</uninitialized>
         <run_address>0x6b40</run_address>
         <size>0x40</size>
         <input_file_ref idref="fl-12"/>
      </object_component>
      <object_component id="oc-cf">
         <name>GpioCtrlRegsFile</name>
         <uninitialized>true</uninitialized>
         <run_address>0x6f80</run_address>
         <size>0x2e</size>
         <input_file_ref idref="fl-12"/>
      </object_component>
      <object_component id="oc-c4">
         <name>GpioDataRegsFile</name>
         <uninitialized>true</uninitialized>
         <run_address>0x6fc0</run_address>
         <size>0x20</size>
         <input_file_ref idref="fl-12"/>
      </object_component>
      <object_component id="oc-b3">
         <name>GpioIntRegsFile</name>
         <uninitialized>true</uninitialized>
         <run_address>0x6fe0</run_address>
         <size>0xa</size>
         <input_file_ref idref="fl-12"/>
      </object_component>
      <object_component id="oc-c5">
         <name>SysCtrlRegsFile</name>
         <uninitialized>true</uninitialized>
         <run_address>0x7010</run_address>
         <size>0x20</size>
         <input_file_ref idref="fl-12"/>
      </object_component>
      <object_component id="oc-b9">
         <name>SpiaRegsFile</name>
         <uninitialized>true</uninitialized>
         <run_address>0x7040</run_address>
         <size>0x10</size>
         <input_file_ref idref="fl-12"/>
      </object_component>
      <object_component id="oc-b6">
         <name>SciaRegsFile</name>
         <uninitialized>true</uninitialized>
         <run_address>0x7050</run_address>
         <size>0x10</size>
         <input_file_ref idref="fl-12"/>
      </object_component>
      <object_component id="oc-ba">
         <name>XIntruptRegsFile</name>
         <uninitialized>true</uninitialized>
         <run_address>0x7070</run_address>
         <size>0x10</size>
         <input_file_ref idref="fl-12"/>
      </object_component>
      <object_component id="oc-bc">
         <name>AdcRegsFile</name>
         <uninitialized>true</uninitialized>
         <run_address>0x7100</run_address>
         <size>0x1e</size>
         <input_file_ref idref="fl-12"/>
      </object_component>
      <object_component id="oc-b7">
         <name>ScibRegsFile</name>
         <uninitialized>true</uninitialized>
         <run_address>0x7750</run_address>
         <size>0x10</size>
         <input_file_ref idref="fl-12"/>
      </object_component>
      <object_component id="oc-b8">
         <name>ScicRegsFile</name>
         <uninitialized>true</uninitialized>
         <run_address>0x7770</run_address>
         <size>0x10</size>
         <input_file_ref idref="fl-12"/>
      </object_component>
      <object_component id="oc-cc">
         <name>I2caRegsFile</name>
         <uninitialized>true</uninitialized>
         <run_address>0x7900</run_address>
         <size>0x22</size>
         <input_file_ref idref="fl-12"/>
      </object_component>
      <object_component id="oc-b1">
         <name>CsmPwlFile</name>
         <uninitialized>true</uninitialized>
         <run_address>0x33fff8</run_address>
         <size>0x8</size>
         <input_file_ref idref="fl-12"/>
      </object_component>
      <object_component id="oc-18d">
         <name>.cinit</name>
         <load_address>0x33d0b4</load_address>
         <run_address>0x33d0b4</run_address>
         <size>0xe</size>
         <input_file_ref idref="fl-45"/>
      </object_component>
      <object_component id="oc-7e">
         <name>.cinit</name>
         <load_address>0x33d0c2</load_address>
         <run_address>0x33d0c2</run_address>
         <size>0xd</size>
         <input_file_ref idref="fl-a"/>
      </object_component>
      <object_component id="oc-22b">
         <name>.cinit:_gyro_orientation</name>
         <load_address>0x33d0cf</load_address>
         <run_address>0x33d0cf</run_address>
         <size>0xc</size>
         <input_file_ref idref="fl-a"/>
      </object_component>
      <object_component id="oc-59">
         <name>.cinit</name>
         <load_address>0x33d0db</load_address>
         <run_address>0x33d0db</run_address>
         <size>0xc</size>
         <input_file_ref idref="fl-4"/>
      </object_component>
      <object_component id="oc-86">
         <name>.cinit</name>
         <load_address>0x33d0e7</load_address>
         <run_address>0x33d0e7</run_address>
         <size>0xb</size>
         <input_file_ref idref="fl-b"/>
      </object_component>
      <object_component id="oc-10e">
         <name>.cinit</name>
         <load_address>0x33d0f2</load_address>
         <run_address>0x33d0f2</run_address>
         <size>0x9</size>
         <input_file_ref idref="fl-1c"/>
      </object_component>
      <object_component id="oc-6f">
         <name>.cinit</name>
         <load_address>0x33d0fb</load_address>
         <run_address>0x33d0fb</run_address>
         <size>0x8</size>
         <input_file_ref idref="fl-8"/>
      </object_component>
      <object_component id="oc-224">
         <name>.cinit:__lock</name>
         <load_address>0x33d103</load_address>
         <run_address>0x33d103</run_address>
         <size>0x5</size>
         <input_file_ref idref="fl-46"/>
      </object_component>
      <object_component id="oc-237">
         <name>.cinit:__unlock</name>
         <load_address>0x33d108</load_address>
         <run_address>0x33d108</run_address>
         <size>0x5</size>
         <input_file_ref idref="fl-46"/>
      </object_component>
      <object_component id="oc-1a3">
         <name>.cinit</name>
         <load_address>0x33d10d</load_address>
         <run_address>0x33d10d</run_address>
         <size>0x4</size>
         <input_file_ref idref="fl-49"/>
      </object_component>
      <object_component id="oc-21c">
         <name>.text</name>
         <load_address>0x338000</load_address>
         <run_address>0x338000</run_address>
         <size>0x11f2</size>
         <input_file_ref idref="fl-a"/>
      </object_component>
      <object_component id="oc-229">
         <name>.text</name>
         <load_address>0x3391f2</load_address>
         <run_address>0x3391f2</run_address>
         <size>0x746</size>
         <input_file_ref idref="fl-b"/>
      </object_component>
      <object_component id="oc-256">
         <name>.text</name>
         <load_address>0x339938</load_address>
         <run_address>0x339938</run_address>
         <size>0x6da</size>
         <input_file_ref idref="fl-4a"/>
      </object_component>
      <object_component id="oc-24e">
         <name>.text:__TI_printfi</name>
         <load_address>0x33a012</load_address>
         <run_address>0x33a012</run_address>
         <size>0x60a</size>
         <input_file_ref idref="fl-4a"/>
      </object_component>
      <object_component id="oc-a3">
         <name>.text:retain</name>
         <load_address>0x33a61c</load_address>
         <run_address>0x33a61c</run_address>
         <size>0x323</size>
         <input_file_ref idref="fl-10"/>
      </object_component>
      <object_component id="oc-234">
         <name>.text</name>
         <load_address>0x33a93f</load_address>
         <run_address>0x33a93f</run_address>
         <size>0x2de</size>
         <input_file_ref idref="fl-4"/>
      </object_component>
      <object_component id="oc-21b">
         <name>.text</name>
         <load_address>0x33ac1d</load_address>
         <run_address>0x33ac1d</run_address>
         <size>0x247</size>
         <input_file_ref idref="fl-6"/>
      </object_component>
      <object_component id="oc-14b">
         <name>.text</name>
         <load_address>0x33ae64</load_address>
         <run_address>0x33ae64</run_address>
         <size>0x107</size>
         <input_file_ref idref="fl-38"/>
      </object_component>
      <object_component id="oc-230">
         <name>.text</name>
         <load_address>0x33af6b</load_address>
         <run_address>0x33af6b</run_address>
         <size>0xf8</size>
         <input_file_ref idref="fl-1a"/>
      </object_component>
      <object_component id="oc-226">
         <name>.text</name>
         <load_address>0x33b063</load_address>
         <run_address>0x33b063</run_address>
         <size>0xf8</size>
         <input_file_ref idref="fl-3"/>
      </object_component>
      <object_component id="oc-22c">
         <name>.text</name>
         <load_address>0x33b15b</load_address>
         <run_address>0x33b15b</run_address>
         <size>0xf5</size>
         <input_file_ref idref="fl-2f"/>
      </object_component>
      <object_component id="oc-71">
         <name>.text:retain</name>
         <load_address>0x33b250</load_address>
         <run_address>0x33b250</run_address>
         <size>0xf0</size>
         <input_file_ref idref="fl-8"/>
      </object_component>
      <object_component id="oc-227">
         <name>.text</name>
         <load_address>0x33b340</load_address>
         <run_address>0x33b340</run_address>
         <size>0xec</size>
         <input_file_ref idref="fl-9"/>
      </object_component>
      <object_component id="oc-22d">
         <name>.text</name>
         <load_address>0x33b42c</load_address>
         <run_address>0x33b42c</run_address>
         <size>0xd2</size>
         <input_file_ref idref="fl-30"/>
      </object_component>
      <object_component id="oc-248">
         <name>.text</name>
         <load_address>0x33b4fe</load_address>
         <run_address>0x33b4fe</run_address>
         <size>0xca</size>
         <input_file_ref idref="fl-31"/>
      </object_component>
      <object_component id="oc-25c">
         <name>.text</name>
         <load_address>0x33b5c8</load_address>
         <run_address>0x33b5c8</run_address>
         <size>0xae</size>
         <input_file_ref idref="fl-4d"/>
      </object_component>
      <object_component id="oc-235">
         <name>.text</name>
         <load_address>0x33b676</load_address>
         <run_address>0x33b676</run_address>
         <size>0x9d</size>
         <input_file_ref idref="fl-8"/>
      </object_component>
      <object_component id="oc-132">
         <name>.text</name>
         <load_address>0x33b713</load_address>
         <run_address>0x33b713</run_address>
         <size>0x9c</size>
         <input_file_ref idref="fl-33"/>
      </object_component>
      <object_component id="oc-218">
         <name>.text</name>
         <load_address>0x33b7af</load_address>
         <run_address>0x33b7af</run_address>
         <size>0x1</size>
         <input_file_ref idref="fl-44"/>
      </object_component>
      <object_component id="oc-247">
         <name>.text</name>
         <load_address>0x33b7b0</load_address>
         <run_address>0x33b7b0</run_address>
         <size>0x92</size>
         <input_file_ref idref="fl-4b"/>
      </object_component>
      <object_component id="oc-21d">
         <name>.text</name>
         <load_address>0x33b842</load_address>
         <run_address>0x33b842</run_address>
         <size>0x8d</size>
         <input_file_ref idref="fl-7"/>
      </object_component>
      <object_component id="oc-173">
         <name>.text</name>
         <load_address>0x33b8cf</load_address>
         <run_address>0x33b8cf</run_address>
         <size>0x8b</size>
         <input_file_ref idref="fl-40"/>
      </object_component>
      <object_component id="oc-146">
         <name>.text</name>
         <load_address>0x33b95a</load_address>
         <run_address>0x33b95a</run_address>
         <size>0x88</size>
         <input_file_ref idref="fl-37"/>
      </object_component>
      <object_component id="oc-137">
         <name>.text</name>
         <load_address>0x33b9e2</load_address>
         <run_address>0x33b9e2</run_address>
         <size>0x83</size>
         <input_file_ref idref="fl-34"/>
      </object_component>
      <object_component id="oc-24c">
         <name>.text</name>
         <load_address>0x33ba65</load_address>
         <run_address>0x33ba65</run_address>
         <size>0x7b</size>
         <input_file_ref idref="fl-f"/>
      </object_component>
      <object_component id="oc-222">
         <name>.text</name>
         <load_address>0x33bae0</load_address>
         <run_address>0x33bae0</run_address>
         <size>0x6d</size>
         <input_file_ref idref="fl-1c"/>
      </object_component>
      <object_component id="oc-25b">
         <name>.text</name>
         <load_address>0x33bb4d</load_address>
         <run_address>0x33bb4d</run_address>
         <size>0x5a</size>
         <input_file_ref idref="fl-4c"/>
      </object_component>
      <object_component id="oc-4c">
         <name>.text</name>
         <load_address>0x33bba7</load_address>
         <run_address>0x33bba7</run_address>
         <size>0x56</size>
         <input_file_ref idref="fl-32"/>
      </object_component>
      <object_component id="oc-78">
         <name>.text:retain</name>
         <load_address>0x33bbfd</load_address>
         <run_address>0x33bbfd</run_address>
         <size>0x45</size>
         <input_file_ref idref="fl-9"/>
      </object_component>
      <object_component id="oc-225">
         <name>.text</name>
         <load_address>0x33bc42</load_address>
         <run_address>0x33bc42</run_address>
         <size>0x42</size>
         <input_file_ref idref="fl-2"/>
      </object_component>
      <object_component id="oc-233">
         <name>.text</name>
         <load_address>0x33bc84</load_address>
         <run_address>0x33bc84</run_address>
         <size>0x40</size>
         <input_file_ref idref="fl-5"/>
      </object_component>
      <object_component id="oc-252">
         <name>.text</name>
         <load_address>0x33bcc4</load_address>
         <run_address>0x33bcc4</run_address>
         <size>0x31</size>
         <input_file_ref idref="fl-57"/>
      </object_component>
      <object_component id="oc-25a">
         <name>.text</name>
         <load_address>0x33bcf5</load_address>
         <run_address>0x33bcf5</run_address>
         <size>0x30</size>
         <input_file_ref idref="fl-56"/>
      </object_component>
      <object_component id="oc-23b">
         <name>.text</name>
         <load_address>0x33bd25</load_address>
         <run_address>0x33bd25</run_address>
         <size>0x30</size>
         <input_file_ref idref="fl-2e"/>
      </object_component>
      <object_component id="oc-239">
         <name>.text</name>
         <load_address>0x33bd55</load_address>
         <run_address>0x33bd55</run_address>
         <size>0x2f</size>
         <input_file_ref idref="fl-18"/>
      </object_component>
      <object_component id="oc-1bf">
         <name>.text</name>
         <load_address>0x33bd84</load_address>
         <run_address>0x33bd84</run_address>
         <size>0x2a</size>
         <input_file_ref idref="fl-4e"/>
      </object_component>
      <object_component id="oc-164">
         <name>.text</name>
         <load_address>0x33bdae</load_address>
         <run_address>0x33bdae</run_address>
         <size>0x2a</size>
         <input_file_ref idref="fl-3d"/>
      </object_component>
      <object_component id="oc-21a">
         <name>.text</name>
         <load_address>0x33bdd8</load_address>
         <run_address>0x33bdd8</run_address>
         <size>0x29</size>
         <input_file_ref idref="fl-45"/>
      </object_component>
      <object_component id="oc-231">
         <name>.text</name>
         <load_address>0x33be01</load_address>
         <run_address>0x33be01</run_address>
         <size>0x28</size>
         <input_file_ref idref="fl-16"/>
      </object_component>
      <object_component id="oc-25e">
         <name>.text</name>
         <load_address>0x33be29</load_address>
         <run_address>0x33be29</run_address>
         <size>0x25</size>
         <input_file_ref idref="fl-5f"/>
      </object_component>
      <object_component id="oc-217">
         <name>.text</name>
         <load_address>0x33be4e</load_address>
         <run_address>0x33be4e</run_address>
         <size>0x24</size>
         <input_file_ref idref="fl-41"/>
      </object_component>
      <object_component id="oc-16e">
         <name>.text</name>
         <load_address>0x33be72</load_address>
         <run_address>0x33be72</run_address>
         <size>0x23</size>
         <input_file_ref idref="fl-3f"/>
      </object_component>
      <object_component id="oc-155">
         <name>.text</name>
         <load_address>0x33be95</load_address>
         <run_address>0x33be95</run_address>
         <size>0x22</size>
         <input_file_ref idref="fl-3a"/>
      </object_component>
      <object_component id="oc-1c9">
         <name>.text</name>
         <load_address>0x33beb7</load_address>
         <run_address>0x33beb7</run_address>
         <size>0x21</size>
         <input_file_ref idref="fl-50"/>
      </object_component>
      <object_component id="oc-232">
         <name>.text</name>
         <load_address>0x33bed8</load_address>
         <run_address>0x33bed8</run_address>
         <size>0x20</size>
         <input_file_ref idref="fl-17"/>
      </object_component>
      <object_component id="oc-1ce">
         <name>.text</name>
         <load_address>0x33bef8</load_address>
         <run_address>0x33bef8</run_address>
         <size>0x1f</size>
         <input_file_ref idref="fl-51"/>
      </object_component>
      <object_component id="oc-1d8">
         <name>.text</name>
         <load_address>0x33bf17</load_address>
         <run_address>0x33bf17</run_address>
         <size>0x1e</size>
         <input_file_ref idref="fl-53"/>
      </object_component>
      <object_component id="oc-1dd">
         <name>.text</name>
         <load_address>0x33bf35</load_address>
         <run_address>0x33bf35</run_address>
         <size>0x1d</size>
         <input_file_ref idref="fl-54"/>
      </object_component>
      <object_component id="oc-221">
         <name>.text</name>
         <load_address>0x33bf52</load_address>
         <run_address>0x33bf52</run_address>
         <size>0x1d</size>
         <input_file_ref idref="fl-42"/>
      </object_component>
      <object_component id="oc-169">
         <name>.text</name>
         <load_address>0x33bf6f</load_address>
         <run_address>0x33bf6f</run_address>
         <size>0x1c</size>
         <input_file_ref idref="fl-3e"/>
      </object_component>
      <object_component id="oc-1e2">
         <name>.text</name>
         <load_address>0x33bf8b</load_address>
         <run_address>0x33bf8b</run_address>
         <size>0x1c</size>
         <input_file_ref idref="fl-55"/>
      </object_component>
      <object_component id="oc-141">
         <name>.text</name>
         <load_address>0x33bfa7</load_address>
         <run_address>0x33bfa7</run_address>
         <size>0x1b</size>
         <input_file_ref idref="fl-36"/>
      </object_component>
      <object_component id="oc-1d3">
         <name>.text</name>
         <load_address>0x33bfc2</load_address>
         <run_address>0x33bfc2</run_address>
         <size>0x18</size>
         <input_file_ref idref="fl-52"/>
      </object_component>
      <object_component id="oc-238">
         <name>.text</name>
         <load_address>0x33bfda</load_address>
         <run_address>0x33bfda</run_address>
         <size>0x17</size>
         <input_file_ref idref="fl-14"/>
      </object_component>
      <object_component id="oc-15f">
         <name>.text</name>
         <load_address>0x33bff1</load_address>
         <run_address>0x33bff1</run_address>
         <size>0x17</size>
         <input_file_ref idref="fl-3c"/>
      </object_component>
      <object_component id="oc-150">
         <name>.text</name>
         <load_address>0x33c008</load_address>
         <run_address>0x33c008</run_address>
         <size>0x14</size>
         <input_file_ref idref="fl-39"/>
      </object_component>
      <object_component id="oc-22e">
         <name>.text</name>
         <load_address>0x33c01c</load_address>
         <run_address>0x33c01c</run_address>
         <size>0x13</size>
         <input_file_ref idref="fl-15"/>
      </object_component>
      <object_component id="oc-228">
         <name>.text</name>
         <load_address>0x33c02f</load_address>
         <run_address>0x33c02f</run_address>
         <size>0x13</size>
         <input_file_ref idref="fl-48"/>
      </object_component>
      <object_component id="oc-219">
         <name>.text</name>
         <load_address>0x33c042</load_address>
         <run_address>0x33c042</run_address>
         <size>0x12</size>
         <input_file_ref idref="fl-47"/>
      </object_component>
      <object_component id="oc-257">
         <name>.text</name>
         <load_address>0x33c054</load_address>
         <run_address>0x33c054</run_address>
         <size>0x10</size>
         <input_file_ref idref="fl-59"/>
      </object_component>
      <object_component id="oc-13c">
         <name>.text</name>
         <load_address>0x33c064</load_address>
         <run_address>0x33c064</run_address>
         <size>0xe</size>
         <input_file_ref idref="fl-35"/>
      </object_component>
      <object_component id="oc-25d">
         <name>.text</name>
         <load_address>0x33c072</load_address>
         <run_address>0x33c072</run_address>
         <size>0xc</size>
         <input_file_ref idref="fl-5b"/>
      </object_component>
      <object_component id="oc-15a">
         <name>.text</name>
         <load_address>0x33c07e</load_address>
         <run_address>0x33c07e</run_address>
         <size>0xb</size>
         <input_file_ref idref="fl-3b"/>
      </object_component>
      <object_component id="oc-236">
         <name>.text</name>
         <load_address>0x33c089</load_address>
         <run_address>0x33c089</run_address>
         <size>0x9</size>
         <input_file_ref idref="fl-46"/>
      </object_component>
      <object_component id="oc-1c4">
         <name>.text</name>
         <load_address>0x33c092</load_address>
         <run_address>0x33c092</run_address>
         <size>0x9</size>
         <input_file_ref idref="fl-4f"/>
      </object_component>
      <object_component id="oc-258">
         <name>.text</name>
         <load_address>0x33c09b</load_address>
         <run_address>0x33c09b</run_address>
         <size>0x9</size>
         <input_file_ref idref="fl-5e"/>
      </object_component>
      <object_component id="oc-96">
         <name>.text</name>
         <load_address>0x33c0a4</load_address>
         <run_address>0x33c0a4</run_address>
         <size>0x8</size>
         <input_file_ref idref="fl-e"/>
      </object_component>
      <object_component id="oc-253">
         <name>.text</name>
         <load_address>0x33c0ac</load_address>
         <run_address>0x33c0ac</run_address>
         <size>0x8</size>
         <input_file_ref idref="fl-5d"/>
      </object_component>
      <object_component id="oc-254">
         <name>.text</name>
         <load_address>0x33c0b4</load_address>
         <run_address>0x33c0b4</run_address>
         <size>0x7</size>
         <input_file_ref idref="fl-5a"/>
      </object_component>
      <object_component id="oc-255">
         <name>.text</name>
         <load_address>0x33c0bb</load_address>
         <run_address>0x33c0bb</run_address>
         <size>0x5</size>
         <input_file_ref idref="fl-5c"/>
      </object_component>
      <object_component id="oc-216">
         <name>.text</name>
         <load_address>0x33c0c0</load_address>
         <run_address>0x33c0c0</run_address>
         <size>0x2</size>
         <input_file_ref idref="fl-43"/>
      </object_component>
      <object_component id="oc-97">
         <name>codestart</name>
         <load_address>0x33fff6</load_address>
         <run_address>0x33fff6</run_address>
         <size>0x2</size>
         <input_file_ref idref="fl-e"/>
      </object_component>
      <object_component id="oc-22f">
         <name>ramfuncs</name>
         <load_address>0x320000</load_address>
         <run_address>0x8000</run_address>
         <size>0x1b</size>
         <input_file_ref idref="fl-1a"/>
      </object_component>
      <object_component id="oc-108">
         <name>ramfuncs</name>
         <load_address>0x32001b</load_address>
         <run_address>0x801b</run_address>
         <size>0x4</size>
         <input_file_ref idref="fl-1b"/>
      </object_component>
      <object_component id="oc-12c">
         <name>.stack</name>
         <uninitialized>true</uninitialized>
         <run_address>0xc3da</run_address>
         <size>0x0</size>
         <input_file_ref idref="fl-32"/>
      </object_component>
      <object_component id="oc-2b4">
         <name>.stack</name>
         <uninitialized>true</uninitialized>
         <run_address>0xc3da</run_address>
         <size>0x0</size>
      </object_component>
      <object_component id="oc-5a">
         <name>.ebss</name>
         <uninitialized>true</uninitialized>
         <run_address>0xc340</run_address>
         <size>0x61</size>
         <input_file_ref idref="fl-4"/>
      </object_component>
      <object_component id="oc-70">
         <name>.ebss</name>
         <uninitialized>true</uninitialized>
         <run_address>0xc22e</run_address>
         <size>0xc</size>
         <input_file_ref idref="fl-8"/>
      </object_component>
      <object_component id="oc-77">
         <name>.ebss</name>
         <uninitialized>true</uninitialized>
         <run_address>0xc3ba</run_address>
         <size>0x6</size>
         <input_file_ref idref="fl-9"/>
      </object_component>
      <object_component id="oc-23c">
         <name>.ebss:_uartbRxBuffer</name>
         <uninitialized>true</uninitialized>
         <run_address>0xc240</run_address>
         <size>0x100</size>
         <input_file_ref idref="fl-9"/>
      </object_component>
      <object_component id="oc-23a">
         <name>.ebss:_write_buf$1</name>
         <uninitialized>true</uninitialized>
         <run_address>0xc000</run_address>
         <size>0x210</size>
         <input_file_ref idref="fl-9"/>
      </object_component>
      <object_component id="oc-22a">
         <name>.ebss:_gyro_orientation</name>
         <uninitialized>true</uninitialized>
         <run_address>0xc3c0</run_address>
         <size>0x9</size>
         <input_file_ref idref="fl-a"/>
      </object_component>
      <object_component id="oc-7f">
         <name>.ebss</name>
         <uninitialized>true</uninitialized>
         <run_address>0xc210</run_address>
         <size>0x1e</size>
         <input_file_ref idref="fl-a"/>
      </object_component>
      <object_component id="oc-87">
         <name>.ebss</name>
         <uninitialized>true</uninitialized>
         <run_address>0xc3ca</run_address>
         <size>0x8</size>
         <input_file_ref idref="fl-b"/>
      </object_component>
      <object_component id="oc-9d">
         <name>.ebss</name>
         <uninitialized>true</uninitialized>
         <run_address>0xc3a2</run_address>
         <size>0x18</size>
         <input_file_ref idref="fl-f"/>
      </object_component>
      <object_component id="oc-10f">
         <name>.ebss</name>
         <uninitialized>true</uninitialized>
         <run_address>0xc3d2</run_address>
         <size>0x4</size>
         <input_file_ref idref="fl-1c"/>
      </object_component>
      <object_component id="oc-18e">
         <name>.ebss</name>
         <uninitialized>true</uninitialized>
         <run_address>0xc23a</run_address>
         <size>0x6</size>
         <input_file_ref idref="fl-45"/>
      </object_component>
      <object_component id="oc-223">
         <name>.ebss:__lock</name>
         <uninitialized>true</uninitialized>
         <run_address>0xc3d6</run_address>
         <size>0x2</size>
         <input_file_ref idref="fl-46"/>
      </object_component>
      <object_component id="oc-24d">
         <name>.ebss:__unlock</name>
         <uninitialized>true</uninitialized>
         <run_address>0xc3d8</run_address>
         <size>0x2</size>
         <input_file_ref idref="fl-46"/>
      </object_component>
      <object_component id="oc-1a4">
         <name>.ebss</name>
         <uninitialized>true</uninitialized>
         <run_address>0xc3a1</run_address>
         <size>0x1</size>
         <input_file_ref idref="fl-49"/>
      </object_component>
      <object_component id="oc-23d">
         <name>.econst:.string:_dmp_memory</name>
         <load_address>0x33c0c2</load_address>
         <run_address>0x33c0c2</run_address>
         <size>0xbf6</size>
         <input_file_ref idref="fl-b"/>
      </object_component>
      <object_component id="oc-259">
         <name>.econst:.string:__ctypes_</name>
         <load_address>0x33ccb8</load_address>
         <run_address>0x33ccb8</run_address>
         <size>0x101</size>
         <input_file_ref idref="fl-58"/>
      </object_component>
      <object_component id="oc-249">
         <name>.econst:_PieVectTableInit</name>
         <load_address>0x33cdba</load_address>
         <run_address>0x33cdba</run_address>
         <size>0x100</size>
         <input_file_ref idref="fl-17"/>
      </object_component>
      <object_component id="oc-80">
         <name>.econst:.string</name>
         <load_address>0x33ceba</load_address>
         <run_address>0x33ceba</run_address>
         <size>0xa0</size>
         <input_file_ref idref="fl-a"/>
      </object_component>
      <object_component id="oc-1a8">
         <name>.econst:.string</name>
         <load_address>0x33cf5a</load_address>
         <run_address>0x33cf5a</run_address>
         <size>0x26</size>
         <input_file_ref idref="fl-4a"/>
      </object_component>
      <object_component id="oc-1a7">
         <name>.econst</name>
         <load_address>0x33cf80</load_address>
         <run_address>0x33cf80</run_address>
         <size>0x1c</size>
         <input_file_ref idref="fl-4a"/>
      </object_component>
      <object_component id="oc-1ba">
         <name>.econst</name>
         <load_address>0x33cf9c</load_address>
         <run_address>0x33cf9c</run_address>
         <size>0x1c</size>
         <input_file_ref idref="fl-4d"/>
      </object_component>
      <object_component id="oc-21e">
         <name>.econst:_reg</name>
         <load_address>0x33cfb8</load_address>
         <run_address>0x33cfb8</run_address>
         <size>0x1b</size>
         <input_file_ref idref="fl-a"/>
      </object_component>
      <object_component id="oc-110">
         <name>.econst:.string</name>
         <load_address>0x33cfd4</load_address>
         <run_address>0x33cfd4</run_address>
         <size>0x19</size>
         <input_file_ref idref="fl-1c"/>
      </object_component>
      <object_component id="oc-220">
         <name>.econst:_test</name>
         <load_address>0x33cfee</load_address>
         <run_address>0x33cfee</run_address>
         <size>0x16</size>
         <input_file_ref idref="fl-a"/>
      </object_component>
      <object_component id="oc-11b">
         <name>.econst</name>
         <load_address>0x33d004</load_address>
         <run_address>0x33d004</run_address>
         <size>0x14</size>
         <input_file_ref idref="fl-2f"/>
      </object_component>
      <object_component id="oc-4e">
         <name>.econst</name>
         <load_address>0x33d018</load_address>
         <run_address>0x33d018</run_address>
         <size>0x10</size>
         <input_file_ref idref="fl-2"/>
      </object_component>
      <object_component id="oc-242">
         <name>.econst:.string:_$P$T4$5</name>
         <load_address>0x33d028</load_address>
         <run_address>0x33d028</run_address>
         <size>0xc</size>
         <input_file_ref idref="fl-b"/>
      </object_component>
      <object_component id="oc-121">
         <name>.econst</name>
         <load_address>0x33d034</load_address>
         <run_address>0x33d034</run_address>
         <size>0xc</size>
         <input_file_ref idref="fl-30"/>
      </object_component>
      <object_component id="oc-1ae">
         <name>.econst</name>
         <load_address>0x33d040</load_address>
         <run_address>0x33d040</run_address>
         <size>0xc</size>
         <input_file_ref idref="fl-4b"/>
      </object_component>
      <object_component id="oc-245">
         <name>.econst:.string:_$P$T7$8</name>
         <load_address>0x33d04c</load_address>
         <run_address>0x33d04c</run_address>
         <size>0xb</size>
         <input_file_ref idref="fl-b"/>
      </object_component>
      <object_component id="oc-246">
         <name>.econst:.string:_$P$T8$9</name>
         <load_address>0x33d057</load_address>
         <run_address>0x33d057</run_address>
         <size>0xb</size>
         <input_file_ref idref="fl-b"/>
      </object_component>
      <object_component id="oc-251">
         <name>.econst:_aT</name>
         <load_address>0x33d062</load_address>
         <run_address>0x33d062</run_address>
         <size>0xa</size>
         <input_file_ref idref="fl-31"/>
      </object_component>
      <object_component id="oc-243">
         <name>.econst:.string:_$P$T5$6</name>
         <load_address>0x33d06c</load_address>
         <run_address>0x33d06c</run_address>
         <size>0x9</size>
         <input_file_ref idref="fl-b"/>
      </object_component>
      <object_component id="oc-244">
         <name>.econst:.string:_$P$T6$7</name>
         <load_address>0x33d075</load_address>
         <run_address>0x33d075</run_address>
         <size>0x9</size>
         <input_file_ref idref="fl-b"/>
      </object_component>
      <object_component id="oc-24f">
         <name>.econst:_atanhi</name>
         <load_address>0x33d07e</load_address>
         <run_address>0x33d07e</run_address>
         <size>0x8</size>
         <input_file_ref idref="fl-31"/>
      </object_component>
      <object_component id="oc-250">
         <name>.econst:_atanlo</name>
         <load_address>0x33d086</load_address>
         <run_address>0x33d086</run_address>
         <size>0x8</size>
         <input_file_ref idref="fl-31"/>
      </object_component>
      <object_component id="oc-1b4">
         <name>.econst</name>
         <load_address>0x33d08e</load_address>
         <run_address>0x33d08e</run_address>
         <size>0x8</size>
         <input_file_ref idref="fl-4c"/>
      </object_component>
      <object_component id="oc-21f">
         <name>.econst:_hw</name>
         <load_address>0x33d096</load_address>
         <run_address>0x33d096</run_address>
         <size>0x6</size>
         <input_file_ref idref="fl-a"/>
      </object_component>
      <object_component id="oc-24a">
         <name>.econst:.string:_accFsrTable</name>
         <load_address>0x33d09c</load_address>
         <run_address>0x33d09c</run_address>
         <size>0x4</size>
         <input_file_ref idref="fl-4"/>
      </object_component>
      <object_component id="oc-24b">
         <name>.econst:_gyroFsrTable</name>
         <load_address>0x33d0a0</load_address>
         <run_address>0x33d0a0</run_address>
         <size>0x4</size>
         <input_file_ref idref="fl-4"/>
      </object_component>
      <object_component id="oc-127">
         <name>.econst</name>
         <load_address>0x33d0a4</load_address>
         <run_address>0x33d0a4</run_address>
         <size>0x4</size>
         <input_file_ref idref="fl-31"/>
      </object_component>
      <object_component id="oc-23e">
         <name>.econst:.string:_$P$T0$1</name>
         <load_address>0x33d0a8</load_address>
         <run_address>0x33d0a8</run_address>
         <size>0x3</size>
         <input_file_ref idref="fl-b"/>
      </object_component>
      <object_component id="oc-23f">
         <name>.econst:.string:_$P$T1$2</name>
         <load_address>0x33d0ab</load_address>
         <run_address>0x33d0ab</run_address>
         <size>0x3</size>
         <input_file_ref idref="fl-b"/>
      </object_component>
      <object_component id="oc-240">
         <name>.econst:.string:_$P$T2$3</name>
         <load_address>0x33d0ae</load_address>
         <run_address>0x33d0ae</run_address>
         <size>0x3</size>
         <input_file_ref idref="fl-b"/>
      </object_component>
      <object_component id="oc-241">
         <name>.econst:.string:_$P$T3$4</name>
         <load_address>0x33d0b1</load_address>
         <run_address>0x33d0b1</run_address>
         <size>0x3</size>
         <input_file_ref idref="fl-b"/>
      </object_component>
      <object_component id="oc-12d">
         <name>.reset</name>
         <load_address>0x3fffc0</load_address>
         <run_address>0x3fffc0</run_address>
         <size>0x2</size>
         <input_file_ref idref="fl-32"/>
      </object_component>
      <object_component id="oc-8c">
         <name>.adc_cal</name>
         <load_address>0x380080</load_address>
         <run_address>0x380080</run_address>
         <size>0x7</size>
         <input_file_ref idref="fl-c"/>
      </object_component>
      <object_component id="oc-4d">
         <name>.debug_info</name>
         <load_address>0x0</load_address>
         <run_address>0x0</run_address>
         <size>0x44a</size>
         <input_file_ref idref="fl-2"/>
      </object_component>
      <object_component id="oc-53">
         <name>.debug_info</name>
         <load_address>0x44a</load_address>
         <run_address>0x44a</run_address>
         <size>0x111f</size>
         <input_file_ref idref="fl-3"/>
      </object_component>
      <object_component id="oc-58">
         <name>.debug_info</name>
         <load_address>0x1569</load_address>
         <run_address>0x1569</run_address>
         <size>0x1140</size>
         <input_file_ref idref="fl-4"/>
      </object_component>
      <object_component id="oc-5f">
         <name>.debug_info</name>
         <load_address>0x26a9</load_address>
         <run_address>0x26a9</run_address>
         <size>0x1d3f</size>
         <input_file_ref idref="fl-5"/>
      </object_component>
      <object_component id="oc-64">
         <name>.debug_info</name>
         <load_address>0x43e8</load_address>
         <run_address>0x43e8</run_address>
         <size>0x1483</size>
         <input_file_ref idref="fl-6"/>
      </object_component>
      <object_component id="oc-69">
         <name>.debug_info</name>
         <load_address>0x586b</load_address>
         <run_address>0x586b</run_address>
         <size>0x9d9</size>
         <input_file_ref idref="fl-7"/>
      </object_component>
      <object_component id="oc-6e">
         <name>.debug_info</name>
         <load_address>0x6244</load_address>
         <run_address>0x6244</run_address>
         <size>0x39c2</size>
         <input_file_ref idref="fl-8"/>
      </object_component>
      <object_component id="oc-76">
         <name>.debug_info</name>
         <load_address>0x9c06</load_address>
         <run_address>0x9c06</run_address>
         <size>0x3655</size>
         <input_file_ref idref="fl-9"/>
      </object_component>
      <object_component id="oc-7d">
         <name>.debug_info</name>
         <load_address>0xd25b</load_address>
         <run_address>0xd25b</run_address>
         <size>0x4f70</size>
         <input_file_ref idref="fl-a"/>
      </object_component>
      <object_component id="oc-85">
         <name>.debug_info</name>
         <load_address>0x121cb</load_address>
         <run_address>0x121cb</run_address>
         <size>0x2a6c</size>
         <input_file_ref idref="fl-b"/>
      </object_component>
      <object_component id="oc-8e">
         <name>.debug_info</name>
         <load_address>0x14c37</load_address>
         <run_address>0x14c37</run_address>
         <size>0xf1</size>
         <input_file_ref idref="fl-c"/>
      </object_component>
      <object_component id="oc-91">
         <name>.debug_info</name>
         <load_address>0x14d28</load_address>
         <run_address>0x14d28</run_address>
         <size>0x1da7</size>
         <input_file_ref idref="fl-d"/>
      </object_component>
      <object_component id="oc-99">
         <name>.debug_info</name>
         <load_address>0x16acf</load_address>
         <run_address>0x16acf</run_address>
         <size>0x12f</size>
         <input_file_ref idref="fl-e"/>
      </object_component>
      <object_component id="oc-9c">
         <name>.debug_info</name>
         <load_address>0x16bfe</load_address>
         <run_address>0x16bfe</run_address>
         <size>0x97e</size>
         <input_file_ref idref="fl-f"/>
      </object_component>
      <object_component id="oc-a2">
         <name>.debug_info</name>
         <load_address>0x1757c</load_address>
         <run_address>0x1757c</run_address>
         <size>0x2491</size>
         <input_file_ref idref="fl-10"/>
      </object_component>
      <object_component id="oc-a8">
         <name>.debug_info</name>
         <load_address>0x19a0d</load_address>
         <run_address>0x19a0d</run_address>
         <size>0x1b60</size>
         <input_file_ref idref="fl-11"/>
      </object_component>
      <object_component id="oc-ad">
         <name>.debug_info</name>
         <load_address>0x1b56d</load_address>
         <run_address>0x1b56d</run_address>
         <size>0x13221</size>
         <input_file_ref idref="fl-12"/>
      </object_component>
      <object_component id="oc-e0">
         <name>.debug_info</name>
         <load_address>0x2e78e</load_address>
         <run_address>0x2e78e</run_address>
         <size>0x1b60</size>
         <input_file_ref idref="fl-13"/>
      </object_component>
      <object_component id="oc-e5">
         <name>.debug_info</name>
         <load_address>0x302ee</load_address>
         <run_address>0x302ee</run_address>
         <size>0x1c21</size>
         <input_file_ref idref="fl-14"/>
      </object_component>
      <object_component id="oc-ea">
         <name>.debug_info</name>
         <load_address>0x31f0f</load_address>
         <run_address>0x31f0f</run_address>
         <size>0x437</size>
         <input_file_ref idref="fl-15"/>
      </object_component>
      <object_component id="oc-ef">
         <name>.debug_info</name>
         <load_address>0x32346</load_address>
         <run_address>0x32346</run_address>
         <size>0xb26</size>
         <input_file_ref idref="fl-16"/>
      </object_component>
      <object_component id="oc-f4">
         <name>.debug_info</name>
         <load_address>0x32e6c</load_address>
         <run_address>0x32e6c</run_address>
         <size>0x228a</size>
         <input_file_ref idref="fl-17"/>
      </object_component>
      <object_component id="oc-f9">
         <name>.debug_info</name>
         <load_address>0x350f6</load_address>
         <run_address>0x350f6</run_address>
         <size>0x1d17</size>
         <input_file_ref idref="fl-18"/>
      </object_component>
      <object_component id="oc-fe">
         <name>.debug_info</name>
         <load_address>0x36e0d</load_address>
         <run_address>0x36e0d</run_address>
         <size>0x1b5f</size>
         <input_file_ref idref="fl-19"/>
      </object_component>
      <object_component id="oc-103">
         <name>.debug_info</name>
         <load_address>0x3896c</load_address>
         <run_address>0x3896c</run_address>
         <size>0x1fda</size>
         <input_file_ref idref="fl-1a"/>
      </object_component>
      <object_component id="oc-10a">
         <name>.debug_info</name>
         <load_address>0x3a946</load_address>
         <run_address>0x3a946</run_address>
         <size>0xf1</size>
         <input_file_ref idref="fl-1b"/>
      </object_component>
      <object_component id="oc-10d">
         <name>.debug_info</name>
         <load_address>0x3aa37</load_address>
         <run_address>0x3aa37</run_address>
         <size>0x1480</size>
         <input_file_ref idref="fl-1c"/>
      </object_component>
      <object_component id="oc-115">
         <name>.debug_info</name>
         <load_address>0x3beb7</load_address>
         <run_address>0x3beb7</run_address>
         <size>0x67e</size>
         <input_file_ref idref="fl-2e"/>
      </object_component>
      <object_component id="oc-11a">
         <name>.debug_info</name>
         <load_address>0x3c535</load_address>
         <run_address>0x3c535</run_address>
         <size>0x577</size>
         <input_file_ref idref="fl-2f"/>
      </object_component>
      <object_component id="oc-120">
         <name>.debug_info</name>
         <load_address>0x3caac</load_address>
         <run_address>0x3caac</run_address>
         <size>0x517</size>
         <input_file_ref idref="fl-30"/>
      </object_component>
      <object_component id="oc-126">
         <name>.debug_info</name>
         <load_address>0x3cfc3</load_address>
         <run_address>0x3cfc3</run_address>
         <size>0x4ef</size>
         <input_file_ref idref="fl-31"/>
      </object_component>
      <object_component id="oc-12e">
         <name>.debug_info</name>
         <load_address>0x3d4b2</load_address>
         <run_address>0x3d4b2</run_address>
         <size>0x173</size>
         <input_file_ref idref="fl-32"/>
      </object_component>
      <object_component id="oc-133">
         <name>.debug_info</name>
         <load_address>0x3d625</load_address>
         <run_address>0x3d625</run_address>
         <size>0x114</size>
         <input_file_ref idref="fl-33"/>
      </object_component>
      <object_component id="oc-138">
         <name>.debug_info</name>
         <load_address>0x3d739</load_address>
         <run_address>0x3d739</run_address>
         <size>0x114</size>
         <input_file_ref idref="fl-34"/>
      </object_component>
      <object_component id="oc-13d">
         <name>.debug_info</name>
         <load_address>0x3d84d</load_address>
         <run_address>0x3d84d</run_address>
         <size>0x122</size>
         <input_file_ref idref="fl-35"/>
      </object_component>
      <object_component id="oc-142">
         <name>.debug_info</name>
         <load_address>0x3d96f</load_address>
         <run_address>0x3d96f</run_address>
         <size>0x117</size>
         <input_file_ref idref="fl-36"/>
      </object_component>
      <object_component id="oc-147">
         <name>.debug_info</name>
         <load_address>0x3da86</load_address>
         <run_address>0x3da86</run_address>
         <size>0x114</size>
         <input_file_ref idref="fl-37"/>
      </object_component>
      <object_component id="oc-14c">
         <name>.debug_info</name>
         <load_address>0x3db9a</load_address>
         <run_address>0x3db9a</run_address>
         <size>0x231</size>
         <input_file_ref idref="fl-38"/>
      </object_component>
      <object_component id="oc-151">
         <name>.debug_info</name>
         <load_address>0x3ddcb</load_address>
         <run_address>0x3ddcb</run_address>
         <size>0x118</size>
         <input_file_ref idref="fl-39"/>
      </object_component>
      <object_component id="oc-156">
         <name>.debug_info</name>
         <load_address>0x3dee3</load_address>
         <run_address>0x3dee3</run_address>
         <size>0x141</size>
         <input_file_ref idref="fl-3a"/>
      </object_component>
      <object_component id="oc-15b">
         <name>.debug_info</name>
         <load_address>0x3e024</load_address>
         <run_address>0x3e024</run_address>
         <size>0x141</size>
         <input_file_ref idref="fl-3b"/>
      </object_component>
      <object_component id="oc-160">
         <name>.debug_info</name>
         <load_address>0x3e165</load_address>
         <run_address>0x3e165</run_address>
         <size>0x118</size>
         <input_file_ref idref="fl-3c"/>
      </object_component>
      <object_component id="oc-165">
         <name>.debug_info</name>
         <load_address>0x3e27d</load_address>
         <run_address>0x3e27d</run_address>
         <size>0x1a5</size>
         <input_file_ref idref="fl-3d"/>
      </object_component>
      <object_component id="oc-16a">
         <name>.debug_info</name>
         <load_address>0x3e422</load_address>
         <run_address>0x3e422</run_address>
         <size>0x11a</size>
         <input_file_ref idref="fl-3e"/>
      </object_component>
      <object_component id="oc-16f">
         <name>.debug_info</name>
         <load_address>0x3e53c</load_address>
         <run_address>0x3e53c</run_address>
         <size>0x11a</size>
         <input_file_ref idref="fl-3f"/>
      </object_component>
      <object_component id="oc-174">
         <name>.debug_info</name>
         <load_address>0x3e656</load_address>
         <run_address>0x3e656</run_address>
         <size>0x114</size>
         <input_file_ref idref="fl-40"/>
      </object_component>
      <object_component id="oc-178">
         <name>.debug_info</name>
         <load_address>0x3e76a</load_address>
         <run_address>0x3e76a</run_address>
         <size>0x561</size>
         <input_file_ref idref="fl-41"/>
      </object_component>
      <object_component id="oc-17d">
         <name>.debug_info</name>
         <load_address>0x3eccb</load_address>
         <run_address>0x3eccb</run_address>
         <size>0x43a</size>
         <input_file_ref idref="fl-42"/>
      </object_component>
      <object_component id="oc-182">
         <name>.debug_info</name>
         <load_address>0x3f105</load_address>
         <run_address>0x3f105</run_address>
         <size>0x3ad</size>
         <input_file_ref idref="fl-43"/>
      </object_component>
      <object_component id="oc-187">
         <name>.debug_info</name>
         <load_address>0x3f4b2</load_address>
         <run_address>0x3f4b2</run_address>
         <size>0x3aa</size>
         <input_file_ref idref="fl-44"/>
      </object_component>
      <object_component id="oc-18c">
         <name>.debug_info</name>
         <load_address>0x3f85c</load_address>
         <run_address>0x3f85c</run_address>
         <size>0x544</size>
         <input_file_ref idref="fl-45"/>
      </object_component>
      <object_component id="oc-193">
         <name>.debug_info</name>
         <load_address>0x3fda0</load_address>
         <run_address>0x3fda0</run_address>
         <size>0x4cc</size>
         <input_file_ref idref="fl-46"/>
      </object_component>
      <object_component id="oc-198">
         <name>.debug_info</name>
         <load_address>0x4026c</load_address>
         <run_address>0x4026c</run_address>
         <size>0x467</size>
         <input_file_ref idref="fl-47"/>
      </object_component>
      <object_component id="oc-19d">
         <name>.debug_info</name>
         <load_address>0x406d3</load_address>
         <run_address>0x406d3</run_address>
         <size>0x50c</size>
         <input_file_ref idref="fl-48"/>
      </object_component>
      <object_component id="oc-1a2">
         <name>.debug_info</name>
         <load_address>0x40bdf</load_address>
         <run_address>0x40bdf</run_address>
         <size>0x1c6</size>
         <input_file_ref idref="fl-49"/>
      </object_component>
      <object_component id="oc-1a6">
         <name>.debug_info</name>
         <load_address>0x40da5</load_address>
         <run_address>0x40da5</run_address>
         <size>0x2a53</size>
         <input_file_ref idref="fl-4a"/>
      </object_component>
      <object_component id="oc-1ad">
         <name>.debug_info</name>
         <load_address>0x437f8</load_address>
         <run_address>0x437f8</run_address>
         <size>0x489</size>
         <input_file_ref idref="fl-4b"/>
      </object_component>
      <object_component id="oc-1b3">
         <name>.debug_info</name>
         <load_address>0x43c81</load_address>
         <run_address>0x43c81</run_address>
         <size>0x4a6</size>
         <input_file_ref idref="fl-4c"/>
      </object_component>
      <object_component id="oc-1b9">
         <name>.debug_info</name>
         <load_address>0x44127</load_address>
         <run_address>0x44127</run_address>
         <size>0x532</size>
         <input_file_ref idref="fl-4d"/>
      </object_component>
      <object_component id="oc-1c0">
         <name>.debug_info</name>
         <load_address>0x44659</load_address>
         <run_address>0x44659</run_address>
         <size>0x120</size>
         <input_file_ref idref="fl-4e"/>
      </object_component>
      <object_component id="oc-1c5">
         <name>.debug_info</name>
         <load_address>0x44779</load_address>
         <run_address>0x44779</run_address>
         <size>0x114</size>
         <input_file_ref idref="fl-4f"/>
      </object_component>
      <object_component id="oc-1ca">
         <name>.debug_info</name>
         <load_address>0x4488d</load_address>
         <run_address>0x4488d</run_address>
         <size>0x114</size>
         <input_file_ref idref="fl-50"/>
      </object_component>
      <object_component id="oc-1cf">
         <name>.debug_info</name>
         <load_address>0x449a1</load_address>
[...]
      </symbol>
      <symbol id="sm-683">
         <name>_McbspbRegs</name>
         <value>0x5040</value>
         <object_component_ref idref="oc-ce"/>
      </symbol>
      <symbol id="sm-684">
         <name>_EPwm6Regs</name>
         <value>0x6940</value>
         <object_component_ref idref="oc-cb"/>
      </symbol>
      <symbol id="sm-685">
         <name>_SciaRegs</name>
         <value>0x7050</value>
         <object_component_ref idref="oc-b6"/>
      </symbol>
      <symbol id="sm-686">
         <name>_GpioDataRegs</name>
         <value>0x6fc0</value>
         <object_component_ref idref="oc-c4"/>
      </symbol>
      <symbol id="sm-687">
         <name>_CsmPwl</name>
         <value>0x33fff8</value>
         <object_component_ref idref="oc-b1"/>
      </symbol>
      <symbol id="sm-688">
         <name>_AdcRegs</name>
         <value>0x7100</value>
         <object_component_ref idref="oc-bc"/>
      </symbol>
      <symbol id="sm-689">
         <name>_XIntruptRegs</name>
         <value>0x7070</value>
         <object_component_ref idref="oc-ba"/>
      </symbol>
      <symbol id="sm-68a">
         <name>_CpuTimer2Regs</name>
         <value>0xc10</value>
         <object_component_ref idref="oc-b0"/>
      </symbol>
      <symbol id="sm-68b">
         <name>_PieCtrlRegs</name>
         <value>0xce0</value>
         <object_component_ref idref="oc-bb"/>
      </symbol>
      <symbol id="sm-68c">
         <name>_ECanbMOTSRegs</name>
         <value>0x6280</value>
         <object_component_ref idref="oc-d6"/>
      </symbol>
      <symbol id="sm-68d">
         <name>_ECanaRegs</name>
         <value>0x6000</value>
         <object_component_ref idref="oc-d0"/>
      </symbol>
      <symbol id="sm-68e">
         <name>_AdcMirror</name>
         <value>0xb00</value>
         <object_component_ref idref="oc-b4"/>
      </symbol>
      <symbol id="sm-68f">
         <name>_ECanbMboxes</name>
         <value>0x6300</value>
         <object_component_ref idref="oc-dd"/>
      </symbol>
      <symbol id="sm-690">
         <name>_XintfRegs</name>
         <value>0xb20</value>
         <object_component_ref idref="oc-bd"/>
      </symbol>
      <symbol id="sm-691">
         <name>_ScicRegs</name>
         <value>0x7770</value>
         <object_component_ref idref="oc-b8"/>
      </symbol>
      <symbol id="sm-692">
         <name>_ECap1Regs</name>
         <value>0x6a00</value>
         <object_component_ref idref="oc-be"/>
      </symbol>
      <symbol id="sm-693">
         <name>_EQep1Regs</name>
         <value>0x6b00</value>
         <object_component_ref idref="oc-d8"/>
      </symbol>
      <symbol id="sm-694">
         <name>_McbspaRegs</name>
         <value>0x5000</value>
         <object_component_ref idref="oc-cd"/>
      </symbol>
      <symbol id="sm-695">
         <name>_EPwm1Regs</name>
         <value>0x6800</value>
         <object_component_ref idref="oc-c6"/>
      </symbol>
      <symbol id="sm-696">
         <name>_ECanbRegs</name>
         <value>0x6200</value>
         <object_component_ref idref="oc-d1"/>
      </symbol>
      <symbol id="sm-697">
         <name>_ScibRegs</name>
         <value>0x7750</value>
         <object_component_ref idref="oc-b7"/>
      </symbol>
      <symbol id="sm-698">
         <name>_ECap2Regs</name>
         <value>0x6a20</value>
         <object_component_ref idref="oc-bf"/>
      </symbol>
      <symbol id="sm-699">
         <name>_GpioIntRegs</name>
         <value>0x6fe0</value>
         <object_component_ref idref="oc-b3"/>
      </symbol>
      <symbol id="sm-69a">
         <name>_EQep2Regs</name>
         <value>0x6b40</value>
         <object_component_ref idref="oc-d9"/>
      </symbol>
      <symbol id="sm-69b">
         <name>_EPwm2Regs</name>
         <value>0x6840</value>
         <object_component_ref idref="oc-c7"/>
      </symbol>
      <symbol id="sm-69c">
         <name>_ECanaMboxes</name>
         <value>0x6100</value>
         <object_component_ref idref="oc-dc"/>
      </symbol>
      <symbol id="sm-69d">
         <name>_ECap3Regs</name>
         <value>0x6a40</value>
         <object_component_ref idref="oc-c0"/>
      </symbol>
      <symbol id="sm-69e">
         <name>_ECanaMOTORegs</name>
         <value>0x60c0</value>
         <object_component_ref idref="oc-d4"/>
      </symbol>
      <symbol id="sm-69f">
         <name>_EPwm3Regs</name>
         <value>0x6880</value>
         <object_component_ref idref="oc-c8"/>
      </symbol>
      <symbol id="sm-6a0">
         <name>_ECanbLAMRegs</name>
         <value>0x6240</value>
         <object_component_ref idref="oc-d5"/>
      </symbol>
      <symbol id="sm-6a1">
         <name>_I2caRegs</name>
         <value>0x7900</value>
         <object_component_ref idref="oc-cc"/>
      </symbol>
      <symbol id="sm-6b6">
         <name>_InitI2C</name>
         <value>0x33bfda</value>
         <object_component_ref idref="oc-238"/>
      </symbol>
      <symbol id="sm-6b8">
         <name>_InitI2CGpio</name>
         <value>0x33bfdb</value>
         <object_component_ref idref="oc-238"/>
      </symbol>
      <symbol id="sm-6c7">
         <name>_MemCopy</name>
         <value>0x33c01c</value>
         <object_component_ref idref="oc-22e"/>
      </symbol>
      <symbol id="sm-6d4">
         <name>_InitPieCtrl</name>
         <value>0x33be01</value>
         <object_component_ref idref="oc-231"/>
      </symbol>
      <symbol id="sm-6d6">
         <name>_EnableInterrupts</name>
         <value>0x33be20</value>
         <object_component_ref idref="oc-231"/>
      </symbol>
      <symbol id="sm-6e7">
         <name>_PieVectTableInit</name>
         <value>0x33cdba</value>
         <object_component_ref idref="oc-249"/>
      </symbol>
      <symbol id="sm-6e8">
         <name>_InitPieVectTable</name>
         <value>0x33bed8</value>
         <object_component_ref idref="oc-232"/>
      </symbol>
      <symbol id="sm-6f5">
         <name>_InitScibGpio</name>
         <value>0x33bd70</value>
         <object_component_ref idref="oc-239"/>
      </symbol>
      <symbol id="sm-6f7">
         <name>_InitSciaGpio</name>
         <value>0x33bd5b</value>
         <object_component_ref idref="oc-239"/>
      </symbol>
      <symbol id="sm-6f9">
         <name>_InitSciGpio</name>
         <value>0x33bd56</value>
         <object_component_ref idref="oc-239"/>
      </symbol>
      <symbol id="sm-6fb">
         <name>_InitSci</name>
         <value>0x33bd55</value>
         <object_component_ref idref="oc-239"/>
      </symbol>
      <symbol id="sm-71c">
         <name>_InitPll</name>
         <value>0x33af86</value>
         <object_component_ref idref="oc-230"/>
      </symbol>
      <symbol id="sm-71e">
         <name>_DisableDog</name>
         <value>0x33af7e</value>
         <object_component_ref idref="oc-230"/>
      </symbol>
      <symbol id="sm-720">
         <name>_InitPeripheralClocks</name>
         <value>0x33afd7</value>
         <object_component_ref idref="oc-230"/>
      </symbol>
      <symbol id="sm-722">
         <name>_InitFlash</name>
         <value>0x8000</value>
         <object_component_ref idref="oc-22f"/>
      </symbol>
      <symbol id="sm-724">
         <name>_CsmUnlock</name>
         <value>0x33b032</value>
         <object_component_ref idref="oc-230"/>
      </symbol>
      <symbol id="sm-726">
         <name>_ServiceDog</name>
         <value>0x33af74</value>
         <object_component_ref idref="oc-230"/>
      </symbol>
      <symbol id="sm-728">
         <name>_InitSysCtrl</name>
         <value>0x33af6b</value>
         <object_component_ref idref="oc-230"/>
      </symbol>
      <symbol id="sm-735">
         <name>_DSP28x_usDelay</name>
         <value>0x801b</value>
         <object_component_ref idref="oc-108"/>
      </symbol>
      <symbol id="sm-74b">
         <name>_main</name>
         <value>0x33bae0</value>
         <object_component_ref idref="oc-222"/>
      </symbol>
      <symbol id="sm-74d">
         <name>_res</name>
         <value>0xc3d2</value>
         <object_component_ref idref="oc-10f"/>
      </symbol>
      <symbol id="sm-74e">
         <name>_T</name>
         <value>0xc3d4</value>
         <object_component_ref idref="oc-10f"/>
      </symbol>
      <symbol id="sm-75c">
         <name>_vsprintf</name>
         <value>0x33bd25</value>
         <object_component_ref idref="oc-23b"/>
      </symbol>
      <symbol id="sm-779">
         <name>_asin</name>
         <value>0x33b15b</value>
         <object_component_ref idref="oc-22c"/>
      </symbol>
      <symbol id="sm-77a">
         <name>_asinf</name>
         <value>0x33b15b</value>
         <object_component_ref idref="oc-22c"/>
      </symbol>
      <symbol id="sm-7aa">
         <name>_atan2f</name>
         <value>0x33b42c</value>
         <object_component_ref idref="oc-22d"/>
      </symbol>
      <symbol id="sm-7ac">
         <name>_atan2</name>
         <value>0x33b42c</value>
         <object_component_ref idref="oc-22d"/>
      </symbol>
      <symbol id="sm-7d1">
         <name>_atan</name>
         <value>0x33b4fe</value>
         <object_component_ref idref="oc-248"/>
      </symbol>
      <symbol id="sm-7d2">
         <name>_atanf</name>
         <value>0x33b4fe</value>
         <object_component_ref idref="oc-248"/>
      </symbol>
      <symbol id="sm-7ee">
         <name>_c_int00</name>
         <value>0x33bba7</value>
         <object_component_ref idref="oc-4c"/>
      </symbol>
      <symbol id="sm-7ef">
         <name>__stack</name>
         <value>0xc3da</value>
         <object_component_ref idref="oc-12c"/>
      </symbol>
      <symbol id="sm-80a">
         <name>FD$$ADD</name>
         <value>0x33b713</value>
         <object_component_ref idref="oc-132"/>
      </symbol>
      <symbol id="sm-81c">
         <name>FD$$MPY</name>
         <value>0x33b9e2</value>
         <object_component_ref idref="oc-137"/>
      </symbol>
      <symbol id="sm-828">
         <name>FD$$SUB</name>
         <value>0x33c064</value>
         <object_component_ref idref="oc-13c"/>
      </symbol>
      <symbol id="sm-837">
         <name>FD$$TOUL</name>
         <value>0x33bfa7</value>
         <object_component_ref idref="oc-141"/>
      </symbol>
      <symbol id="sm-848">
         <name>FS$$DIV</name>
         <value>0x33b95a</value>
         <object_component_ref idref="oc-146"/>
      </symbol>
      <symbol id="sm-874">
         <name>ULL$$MOD</name>
         <value>0x33af09</value>
         <object_component_ref idref="oc-14b"/>
      </symbol>
      <symbol id="sm-875">
         <name>ULL$$DIV</name>
         <value>0x33aeda</value>
         <object_component_ref idref="oc-14b"/>
      </symbol>
      <symbol id="sm-876">
         <name>LL$$MOD</name>
         <value>0x33aea0</value>
         <object_component_ref idref="oc-14b"/>
      </symbol>
      <symbol id="sm-877">
         <name>LL$$DIV</name>
         <value>0x33ae64</value>
         <object_component_ref idref="oc-14b"/>
      </symbol>
      <symbol id="sm-883">
         <name>LL$$MPY</name>
         <value>0x33c008</value>
         <object_component_ref idref="oc-150"/>
      </symbol>
      <symbol id="sm-891">
         <name>I$$MOD</name>
         <value>0x33bea6</value>
         <object_component_ref idref="oc-155"/>
      </symbol>
      <symbol id="sm-892">
         <name>I$$DIV</name>
         <value>0x33be95</value>
         <object_component_ref idref="oc-155"/>
      </symbol>
      <symbol id="sm-89e">
         <name>U$$MOD</name>
         <value>0x33c083</value>
         <object_component_ref idref="oc-15a"/>
      </symbol>
      <symbol id="sm-89f">
         <name>U$$DIV</name>
         <value>0x33c07e</value>
         <object_component_ref idref="oc-15a"/>
      </symbol>
      <symbol id="sm-8b0">
         <name>U$$TOFD</name>
         <value>0x33bff1</value>
         <object_component_ref idref="oc-15f"/>
      </symbol>
      <symbol id="sm-8bc">
         <name>UL$$MOD</name>
         <value>0x33bdd2</value>
         <object_component_ref idref="oc-164"/>
      </symbol>
      <symbol id="sm-8bd">
         <name>L$$MOD</name>
         <value>0x33bdbd</value>
         <object_component_ref idref="oc-164"/>
      </symbol>
      <symbol id="sm-8be">
         <name>L$$DIV</name>
         <value>0x33bdae</value>
         <object_component_ref idref="oc-164"/>
      </symbol>
      <symbol id="sm-8bf">
         <name>UL$$DIV</name>
         <value>0x33bdcb</value>
         <object_component_ref idref="oc-164"/>
      </symbol>
      <symbol id="sm-8cf">
         <name>FS$$TOFD</name>
         <value>0x33bf6f</value>
         <object_component_ref idref="oc-169"/>
      </symbol>
      <symbol id="sm-8df">
         <name>FD$$TOFS</name>
         <value>0x33be72</value>
         <object_component_ref idref="oc-16e"/>
      </symbol>
      <symbol id="sm-8f6">
         <name>FD$$DIV</name>
         <value>0x33b8cf</value>
         <object_component_ref idref="oc-173"/>
      </symbol>
      <symbol id="sm-905">
         <name>_copy_in</name>
         <value>0x33be4e</value>
         <object_component_ref idref="oc-217"/>
      </symbol>
      <symbol id="sm-917">
         <name>_memcpy</name>
         <value>0x33bf52</value>
         <object_component_ref idref="oc-221"/>
      </symbol>
      <symbol id="sm-924">
         <name>__system_pre_init</name>
         <value>0x33c0c0</value>
         <object_component_ref idref="oc-216"/>
      </symbol>
      <symbol id="sm-932">
         <name>__system_post_cinit</name>
         <value>0x33b7af</value>
         <object_component_ref idref="oc-218"/>
      </symbol>
      <symbol id="sm-947">
         <name>C$$EXIT</name>
         <value>0x33bdd8</value>
         <object_component_ref idref="oc-21a"/>
      </symbol>
      <symbol id="sm-948">
         <name>_exit</name>
         <value>0x33bdda</value>
         <object_component_ref idref="oc-21a"/>
      </symbol>
      <symbol id="sm-94a">
         <name>___TI_cleanup_ptr</name>
         <value>0xc23c</value>
         <object_component_ref idref="oc-18e"/>
      </symbol>
      <symbol id="sm-94b">
         <name>___TI_enable_exit_profile_output</name>
         <value>0xc23a</value>
         <object_component_ref idref="oc-18e"/>
      </symbol>
      <symbol id="sm-94c">
         <name>_abort</name>
         <value>0x33bdd8</value>
         <object_component_ref idref="oc-21a"/>
      </symbol>
      <symbol id="sm-94e">
         <name>___TI_dtors_ptr</name>
         <value>0xc23e</value>
         <object_component_ref idref="oc-18e"/>
      </symbol>
      <symbol id="sm-962">
         <name>__unlock</name>
         <value>0xc3d8</value>
         <object_component_ref idref="oc-24d"/>
      </symbol>
      <symbol id="sm-963">
         <name>__lock</name>
         <value>0xc3d6</value>
         <object_component_ref idref="oc-223"/>
      </symbol>
      <symbol id="sm-964">
         <name>__register_lock</name>
         <value>0x33c08d</value>
         <object_component_ref idref="oc-236"/>
      </symbol>
      <symbol id="sm-966">
         <name>__nop</name>
         <value>0x33c091</value>
         <object_component_ref idref="oc-236"/>
      </symbol>
      <symbol id="sm-968">
         <name>__register_unlock</name>
         <value>0x33c089</value>
         <object_component_ref idref="oc-236"/>
      </symbol>
      <symbol id="sm-978">
         <name>__args_main</name>
         <value>0x33c042</value>
         <object_component_ref idref="oc-219"/>
      </symbol>
      <symbol id="sm-987">
         <name>_memcmp</name>
         <value>0x33c02f</value>
         <object_component_ref idref="oc-228"/>
      </symbol>
      <symbol id="sm-992">
         <name>_errno</name>
         <value>0xc3a1</value>
         <object_component_ref idref="oc-1a4"/>
      </symbol>
      <symbol id="sm-af5">
         <name>___TI_printfi</name>
         <value>0x33a48b</value>
         <object_component_ref idref="oc-24e"/>
      </symbol>
      <symbol id="sm-b0e">
         <name>_sqrtl</name>
         <value>0x33b7b0</value>
         <object_component_ref idref="oc-247"/>
      </symbol>
      <symbol id="sm-b22">
         <name>_frexpl</name>
         <value>0x33bb4d</value>
         <object_component_ref idref="oc-25b"/>
      </symbol>
      <symbol id="sm-b41">
         <name>_scalbnl</name>
         <value>0x33b5c8</value>
         <object_component_ref idref="oc-25c"/>
      </symbol>
      <symbol id="sm-b43">
         <name>_ldexpl</name>
         <value>0x33b5c8</value>
         <object_component_ref idref="oc-25c"/>
      </symbol>
      <symbol id="sm-b53">
         <name>FD$$CMP</name>
         <value>0x33bd84</value>
         <object_component_ref idref="oc-1bf"/>
      </symbol>
      <symbol id="sm-b60">
         <name>FD$$NEG</name>
         <value>0x33c092</value>
         <object_component_ref idref="oc-1c4"/>
      </symbol>
      <symbol id="sm-b6f">
         <name>FD$$TOI</name>
         <value>0x33beb7</value>
         <object_component_ref idref="oc-1c9"/>
      </symbol>
      <symbol id="sm-b7e">
         <name>FD$$TOL</name>
         <value>0x33bef8</value>
         <object_component_ref idref="oc-1ce"/>
      </symbol>
      <symbol id="sm-b8a">
         <name>LL$$AND</name>
         <value>0x33bfc2</value>
         <object_component_ref idref="oc-1d3"/>
      </symbol>
      <symbol id="sm-b8b">
         <name>LL$$OR</name>
         <value>0x33bfca</value>
         <object_component_ref idref="oc-1d3"/>
      </symbol>
      <symbol id="sm-b8c">
         <name>LL$$XOR</name>
         <value>0x33bfd2</value>
         <object_component_ref idref="oc-1d3"/>
      </symbol>
      <symbol id="sm-b9a">
         <name>ULL$$CMP</name>
         <value>0x33bf29</value>
         <object_component_ref idref="oc-1d8"/>
      </symbol>
      <symbol id="sm-b9b">
         <name>LL$$CMP</name>
         <value>0x33bf17</value>
         <object_component_ref idref="oc-1d8"/>
      </symbol>
      <symbol id="sm-bab">
         <name>I$$TOFD</name>
         <value>0x33bf35</value>
         <object_component_ref idref="oc-1dd"/>
      </symbol>
      <symbol id="sm-bbb">
         <name>L$$TOFD</name>
         <value>0x33bf8b</value>
         <object_component_ref idref="oc-1e2"/>
      </symbol>
      <symbol id="sm-bc9">
         <name>___TI_ltoa</name>
         <value>0x33bcf5</value>
         <object_component_ref idref="oc-25a"/>
      </symbol>
      <symbol id="sm-bde">
         <name>_atoi</name>
         <value>0x33bcc4</value>
         <object_component_ref idref="oc-252"/>
      </symbol>
      <symbol id="sm-be7">
         <name>__ctypes_</name>
         <value>0x33ccb8</value>
         <object_component_ref idref="oc-259"/>
      </symbol>
      <symbol id="sm-bf6">
         <name>_memccpy</name>
         <value>0x33c054</value>
         <object_component_ref idref="oc-257"/>
      </symbol>
      <symbol id="sm-c05">
         <name>_memset</name>
         <value>0x33c0b4</value>
         <object_component_ref idref="oc-254"/>
      </symbol>
      <symbol id="sm-c15">
         <name>_strchr</name>
         <value>0x33c072</value>
         <object_component_ref idref="oc-25d"/>
      </symbol>
      <symbol id="sm-c23">
         <name>_strcpy</name>
         <value>0x33c0bb</value>
         <object_component_ref idref="oc-255"/>
      </symbol>
      <symbol id="sm-c31">
         <name>_strlen</name>
         <value>0x33c0ac</value>
         <object_component_ref idref="oc-253"/>
      </symbol>
      <symbol id="sm-c40">
         <name>_wcslen</name>
         <value>0x33c09b</value>
         <object_component_ref idref="oc-258"/>
      </symbol>
      <symbol id="sm-c4e">
         <name>_copysignl</name>
         <value>0x33be29</value>
         <object_component_ref idref="oc-25e"/>
      </symbol>
   </symbol_table>
   <title>Link successful</title>
</link_info>
