******************************************************************************
             TMS320C2000 Linker PC v21.6.0                     
******************************************************************************
>> Linked Thu Feb 24 10:47:57 2022

OUTPUT FILE NAME:   <prothesis_0219.out>
ENTRY POINT SYMBOL: "_c_int00"  address: 0033c23b


MEMORY CONFIGURATION

         name            origin    length      used     unused   attr    fill
----------------------  --------  ---------  --------  --------  ----  --------
PAGE 0:
  ZONE0                 00004000   00001000  00000000  00001000  RWIX
  RAML0                 00008000   00001000  0000001f  00000fe1  RWIX
  RAML1                 00009000   00001000  00000000  00001000  RWIX
  RAML2                 0000a000   00001000  00000000  00001000  RWIX
  RAML3                 0000b000   00001000  00000000  00001000  RWIX
  ZONE6A                00100000   0000fc00  00000000  0000fc00  RWIX
  ZONE7                 00200000   00100000  00000000  00100000  RWIX
  FLASHH                00300000   00008000  00000000  00008000  RWIX
  FLASHG                00308000   00008000  00000000  00008000  RWIX
  FLASHF                00310000   00008000  00000000  00008000  RWIX
  FLASHE                00318000   00008000  00000000  00008000  RWIX
  FLASHD                00320000   00008000  0000001f  00007fe1  RWIX
  FLASHC                00328000   00008000  00000000  00008000  RWIX
  FLASHA                00338000   00007f80  0000584c  00002734  RWIX
  CSM_RSVD              0033ff80   00000076  00000000  00000076  RWIX
  BEGIN                 0033fff6   00000002  00000002  00000000  RWIX
  CSM_PWL               0033fff8   00000008  00000000  00000008  RWIX
  ADC_CAL               00380080   00000009  00000007  00000002  RWIX
  OTP                   00380400   00000400  00000000  00000400  RWIX
  IQTABLES              003fe000   00000b50  00000000  00000b50  RWIX
  IQTABLES2             003feb50   0000008c  00000000  0000008c  RWIX
  FPUTABLES             003febdc   000006a0  00000000  000006a0  RWIX
  ROM                   003ff27c   00000d44  00000000  00000d44  RWIX
  RESET                 003fffc0   00000002  00000000  00000002  RWIX
  VECTORS               003fffc2   0000003e  00000000  0000003e  RWIX

PAGE 1:
  BOOT_RSVD             00000000   00000050  00000000  00000050  RWIX
  RAMM0                 00000050   000003b0  00000000  000003b0  RWIX
  RAMM1                 00000400   00000400  00000000  00000400  RWIX
  DEV_EMU               00000880   00000180  000000d0  000000b0  RWIX
  FLASH_REGS            00000a80   00000060  00000008  00000058  RWIX
  CSM                   00000ae0   00000010  00000010  00000000  RWIX
  ADC_MIRROR            00000b00   00000010  00000010  00000000  RWIX
  XINTF                 00000b20   00000020  0000001e  00000002  RWIX
  CPU_TIMER0            00000c00   00000008  00000008  00000000  RWIX
  CPU_TIMER1            00000c08   00000008  00000008  00000000  RWIX
  CPU_TIMER2            00000c10   00000008  00000008  00000000  RWIX
  PIE_CTRL              00000ce0   00000020  0000001a  00000006  RWIX
  PIE_VECT              00000d00   00000100  00000100  00000000  RWIX
  DMA                   00001000   00000200  000000e0  00000120  RWIX
  MCBSPA                00005000   00000040  00000025  0000001b  RWIX
  MCBSPB                00005040   00000040  00000025  0000001b  RWIX
  ECANA                 00006000   00000040  00000034  0000000c  RWIX
  ECANA_LAM             00006040   00000040  00000040  00000000  RWIX
  ECANA_MOTS            00006080   00000040  00000040  00000000  RWIX
  ECANA_MOTO            000060c0   00000040  00000040  00000000  RWIX
  ECANA_MBOX            00006100   00000100  00000100  00000000  RWIX
  ECANB                 00006200   00000040  00000034  0000000c  RWIX
  ECANB_LAM             00006240   00000040  00000040  00000000  RWIX
  ECANB_MOTS            00006280   00000040  00000040  00000000  RWIX
  ECANB_MOTO            000062c0   00000040  00000040  00000000  RWIX
  ECANB_MBOX            00006300   00000100  00000100  00000000  RWIX
  EPWM1                 00006800   00000022  00000022  00000000  RWIX
  EPWM2                 00006840   00000022  00000022  00000000  RWIX
  EPWM3                 00006880   00000022  00000022  00000000  RWIX
  EPWM4                 000068c0   00000022  00000022  00000000  RWIX
  EPWM5                 00006900   00000022  00000022  00000000  RWIX
  EPWM6                 00006940   00000022  00000022  00000000  RWIX
  ECAP1                 00006a00   00000020  00000020  00000000  RWIX
  ECAP2                 00006a20   00000020  00000020  00000000  RWIX
  ECAP3                 00006a40   00000020  00000020  00000000  RWIX
  ECAP4                 00006a60   00000020  00000020  00000000  RWIX
  ECAP5                 00006a80   00000020  00000020  00000000  RWIX
  ECAP6                 00006aa0   00000020  00000020  00000000  RWIX
  EQEP1                 00006b00   00000040  00000040  00000000  RWIX
  EQEP2                 00006b40   00000040  00000040  00000000  RWIX
  GPIOCTRL              00006f80   00000040  0000002e  00000012  RWIX
  GPIODAT               00006fc0   00000020  00000020  00000000  RWIX
  GPIOINT               00006fe0   00000020  0000000a  00000016  RWIX
  SYSTEM                00007010   00000020  00000020  00000000  RWIX
  SPIA                  00007040   00000010  00000010  00000000  RWIX
  SCIA                  00007050   00000010  00000010  00000000  RWIX
  XINTRUPT              00007070   00000010  00000010  00000000  RWIX
  ADC                   00007100   00000020  0000001e  00000002  RWIX
  SCIB                  00007750   00000010  00000010  00000000  RWIX
  SCIC                  00007770   00000010  00000010  00000000  RWIX
  I2CA                  00007900   00000040  00000022  0000001e  RWIX
  RAML4                 0000c000   00001000  00000758  000008a8  RWIX
  RAML5                 0000d000   00001000  00000000  00001000  RWIX
  RAML6                 0000e000   00001000  00000000  00001000  RWIX
  RAML7                 0000f000   00001000  00000000  00001000  RWIX
  ZONE6B                0010fc00   00000400  00000000  00000400  RWIX
  FLASHB                00330000   00008000  00000000  00008000  RWIX
  CSM_PWL               0033fff8   00000008  00000008  00000000  RWIX


SECTION ALLOCATION MAP

 output                                  attributes/
section   page    origin      length       input sections
--------  ----  ----------  ----------   ----------------
ramfuncs   0    00320000    0000001f     RUN ADDR = 00008000
                  00320000    0000001b     DSP2833x_SysCtrl.obj (ramfuncs)
                  0032001b    00000004     DSP2833x_usDelay.obj (ramfuncs)

.cinit     0    0033d71e    0000012e     
                  0033d71e    000000d3     main_prothe1.obj (.cinit)
                  0033d7f1    0000000e     rts2800_fpu32.lib : exit.c.obj (.cinit)
                  0033d7ff    0000000d     inv_mpu.obj (.cinit)
                  0033d80c    0000000c     inv_mpu.obj (.cinit:_gyro_orientation)
                  0033d818    0000000c     imu901.obj (.cinit)
                  0033d824    0000000b     inv_mpu_dmp_motion_driver.obj (.cinit)
                  0033d82f    00000008     timer.obj (.cinit)
                  0033d837    00000005     rts2800_fpu32.lib : _lock.c.obj (.cinit:__lock)
                  0033d83c    00000005                       : _lock.c.obj (.cinit:__unlock)
                  0033d841    00000005     main_prothe1.obj (.cinit:_arg_ave)
                  0033d846    00000004     rts2800_fpu32.lib : errno.c.obj (.cinit)
                  0033d84a    00000002     --HOLE-- [fill = 0]

DevEmuRegsFile 
*          1    00000880    000000d0     UNINITIALIZED
                  00000880    000000d0     DSP2833x_GlobalVariableDefs.obj (DevEmuRegsFile)

FlashRegsFile 
*          1    00000a80    00000008     UNINITIALIZED
                  00000a80    00000008     DSP2833x_GlobalVariableDefs.obj (FlashRegsFile)

CsmRegsFile 
*          1    00000ae0    00000010     UNINITIALIZED
                  00000ae0    00000010     DSP2833x_GlobalVariableDefs.obj (CsmRegsFile)

AdcMirrorFile 
*          1    00000b00    00000010     UNINITIALIZED
                  00000b00    00000010     DSP2833x_GlobalVariableDefs.obj (AdcMirrorFile)

XintfRegsFile 
*          1    00000b20    0000001e     UNINITIALIZED
                  00000b20    0000001e     DSP2833x_GlobalVariableDefs.obj (XintfRegsFile)

CpuTimer0RegsFile 
*          1    00000c00    00000008     UNINITIALIZED
                  00000c00    00000008     DSP2833x_GlobalVariableDefs.obj (CpuTimer0RegsFile)

CpuTimer1RegsFile 
*          1    00000c08    00000008     UNINITIALIZED
                  00000c08    00000008     DSP2833x_GlobalVariableDefs.obj (CpuTimer1RegsFile)

CpuTimer2RegsFile 
*          1    00000c10    00000008     UNINITIALIZED
                  00000c10    00000008     DSP2833x_GlobalVariableDefs.obj (CpuTimer2RegsFile)

PieCtrlRegsFile 
*          1    00000ce0    0000001a     UNINITIALIZED
                  00000ce0    0000001a     DSP2833x_GlobalVariableDefs.obj (PieCtrlRegsFile)

PieVectTableFile 
*          1    00000d00    00000100     UNINITIALIZED
                  00000d00    00000100     DSP2833x_GlobalVariableDefs.obj (PieVectTableFile)

DmaRegsFile 
*          1    00001000    000000e0     UNINITIALIZED
                  00001000    000000e0     DSP2833x_GlobalVariableDefs.obj (DmaRegsFile)

McbspaRegsFile 
*          1    00005000    00000025     UNINITIALIZED
                  00005000    00000025     DSP2833x_GlobalVariableDefs.obj (McbspaRegsFile)

McbspbRegsFile 
*          1    00005040    00000025     UNINITIALIZED
                  00005040    00000025     DSP2833x_GlobalVariableDefs.obj (McbspbRegsFile)

ECanaRegsFile 
*          1    00006000    00000034     UNINITIALIZED
                  00006000    00000034     DSP2833x_GlobalVariableDefs.obj (ECanaRegsFile)

ECanaLAMRegsFile 
*          1    00006040    00000040     UNINITIALIZED
                  00006040    00000040     DSP2833x_GlobalVariableDefs.obj (ECanaLAMRegsFile)

ECanaMOTSRegsFile 
*          1    00006080    00000040     UNINITIALIZED
                  00006080    00000040     DSP2833x_GlobalVariableDefs.obj (ECanaMOTSRegsFile)

ECanaMOTORegsFile 
*          1    000060c0    00000040     UNINITIALIZED
                  000060c0    00000040     DSP2833x_GlobalVariableDefs.obj (ECanaMOTORegsFile)

ECanaMboxesFile 
*          1    00006100    00000100     UNINITIALIZED
                  00006100    00000100     DSP2833x_GlobalVariableDefs.obj (ECanaMboxesFile)

ECanbRegsFile 
*          1    00006200    00000034     UNINITIALIZED
                  00006200    00000034     DSP2833x_GlobalVariableDefs.obj (ECanbRegsFile)

ECanbLAMRegsFile 
*          1    00006240    00000040     UNINITIALIZED
                  00006240    00000040     DSP2833x_GlobalVariableDefs.obj (ECanbLAMRegsFile)

ECanbMOTSRegsFile 
*          1    00006280    00000040     UNINITIALIZED
                  00006280    00000040     DSP2833x_GlobalVariableDefs.obj (ECanbMOTSRegsFile)

ECanbMOTORegsFile 
*          1    000062c0    00000040     UNINITIALIZED
                  000062c0    00000040     DSP2833x_GlobalVariableDefs.obj (ECanbMOTORegsFile)

ECanbMboxesFile 
*          1    00006300    00000100     UNINITIALIZED
                  00006300    00000100     DSP2833x_GlobalVariableDefs.obj (ECanbMboxesFile)

EPwm1RegsFile 
*          1    00006800    00000022     UNINITIALIZED
                  00006800    00000022     DSP2833x_GlobalVariableDefs.obj (EPwm1RegsFile)

EPwm2RegsFile 
*          1    00006840    00000022     UNINITIALIZED
                  00006840    00000022     DSP2833x_GlobalVariableDefs.obj (EPwm2RegsFile)

EPwm3RegsFile 
*          1    00006880    00000022     UNINITIALIZED
                  00006880    00000022     DSP2833x_GlobalVariableDefs.obj (EPwm3RegsFile)

EPwm4RegsFile 
*          1    000068c0    00000022     UNINITIALIZED
                  000068c0    00000022     DSP2833x_GlobalVariableDefs.obj (EPwm4RegsFile)

EPwm5RegsFile 
*          1    00006900    00000022     UNINITIALIZED
                  00006900    00000022     DSP2833x_GlobalVariableDefs.obj (EPwm5RegsFile)

EPwm6RegsFile 
*          1    00006940    00000022     UNINITIALIZED
                  00006940    00000022     DSP2833x_GlobalVariableDefs.obj (EPwm6RegsFile)

ECap1RegsFile 
*          1    00006a00    00000020     UNINITIALIZED
                  00006a00    00000020     DSP2833x_GlobalVariableDefs.obj (ECap1RegsFile)

ECap2RegsFile 
*          1    00006a20    00000020     UNINITIALIZED
                  00006a20    00000020     DSP2833x_GlobalVariableDefs.obj (ECap2RegsFile)

ECap3RegsFile 
*          1    00006a40    00000020     UNINITIALIZED
                  00006a40    00000020     DSP2833x_GlobalVariableDefs.obj (ECap3RegsFile)

ECap4RegsFile 
*          1    00006a60    00000020     UNINITIALIZED
                  00006a60    00000020     DSP2833x_GlobalVariableDefs.obj (ECap4RegsFile)

ECap5RegsFile 
*          1    00006a80    00000020     UNINITIALIZED
                  00006a80    00000020     DSP2833x_GlobalVariableDefs.obj (ECap5RegsFile)

ECap6RegsFile 
*          1    00006aa0    00000020     UNINITIALIZED
                  00006aa0    00000020     DSP2833x_GlobalVariableDefs.obj (ECap6RegsFile)

EQep1RegsFile 
*          1    00006b00    00000040     UNINITIALIZED
                  00006b00    00000040     DSP2833x_GlobalVariableDefs.obj (EQep1RegsFile)

EQep2RegsFile 
*          1    00006b40    00000040     UNINITIALIZED
                  00006b40    00000040     DSP2833x_GlobalVariableDefs.obj (EQep2RegsFile)

GpioCtrlRegsFile 
*          1    00006f80    0000002e     UNINITIALIZED
                  00006f80    0000002e     DSP2833x_GlobalVariableDefs.obj (GpioCtrlRegsFile)

GpioDataRegsFile 
*          1    00006fc0    00000020     UNINITIALIZED
                  00006fc0    00000020     DSP2833x_GlobalVariableDefs.obj (GpioDataRegsFile)

GpioIntRegsFile 
*          1    00006fe0    0000000a     UNINITIALIZED
                  00006fe0    0000000a     DSP2833x_GlobalVariableDefs.obj (GpioIntRegsFile)

SysCtrlRegsFile 
*          1    00007010    00000020     UNINITIALIZED
                  00007010    00000020     DSP2833x_GlobalVariableDefs.obj (SysCtrlRegsFile)

SpiaRegsFile 
*          1    00007040    00000010     UNINITIALIZED
                  00007040    00000010     DSP2833x_GlobalVariableDefs.obj (SpiaRegsFile)

SciaRegsFile 
*          1    00007050    00000010     UNINITIALIZED
                  00007050    00000010     DSP2833x_GlobalVariableDefs.obj (SciaRegsFile)

XIntruptRegsFile 
*          1    00007070    00000010     UNINITIALIZED
                  00007070    00000010     DSP2833x_GlobalVariableDefs.obj (XIntruptRegsFile)

AdcRegsFile 
*          1    00007100    0000001e     UNINITIALIZED
                  00007100    0000001e     DSP2833x_GlobalVariableDefs.obj (AdcRegsFile)

ScibRegsFile 
*          1    00007750    00000010     UNINITIALIZED
                  00007750    00000010     DSP2833x_GlobalVariableDefs.obj (ScibRegsFile)

ScicRegsFile 
*          1    00007770    00000010     UNINITIALIZED
                  00007770    00000010     DSP2833x_GlobalVariableDefs.obj (ScicRegsFile)

I2caRegsFile 
*          1    00007900    00000022     UNINITIALIZED
                  00007900    00000022     DSP2833x_GlobalVariableDefs.obj (I2caRegsFile)

CsmPwlFile 
*          1    0033fff8    00000008     UNINITIALIZED
                  0033fff8    00000008     DSP2833x_GlobalVariableDefs.obj (CsmPwlFile)

.pinit     0    00338000    00000000     UNINITIALIZED

.text      0    00338000    0000473e     
                  00338000    000011f2     inv_mpu.obj (.text)
                  003391f2    00000746     inv_mpu_dmp_motion_driver.obj (.text)
                  00339938    000006da     rts2800_fpu32.lib : _printfi.c.obj (.text)
                  0033a012    0000060a                       : _printfi.c.obj (.text:__TI_printfi)
                  0033a61c    00000563     timer.obj (.text:retain)
                  0033ab7f    00000323     DSP2833x_DefaultIsr.obj (.text:retain)
                  0033aea2    00000247     mpu6050.obj (.text)
                  0033b0e9    000001a4     uart.obj (.text)
                  0033b28d    0000011d     pwm.obj (.text)
                  0033b3aa    00000107     rts2800_fpu32.lib : ll_div28.asm.obj (.text)
                  0033b4b1    00000101                       : e_acosf.c.obj (.text)
                  0033b5b2    000000f8     DSP2833x_SysCtrl.obj (.text)
                  0033b6aa    000000f8     i2c.obj (.text)
                  0033b7a2    000000f5     rts2800_fpu32.lib : e_asinf.c.obj (.text)
                  0033b897    000000d3     main_prothe1.obj (.text)
                  0033b96a    000000d2     rts2800_fpu32.lib : e_atan2f.c.obj (.text)
                  0033ba3c    000000ca                       : s_atanf.c.obj (.text)
                  0033bb06    000000b7     prothesis.obj (.text)
                  0033bbbd    000000ae     rts2800_fpu32.lib : s_scalbn.c.obj (.text)
                  0033bc6b    000000aa     DSP2833x_EPwm.obj (.text)
                  0033bd15    0000009d     timer.obj (.text)
                  0033bdb2    0000009c     rts2800_fpu32.lib : fd_add28.asm.obj (.text)
                  0033be4e    00000092                       : e_sqrt.c.obj (.text)
                  0033bee0    0000008d     ringbuffer.obj (.text)
                  0033bf6d    0000008b     rts2800_fpu32.lib : fd_div28.asm.obj (.text)
                  0033bff8    00000088                       : fs_div28.asm.obj (.text)
                  0033c080    00000083                       : fd_mpy28.asm.obj (.text)
                  0033c103    0000007b     DSP2833x_CpuTimers.obj (.text)
                  0033c17e    00000063     rts2800_fpu32.lib : s_cosf.c.obj (.text)
                  0033c1e1    0000005a                       : s_frexp.c.obj (.text)
                  0033c23b    00000056                       : boot28.asm.obj (.text)
                  0033c291    00000045     uart.obj (.text:retain)
                  0033c2d6    00000042     common.obj (.text)
                  0033c318    00000031     rts2800_fpu32.lib : atoi.c.obj (.text)
                  0033c349    00000030                       : _ltoa.c.obj (.text)
                  0033c379    00000030                       : vsprintf.c.obj (.text)
                  0033c3a9    0000002f     DSP2833x_Sci.obj (.text)
                  0033c3d8    0000002a     rts2800_fpu32.lib : fd_cmp28.asm.obj (.text)
                  0033c402    0000002a                       : l_div28.asm.obj (.text)
                  0033c42c    00000029                       : exit.c.obj (.text)
                  0033c455    00000028     DSP2833x_PieCtrl.obj (.text)
                  0033c47d    00000001     rts2800_fpu32.lib : startup.c.obj (.text)
                  0033c47e    00000027                       : e_sqrtf.c.obj (.text)
                  0033c4a5    00000025                       : s_copysign.c.obj (.text)
                  0033c4ca    00000024                       : cpy_tbl.c.obj (.text)
                  0033c4ee    00000023                       : fd_tofsfpu32.asm.obj (.text)
                  0033c511    00000022                       : i_div28.asm.obj (.text)
                  0033c533    00000021                       : fd_toi28.asm.obj (.text)
                  0033c554    00000020     DSP2833x_PieVect.obj (.text)
                  0033c574    0000001f     rts2800_fpu32.lib : fd_tol28.asm.obj (.text)
                  0033c593    0000001e                       : ll_cmp28.asm.obj (.text)
                  0033c5b1    0000001d                       : i_tofd28.asm.obj (.text)
                  0033c5ce    0000001d                       : memcpy.c.obj (.text)
                  0033c5eb    0000001c                       : fs_tofdfpu32.asm.obj (.text)
                  0033c607    0000001c                       : l_tofd28.asm.obj (.text)
                  0033c623    0000001b                       : fd_toul28.asm.obj (.text)
                  0033c63e    00000018                       : ll_aox28.asm.obj (.text)
                  0033c656    00000017     DSP2833x_I2C.obj (.text)
                  0033c66d    00000017     rts2800_fpu32.lib : u_tofd28.asm.obj (.text)
                  0033c684    00000014                       : ll_mpy28.asm.obj (.text)
                  0033c698    00000013     DSP2833x_MemCopy.obj (.text)
                  0033c6ab    00000013     rts2800_fpu32.lib : memcmp.c.obj (.text)
                  0033c6be    00000012                       : args_main.c.obj (.text)
                  0033c6d0    00000010                       : memccpy.c.obj (.text)
                  0033c6e0    0000000e                       : fd_sub28.asm.obj (.text)
                  0033c6ee    0000000c                       : strchr.c.obj (.text)
                  0033c6fa    0000000b                       : u_div28.asm.obj (.text)
                  0033c705    00000009                       : _lock.c.obj (.text)
                  0033c70e    00000009                       : fd_neg28.asm.obj (.text)
                  0033c717    00000009                       : wcslen.c.obj (.text)
                  0033c720    00000008     DSP2833x_CodeStartBranch.obj (.text)
                  0033c728    00000008     rts2800_fpu32.lib : strlen.c.obj (.text)
                  0033c730    00000007                       : memset.c.obj (.text)
                  0033c737    00000005                       : strcpy.c.obj (.text)
                  0033c73c    00000002                       : pre_init.c.obj (.text)

codestart 
*          0    0033fff6    00000002     
                  0033fff6    00000002     DSP2833x_CodeStartBranch.obj (codestart)

.ebss      1    0000c000    00000458     UNINITIALIZED
                  0000c000    00000210     uart.obj (.ebss:_write_buf$1)
                  0000c210    0000001e     inv_mpu.obj (.ebss)
                  0000c22e    0000000c     timer.obj (.ebss)
                  0000c23a    00000006     rts2800_fpu32.lib : exit.c.obj (.ebss)
                  0000c240    00000100     uart.obj (.ebss:_uartbRxBuffer)
                  0000c340    00000061     imu901.obj (.ebss)
                  0000c3a1    00000001     rts2800_fpu32.lib : errno.c.obj (.ebss)
                  0000c3a2    00000018     DSP2833x_CpuTimers.obj (.ebss)
                  0000c3ba    00000006     uart.obj (.ebss)
                  0000c3c0    00000054     main_prothe1.obj (.ebss)
                  0000c414    0000000a     main_prothe1.obj (.ebss:_arg_ave)
                  0000c41e    00000009     inv_mpu.obj (.ebss:_gyro_orientation)
                  0000c427    00000001     --HOLE--
                  0000c428    00000008     inv_mpu_dmp_motion_driver.obj (.ebss)
                  0000c430    00000005     main_prothe1.obj (.ebss:_SampleTable1)
                  0000c435    00000005     main_prothe1.obj (.ebss:_SampleTable2)
                  0000c43a    00000005     main_prothe1.obj (.ebss:_SampleTable3)
                  0000c43f    00000001     --HOLE--
                  0000c440    00000005     main_prothe1.obj (.ebss:_SampleTable4)
                  0000c445    00000005     main_prothe1.obj (.ebss:_SampleTable5)
                  0000c44a    00000005     main_prothe1.obj (.ebss:_SampleTable6)
                  0000c44f    00000005     main_prothe1.obj (.ebss:_SampleTable7)
                  0000c454    00000002     rts2800_fpu32.lib : _lock.c.obj (.ebss:__lock)
                  0000c456    00000002                       : _lock.c.obj (.ebss:__unlock)

.stack     1    0000c458    00000300     UNINITIALIZED
                  0000c458    00000300     --HOLE--

.econst    0    0033c73e    00000fe0     
                  0033c73e    00000bf6     inv_mpu_dmp_motion_driver.obj (.econst:.string:_dmp_memory)
                  0033d334    00000101     rts2800_fpu32.lib : ctype.c.obj (.econst:.string:__ctypes_)
                  0033d435    00000001     --HOLE-- [fill = 0]
                  0033d436    00000100     DSP2833x_PieVect.obj (.econst:_PieVectTableInit)
                  0033d536    000000a0     inv_mpu.obj (.econst:.string)
                  0033d5d6    00000026     rts2800_fpu32.lib : _printfi.c.obj (.econst:.string)
                  0033d5fc    0000001c                       : _printfi.c.obj (.econst)
                  0033d618    0000001c                       : s_scalbn.c.obj (.econst)
                  0033d634    0000001b     inv_mpu.obj (.econst:_reg)
                  0033d64f    00000001     --HOLE-- [fill = 0]
                  0033d650    00000016     inv_mpu.obj (.econst:_test)
                  0033d666    00000014     rts2800_fpu32.lib : e_asinf.c.obj (.econst)
                  0033d67a    00000010     common.obj (.econst)
                  0033d68a    00000010     rts2800_fpu32.lib : e_acosf.c.obj (.econst)
                  0033d69a    0000000c     inv_mpu_dmp_motion_driver.obj (.econst:.string:_$P$T4$5)
                  0033d6a6    0000000c     rts2800_fpu32.lib : e_atan2f.c.obj (.econst)
                  0033d6b2    0000000c                       : e_sqrt.c.obj (.econst)
                  0033d6be    0000000b     inv_mpu_dmp_motion_driver.obj (.econst:.string:_$P$T7$8)
                  0033d6c9    0000000b     inv_mpu_dmp_motion_driver.obj (.econst:.string:_$P$T8$9)
                  0033d6d4    0000000a     rts2800_fpu32.lib : s_atanf.c.obj (.econst:_aT)
                  0033d6de    00000009     inv_mpu_dmp_motion_driver.obj (.econst:.string:_$P$T5$6)
                  0033d6e7    00000009     inv_mpu_dmp_motion_driver.obj (.econst:.string:_$P$T6$7)
                  0033d6f0    00000008     rts2800_fpu32.lib : s_atanf.c.obj (.econst:_atanhi)
                  0033d6f8    00000008                       : s_atanf.c.obj (.econst:_atanlo)
                  0033d700    00000008                       : s_frexp.c.obj (.econst)
                  0033d708    00000006     inv_mpu.obj (.econst:_hw)
                  0033d70e    00000004     rts2800_fpu32.lib : s_atanf.c.obj (.econst)
                  0033d712    00000003     inv_mpu_dmp_motion_driver.obj (.econst:.string:_$P$T0$1)
                  0033d715    00000003     inv_mpu_dmp_motion_driver.obj (.econst:.string:_$P$T1$2)
                  0033d718    00000003     inv_mpu_dmp_motion_driver.obj (.econst:.string:_$P$T2$3)
                  0033d71b    00000003     inv_mpu_dmp_motion_driver.obj (.econst:.string:_$P$T3$4)

.reset     0    003fffc0    00000002     DSECT
                  003fffc0    00000002     rts2800_fpu32.lib : boot28.asm.obj (.reset)

vectors    0    003fffc2    00000000     DSECT

.adc_cal   0    00380080    00000007     NOLOAD SECTION
                  00380080    00000007     DSP2833x_ADC_cal.obj (.adc_cal)

MODULE SUMMARY

       Module                            code    initialized data   uninitialized data
       ------                            ----    ----------------   ------------------
    .\
       main_prothe1.obj                  211     216                129               
    +--+---------------------------------+-------+------------------+--------------------+
       Total:                            211     216                129               
                                                                                      
    .\app\src\
       timer.obj                         1536    8                  12                
       uart.obj                          489     0                  790               
       mpu6050.obj                       583     0                  0                 
       pwm.obj                           285     0                  0                 
       i2c.obj                           248     0                  0                 
       prothesis.obj                     183     0                  0                 
       ringbuffer.obj                    141     0                  0                 
       imu901.obj                        0       12                 97                
       common.obj                        66      16                 0                 
    +--+---------------------------------+-------+------------------+--------------------+
       Total:                            3531    36                 899               
                                                                                      
    .\app\src\eMPL\
       inv_mpu_dmp_motion_driver.obj     1862    3137               8                 
       inv_mpu.obj                       4594    240                39                
    +--+---------------------------------+-------+------------------+--------------------+
       Total:                            6456    3377               47                
                                                                                      
    .\source\
       DSP2833x_GlobalVariableDefs.obj   0       0                  2678              
       DSP2833x_DefaultIsr.obj           803     0                  0                 
       DSP2833x_SysCtrl.obj              302     0                  0                 
       DSP2833x_PieVect.obj              32      256                0                 
       DSP2833x_EPwm.obj                 170     0                  0                 
       DSP2833x_CpuTimers.obj            123     0                  24                
       DSP2833x_Sci.obj                  47      0                  0                 
       DSP2833x_PieCtrl.obj              40      0                  0                 
       DSP2833x_I2C.obj                  23      0                  0                 
       DSP2833x_MemCopy.obj              19      0                  0                 
       DSP2833x_CodeStartBranch.obj      10      0                  0                 
       DSP2833x_usDelay.obj              8       0                  0                 
       DSP2833x_ADC_cal.obj              7       0                  0                 
    +--+---------------------------------+-------+------------------+--------------------+
       Total:                            1584    256                2702              
                                                                                      
    C:\ti\ccs1110\ccs\tools\compiler\ti-cgt-c2000_21.6.0.LTS\lib\rts2800_fpu32.lib
       _printfi.c.obj                    3300    66                 0                 
       e_acosf.c.obj                     257     16                 0                 
       e_asinf.c.obj                     245     20                 0                 
       ll_div28.asm.obj                  263     0                  0                 
       ctype.c.obj                       0       257                0                 
       s_atanf.c.obj                     202     30                 0                 
       e_atan2f.c.obj                    210     12                 0                 
       s_scalbn.c.obj                    174     28                 0                 
       e_sqrt.c.obj                      146     12                 0                 
       fd_add28.asm.obj                  156     0                  0                 
       fd_div28.asm.obj                  139     0                  0                 
       fs_div28.asm.obj                  136     0                  0                 
       fd_mpy28.asm.obj                  131     0                  0                 
       s_cosf.c.obj                      99      0                  0                 
       s_frexp.c.obj                     90      8                  0                 
       boot28.asm.obj                    86      0                  0                 
       exit.c.obj                        41      14                 6                 
       atoi.c.obj                        49      0                  0                 
       _ltoa.c.obj                       48      0                  0                 
       vsprintf.c.obj                    48      0                  0                 
       fd_cmp28.asm.obj                  42      0                  0                 
       l_div28.asm.obj                   42      0                  0                 
       e_sqrtf.c.obj                     39      0                  0                 
       s_copysign.c.obj                  37      0                  0                 
       cpy_tbl.c.obj                     36      0                  0                 
       fd_tofsfpu32.asm.obj              35      0                  0                 
       i_div28.asm.obj                   34      0                  0                 
       fd_toi28.asm.obj                  33      0                  0                 
       fd_tol28.asm.obj                  31      0                  0                 
       ll_cmp28.asm.obj                  30      0                  0                 
       i_tofd28.asm.obj                  29      0                  0                 
       memcpy.c.obj                      29      0                  0                 
       fs_tofdfpu32.asm.obj              28      0                  0                 
       l_tofd28.asm.obj                  28      0                  0                 
       fd_toul28.asm.obj                 27      0                  0                 
       ll_aox28.asm.obj                  24      0                  0                 
       _lock.c.obj                       9       10                 4                 
       u_tofd28.asm.obj                  23      0                  0                 
       ll_mpy28.asm.obj                  20      0                  0                 
       memcmp.c.obj                      19      0                  0                 
       args_main.c.obj                   18      0                  0                 
       memccpy.c.obj                     16      0                  0                 
       fd_sub28.asm.obj                  14      0                  0                 
       strchr.c.obj                      12      0                  0                 
       u_div28.asm.obj                   11      0                  0                 
       fd_neg28.asm.obj                  9       0                  0                 
       wcslen.c.obj                      9       0                  0                 
       strlen.c.obj                      8       0                  0                 
       memset.c.obj                      7       0                  0                 
       errno.c.obj                       0       4                  1                 
       strcpy.c.obj                      5       0                  0                 
       pre_init.c.obj                    2       0                  0                 
       startup.c.obj                     1       0                  0                 
    +--+---------------------------------+-------+------------------+--------------------+
       Total:                            6527    477                11                
                                                                                      
       Stack:                            0       0                  768               
    +--+---------------------------------+-------+------------------+--------------------+
       Grand Total:                      18309   4362               4556              


GLOBAL DATA SYMBOLS: SORTED BY DATA PAGE

address     data page           name
--------    ----------------    ----
00000880      22 (00000880)     _DevEmuRegs

00000a80      2a (00000a80)     _FlashRegs

00000ae0      2b (00000ac0)     _CsmRegs

00000b00      2c (00000b00)     _AdcMirror
00000b20      2c (00000b00)     _XintfRegs

00000c00      30 (00000c00)     _CpuTimer0Regs
00000c08      30 (00000c00)     _CpuTimer1Regs
00000c10      30 (00000c00)     _CpuTimer2Regs

00000ce0      33 (00000cc0)     _PieCtrlRegs

00000d00      34 (00000d00)     _PieVectTable

00001000      40 (00001000)     _DmaRegs

00005000     140 (00005000)     _McbspaRegs

00005040     141 (00005040)     _McbspbRegs

00006000     180 (00006000)     _ECanaRegs

00006040     181 (00006040)     _ECanaLAMRegs

00006080     182 (00006080)     _ECanaMOTSRegs

000060c0     183 (000060c0)     _ECanaMOTORegs

00006100     184 (00006100)     _ECanaMboxes

00006200     188 (00006200)     _ECanbRegs

00006240     189 (00006240)     _ECanbLAMRegs

00006280     18a (00006280)     _ECanbMOTSRegs

000062c0     18b (000062c0)     _ECanbMOTORegs

00006300     18c (00006300)     _ECanbMboxes

00006800     1a0 (00006800)     _EPwm1Regs

00006840     1a1 (00006840)     _EPwm2Regs

00006880     1a2 (00006880)     _EPwm3Regs

000068c0     1a3 (000068c0)     _EPwm4Regs

00006900     1a4 (00006900)     _EPwm5Regs

00006940     1a5 (00006940)     _EPwm6Regs

00006a00     1a8 (00006a00)     _ECap1Regs
00006a20     1a8 (00006a00)     _ECap2Regs

00006a40     1a9 (00006a40)     _ECap3Regs
00006a60     1a9 (00006a40)     _ECap4Regs

00006a80     1aa (00006a80)     _ECap5Regs
00006aa0     1aa (00006a80)     _ECap6Regs

00006b00     1ac (00006b00)     _EQep1Regs

00006b40     1ad (00006b40)     _EQep2Regs

00006f80     1be (00006f80)     _GpioCtrlRegs

00006fc0     1bf (00006fc0)     _GpioDataRegs
00006fe0     1bf (00006fc0)     _GpioIntRegs

00007010     1c0 (00007000)     _SysCtrlRegs

00007040     1c1 (00007040)     _SpiaRegs
00007050     1c1 (00007040)     _SciaRegs
00007070     1c1 (00007040)     _XIntruptRegs

00007100     1c4 (00007100)     _AdcRegs

00007750     1dd (00007740)     _ScibRegs
00007770     1dd (00007740)     _ScicRegs

00007900     1e4 (00007900)     _I2caRegs

0000c22e     308 (0000c200)     _gyroxa
0000c22f     308 (0000c200)     _gyroya
0000c230     308 (0000c200)     _gyroza
0000c231     308 (0000c200)     _num1
0000c232     308 (0000c200)     _num2
0000c234     308 (0000c200)     _pitcha
0000c236     308 (0000c200)     _rolla
0000c238     308 (0000c200)     _yawa
0000c23a     308 (0000c200)     ___TI_enable_exit_profile_output
0000c23c     308 (0000c200)     ___TI_cleanup_ptr
0000c23e     308 (0000c200)     ___TI_dtors_ptr

0000c240     309 (0000c240)     _uartbRxBuffer

0000c343     30d (0000c340)     _iostatus
0000c347     30d (0000c340)     _imu901Param
0000c34c     30d (0000c340)     _attitude
0000c352     30d (0000c340)     _magData
0000c358     30d (0000c340)     _baroData
0000c35e     30d (0000c340)     _quaternion
0000c366     30d (0000c340)     _gyroAccData

0000c380     30e (0000c380)     _rxPacket
0000c3a1     30e (0000c380)     _errno
0000c3a2     30e (0000c380)     _CpuTimer0
0000c3aa     30e (0000c380)     _CpuTimer1
0000c3b2     30e (0000c380)     _CpuTimer2
0000c3ba     30e (0000c380)     _uartbRxFifo

0000c3c0     30f (0000c3c0)     _i
0000c3c1     30f (0000c3c0)     _flag_chong
0000c3c2     30f (0000c3c0)     _press_plante1
0000c3c3     30f (0000c3c0)     _press_plante2
0000c3c4     30f (0000c3c0)     _press_plante3
0000c3c5     30f (0000c3c0)     _state
0000c3c6     30f (0000c3c0)     _state0
0000c3c7     30f (0000c3c0)     _state_motor
0000c3c8     30f (0000c3c0)     _switch_flag
0000c3c9     30f (0000c3c0)     _valve_pwm_middle_zhi
0000c3ca     30f (0000c3c0)     _valve_pwm_middle_bei
0000c3cb     30f (0000c3c0)     _valve_pwm_push
0000c3cc     30f (0000c3c0)     _flag_run
0000c3cd     30f (0000c3c0)     _flag_circu
0000c3ce     30f (0000c3c0)     _flag_state1
0000c3cf     30f (0000c3c0)     _counter_time
0000c3d0     30f (0000c3c0)     _counter
0000c3d1     30f (0000c3c0)     _counter_P
0000c3d2     30f (0000c3c0)     _counter_circu
0000c3d4     30f (0000c3c0)     _volt1
0000c3d6     30f (0000c3c0)     _volt2
0000c3d8     30f (0000c3c0)     _volt3
0000c3da     30f (0000c3c0)     _volt4
0000c3dc     30f (0000c3c0)     _volt5
0000c3de     30f (0000c3c0)     _volt6
0000c3e0     30f (0000c3c0)     _volt7
0000c3e2     30f (0000c3c0)     _sum1
0000c3e4     30f (0000c3c0)     _sum2
0000c3e6     30f (0000c3c0)     _sum3
0000c3e8     30f (0000c3c0)     _sum4
0000c3ea     30f (0000c3c0)     _sum5
0000c3ec     30f (0000c3c0)     _sum6
0000c3ee     30f (0000c3c0)     _sum7
0000c3f0     30f (0000c3c0)     _press1
0000c3f2     30f (0000c3c0)     _press2
0000c3f4     30f (0000c3c0)     _press3
0000c3f6     30f (0000c3c0)     _arg
0000c3f8     30f (0000c3c0)     _Beta
0000c3fa     30f (0000c3c0)     _Beta_last
0000c3fc     30f (0000c3c0)     _W_BD
0000c3fe     30f (0000c3c0)     _Alpha

0000c400     310 (0000c400)     _Alpha_cos
0000c402     310 (0000c400)     _Alpha_sin
0000c404     310 (0000c400)     _T
0000c406     310 (0000c400)     _F_A
0000c408     310 (0000c400)     _delta_P
0000c40a     310 (0000c400)     _delta_P0
0000c40c     310 (0000c400)     _dd_P
0000c40e     310 (0000c400)     _my_debug
0000c410     310 (0000c400)     _my_temp1
0000c412     310 (0000c400)     _my_temp2
0000c414     310 (0000c400)     _arg_ave
0000c430     310 (0000c400)     _SampleTable1
0000c435     310 (0000c400)     _SampleTable2
0000c43a     310 (0000c400)     _SampleTable3

0000c440     311 (0000c440)     _SampleTable4
0000c445     311 (0000c440)     _SampleTable5
0000c44a     311 (0000c440)     _SampleTable6
0000c44f     311 (0000c440)     _SampleTable7
0000c454     311 (0000c440)     __lock
0000c456     311 (0000c440)     __unlock
0000c458     311 (0000c440)     __stack

0033d334    cf4c (0033d300)     __ctypes_

0033d436    cf50 (0033d400)     _PieVectTableInit

0033d634    cf58 (0033d600)     _reg

0033d650    cf59 (0033d640)     _test

0033d708    cf5c (0033d700)     _hw

0033fff8    cfff (0033ffc0)     _CsmPwl


GLOBAL SYMBOLS: SORTED ALPHABETICALLY BY Name 

page  address   name                             
----  -------   ----                             
0     00338000  .text                            
0     0033c42c  C$$EXIT                          
0     0033bdb2  FD$$ADD                          
0     0033c3d8  FD$$CMP                          
0     0033bf6d  FD$$DIV                          
0     0033c080  FD$$MPY                          
0     0033c70e  FD$$NEG                          
0     0033c6e0  FD$$SUB                          
0     0033c4ee  FD$$TOFS                         
0     0033c533  FD$$TOI                          
0     0033c574  FD$$TOL                          
0     0033c623  FD$$TOUL                         
0     0033bff8  FS$$DIV                          
0     0033c5eb  FS$$TOFD                         
0     0033c511  I$$DIV                           
0     0033c522  I$$MOD                           
0     0033c5b1  I$$TOFD                          
0     0033c402  L$$DIV                           
0     0033c411  L$$MOD                           
0     0033c607  L$$TOFD                          
0     0033c63e  LL$$AND                          
0     0033c593  LL$$CMP                          
0     0033b3aa  LL$$DIV                          
0     0033b3e6  LL$$MOD                          
0     0033c684  LL$$MPY                          
0     0033c646  LL$$OR                           
0     0033c64e  LL$$XOR                          
0     0033c6fa  U$$DIV                           
0     0033c6ff  U$$MOD                           
0     0033c66d  U$$TOFD                          
0     0033c41f  UL$$DIV                          
0     0033c426  UL$$MOD                          
0     0033c5a5  ULL$$CMP                         
0     0033b420  ULL$$DIV                         
0     0033b44f  ULL$$MOD                         
0     0033ac65  _ADCINT_ISR                      
0     00380080  _ADC_cal                         
1     00000b00  _AdcMirror                       
1     00007100  _AdcRegs                         
1     0000c3fe  _Alpha                           
1     0000c400  _Alpha_cos                       
1     0000c402  _Alpha_sin                       
1     0000c3f8  _Beta                            
1     0000c3fa  _Beta_last                       
0     0033c144  _ConfigCpuTimer                  
1     0000c3a2  _CpuTimer0                       
1     00000c00  _CpuTimer0Regs                   
1     0000c3aa  _CpuTimer1                       
1     00000c08  _CpuTimer1Regs                   
1     0000c3b2  _CpuTimer2                       
1     00000c10  _CpuTimer2Regs                   
1     0033fff8  _CsmPwl                          
1     00000ae0  _CsmRegs                         
0     0033b679  _CsmUnlock                       
0     0033ab93  _DATALOG_ISR                     
0     0033ad87  _DINTCH1_ISR                     
0     0033ad91  _DINTCH2_ISR                     
0     0033ad9b  _DINTCH3_ISR                     
0     0033ada5  _DINTCH4_ISR                     
0     0033adaf  _DINTCH5_ISR                     
0     0033adb9  _DINTCH6_ISR                     
0     0000801b  _DSP28x_usDelay                  
1     00000880  _DevEmuRegs                      
0     0033b5c5  _DisableDog                      
1     00001000  _DmaRegs                         
0     0033ae13  _ECAN0INTA_ISR                   
0     0033ae27  _ECAN0INTB_ISR                   
0     0033ae1d  _ECAN1INTA_ISR                   
0     0033ae31  _ECAN1INTB_ISR                   
0     0033acfb  _ECAP1_INT_ISR                   
0     0033ad05  _ECAP2_INT_ISR                   
0     0033ad0f  _ECAP3_INT_ISR                   
0     0033ad19  _ECAP4_INT_ISR                   
0     0033ad23  _ECAP5_INT_ISR                   
0     0033ad2d  _ECAP6_INT_ISR                   
1     00006040  _ECanaLAMRegs                    
1     000060c0  _ECanaMOTORegs                   
1     00006080  _ECanaMOTSRegs                   
1     00006100  _ECanaMboxes                     
1     00006000  _ECanaRegs                       
1     00006240  _ECanbLAMRegs                    
1     000062c0  _ECanbMOTORegs                   
1     00006280  _ECanbMOTSRegs                   
1     00006300  _ECanbMboxes                     
1     00006200  _ECanbRegs                       
1     00006a00  _ECap1Regs                       
1     00006a20  _ECap2Regs                       
1     00006a40  _ECap3Regs                       
1     00006a60  _ECap4Regs                       
1     00006a80  _ECap5Regs                       
1     00006aa0  _ECap6Regs                       
0     0033ae81  _EMPTY_ISR                       
0     0033aba7  _EMUINT_ISR                      
0     0033acbf  _EPWM1_INT_ISR                   
0     0033ac83  _EPWM1_TZINT_ISR                 
0     0033acc9  _EPWM2_INT_ISR                   
0     0033ac8d  _EPWM2_TZINT_ISR                 
0     0033acd3  _EPWM3_INT_ISR                   
0     0033ac97  _EPWM3_TZINT_ISR                 
0     0033acdd  _EPWM4_INT_ISR                   
0     0033aca1  _EPWM4_TZINT_ISR                 
0     0033ace7  _EPWM5_INT_ISR                   
0     0033acab  _EPWM5_TZINT_ISR                 
0     0033acf1  _EPWM6_INT_ISR                   
0     0033acb5  _EPWM6_TZINT_ISR                 
1     00006800  _EPwm1Regs                       
1     00006840  _EPwm2Regs                       
1     00006880  _EPwm3Regs                       
1     000068c0  _EPwm4Regs                       
1     00006900  _EPwm5Regs                       
1     00006940  _EPwm6Regs                       
0     0033ad37  _EQEP1_INT_ISR                   
0     0033ad41  _EQEP2_INT_ISR                   
1     00006b00  _EQep1Regs                       
1     00006b40  _EQep2Regs                       
0     0033c474  _EnableInterrupts                
1     0000c406  _F_A                             
1     00000a80  _FlashRegs                       
1     00006f80  _GpioCtrlRegs                    
1     00006fc0  _GpioDataRegs                    
1     00006fe0  _GpioIntRegs                     
0     0033b6aa  _I2CA_Init                       
0     0033adc3  _I2CINT1A_ISR                    
0     0033adcd  _I2CINT2A_ISR                    
0     0033b730  _I2C_ReadData                    
0     0033b6e3  _I2C_WriteData                   
1     00007900  _I2caRegs                        
0     0033abbb  _ILLEGAL_ISR                     
0     0033ab7f  _INT13_ISR                       
0     0033ab89  _INT14_ISR                       
0     0033c103  _InitCpuTimers                   
0     0033bc6b  _InitEPwm                        
0     0033b2b0  _InitEPwm1Example                
0     0033bc79  _InitEPwm1Gpio                   
0     0033b2e2  _InitEPwm2Example                
0     0033bc8b  _InitEPwm2Gpio                   
0     0033b314  _InitEPwm3Example                
0     0033bc9d  _InitEPwm3Gpio                   
0     0033b346  _InitEPwm4Example                
0     0033bcb1  _InitEPwm4Gpio                   
0     0033b378  _InitEPwm5Example                
0     0033bcc5  _InitEPwm5Gpio                   
0     0033bcd7  _InitEPwm6Gpio                   
0     0033bc6c  _InitEPwmGpio                    
0     0033bce9  _InitEPwmSyncGpio                
0     00008000  _InitFlash                       
0     0033c656  _InitI2C                         
0     0033c657  _InitI2CGpio                     
0     0033b61e  _InitPeripheralClocks            
0     0033c455  _InitPieCtrl                     
0     0033c554  _InitPieVectTable                
0     0033b5cd  _InitPll                         
0     0033c3a9  _InitSci                         
0     0033c3aa  _InitSciGpio                     
0     0033c3af  _InitSciaGpio                    
0     0033c3c4  _InitScibGpio                    
0     0033b5b2  _InitSysCtrl                     
0     0033bcfd  _InitTzGpio                      
0     0033ae77  _LUF_ISR                         
0     0033ae6d  _LVF_ISR                         
0     0033bb4d  _MIDDLE                          
0     0033bb69  _MIDDLE_bei                      
0     0033bb7c  _MIDDLE_zhi                      
0     0033afd7  _MPU_Get_Accelerometer           
0     0033afb7  _MPU_Get_Gyroscope               
0     0033af90  _MPU_Get_Temperature             
0     0033aea2  _MPU_Init                        
0     0033af5e  _MPU_Read_Byte                   
0     0033af80  _MPU_Read_Len                    
0     0033aef8  _MPU_Set_Accel_Fsr               
0     0033aeec  _MPU_Set_Gyro_Fsr                
0     0033af03  _MPU_Set_LPF                     
0     0033af28  _MPU_Set_Rate                    
0     0033af4b  _MPU_Write_Byte                  
0     0033af70  _MPU_Write_Len                   
0     0033ad73  _MRINTA_ISR                      
0     0033ad5f  _MRINTB_ISR                      
0     0033ad7d  _MXINTA_ISR                      
0     0033ad69  _MXINTB_ISR                      
1     00005000  _McbspaRegs                      
1     00005040  _McbspbRegs                      
0     0033c698  _MemCopy                         
0     0033abb1  _NMI_ISR                         
0     0033ae8e  _PIE_RESERVED                    
0     0033bb9d  _PULL                            
0     0033bb3e  _PUSH                            
0     0033bb8c  _PUSH_control                    
0     0033b28d  _PWM_Init                        
1     00000ce0  _PieCtrlRegs                     
1     00000d00  _PieVectTable                    
0     0033d436  _PieVectTableInit                
0     0033ab9d  _RTOSINT_ISR                     
0     0032001f  _RamfuncsLoadEnd                 
0     00320000  _RamfuncsLoadStart               
0     00008000  _RamfuncsRunStart                
0     0033adeb  _SCIRXINTA_ISR                   
0     0033adff  _SCIRXINTB_ISR                   
0     0033add7  _SCIRXINTC_ISR                   
0     0033adf5  _SCITXINTA_ISR                   
0     0033ae09  _SCITXINTB_ISR                   
0     0033ade1  _SCITXINTC_ISR                   
0     0033ac3d  _SEQ1INT_ISR                     
0     0033ac47  _SEQ2INT_ISR                     
0     0033ad4b  _SPIRXINTA_ISR                   
0     0033ad55  _SPITXINTA_ISR                   
1     0000c430  _SampleTable1                    
1     0000c435  _SampleTable2                    
1     0000c43a  _SampleTable3                    
1     0000c440  _SampleTable4                    
1     0000c445  _SampleTable5                    
1     0000c44a  _SampleTable6                    
1     0000c44f  _SampleTable7                    
1     00007050  _SciaRegs                        
1     00007750  _ScibRegs                        
1     00007770  _ScicRegs                        
0     0033b5bb  _ServiceDog                      
1     00007040  _SpiaRegs                        
1     00007010  _SysCtrlRegs                     
1     0000c404  _T                               
0     0033a61c  _TIM0_IRQn                       
0     0033bd15  _TIM0_Init                       
0     0033ab16  _TIM1_IRQn                       
0     0033bd4c  _TIM1_Init                       
0     0033ab6b  _TIM2_IRQn                       
0     0033bd7f  _TIM2_Init                       
0     0033ac6f  _TINT0_ISR                       
0     0033b0e9  _UARTa_Init                      
0     0033b150  _UARTb_Init                      
0     0033bb5a  _UNLOAD                          
0     0033ac1f  _USER10_ISR                      
0     0033ac29  _USER11_ISR                      
0     0033ac33  _USER12_ISR                      
0     0033abc5  _USER1_ISR                       
0     0033abcf  _USER2_ISR                       
0     0033abd9  _USER3_ISR                       
0     0033abe3  _USER4_ISR                       
0     0033abed  _USER5_ISR                       
0     0033abf7  _USER6_ISR                       
0     0033ac01  _USER7_ISR                       
0     0033ac0b  _USER8_ISR                       
0     0033ac15  _USER9_ISR                       
0     0033c291  _UartB_RxInterIsr                
0     0033ac79  _WAKEINT_ISR                     
1     0000c3fc  _W_BD                            
0     0033ac51  _XINT1_ISR                       
0     0033ac5b  _XINT2_ISR                       
0     0033ae3b  _XINT3_ISR                       
0     0033ae45  _XINT4_ISR                       
0     0033ae4f  _XINT5_ISR                       
0     0033ae59  _XINT6_ISR                       
0     0033ae63  _XINT7_ISR                       
1     00007070  _XIntruptRegs                    
1     00000b20  _XintfRegs                       
1     0000c758  __STACK_END                      
abs   00000300  __STACK_SIZE                     
1     0000c23c  ___TI_cleanup_ptr                
1     0000c23e  ___TI_dtors_ptr                  
1     0000c23a  ___TI_enable_exit_profile_output 
0     0033c349  ___TI_ltoa                       
abs   ffffffff  ___TI_pprof_out_hndl             
0     0033a48b  ___TI_printfi                    
abs   ffffffff  ___TI_prof_data_size             
abs   ffffffff  ___TI_prof_data_start            
abs   ffffffff  ___binit__                       
abs   ffffffff  ___c_args__                      
0     0033d71e  ___cinit__                       
0     0033c73e  ___etext__                       
abs   ffffffff  ___pinit__                       
0     00338000  ___text__                        
0     0033c6be  __args_main                      
0     0033d334  __ctypes_                        
1     0000c454  __lock                           
0     0033c70d  __nop                            
0     0033c709  __register_lock                  
0     0033c705  __register_unlock                
1     0000c458  __stack                          
0     0033c47d  __system_post_cinit              
0     0033c73c  __system_pre_init                
1     0000c456  __unlock                         
0     0033c42c  _abort                           
0     0033b4b1  _acos                            
0     0033b4b1  _acosf                           
1     0000c3f6  _arg                             
1     0000c414  _arg_ave                         
0     0033b7a2  _asin                            
0     0033b7a2  _asinf                           
0     0033ba3c  _atan                            
0     0033b96a  _atan2                           
0     0033b96a  _atan2f                          
0     0033ba3c  _atanf                           
0     0033c318  _atoi                            
1     0000c34c  _attitude                        
1     0000c358  _baroData                        
0     0033c23b  _c_int00                         
0     0033c4ca  _copy_in                         
0     0033c4a5  _copysignl                       
0     0033c17e  _cos                             
0     0033c17e  _cosf                            
1     0000c3d0  _counter                         
1     0000c3d1  _counter_P                       
1     0000c3d2  _counter_circu                   
1     0000c3cf  _counter_time                    
1     0000c40c  _dd_P                            
0     0033c2d6  _delay_ms                        
1     0000c408  _delta_P                         
1     0000c40a  _delta_P0                        
0     0033979e  _dmp_enable_6x_lp_quat           
0     00339662  _dmp_enable_feature              
0     00339759  _dmp_enable_gyro_cal             
0     0033977f  _dmp_enable_lp_quat              
0     0033974f  _dmp_get_enabled_features        
0     00339428  _dmp_get_fifo_rate               
0     003395c1  _dmp_get_pedometer_step_count    
0     0033960a  _dmp_get_pedometer_walk_time     
0     003391f2  _dmp_load_motion_driver_firmware 
0     00339811  _dmp_read_fifo                   
0     0033992f  _dmp_register_android_orient_cb  
0     00339926  _dmp_register_tap_cb             
0     00339354  _dmp_set_accel_bias              
0     003393ec  _dmp_set_fifo_rate               
0     003392ab  _dmp_set_gyro_bias               
0     003397e3  _dmp_set_interrupt_mode          
0     003391fc  _dmp_set_orientation             
0     003395ee  _dmp_set_pedometer_step_count    
0     0033963d  _dmp_set_pedometer_walk_time     
0     0033956d  _dmp_set_shake_reject_thresh     
0     00339595  _dmp_set_shake_reject_time       
0     003395ab  _dmp_set_shake_reject_timeout    
0     00339510  _dmp_set_tap_axes                
0     00339529  _dmp_set_tap_count               
0     00339432  _dmp_set_tap_thresh              
0     00339541  _dmp_set_tap_time                
0     00339557  _dmp_set_tap_time_multi          
1     0000c3a1  _errno                           
0     0033c42e  _exit                            
1     0000c3c1  _flag_chong                      
1     0000c3cd  _flag_circu                      
1     0000c3cc  _flag_run                        
1     0000c3ce  _flag_state1                     
0     0033c1e1  _frexpl                          
1     0000c366  _gyroAccData                     
1     0000c22e  _gyroxa                          
1     0000c22f  _gyroya                          
1     0000c230  _gyroza                          
0     0033d708  _hw                              
1     0000c3c0  _i                               
1     0000c347  _imu901Param                     
0     00339076  _inv_orientation_matrix_to_scalar
0     0033908e  _inv_row_2_scale                 
1     0000c343  _iostatus                        
0     0033bbbd  _ldexpl                          
1     0000c352  _magData                         
0     0033b897  _main                            
0     0033c6d0  _memccpy                         
0     0033c6ab  _memcmp                          
0     0033c5ce  _memcpy                          
0     0033c730  _memset                          
0     003390b2  _mget_ms                         
0     0033bbac  _motor_run                       
0     0033bbb5  _motor_stop                      
0     0033b058  _mpu6050_send_data               
0     0033b03f  _mpu6050_send_kalman             
0     00338636  _mpu_configure_fifo              
0     00339109  _mpu_dmp_get_data                
0     003390b6  _mpu_dmp_init                    
0     00338498  _mpu_get_accel_fsr               
0     00338229  _mpu_get_accel_reg               
0     00338606  _mpu_get_accel_sens              
0     00338f05  _mpu_get_compass_fsr             
0     00338efe  _mpu_get_compass_reg             
0     003385cd  _mpu_get_compass_sample_rate     
0     00338ef1  _mpu_get_dmp_state               
0     0033862c  _mpu_get_fifo_config             
0     0033842c  _mpu_get_gyro_fsr                
0     003381f6  _mpu_get_gyro_reg                
0     003385da  _mpu_get_gyro_sens               
0     003386da  _mpu_get_int_status              
0     003384fe  _mpu_get_lpf                     
0     0033866e  _mpu_get_power_state             
0     00338570  _mpu_get_sample_rate             
0     0033825b  _mpu_get_temperature             
0     003380a3  _mpu_init                        
0     00338e3f  _mpu_load_firmware               
0     00338189  _mpu_lp_accel_mode               
0     00338f0b  _mpu_lp_motion_interrupt         
0     003386fc  _mpu_read_fifo                   
0     00338812  _mpu_read_fifo_stream            
0     00338dfb  _mpu_read_mem                    
0     0033807e  _mpu_read_reg                    
0     0033804b  _mpu_reg_dump                    
0     00338336  _mpu_reset_fifo                  
0     00338d1f  _mpu_run_self_test               
0     0033829b  _mpu_set_accel_bias              
0     003384be  _mpu_set_accel_fsr               
0     00338879  _mpu_set_bypass                  
0     003385d4  _mpu_set_compass_sample_rate     
0     00338ea7  _mpu_set_dmp_state               
0     0033844b  _mpu_set_gyro_fsr                
0     0033891f  _mpu_set_int_latched             
0     00338917  _mpu_set_int_level               
0     0033852f  _mpu_set_lpf                     
0     0033857f  _mpu_set_sample_rate             
0     0033867b  _mpu_set_sensors                 
0     00338db7  _mpu_write_mem                   
1     0000c40e  _my_debug                        
1     0000c410  _my_temp1                        
1     0000c412  _my_temp2                        
1     0000c231  _num1                            
1     0000c232  _num2                            
1     0000c234  _pitcha                          
1     0000c3f0  _press1                          
1     0000c3f2  _press2                          
1     0000c3f4  _press3                          
1     0000c3c2  _press_plante1                   
1     0000c3c3  _press_plante2                   
1     0000c3c4  _press_plante3                   
1     0000c35e  _quaternion                      
0     0033d634  _reg                             
0     0033befd  _ringbuffer_getRemainSize        
0     0033beef  _ringbuffer_getUsedSize          
0     0033bf14  _ringbuffer_in                   
0     0033bf33  _ringbuffer_in_check             
0     0033bee0  _ringbuffer_init                 
0     0033bf08  _ringbuffer_isEmpty              
0     0033bf46  _ringbuffer_out                  
1     0000c236  _rolla                           
0     0033ae98  _rsvd_ISR                        
0     00339020  _run_self_test                   
1     0000c380  _rxPacket                        
0     0033bbbd  _scalbnl                         
0     0033b228  _scia_float                      
0     0033b1e1  _scia_int                        
0     0033b27a  _scia_msg                        
0     0033b1d5  _scia_xmit                       
0     00338efb  _setup_compass                   
0     0033c47e  _sqrt                            
0     0033c47e  _sqrtf                           
0     0033be4e  _sqrtl                           
1     0000c3c5  _state                           
1     0000c3c6  _state0                          
1     0000c3c7  _state_motor                     
0     0033c6ee  _strchr                          
0     0033c737  _strcpy                          
0     0033c728  _strlen                          
1     0000c3e2  _sum1                            
1     0000c3e4  _sum2                            
1     0000c3e6  _sum3                            
1     0000c3e8  _sum4                            
1     0000c3ea  _sum5                            
1     0000c3ec  _sum6                            
1     0000c3ee  _sum7                            
1     0000c3c8  _switch_flag                     
0     0033d650  _test                            
0     0033b122  _uart_printf                     
0     0033b144  _uarta_send_char                 
1     0000c240  _uartbRxBuffer                   
1     0000c3ba  _uartbRxFifo                     
0     0033b1a0  _uartb_send_char                 
0     0033b08f  _usart1_report_imu               
0     0033b1b5  _usartb_getRxData                
0     0033b1bf  _usartb_sendData                 
1     0000c3ca  _valve_pwm_middle_bei            
1     0000c3c9  _valve_pwm_middle_zhi            
1     0000c3cb  _valve_pwm_push                  
0     0033bb06  _valveinit                       
1     0000c3d4  _volt1                           
1     0000c3d6  _volt2                           
1     0000c3d8  _volt3                           
1     0000c3da  _volt4                           
1     0000c3dc  _volt5                           
1     0000c3de  _volt6                           
1     0000c3e0  _volt7                           
0     0033c379  _vsprintf                        
0     0033c717  _wcslen                          
1     0000c238  _yawa                            
abs   ffffffff  binit                            
0     0033d71e  cinit                            
0     0033fff6  code_start                       
0     0033c73e  etext                            
abs   ffffffff  pinit                            


GLOBAL SYMBOLS: SORTED BY Symbol Address 

page  address   name                             
----  -------   ----                             
0     00008000  _InitFlash                       
0     00008000  _RamfuncsRunStart                
0     0000801b  _DSP28x_usDelay                  
0     00320000  _RamfuncsLoadStart               
0     0032001f  _RamfuncsLoadEnd                 
0     00338000  .text                            
0     00338000  ___text__                        
0     0033804b  _mpu_reg_dump                    
0     0033807e  _mpu_read_reg                    
0     003380a3  _mpu_init                        
0     00338189  _mpu_lp_accel_mode               
0     003381f6  _mpu_get_gyro_reg                
0     00338229  _mpu_get_accel_reg               
0     0033825b  _mpu_get_temperature             
0     0033829b  _mpu_set_accel_bias              
0     00338336  _mpu_reset_fifo                  
0     0033842c  _mpu_get_gyro_fsr                
0     0033844b  _mpu_set_gyro_fsr                
0     00338498  _mpu_get_accel_fsr               
0     003384be  _mpu_set_accel_fsr               
0     003384fe  _mpu_get_lpf                     
0     0033852f  _mpu_set_lpf                     
0     00338570  _mpu_get_sample_rate             
0     0033857f  _mpu_set_sample_rate             
0     003385cd  _mpu_get_compass_sample_rate     
0     003385d4  _mpu_set_compass_sample_rate     
0     003385da  _mpu_get_gyro_sens               
0     00338606  _mpu_get_accel_sens              
0     0033862c  _mpu_get_fifo_config             
0     00338636  _mpu_configure_fifo              
0     0033866e  _mpu_get_power_state             
0     0033867b  _mpu_set_sensors                 
0     003386da  _mpu_get_int_status              
0     003386fc  _mpu_read_fifo                   
0     00338812  _mpu_read_fifo_stream            
0     00338879  _mpu_set_bypass                  
0     00338917  _mpu_set_int_level               
0     0033891f  _mpu_set_int_latched             
0     00338d1f  _mpu_run_self_test               
0     00338db7  _mpu_write_mem                   
0     00338dfb  _mpu_read_mem                    
0     00338e3f  _mpu_load_firmware               
0     00338ea7  _mpu_set_dmp_state               
0     00338ef1  _mpu_get_dmp_state               
0     00338efb  _setup_compass                   
0     00338efe  _mpu_get_compass_reg             
0     00338f05  _mpu_get_compass_fsr             
0     00338f0b  _mpu_lp_motion_interrupt         
0     00339020  _run_self_test                   
0     00339076  _inv_orientation_matrix_to_scalar
0     0033908e  _inv_row_2_scale                 
0     003390b2  _mget_ms                         
0     003390b6  _mpu_dmp_init                    
0     00339109  _mpu_dmp_get_data                
0     003391f2  _dmp_load_motion_driver_firmware 
0     003391fc  _dmp_set_orientation             
0     003392ab  _dmp_set_gyro_bias               
0     00339354  _dmp_set_accel_bias              
0     003393ec  _dmp_set_fifo_rate               
0     00339428  _dmp_get_fifo_rate               
0     00339432  _dmp_set_tap_thresh              
0     00339510  _dmp_set_tap_axes                
0     00339529  _dmp_set_tap_count               
0     00339541  _dmp_set_tap_time                
0     00339557  _dmp_set_tap_time_multi          
0     0033956d  _dmp_set_shake_reject_thresh     
0     00339595  _dmp_set_shake_reject_time       
0     003395ab  _dmp_set_shake_reject_timeout    
0     003395c1  _dmp_get_pedometer_step_count    
0     003395ee  _dmp_set_pedometer_step_count    
0     0033960a  _dmp_get_pedometer_walk_time     
0     0033963d  _dmp_set_pedometer_walk_time     
0     00339662  _dmp_enable_feature              
0     0033974f  _dmp_get_enabled_features        
0     00339759  _dmp_enable_gyro_cal             
0     0033977f  _dmp_enable_lp_quat              
0     0033979e  _dmp_enable_6x_lp_quat           
0     003397e3  _dmp_set_interrupt_mode          
0     00339811  _dmp_read_fifo                   
0     00339926  _dmp_register_tap_cb             
0     0033992f  _dmp_register_android_orient_cb  
0     0033a48b  ___TI_printfi                    
0     0033a61c  _TIM0_IRQn                       
0     0033ab16  _TIM1_IRQn                       
0     0033ab6b  _TIM2_IRQn                       
0     0033ab7f  _INT13_ISR                       
0     0033ab89  _INT14_ISR                       
0     0033ab93  _DATALOG_ISR                     
0     0033ab9d  _RTOSINT_ISR                     
0     0033aba7  _EMUINT_ISR                      
0     0033abb1  _NMI_ISR                         
0     0033abbb  _ILLEGAL_ISR                     
0     0033abc5  _USER1_ISR                       
0     0033abcf  _USER2_ISR                       
0     0033abd9  _USER3_ISR                       
0     0033abe3  _USER4_ISR                       
0     0033abed  _USER5_ISR                       
0     0033abf7  _USER6_ISR                       
0     0033ac01  _USER7_ISR                       
0     0033ac0b  _USER8_ISR                       
0     0033ac15  _USER9_ISR                       
0     0033ac1f  _USER10_ISR                      
0     0033ac29  _USER11_ISR                      
0     0033ac33  _USER12_ISR                      
0     0033ac3d  _SEQ1INT_ISR                     
0     0033ac47  _SEQ2INT_ISR                     
0     0033ac51  _XINT1_ISR                       
0     0033ac5b  _XINT2_ISR                       
0     0033ac65  _ADCINT_ISR                      
0     0033ac6f  _TINT0_ISR                       
0     0033ac79  _WAKEINT_ISR                     
0     0033ac83  _EPWM1_TZINT_ISR                 
0     0033ac8d  _EPWM2_TZINT_ISR                 
0     0033ac97  _EPWM3_TZINT_ISR                 
0     0033aca1  _EPWM4_TZINT_ISR                 
0     0033acab  _EPWM5_TZINT_ISR                 
0     0033acb5  _EPWM6_TZINT_ISR                 
0     0033acbf  _EPWM1_INT_ISR                   
0     0033acc9  _EPWM2_INT_ISR                   
0     0033acd3  _EPWM3_INT_ISR                   
0     0033acdd  _EPWM4_INT_ISR                   
0     0033ace7  _EPWM5_INT_ISR                   
0     0033acf1  _EPWM6_INT_ISR                   
0     0033acfb  _ECAP1_INT_ISR                   
0     0033ad05  _ECAP2_INT_ISR                   
0     0033ad0f  _ECAP3_INT_ISR                   
0     0033ad19  _ECAP4_INT_ISR                   
0     0033ad23  _ECAP5_INT_ISR                   
0     0033ad2d  _ECAP6_INT_ISR                   
0     0033ad37  _EQEP1_INT_ISR                   
0     0033ad41  _EQEP2_INT_ISR                   
0     0033ad4b  _SPIRXINTA_ISR                   
0     0033ad55  _SPITXINTA_ISR                   
0     0033ad5f  _MRINTB_ISR                      
0     0033ad69  _MXINTB_ISR                      
0     0033ad73  _MRINTA_ISR                      
0     0033ad7d  _MXINTA_ISR                      
0     0033ad87  _DINTCH1_ISR                     
0     0033ad91  _DINTCH2_ISR                     
0     0033ad9b  _DINTCH3_ISR                     
0     0033ada5  _DINTCH4_ISR                     
0     0033adaf  _DINTCH5_ISR                     
0     0033adb9  _DINTCH6_ISR                     
0     0033adc3  _I2CINT1A_ISR                    
0     0033adcd  _I2CINT2A_ISR                    
0     0033add7  _SCIRXINTC_ISR                   
0     0033ade1  _SCITXINTC_ISR                   
0     0033adeb  _SCIRXINTA_ISR                   
0     0033adf5  _SCITXINTA_ISR                   
0     0033adff  _SCIRXINTB_ISR                   
0     0033ae09  _SCITXINTB_ISR                   
0     0033ae13  _ECAN0INTA_ISR                   
0     0033ae1d  _ECAN1INTA_ISR                   
0     0033ae27  _ECAN0INTB_ISR                   
0     0033ae31  _ECAN1INTB_ISR                   
0     0033ae3b  _XINT3_ISR                       
0     0033ae45  _XINT4_ISR                       
0     0033ae4f  _XINT5_ISR                       
0     0033ae59  _XINT6_ISR                       
0     0033ae63  _XINT7_ISR                       
0     0033ae6d  _LVF_ISR                         
0     0033ae77  _LUF_ISR                         
0     0033ae81  _EMPTY_ISR                       
0     0033ae8e  _PIE_RESERVED                    
0     0033ae98  _rsvd_ISR                        
0     0033aea2  _MPU_Init                        
0     0033aeec  _MPU_Set_Gyro_Fsr                
0     0033aef8  _MPU_Set_Accel_Fsr               
0     0033af03  _MPU_Set_LPF                     
0     0033af28  _MPU_Set_Rate                    
0     0033af4b  _MPU_Write_Byte                  
0     0033af5e  _MPU_Read_Byte                   
0     0033af70  _MPU_Write_Len                   
0     0033af80  _MPU_Read_Len                    
0     0033af90  _MPU_Get_Temperature             
0     0033afb7  _MPU_Get_Gyroscope               
0     0033afd7  _MPU_Get_Accelerometer           
0     0033b03f  _mpu6050_send_kalman             
0     0033b058  _mpu6050_send_data               
0     0033b08f  _usart1_report_imu               
0     0033b0e9  _UARTa_Init                      
0     0033b122  _uart_printf                     
0     0033b144  _uarta_send_char                 
0     0033b150  _UARTb_Init                      
0     0033b1a0  _uartb_send_char                 
0     0033b1b5  _usartb_getRxData                
0     0033b1bf  _usartb_sendData                 
0     0033b1d5  _scia_xmit                       
0     0033b1e1  _scia_int                        
0     0033b228  _scia_float                      
0     0033b27a  _scia_msg                        
0     0033b28d  _PWM_Init                        
0     0033b2b0  _InitEPwm1Example                
0     0033b2e2  _InitEPwm2Example                
0     0033b314  _InitEPwm3Example                
0     0033b346  _InitEPwm4Example                
0     0033b378  _InitEPwm5Example                
0     0033b3aa  LL$$DIV                          
0     0033b3e6  LL$$MOD                          
0     0033b420  ULL$$DIV                         
0     0033b44f  ULL$$MOD                         
0     0033b4b1  _acos                            
0     0033b4b1  _acosf                           
0     0033b5b2  _InitSysCtrl                     
0     0033b5bb  _ServiceDog                      
0     0033b5c5  _DisableDog                      
0     0033b5cd  _InitPll                         
0     0033b61e  _InitPeripheralClocks            
0     0033b679  _CsmUnlock                       
0     0033b6aa  _I2CA_Init                       
0     0033b6e3  _I2C_WriteData                   
0     0033b730  _I2C_ReadData                    
0     0033b7a2  _asin                            
0     0033b7a2  _asinf                           
0     0033b897  _main                            
0     0033b96a  _atan2                           
0     0033b96a  _atan2f                          
0     0033ba3c  _atan                            
0     0033ba3c  _atanf                           
0     0033bb06  _valveinit                       
0     0033bb3e  _PUSH                            
0     0033bb4d  _MIDDLE                          
0     0033bb5a  _UNLOAD                          
0     0033bb69  _MIDDLE_bei                      
0     0033bb7c  _MIDDLE_zhi                      
0     0033bb8c  _PUSH_control                    
0     0033bb9d  _PULL                            
0     0033bbac  _motor_run                       
0     0033bbb5  _motor_stop                      
0     0033bbbd  _ldexpl                          
0     0033bbbd  _scalbnl                         
0     0033bc6b  _InitEPwm                        
0     0033bc6c  _InitEPwmGpio                    
0     0033bc79  _InitEPwm1Gpio                   
0     0033bc8b  _InitEPwm2Gpio                   
0     0033bc9d  _InitEPwm3Gpio                   
0     0033bcb1  _InitEPwm4Gpio                   
0     0033bcc5  _InitEPwm5Gpio                   
0     0033bcd7  _InitEPwm6Gpio                   
0     0033bce9  _InitEPwmSyncGpio                
0     0033bcfd  _InitTzGpio                      
0     0033bd15  _TIM0_Init                       
0     0033bd4c  _TIM1_Init                       
0     0033bd7f  _TIM2_Init                       
0     0033bdb2  FD$$ADD                          
0     0033be4e  _sqrtl                           
0     0033bee0  _ringbuffer_init                 
0     0033beef  _ringbuffer_getUsedSize          
0     0033befd  _ringbuffer_getRemainSize        
0     0033bf08  _ringbuffer_isEmpty              
0     0033bf14  _ringbuffer_in                   
0     0033bf33  _ringbuffer_in_check             
0     0033bf46  _ringbuffer_out                  
0     0033bf6d  FD$$DIV                          
0     0033bff8  FS$$DIV                          
0     0033c080  FD$$MPY                          
0     0033c103  _InitCpuTimers                   
0     0033c144  _ConfigCpuTimer                  
0     0033c17e  _cos                             
0     0033c17e  _cosf                            
0     0033c1e1  _frexpl                          
0     0033c23b  _c_int00                         
0     0033c291  _UartB_RxInterIsr                
0     0033c2d6  _delay_ms                        
0     0033c318  _atoi                            
0     0033c349  ___TI_ltoa                       
0     0033c379  _vsprintf                        
0     0033c3a9  _InitSci                         
0     0033c3aa  _InitSciGpio                     
0     0033c3af  _InitSciaGpio                    
0     0033c3c4  _InitScibGpio                    
0     0033c3d8  FD$$CMP                          
0     0033c402  L$$DIV                           
0     0033c411  L$$MOD                           
0     0033c41f  UL$$DIV                          
0     0033c426  UL$$MOD                          
0     0033c42c  C$$EXIT                          
0     0033c42c  _abort                           
0     0033c42e  _exit                            
0     0033c455  _InitPieCtrl                     
0     0033c474  _EnableInterrupts                
0     0033c47d  __system_post_cinit              
0     0033c47e  _sqrt                            
0     0033c47e  _sqrtf                           
0     0033c4a5  _copysignl                       
0     0033c4ca  _copy_in                         
0     0033c4ee  FD$$TOFS                         
0     0033c511  I$$DIV                           
0     0033c522  I$$MOD                           
0     0033c533  FD$$TOI                          
0     0033c554  _InitPieVectTable                
0     0033c574  FD$$TOL                          
0     0033c593  LL$$CMP                          
0     0033c5a5  ULL$$CMP                         
0     0033c5b1  I$$TOFD                          
0     0033c5ce  _memcpy                          
0     0033c5eb  FS$$TOFD                         
0     0033c607  L$$TOFD                          
0     0033c623  FD$$TOUL                         
0     0033c63e  LL$$AND                          
0     0033c646  LL$$OR                           
0     0033c64e  LL$$XOR                          
0     0033c656  _InitI2C                         
0     0033c657  _InitI2CGpio                     
0     0033c66d  U$$TOFD                          
0     0033c684  LL$$MPY                          
0     0033c698  _MemCopy                         
0     0033c6ab  _memcmp                          
0     0033c6be  __args_main                      
0     0033c6d0  _memccpy                         
0     0033c6e0  FD$$SUB                          
0     0033c6ee  _strchr                          
0     0033c6fa  U$$DIV                           
0     0033c6ff  U$$MOD                           
0     0033c705  __register_unlock                
0     0033c709  __register_lock                  
0     0033c70d  __nop                            
0     0033c70e  FD$$NEG                          
0     0033c717  _wcslen                          
0     0033c728  _strlen                          
0     0033c730  _memset                          
0     0033c737  _strcpy                          
0     0033c73c  __system_pre_init                
0     0033c73e  ___etext__                       
0     0033c73e  etext                            
0     0033d334  __ctypes_                        
0     0033d436  _PieVectTableInit                
0     0033d634  _reg                             
0     0033d650  _test                            
0     0033d708  _hw                              
0     0033d71e  ___cinit__                       
0     0033d71e  cinit                            
0     0033fff6  code_start                       
0     00380080  _ADC_cal                         
1     00000880  _DevEmuRegs                      
1     00000a80  _FlashRegs                       
1     00000ae0  _CsmRegs                         
1     00000b00  _AdcMirror                       
1     00000b20  _XintfRegs                       
1     00000c00  _CpuTimer0Regs                   
1     00000c08  _CpuTimer1Regs                   
1     00000c10  _CpuTimer2Regs                   
1     00000ce0  _PieCtrlRegs                     
1     00000d00  _PieVectTable                    
1     00001000  _DmaRegs                         
1     00005000  _McbspaRegs                      
1     00005040  _McbspbRegs                      
1     00006000  _ECanaRegs                       
1     00006040  _ECanaLAMRegs                    
1     00006080  _ECanaMOTSRegs                   
1     000060c0  _ECanaMOTORegs                   
1     00006100  _ECanaMboxes                     
1     00006200  _ECanbRegs                       
1     00006240  _ECanbLAMRegs                    
1     00006280  _ECanbMOTSRegs                   
1     000062c0  _ECanbMOTORegs                   
1     00006300  _ECanbMboxes                     
1     00006800  _EPwm1Regs                       
1     00006840  _EPwm2Regs                       
1     00006880  _EPwm3Regs                       
1     000068c0  _EPwm4Regs                       
1     00006900  _EPwm5Regs                       
1     00006940  _EPwm6Regs                       
1     00006a00  _ECap1Regs                       
1     00006a20  _ECap2Regs                       
1     00006a40  _ECap3Regs                       
1     00006a60  _ECap4Regs                       
1     00006a80  _ECap5Regs                       
1     00006aa0  _ECap6Regs                       
1     00006b00  _EQep1Regs                       
1     00006b40  _EQep2Regs                       
1     00006f80  _GpioCtrlRegs                    
1     00006fc0  _GpioDataRegs                    
1     00006fe0  _GpioIntRegs                     
1     00007010  _SysCtrlRegs                     
1     00007040  _SpiaRegs                        
1     00007050  _SciaRegs                        
1     00007070  _XIntruptRegs                    
1     00007100  _AdcRegs                         
1     00007750  _ScibRegs                        
1     00007770  _ScicRegs                        
1     00007900  _I2caRegs                        
1     0000c22e  _gyroxa                          
1     0000c22f  _gyroya                          
1     0000c230  _gyroza                          
1     0000c231  _num1                            
1     0000c232  _num2                            
1     0000c234  _pitcha                          
1     0000c236  _rolla                           
1     0000c238  _yawa                            
1     0000c23a  ___TI_enable_exit_profile_output 
1     0000c23c  ___TI_cleanup_ptr                
1     0000c23e  ___TI_dtors_ptr                  
1     0000c240  _uartbRxBuffer                   
1     0000c343  _iostatus                        
1     0000c347  _imu901Param                     
1     0000c34c  _attitude                        
1     0000c352  _magData                         
1     0000c358  _baroData                        
1     0000c35e  _quaternion                      
1     0000c366  _gyroAccData                     
1     0000c380  _rxPacket                        
1     0000c3a1  _errno                           
1     0000c3a2  _CpuTimer0                       
1     0000c3aa  _CpuTimer1                       
1     0000c3b2  _CpuTimer2                       
1     0000c3ba  _uartbRxFifo                     
1     0000c3c0  _i                               
1     0000c3c1  _flag_chong                      
1     0000c3c2  _press_plante1                   
1     0000c3c3  _press_plante2                   
1     0000c3c4  _press_plante3                   
1     0000c3c5  _state                           
1     0000c3c6  _state0                          
1     0000c3c7  _state_motor                     
1     0000c3c8  _switch_flag                     
1     0000c3c9  _valve_pwm_middle_zhi            
1     0000c3ca  _valve_pwm_middle_bei            
1     0000c3cb  _valve_pwm_push                  
1     0000c3cc  _flag_run                        
1     0000c3cd  _flag_circu                      
1     0000c3ce  _flag_state1                     
1     0000c3cf  _counter_time                    
1     0000c3d0  _counter                         
1     0000c3d1  _counter_P                       
1     0000c3d2  _counter_circu                   
1     0000c3d4  _volt1                           
1     0000c3d6  _volt2                           
1     0000c3d8  _volt3                           
1     0000c3da  _volt4                           
1     0000c3dc  _volt5                           
1     0000c3de  _volt6                           
1     0000c3e0  _volt7                           
1     0000c3e2  _sum1                            
1     0000c3e4  _sum2                            
1     0000c3e6  _sum3                            
1     0000c3e8  _sum4                            
1     0000c3ea  _sum5                            
1     0000c3ec  _sum6                            
1     0000c3ee  _sum7                            
1     0000c3f0  _press1                          
1     0000c3f2  _press2                          
1     0000c3f4  _press3                          
1     0000c3f6  _arg                             
1     0000c3f8  _Beta                            
1     0000c3fa  _Beta_last                       
1     0000c3fc  _W_BD                            
1     0000c3fe  _Alpha                           
1     0000c400  _Alpha_cos                       
1     0000c402  _Alpha_sin                       
1     0000c404  _T                               
1     0000c406  _F_A                             
1     0000c408  _delta_P                         
1     0000c40a  _delta_P0                        
1     0000c40c  _dd_P                            
1     0000c40e  _my_debug                        
1     0000c410  _my_temp1                        
1     0000c412  _my_temp2                        
1     0000c414  _arg_ave                         
1     0000c430  _SampleTable1                    
1     0000c435  _SampleTable2                    
1     0000c43a  _SampleTable3                    
1     0000c440  _SampleTable4                    
1     0000c445  _SampleTable5                    
1     0000c44a  _SampleTable6                    
1     0000c44f  _SampleTable7                    
1     0000c454  __lock                           
1     0000c456  __unlock                         
1     0000c458  __stack                          
1     0000c758  __STACK_END                      
1     0033fff8  _CsmPwl                          
abs   00000300  __STACK_SIZE                     
abs   ffffffff  ___TI_pprof_out_hndl             
abs   ffffffff  ___TI_prof_data_size             
abs   ffffffff  ___TI_prof_data_start            
abs   ffffffff  ___binit__                       
abs   ffffffff  ___c_args__                      
abs   ffffffff  ___pinit__                       
abs   ffffffff  binit                            
abs   ffffffff  pinit                            

[480 symbols]
