<?xml version="1.0" encoding="ISO-8859-1" ?>
<link_info>
   <banner>TMS320C2000 Linker PC v21.6.0.LTS</banner>
   <copyright>Copyright (c) 1996-2018 Texas Instruments Incorporated</copyright>
   <link_time>0x6221f981</link_time>
   <link_errors>0x0</link_errors>
   <output_file>mpu_test2.out</output_file>
   <entry_point>
      <name>_c_int00</name>
      <address>0x33b771</address>
   </entry_point>
   <input_file_list>
      <input_file id="fl-2">
         <path>.\app\src\eMPL\</path>
         <kind>object</kind>
         <file>inv_mpu.obj</file>
         <name>inv_mpu.obj</name>
      </input_file>
      <input_file id="fl-3">
         <path>.\app\src\eMPL\</path>
         <kind>object</kind>
         <file>inv_mpu_dmp_motion_driver.obj</file>
         <name>inv_mpu_dmp_motion_driver.obj</name>
      </input_file>
      <input_file id="fl-4">
         <path>.\app\src\</path>
         <kind>object</kind>
         <file>i2c.obj</file>
         <name>i2c.obj</name>
      </input_file>
      <input_file id="fl-5">
         <path>.\app\src\</path>
         <kind>object</kind>
         <file>leds.obj</file>
         <name>leds.obj</name>
      </input_file>
      <input_file id="fl-6">
         <path>.\app\src\</path>
         <kind>object</kind>
         <file>mpu6050.obj</file>
         <name>mpu6050.obj</name>
      </input_file>
      <input_file id="fl-7">
         <path>.\app\src\</path>
         <kind>object</kind>
         <file>timer.obj</file>
         <name>timer.obj</name>
      </input_file>
      <input_file id="fl-8">
         <path>.\app\src\</path>
         <kind>object</kind>
         <file>uart.obj</file>
         <name>uart.obj</name>
      </input_file>
      <input_file id="fl-9">
         <path>.\source\</path>
         <kind>object</kind>
         <file>DSP2833x_ADC_cal.obj</file>
         <name>DSP2833x_ADC_cal.obj</name>
      </input_file>
      <input_file id="fl-a">
         <path>.\source\</path>
         <kind>object</kind>
         <file>DSP2833x_Adc.obj</file>
         <name>DSP2833x_Adc.obj</name>
      </input_file>
      <input_file id="fl-b">
         <path>.\source\</path>
         <kind>object</kind>
         <file>DSP2833x_CodeStartBranch.obj</file>
         <name>DSP2833x_CodeStartBranch.obj</name>
      </input_file>
      <input_file id="fl-c">
         <path>.\source\</path>
         <kind>object</kind>
         <file>DSP2833x_CpuTimers.obj</file>
         <name>DSP2833x_CpuTimers.obj</name>
      </input_file>
      <input_file id="fl-d">
         <path>.\source\</path>
         <kind>object</kind>
         <file>DSP2833x_DefaultIsr.obj</file>
         <name>DSP2833x_DefaultIsr.obj</name>
      </input_file>
      <input_file id="fl-e">
         <path>.\source\</path>
         <kind>object</kind>
         <file>DSP2833x_EPwm.obj</file>
         <name>DSP2833x_EPwm.obj</name>
      </input_file>
      <input_file id="fl-f">
         <path>.\source\</path>
         <kind>object</kind>
         <file>DSP2833x_GlobalVariableDefs.obj</file>
         <name>DSP2833x_GlobalVariableDefs.obj</name>
      </input_file>
      <input_file id="fl-10">
         <path>.\source\</path>
         <kind>object</kind>
         <file>DSP2833x_Gpio.obj</file>
         <name>DSP2833x_Gpio.obj</name>
      </input_file>
      <input_file id="fl-11">
         <path>.\source\</path>
         <kind>object</kind>
         <file>DSP2833x_I2C.obj</file>
         <name>DSP2833x_I2C.obj</name>
      </input_file>
      <input_file id="fl-12">
         <path>.\source\</path>
         <kind>object</kind>
         <file>DSP2833x_MemCopy.obj</file>
         <name>DSP2833x_MemCopy.obj</name>
      </input_file>
      <input_file id="fl-13">
         <path>.\source\</path>
         <kind>object</kind>
         <file>DSP2833x_PieCtrl.obj</file>
         <name>DSP2833x_PieCtrl.obj</name>
      </input_file>
      <input_file id="fl-14">
         <path>.\source\</path>
         <kind>object</kind>
         <file>DSP2833x_PieVect.obj</file>
         <name>DSP2833x_PieVect.obj</name>
      </input_file>
      <input_file id="fl-15">
         <path>.\source\</path>
         <kind>object</kind>
         <file>DSP2833x_Sci.obj</file>
         <name>DSP2833x_Sci.obj</name>
      </input_file>
      <input_file id="fl-16">
         <path>.\source\</path>
         <kind>object</kind>
         <file>DSP2833x_Spi.obj</file>
         <name>DSP2833x_Spi.obj</name>
      </input_file>
      <input_file id="fl-17">
         <path>.\source\</path>
         <kind>object</kind>
         <file>DSP2833x_SysCtrl.obj</file>
         <name>DSP2833x_SysCtrl.obj</name>
      </input_file>
      <input_file id="fl-18">
         <path>.\source\</path>
         <kind>object</kind>
         <file>DSP2833x_usDelay.obj</file>
         <name>DSP2833x_usDelay.obj</name>
      </input_file>
      <input_file id="fl-19">
         <path>.\user\</path>
         <kind>object</kind>
         <file>main.obj</file>
         <name>main.obj</name>
      </input_file>
      <input_file id="fl-1f">
         <kind>object</kind>
         <file>&lt;internal&gt;</file>
         <name>&lt;internal&gt;</name>
      </input_file>
      <input_file id="fl-2b">
         <path>C:\ti\ccs1110\ccs\tools\compiler\ti-cgt-c2000_21.6.0.LTS\lib\</path>
         <kind>archive</kind>
         <file>rts2800_fpu32.lib</file>
         <name>vsprintf.c.obj</name>
      </input_file>
      <input_file id="fl-2c">
         <path>C:\ti\ccs1110\ccs\tools\compiler\ti-cgt-c2000_21.6.0.LTS\lib\</path>
         <kind>archive</kind>
         <file>rts2800_fpu32.lib</file>
         <name>e_asinf.c.obj</name>
      </input_file>
      <input_file id="fl-2d">
         <path>C:\ti\ccs1110\ccs\tools\compiler\ti-cgt-c2000_21.6.0.LTS\lib\</path>
         <kind>archive</kind>
         <file>rts2800_fpu32.lib</file>
         <name>e_atan2f.c.obj</name>
      </input_file>
      <input_file id="fl-2e">
         <path>C:\ti\ccs1110\ccs\tools\compiler\ti-cgt-c2000_21.6.0.LTS\lib\</path>
         <kind>archive</kind>
         <file>rts2800_fpu32.lib</file>
         <name>s_atanf.c.obj</name>
      </input_file>
      <input_file id="fl-2f">
         <path>C:\ti\ccs1110\ccs\tools\compiler\ti-cgt-c2000_21.6.0.LTS\lib\</path>
         <kind>archive</kind>
         <file>rts2800_fpu32.lib</file>
         <name>boot28.asm.obj</name>
      </input_file>
      <input_file id="fl-30">
         <path>C:\ti\ccs1110\ccs\tools\compiler\ti-cgt-c2000_21.6.0.LTS\lib\</path>
         <kind>archive</kind>
         <file>rts2800_fpu32.lib</file>
         <name>fd_add28.asm.obj</name>
      </input_file>
      <input_file id="fl-31">
         <path>C:\ti\ccs1110\ccs\tools\compiler\ti-cgt-c2000_21.6.0.LTS\lib\</path>
         <kind>archive</kind>
         <file>rts2800_fpu32.lib</file>
         <name>fd_mpy28.asm.obj</name>
      </input_file>
      <input_file id="fl-32">
         <path>C:\ti\ccs1110\ccs\tools\compiler\ti-cgt-c2000_21.6.0.LTS\lib\</path>
         <kind>archive</kind>
         <file>rts2800_fpu32.lib</file>
         <name>fd_sub28.asm.obj</name>
      </input_file>
      <input_file id="fl-33">
         <path>C:\ti\ccs1110\ccs\tools\compiler\ti-cgt-c2000_21.6.0.LTS\lib\</path>
         <kind>archive</kind>
         <file>rts2800_fpu32.lib</file>
         <name>fd_toul28.asm.obj</name>
      </input_file>
      <input_file id="fl-34">
         <path>C:\ti\ccs1110\ccs\tools\compiler\ti-cgt-c2000_21.6.0.LTS\lib\</path>
         <kind>archive</kind>
         <file>rts2800_fpu32.lib</file>
         <name>fs_div28.asm.obj</name>
      </input_file>
      <input_file id="fl-35">
         <path>C:\ti\ccs1110\ccs\tools\compiler\ti-cgt-c2000_21.6.0.LTS\lib\</path>
         <kind>archive</kind>
         <file>rts2800_fpu32.lib</file>
         <name>ll_div28.asm.obj</name>
      </input_file>
      <input_file id="fl-36">
         <path>C:\ti\ccs1110\ccs\tools\compiler\ti-cgt-c2000_21.6.0.LTS\lib\</path>
         <kind>archive</kind>
         <file>rts2800_fpu32.lib</file>
         <name>ll_mpy28.asm.obj</name>
      </input_file>
      <input_file id="fl-37">
         <path>C:\ti\ccs1110\ccs\tools\compiler\ti-cgt-c2000_21.6.0.LTS\lib\</path>
         <kind>archive</kind>
         <file>rts2800_fpu32.lib</file>
         <name>u_tofd28.asm.obj</name>
      </input_file>
      <input_file id="fl-38">
         <path>C:\ti\ccs1110\ccs\tools\compiler\ti-cgt-c2000_21.6.0.LTS\lib\</path>
         <kind>archive</kind>
         <file>rts2800_fpu32.lib</file>
         <name>l_div28.asm.obj</name>
      </input_file>
      <input_file id="fl-39">
         <path>C:\ti\ccs1110\ccs\tools\compiler\ti-cgt-c2000_21.6.0.LTS\lib\</path>
         <kind>archive</kind>
         <file>rts2800_fpu32.lib</file>
         <name>fs_tofdfpu32.asm.obj</name>
      </input_file>
      <input_file id="fl-3a">
         <path>C:\ti\ccs1110\ccs\tools\compiler\ti-cgt-c2000_21.6.0.LTS\lib\</path>
         <kind>archive</kind>
         <file>rts2800_fpu32.lib</file>
         <name>fd_tofsfpu32.asm.obj</name>
      </input_file>
      <input_file id="fl-3b">
         <path>C:\ti\ccs1110\ccs\tools\compiler\ti-cgt-c2000_21.6.0.LTS\lib\</path>
         <kind>archive</kind>
         <file>rts2800_fpu32.lib</file>
         <name>fd_div28.asm.obj</name>
      </input_file>
      <input_file id="fl-3c">
         <path>C:\ti\ccs1110\ccs\tools\compiler\ti-cgt-c2000_21.6.0.LTS\lib\</path>
         <kind>archive</kind>
         <file>rts2800_fpu32.lib</file>
         <name>cpy_tbl.c.obj</name>
      </input_file>
      <input_file id="fl-3d">
         <path>C:\ti\ccs1110\ccs\tools\compiler\ti-cgt-c2000_21.6.0.LTS\lib\</path>
         <kind>archive</kind>
         <file>rts2800_fpu32.lib</file>
         <name>memcpy.c.obj</name>
      </input_file>
      <input_file id="fl-3e">
         <path>C:\ti\ccs1110\ccs\tools\compiler\ti-cgt-c2000_21.6.0.LTS\lib\</path>
         <kind>archive</kind>
         <file>rts2800_fpu32.lib</file>
         <name>pre_init.c.obj</name>
      </input_file>
      <input_file id="fl-3f">
         <path>C:\ti\ccs1110\ccs\tools\compiler\ti-cgt-c2000_21.6.0.LTS\lib\</path>
         <kind>archive</kind>
         <file>rts2800_fpu32.lib</file>
         <name>startup.c.obj</name>
      </input_file>
      <input_file id="fl-40">
         <path>C:\ti\ccs1110\ccs\tools\compiler\ti-cgt-c2000_21.6.0.LTS\lib\</path>
         <kind>archive</kind>
         <file>rts2800_fpu32.lib</file>
         <name>exit.c.obj</name>
      </input_file>
      <input_file id="fl-41">
         <path>C:\ti\ccs1110\ccs\tools\compiler\ti-cgt-c2000_21.6.0.LTS\lib\</path>
         <kind>archive</kind>
         <file>rts2800_fpu32.lib</file>
         <name>_lock.c.obj</name>
      </input_file>
      <input_file id="fl-42">
         <path>C:\ti\ccs1110\ccs\tools\compiler\ti-cgt-c2000_21.6.0.LTS\lib\</path>
         <kind>archive</kind>
         <file>rts2800_fpu32.lib</file>
         <name>args_main.c.obj</name>
      </input_file>
      <input_file id="fl-43">
         <path>C:\ti\ccs1110\ccs\tools\compiler\ti-cgt-c2000_21.6.0.LTS\lib\</path>
         <kind>archive</kind>
         <file>rts2800_fpu32.lib</file>
         <name>memcmp.c.obj</name>
      </input_file>
      <input_file id="fl-44">
         <path>C:\ti\ccs1110\ccs\tools\compiler\ti-cgt-c2000_21.6.0.LTS\lib\</path>
         <kind>archive</kind>
         <file>rts2800_fpu32.lib</file>
         <name>errno.c.obj</name>
      </input_file>
      <input_file id="fl-45">
         <path>C:\ti\ccs1110\ccs\tools\compiler\ti-cgt-c2000_21.6.0.LTS\lib\</path>
         <kind>archive</kind>
         <file>rts2800_fpu32.lib</file>
         <name>_printfi.c.obj</name>
      </input_file>
      <input_file id="fl-46">
         <path>C:\ti\ccs1110\ccs\tools\compiler\ti-cgt-c2000_21.6.0.LTS\lib\</path>
         <kind>archive</kind>
         <file>rts2800_fpu32.lib</file>
         <name>e_sqrt.c.obj</name>
      </input_file>
      <input_file id="fl-47">
         <path>C:\ti\ccs1110\ccs\tools\compiler\ti-cgt-c2000_21.6.0.LTS\lib\</path>
         <kind>archive</kind>
         <file>rts2800_fpu32.lib</file>
         <name>s_frexp.c.obj</name>
      </input_file>
      <input_file id="fl-48">
         <path>C:\ti\ccs1110\ccs\tools\compiler\ti-cgt-c2000_21.6.0.LTS\lib\</path>
         <kind>archive</kind>
         <file>rts2800_fpu32.lib</file>
         <name>s_scalbn.c.obj</name>
      </input_file>
      <input_file id="fl-49">
         <path>C:\ti\ccs1110\ccs\tools\compiler\ti-cgt-c2000_21.6.0.LTS\lib\</path>
         <kind>archive</kind>
         <file>rts2800_fpu32.lib</file>
         <name>fd_cmp28.asm.obj</name>
      </input_file>
      <input_file id="fl-4a">
         <path>C:\ti\ccs1110\ccs\tools\compiler\ti-cgt-c2000_21.6.0.LTS\lib\</path>
         <kind>archive</kind>
         <file>rts2800_fpu32.lib</file>
         <name>fd_neg28.asm.obj</name>
      </input_file>
      <input_file id="fl-4b">
         <path>C:\ti\ccs1110\ccs\tools\compiler\ti-cgt-c2000_21.6.0.LTS\lib\</path>
         <kind>archive</kind>
         <file>rts2800_fpu32.lib</file>
         <name>fd_toi28.asm.obj</name>
      </input_file>
      <input_file id="fl-4c">
         <path>C:\ti\ccs1110\ccs\tools\compiler\ti-cgt-c2000_21.6.0.LTS\lib\</path>
         <kind>archive</kind>
         <file>rts2800_fpu32.lib</file>
         <name>fd_tol28.asm.obj</name>
      </input_file>
      <input_file id="fl-4d">
         <path>C:\ti\ccs1110\ccs\tools\compiler\ti-cgt-c2000_21.6.0.LTS\lib\</path>
         <kind>archive</kind>
         <file>rts2800_fpu32.lib</file>
         <name>ll_aox28.asm.obj</name>
      </input_file>
      <input_file id="fl-4e">
         <path>C:\ti\ccs1110\ccs\tools\compiler\ti-cgt-c2000_21.6.0.LTS\lib\</path>
         <kind>archive</kind>
         <file>rts2800_fpu32.lib</file>
         <name>ll_cmp28.asm.obj</name>
      </input_file>
      <input_file id="fl-4f">
         <path>C:\ti\ccs1110\ccs\tools\compiler\ti-cgt-c2000_21.6.0.LTS\lib\</path>
         <kind>archive</kind>
         <file>rts2800_fpu32.lib</file>
         <name>i_tofd28.asm.obj</name>
      </input_file>
      <input_file id="fl-50">
         <path>C:\ti\ccs1110\ccs\tools\compiler\ti-cgt-c2000_21.6.0.LTS\lib\</path>
         <kind>archive</kind>
         <file>rts2800_fpu32.lib</file>
         <name>l_tofd28.asm.obj</name>
      </input_file>
      <input_file id="fl-51">
         <path>C:\ti\ccs1110\ccs\tools\compiler\ti-cgt-c2000_21.6.0.LTS\lib\</path>
         <kind>archive</kind>
         <file>rts2800_fpu32.lib</file>
         <name>_ltoa.c.obj</name>
      </input_file>
      <input_file id="fl-52">
         <path>C:\ti\ccs1110\ccs\tools\compiler\ti-cgt-c2000_21.6.0.LTS\lib\</path>
         <kind>archive</kind>
         <file>rts2800_fpu32.lib</file>
         <name>atoi.c.obj</name>
      </input_file>
      <input_file id="fl-53">
         <path>C:\ti\ccs1110\ccs\tools\compiler\ti-cgt-c2000_21.6.0.LTS\lib\</path>
         <kind>archive</kind>
         <file>rts2800_fpu32.lib</file>
         <name>ctype.c.obj</name>
      </input_file>
      <input_file id="fl-54">
         <path>C:\ti\ccs1110\ccs\tools\compiler\ti-cgt-c2000_21.6.0.LTS\lib\</path>
         <kind>archive</kind>
         <file>rts2800_fpu32.lib</file>
         <name>memccpy.c.obj</name>
      </input_file>
      <input_file id="fl-55">
         <path>C:\ti\ccs1110\ccs\tools\compiler\ti-cgt-c2000_21.6.0.LTS\lib\</path>
         <kind>archive</kind>
         <file>rts2800_fpu32.lib</file>
         <name>memset.c.obj</name>
      </input_file>
      <input_file id="fl-56">
         <path>C:\ti\ccs1110\ccs\tools\compiler\ti-cgt-c2000_21.6.0.LTS\lib\</path>
         <kind>archive</kind>
         <file>rts2800_fpu32.lib</file>
         <name>strchr.c.obj</name>
      </input_file>
      <input_file id="fl-57">
         <path>C:\ti\ccs1110\ccs\tools\compiler\ti-cgt-c2000_21.6.0.LTS\lib\</path>
         <kind>archive</kind>
         <file>rts2800_fpu32.lib</file>
         <name>strcpy.c.obj</name>
      </input_file>
      <input_file id="fl-58">
         <path>C:\ti\ccs1110\ccs\tools\compiler\ti-cgt-c2000_21.6.0.LTS\lib\</path>
         <kind>archive</kind>
         <file>rts2800_fpu32.lib</file>
         <name>strlen.c.obj</name>
      </input_file>
      <input_file id="fl-59">
         <path>C:\ti\ccs1110\ccs\tools\compiler\ti-cgt-c2000_21.6.0.LTS\lib\</path>
         <kind>archive</kind>
         <file>rts2800_fpu32.lib</file>
         <name>wcslen.c.obj</name>
      </input_file>
      <input_file id="fl-5a">
         <path>C:\ti\ccs1110\ccs\tools\compiler\ti-cgt-c2000_21.6.0.LTS\lib\</path>
         <kind>archive</kind>
         <file>rts2800_fpu32.lib</file>
         <name>s_copysign.c.obj</name>
      </input_file>
   </input_file_list>
   <object_component_list>
      <object_component id="oc-cb">
         <name>PieVectTableFile</name>
         <uninitialized>true</uninitialized>
         <run_address>0xd00</run_address>
         <size>0x100</size>
         <input_file_ref idref="fl-f"/>
      </object_component>
      <object_component id="oc-c7">
         <name>DevEmuRegsFile</name>
         <uninitialized>true</uninitialized>
         <run_address>0x880</run_address>
         <size>0xd0</size>
         <input_file_ref idref="fl-f"/>
      </object_component>
      <object_component id="oc-9f">
         <name>FlashRegsFile</name>
         <uninitialized>true</uninitialized>
         <run_address>0xa80</run_address>
         <size>0x8</size>
         <input_file_ref idref="fl-f"/>
      </object_component>
      <object_component id="oc-a2">
         <name>CsmRegsFile</name>
         <uninitialized>true</uninitialized>
         <run_address>0xae0</run_address>
         <size>0x10</size>
         <input_file_ref idref="fl-f"/>
      </object_component>
      <object_component id="oc-a1">
         <name>AdcMirrorFile</name>
         <uninitialized>true</uninitialized>
         <run_address>0xb00</run_address>
         <size>0x10</size>
         <input_file_ref idref="fl-f"/>
      </object_component>
      <object_component id="oc-aa">
         <name>XintfRegsFile</name>
         <uninitialized>true</uninitialized>
         <run_address>0xb20</run_address>
         <size>0x1e</size>
         <input_file_ref idref="fl-f"/>
      </object_component>
      <object_component id="oc-9b">
         <name>CpuTimer0RegsFile</name>
         <uninitialized>true</uninitialized>
         <run_address>0xc00</run_address>
         <size>0x8</size>
         <input_file_ref idref="fl-f"/>
      </object_component>
      <object_component id="oc-9c">
         <name>CpuTimer1RegsFile</name>
         <uninitialized>true</uninitialized>
         <run_address>0xc08</run_address>
         <size>0x8</size>
         <input_file_ref idref="fl-f"/>
      </object_component>
      <object_component id="oc-9d">
         <name>CpuTimer2RegsFile</name>
         <uninitialized>true</uninitialized>
         <run_address>0xc10</run_address>
         <size>0x8</size>
         <input_file_ref idref="fl-f"/>
      </object_component>
      <object_component id="oc-a8">
         <name>PieCtrlRegsFile</name>
         <uninitialized>true</uninitialized>
         <run_address>0xce0</run_address>
         <size>0x1a</size>
         <input_file_ref idref="fl-f"/>
      </object_component>
      <object_component id="oc-c8">
         <name>DmaRegsFile</name>
         <uninitialized>true</uninitialized>
         <run_address>0x1000</run_address>
         <size>0xe0</size>
         <input_file_ref idref="fl-f"/>
      </object_component>
      <object_component id="oc-ba">
         <name>McbspaRegsFile</name>
         <uninitialized>true</uninitialized>
         <run_address>0x5000</run_address>
         <size>0x25</size>
         <input_file_ref idref="fl-f"/>
      </object_component>
      <object_component id="oc-bb">
         <name>McbspbRegsFile</name>
         <uninitialized>true</uninitialized>
         <run_address>0x5040</run_address>
         <size>0x25</size>
         <input_file_ref idref="fl-f"/>
      </object_component>
      <object_component id="oc-bd">
         <name>ECanaRegsFile</name>
         <uninitialized>true</uninitialized>
         <run_address>0x6000</run_address>
         <size>0x34</size>
         <input_file_ref idref="fl-f"/>
      </object_component>
      <object_component id="oc-bf">
         <name>ECanaLAMRegsFile</name>
         <uninitialized>true</uninitialized>
         <run_address>0x6040</run_address>
         <size>0x40</size>
         <input_file_ref idref="fl-f"/>
      </object_component>
      <object_component id="oc-c9">
         <name>ECanaMboxesFile</name>
         <uninitialized>true</uninitialized>
         <run_address>0x6100</run_address>
         <size>0x100</size>
         <input_file_ref idref="fl-f"/>
      </object_component>
      <object_component id="oc-c0">
         <name>ECanaMOTSRegsFile</name>
         <uninitialized>true</uninitialized>
         <run_address>0x6080</run_address>
         <size>0x40</size>
         <input_file_ref idref="fl-f"/>
      </object_component>
      <object_component id="oc-c1">
         <name>ECanaMOTORegsFile</name>
         <uninitialized>true</uninitialized>
         <run_address>0x60c0</run_address>
         <size>0x40</size>
         <input_file_ref idref="fl-f"/>
      </object_component>
      <object_component id="oc-be">
         <name>ECanbRegsFile</name>
         <uninitialized>true</uninitialized>
         <run_address>0x6200</run_address>
         <size>0x34</size>
         <input_file_ref idref="fl-f"/>
      </object_component>
      <object_component id="oc-c2">
         <name>ECanbLAMRegsFile</name>
         <uninitialized>true</uninitialized>
         <run_address>0x6240</run_address>
         <size>0x40</size>
         <input_file_ref idref="fl-f"/>
      </object_component>
      <object_component id="oc-ca">
         <name>ECanbMboxesFile</name>
         <uninitialized>true</uninitialized>
         <run_address>0x6300</run_address>
         <size>0x100</size>
         <input_file_ref idref="fl-f"/>
      </object_component>
      <object_component id="oc-c3">
         <name>ECanbMOTSRegsFile</name>
         <uninitialized>true</uninitialized>
         <run_address>0x6280</run_address>
         <size>0x40</size>
         <input_file_ref idref="fl-f"/>
      </object_component>
      <object_component id="oc-c4">
         <name>ECanbMOTORegsFile</name>
         <uninitialized>true</uninitialized>
         <run_address>0x62c0</run_address>
         <size>0x40</size>
         <input_file_ref idref="fl-f"/>
      </object_component>
      <object_component id="oc-b3">
         <name>EPwm1RegsFile</name>
         <uninitialized>true</uninitialized>
         <run_address>0x6800</run_address>
         <size>0x22</size>
         <input_file_ref idref="fl-f"/>
      </object_component>
      <object_component id="oc-b4">
         <name>EPwm2RegsFile</name>
         <uninitialized>true</uninitialized>
         <run_address>0x6840</run_address>
         <size>0x22</size>
         <input_file_ref idref="fl-f"/>
      </object_component>
      <object_component id="oc-b5">
         <name>EPwm3RegsFile</name>
         <uninitialized>true</uninitialized>
         <run_address>0x6880</run_address>
         <size>0x22</size>
         <input_file_ref idref="fl-f"/>
      </object_component>
      <object_component id="oc-b6">
         <name>EPwm4RegsFile</name>
         <uninitialized>true</uninitialized>
         <run_address>0x68c0</run_address>
         <size>0x22</size>
         <input_file_ref idref="fl-f"/>
      </object_component>
      <object_component id="oc-b7">
         <name>EPwm5RegsFile</name>
         <uninitialized>true</uninitialized>
         <run_address>0x6900</run_address>
         <size>0x22</size>
         <input_file_ref idref="fl-f"/>
      </object_component>
      <object_component id="oc-b8">
         <name>EPwm6RegsFile</name>
         <uninitialized>true</uninitialized>
         <run_address>0x6940</run_address>
         <size>0x22</size>
         <input_file_ref idref="fl-f"/>
      </object_component>
      <object_component id="oc-ab">
         <name>ECap1RegsFile</name>
         <uninitialized>true</uninitialized>
         <run_address>0x6a00</run_address>
         <size>0x20</size>
         <input_file_ref idref="fl-f"/>
      </object_component>
      <object_component id="oc-ac">
         <name>ECap2RegsFile</name>
         <uninitialized>true</uninitialized>
         <run_address>0x6a20</run_address>
         <size>0x20</size>
         <input_file_ref idref="fl-f"/>
      </object_component>
      <object_component id="oc-ad">
         <name>ECap3RegsFile</name>
         <uninitialized>true</uninitialized>
         <run_address>0x6a40</run_address>
         <size>0x20</size>
         <input_file_ref idref="fl-f"/>
      </object_component>
      <object_component id="oc-ae">
         <name>ECap4RegsFile</name>
         <uninitialized>true</uninitialized>
         <run_address>0x6a60</run_address>
         <size>0x20</size>
         <input_file_ref idref="fl-f"/>
      </object_component>
      <object_component id="oc-af">
         <name>ECap5RegsFile</name>
         <uninitialized>true</uninitialized>
         <run_address>0x6a80</run_address>
         <size>0x20</size>
         <input_file_ref idref="fl-f"/>
      </object_component>
      <object_component id="oc-b0">
         <name>ECap6RegsFile</name>
         <uninitialized>true</uninitialized>
         <run_address>0x6aa0</run_address>
         <size>0x20</size>
         <input_file_ref idref="fl-f"/>
      </object_component>
      <object_component id="oc-c5">
         <name>EQep1RegsFile</name>
         <uninitialized>true</uninitialized>
         <run_address>0x6b00</run_address>
         <size>0x40</size>
         <input_file_ref idref="fl-f"/>
      </object_component>
      <object_component id="oc-c6">
         <name>EQep2RegsFile</name>
         <uninitialized>true</uninitialized>
         <run_address>0x6b40</run_address>
         <size>0x40</size>
         <input_file_ref idref="fl-f"/>
      </object_component>
      <object_component id="oc-bc">
         <name>GpioCtrlRegsFile</name>
         <uninitialized>true</uninitialized>
         <run_address>0x6f80</run_address>
         <size>0x2e</size>
         <input_file_ref idref="fl-f"/>
      </object_component>
      <object_component id="oc-b1">
         <name>GpioDataRegsFile</name>
         <uninitialized>true</uninitialized>
         <run_address>0x6fc0</run_address>
         <size>0x20</size>
         <input_file_ref idref="fl-f"/>
      </object_component>
      <object_component id="oc-a0">
         <name>GpioIntRegsFile</name>
         <uninitialized>true</uninitialized>
         <run_address>0x6fe0</run_address>
         <size>0xa</size>
         <input_file_ref idref="fl-f"/>
      </object_component>
      <object_component id="oc-b2">
         <name>SysCtrlRegsFile</name>
         <uninitialized>true</uninitialized>
         <run_address>0x7010</run_address>
         <size>0x20</size>
         <input_file_ref idref="fl-f"/>
      </object_component>
      <object_component id="oc-a6">
         <name>SpiaRegsFile</name>
         <uninitialized>true</uninitialized>
         <run_address>0x7040</run_address>
         <size>0x10</size>
         <input_file_ref idref="fl-f"/>
      </object_component>
      <object_component id="oc-a3">
         <name>SciaRegsFile</name>
         <uninitialized>true</uninitialized>
         <run_address>0x7050</run_address>
         <size>0x10</size>
         <input_file_ref idref="fl-f"/>
      </object_component>
      <object_component id="oc-a7">
         <name>XIntruptRegsFile</name>
         <uninitialized>true</uninitialized>
         <run_address>0x7070</run_address>
         <size>0x10</size>
         <input_file_ref idref="fl-f"/>
      </object_component>
      <object_component id="oc-a9">
         <name>AdcRegsFile</name>
         <uninitialized>true</uninitialized>
         <run_address>0x7100</run_address>
         <size>0x1e</size>
         <input_file_ref idref="fl-f"/>
      </object_component>
      <object_component id="oc-a4">
         <name>ScibRegsFile</name>
         <uninitialized>true</uninitialized>
         <run_address>0x7750</run_address>
         <size>0x10</size>
         <input_file_ref idref="fl-f"/>
      </object_component>
      <object_component id="oc-a5">
         <name>ScicRegsFile</name>
         <uninitialized>true</uninitialized>
         <run_address>0x7770</run_address>
         <size>0x10</size>
         <input_file_ref idref="fl-f"/>
      </object_component>
      <object_component id="oc-b9">
         <name>I2caRegsFile</name>
         <uninitialized>true</uninitialized>
         <run_address>0x7900</run_address>
         <size>0x22</size>
         <input_file_ref idref="fl-f"/>
      </object_component>
      <object_component id="oc-9e">
         <name>CsmPwlFile</name>
         <uninitialized>true</uninitialized>
         <run_address>0x33fff8</run_address>
         <size>0x8</size>
         <input_file_ref idref="fl-f"/>
      </object_component>
      <object_component id="oc-170">
         <name>.cinit</name>
         <load_address>0x33cbe8</load_address>
         <run_address>0x33cbe8</run_address>
         <size>0xe</size>
         <input_file_ref idref="fl-40"/>
      </object_component>
      <object_component id="oc-4e">
         <name>.cinit</name>
         <load_address>0x33cbf6</load_address>
         <run_address>0x33cbf6</run_address>
         <size>0xd</size>
         <input_file_ref idref="fl-2"/>
      </object_component>
      <object_component id="oc-20b">
         <name>.cinit:_gyro_orientation</name>
         <load_address>0x33cc03</load_address>
         <run_address>0x33cc03</run_address>
         <size>0xc</size>
         <input_file_ref idref="fl-2"/>
      </object_component>
      <object_component id="oc-56">
         <name>.cinit</name>
         <load_address>0x33cc0f</load_address>
         <run_address>0x33cc0f</run_address>
         <size>0xb</size>
         <input_file_ref idref="fl-3"/>
      </object_component>
      <object_component id="oc-207">
         <name>.cinit:__lock</name>
         <load_address>0x33cc1a</load_address>
         <run_address>0x33cc1a</run_address>
         <size>0x5</size>
         <input_file_ref idref="fl-41"/>
      </object_component>
      <object_component id="oc-21a">
         <name>.cinit:__unlock</name>
         <load_address>0x33cc1f</load_address>
         <run_address>0x33cc1f</run_address>
         <size>0x5</size>
         <input_file_ref idref="fl-41"/>
      </object_component>
      <object_component id="oc-fb">
         <name>.cinit</name>
         <load_address>0x33cc24</load_address>
         <run_address>0x33cc24</run_address>
         <size>0x4</size>
         <input_file_ref idref="fl-19"/>
      </object_component>
      <object_component id="oc-186">
         <name>.cinit</name>
         <load_address>0x33cc28</load_address>
         <run_address>0x33cc28</run_address>
         <size>0x4</size>
         <input_file_ref idref="fl-44"/>
      </object_component>
      <object_component id="oc-201">
         <name>.text</name>
         <load_address>0x338000</load_address>
         <run_address>0x338000</run_address>
         <size>0x11f2</size>
         <input_file_ref idref="fl-2"/>
      </object_component>
      <object_component id="oc-209">
         <name>.text</name>
         <load_address>0x3391f2</load_address>
         <run_address>0x3391f2</run_address>
         <size>0x746</size>
         <input_file_ref idref="fl-3"/>
      </object_component>
      <object_component id="oc-233">
         <name>.text</name>
         <load_address>0x339938</load_address>
         <run_address>0x339938</run_address>
         <size>0x6da</size>
         <input_file_ref idref="fl-45"/>
      </object_component>
      <object_component id="oc-228">
         <name>.text:__TI_printfi</name>
         <load_address>0x33a012</load_address>
         <run_address>0x33a012</run_address>
         <size>0x60a</size>
         <input_file_ref idref="fl-45"/>
      </object_component>
      <object_component id="oc-90">
         <name>.text:retain</name>
         <load_address>0x33a61c</load_address>
         <run_address>0x33a61c</run_address>
         <size>0x323</size>
         <input_file_ref idref="fl-d"/>
      </object_component>
      <object_component id="oc-202">
         <name>.text</name>
         <load_address>0x33a93f</load_address>
         <run_address>0x33a93f</run_address>
         <size>0x197</size>
         <input_file_ref idref="fl-6"/>
      </object_component>
      <object_component id="oc-218">
         <name>.text</name>
         <load_address>0x33aad6</load_address>
         <run_address>0x33aad6</run_address>
         <size>0x18b</size>
         <input_file_ref idref="fl-7"/>
      </object_component>
      <object_component id="oc-138">
         <name>.text</name>
         <load_address>0x33ac61</load_address>
         <run_address>0x33ac61</run_address>
         <size>0x107</size>
         <input_file_ref idref="fl-35"/>
      </object_component>
      <object_component id="oc-214">
         <name>.text</name>
         <load_address>0x33ad68</load_address>
         <run_address>0x33ad68</run_address>
         <size>0xf8</size>
         <input_file_ref idref="fl-17"/>
      </object_component>
      <object_component id="oc-20e">
         <name>.text</name>
         <load_address>0x33ae60</load_address>
         <run_address>0x33ae60</run_address>
         <size>0xf8</size>
         <input_file_ref idref="fl-4"/>
      </object_component>
      <object_component id="oc-20c">
         <name>.text</name>
         <load_address>0x33af58</load_address>
         <run_address>0x33af58</run_address>
         <size>0xf5</size>
         <input_file_ref idref="fl-2c"/>
      </object_component>
      <object_component id="oc-20d">
         <name>.text</name>
         <load_address>0x33b04d</load_address>
         <run_address>0x33b04d</run_address>
         <size>0xd2</size>
         <input_file_ref idref="fl-2d"/>
      </object_component>
      <object_component id="oc-226">
         <name>.text</name>
         <load_address>0x33b11f</load_address>
         <run_address>0x33b11f</run_address>
         <size>0xca</size>
         <input_file_ref idref="fl-2e"/>
      </object_component>
      <object_component id="oc-239">
         <name>.text</name>
         <load_address>0x33b1e9</load_address>
         <run_address>0x33b1e9</run_address>
         <size>0xae</size>
         <input_file_ref idref="fl-48"/>
      </object_component>
      <object_component id="oc-11f">
         <name>.text</name>
         <load_address>0x33b297</load_address>
         <run_address>0x33b297</run_address>
         <size>0x9c</size>
         <input_file_ref idref="fl-30"/>
      </object_component>
      <object_component id="oc-1fb">
         <name>.text</name>
         <load_address>0x33b333</load_address>
         <run_address>0x33b333</run_address>
         <size>0x1</size>
         <input_file_ref idref="fl-3f"/>
      </object_component>
      <object_component id="oc-225">
         <name>.text</name>
         <load_address>0x33b334</load_address>
         <run_address>0x33b334</run_address>
         <size>0x92</size>
         <input_file_ref idref="fl-46"/>
      </object_component>
      <object_component id="oc-156">
         <name>.text</name>
         <load_address>0x33b3c6</load_address>
         <run_address>0x33b3c6</run_address>
         <size>0x8b</size>
         <input_file_ref idref="fl-3b"/>
      </object_component>
      <object_component id="oc-133">
         <name>.text</name>
         <load_address>0x33b451</load_address>
         <run_address>0x33b451</run_address>
         <size>0x88</size>
         <input_file_ref idref="fl-34"/>
      </object_component>
      <object_component id="oc-6e">
         <name>.text:retain</name>
         <load_address>0x33b4d9</load_address>
         <run_address>0x33b4d9</run_address>
         <size>0x87</size>
         <input_file_ref idref="fl-7"/>
      </object_component>
      <object_component id="oc-124">
         <name>.text</name>
         <load_address>0x33b560</load_address>
         <run_address>0x33b560</run_address>
         <size>0x83</size>
         <input_file_ref idref="fl-31"/>
      </object_component>
      <object_component id="oc-22a">
         <name>.text</name>
         <load_address>0x33b5e3</load_address>
         <run_address>0x33b5e3</run_address>
         <size>0x7b</size>
         <input_file_ref idref="fl-c"/>
      </object_component>
      <object_component id="oc-205">
         <name>.text</name>
         <load_address>0x33b65e</load_address>
         <run_address>0x33b65e</run_address>
         <size>0x5e</size>
         <input_file_ref idref="fl-19"/>
      </object_component>
      <object_component id="oc-203">
         <name>.text</name>
         <load_address>0x33b6bc</load_address>
         <run_address>0x33b6bc</run_address>
         <size>0x5b</size>
         <input_file_ref idref="fl-8"/>
      </object_component>
      <object_component id="oc-238">
         <name>.text</name>
         <load_address>0x33b717</load_address>
         <run_address>0x33b717</run_address>
         <size>0x5a</size>
         <input_file_ref idref="fl-47"/>
      </object_component>
      <object_component id="oc-4c">
         <name>.text</name>
         <load_address>0x33b771</load_address>
         <run_address>0x33b771</run_address>
         <size>0x56</size>
         <input_file_ref idref="fl-2f"/>
      </object_component>
      <object_component id="oc-217">
         <name>.text</name>
         <load_address>0x33b7c7</load_address>
         <run_address>0x33b7c7</run_address>
         <size>0x40</size>
         <input_file_ref idref="fl-5"/>
      </object_component>
      <object_component id="oc-22f">
         <name>.text</name>
         <load_address>0x33b807</load_address>
         <run_address>0x33b807</run_address>
         <size>0x31</size>
         <input_file_ref idref="fl-52"/>
      </object_component>
      <object_component id="oc-237">
         <name>.text</name>
         <load_address>0x33b838</load_address>
         <run_address>0x33b838</run_address>
         <size>0x30</size>
         <input_file_ref idref="fl-51"/>
      </object_component>
      <object_component id="oc-211">
         <name>.text</name>
         <load_address>0x33b868</load_address>
         <run_address>0x33b868</run_address>
         <size>0x30</size>
         <input_file_ref idref="fl-2b"/>
      </object_component>
      <object_component id="oc-20f">
         <name>.text</name>
         <load_address>0x33b898</load_address>
         <run_address>0x33b898</run_address>
         <size>0x2f</size>
         <input_file_ref idref="fl-15"/>
      </object_component>
      <object_component id="oc-1a2">
         <name>.text</name>
         <load_address>0x33b8c7</load_address>
         <run_address>0x33b8c7</run_address>
         <size>0x2a</size>
         <input_file_ref idref="fl-49"/>
      </object_component>
      <object_component id="oc-147">
         <name>.text</name>
         <load_address>0x33b8f1</load_address>
         <run_address>0x33b8f1</run_address>
         <size>0x2a</size>
         <input_file_ref idref="fl-38"/>
      </object_component>
      <object_component id="oc-1fd">
         <name>.text</name>
         <load_address>0x33b91b</load_address>
         <run_address>0x33b91b</run_address>
         <size>0x29</size>
         <input_file_ref idref="fl-40"/>
      </object_component>
      <object_component id="oc-215">
         <name>.text</name>
         <load_address>0x33b944</load_address>
         <run_address>0x33b944</run_address>
         <size>0x28</size>
         <input_file_ref idref="fl-13"/>
      </object_component>
      <object_component id="oc-23b">
         <name>.text</name>
         <load_address>0x33b96c</load_address>
         <run_address>0x33b96c</run_address>
         <size>0x25</size>
         <input_file_ref idref="fl-5a"/>
      </object_component>
      <object_component id="oc-1fa">
         <name>.text</name>
         <load_address>0x33b991</load_address>
         <run_address>0x33b991</run_address>
         <size>0x24</size>
         <input_file_ref idref="fl-3c"/>
      </object_component>
      <object_component id="oc-151">
         <name>.text</name>
         <load_address>0x33b9b5</load_address>
         <run_address>0x33b9b5</run_address>
         <size>0x23</size>
         <input_file_ref idref="fl-3a"/>
      </object_component>
      <object_component id="oc-1ac">
         <name>.text</name>
         <load_address>0x33b9d8</load_address>
         <run_address>0x33b9d8</run_address>
         <size>0x21</size>
         <input_file_ref idref="fl-4b"/>
      </object_component>
      <object_component id="oc-216">
         <name>.text</name>
         <load_address>0x33b9f9</load_address>
         <run_address>0x33b9f9</run_address>
         <size>0x20</size>
         <input_file_ref idref="fl-14"/>
      </object_component>
      <object_component id="oc-1b1">
         <name>.text</name>
         <load_address>0x33ba19</load_address>
         <run_address>0x33ba19</run_address>
         <size>0x1f</size>
         <input_file_ref idref="fl-4c"/>
      </object_component>
      <object_component id="oc-1bb">
         <name>.text</name>
         <load_address>0x33ba38</load_address>
         <run_address>0x33ba38</run_address>
         <size>0x1e</size>
         <input_file_ref idref="fl-4e"/>
      </object_component>
      <object_component id="oc-1c0">
         <name>.text</name>
         <load_address>0x33ba56</load_address>
         <run_address>0x33ba56</run_address>
         <size>0x1d</size>
         <input_file_ref idref="fl-4f"/>
      </object_component>
      <object_component id="oc-204">
         <name>.text</name>
         <load_address>0x33ba73</load_address>
         <run_address>0x33ba73</run_address>
         <size>0x1d</size>
         <input_file_ref idref="fl-3d"/>
      </object_component>
      <object_component id="oc-14c">
         <name>.text</name>
         <load_address>0x33ba90</load_address>
         <run_address>0x33ba90</run_address>
         <size>0x1c</size>
         <input_file_ref idref="fl-39"/>
      </object_component>
      <object_component id="oc-1c5">
         <name>.text</name>
         <load_address>0x33baac</load_address>
         <run_address>0x33baac</run_address>
         <size>0x1c</size>
         <input_file_ref idref="fl-50"/>
      </object_component>
      <object_component id="oc-12e">
         <name>.text</name>
         <load_address>0x33bac8</load_address>
         <run_address>0x33bac8</run_address>
         <size>0x1b</size>
         <input_file_ref idref="fl-33"/>
      </object_component>
      <object_component id="oc-1b6">
         <name>.text</name>
         <load_address>0x33bae3</load_address>
         <run_address>0x33bae3</run_address>
         <size>0x18</size>
         <input_file_ref idref="fl-4d"/>
      </object_component>
      <object_component id="oc-227">
         <name>.text</name>
         <load_address>0x33bafb</load_address>
         <run_address>0x33bafb</run_address>
         <size>0x17</size>
         <input_file_ref idref="fl-11"/>
      </object_component>
      <object_component id="oc-142">
         <name>.text</name>
         <load_address>0x33bb12</load_address>
         <run_address>0x33bb12</run_address>
         <size>0x17</size>
         <input_file_ref idref="fl-37"/>
      </object_component>
      <object_component id="oc-13d">
         <name>.text</name>
         <load_address>0x33bb29</load_address>
         <run_address>0x33bb29</run_address>
         <size>0x14</size>
         <input_file_ref idref="fl-36"/>
      </object_component>
      <object_component id="oc-212">
         <name>.text</name>
         <load_address>0x33bb3d</load_address>
         <run_address>0x33bb3d</run_address>
         <size>0x13</size>
         <input_file_ref idref="fl-12"/>
      </object_component>
      <object_component id="oc-208">
         <name>.text</name>
         <load_address>0x33bb50</load_address>
         <run_address>0x33bb50</run_address>
         <size>0x13</size>
         <input_file_ref idref="fl-43"/>
      </object_component>
      <object_component id="oc-1fc">
         <name>.text</name>
         <load_address>0x33bb63</load_address>
         <run_address>0x33bb63</run_address>
         <size>0x12</size>
         <input_file_ref idref="fl-42"/>
      </object_component>
      <object_component id="oc-234">
         <name>.text</name>
         <load_address>0x33bb75</load_address>
         <run_address>0x33bb75</run_address>
         <size>0x10</size>
         <input_file_ref idref="fl-54"/>
      </object_component>
      <object_component id="oc-129">
         <name>.text</name>
         <load_address>0x33bb85</load_address>
         <run_address>0x33bb85</run_address>
         <size>0xe</size>
         <input_file_ref idref="fl-32"/>
      </object_component>
      <object_component id="oc-23a">
         <name>.text</name>
         <load_address>0x33bb93</load_address>
         <run_address>0x33bb93</run_address>
         <size>0xc</size>
         <input_file_ref idref="fl-56"/>
      </object_component>
      <object_component id="oc-219">
         <name>.text</name>
         <load_address>0x33bb9f</load_address>
         <run_address>0x33bb9f</run_address>
         <size>0x9</size>
         <input_file_ref idref="fl-41"/>
      </object_component>
      <object_component id="oc-1a7">
         <name>.text</name>
         <load_address>0x33bba8</load_address>
         <run_address>0x33bba8</run_address>
         <size>0x9</size>
         <input_file_ref idref="fl-4a"/>
      </object_component>
      <object_component id="oc-235">
         <name>.text</name>
         <load_address>0x33bbb1</load_address>
         <run_address>0x33bbb1</run_address>
         <size>0x9</size>
         <input_file_ref idref="fl-59"/>
      </object_component>
      <object_component id="oc-83">
         <name>.text</name>
         <load_address>0x33bbba</load_address>
         <run_address>0x33bbba</run_address>
         <size>0x8</size>
         <input_file_ref idref="fl-b"/>
      </object_component>
      <object_component id="oc-230">
         <name>.text</name>
         <load_address>0x33bbc2</load_address>
         <run_address>0x33bbc2</run_address>
         <size>0x8</size>
         <input_file_ref idref="fl-58"/>
      </object_component>
      <object_component id="oc-231">
         <name>.text</name>
         <load_address>0x33bbca</load_address>
         <run_address>0x33bbca</run_address>
         <size>0x7</size>
         <input_file_ref idref="fl-55"/>
      </object_component>
      <object_component id="oc-232">
         <name>.text</name>
         <load_address>0x33bbd1</load_address>
         <run_address>0x33bbd1</run_address>
         <size>0x5</size>
         <input_file_ref idref="fl-57"/>
      </object_component>
      <object_component id="oc-1f9">
         <name>.text</name>
         <load_address>0x33bbd6</load_address>
         <run_address>0x33bbd6</run_address>
         <size>0x2</size>
         <input_file_ref idref="fl-3e"/>
      </object_component>
      <object_component id="oc-84">
         <name>codestart</name>
         <load_address>0x33fff6</load_address>
         <run_address>0x33fff6</run_address>
         <size>0x2</size>
         <input_file_ref idref="fl-b"/>
      </object_component>
      <object_component id="oc-213">
         <name>ramfuncs</name>
         <load_address>0x320000</load_address>
         <run_address>0x8000</run_address>
         <size>0x1b</size>
         <input_file_ref idref="fl-17"/>
      </object_component>
      <object_component id="oc-f5">
         <name>ramfuncs</name>
         <load_address>0x32001b</load_address>
         <run_address>0x801b</run_address>
         <size>0x4</size>
         <input_file_ref idref="fl-18"/>
      </object_component>
      <object_component id="oc-119">
         <name>.stack</name>
         <uninitialized>true</uninitialized>
         <run_address>0xc000</run_address>
         <size>0x0</size>
         <input_file_ref idref="fl-2f"/>
      </object_component>
      <object_component id="oc-291">
         <name>.stack</name>
         <uninitialized>true</uninitialized>
         <run_address>0xc000</run_address>
         <size>0x0</size>
      </object_component>
      <object_component id="oc-20a">
         <name>.ebss:_gyro_orientation</name>
         <uninitialized>true</uninitialized>
         <run_address>0xc558</run_address>
         <size>0x9</size>
         <input_file_ref idref="fl-2"/>
      </object_component>
      <object_component id="oc-4f">
         <name>.ebss</name>
         <uninitialized>true</uninitialized>
         <run_address>0xc510</run_address>
         <size>0x1e</size>
         <input_file_ref idref="fl-2"/>
      </object_component>
      <object_component id="oc-57">
         <name>.ebss</name>
         <uninitialized>true</uninitialized>
         <run_address>0xc538</run_address>
         <size>0x8</size>
         <input_file_ref idref="fl-3"/>
      </object_component>
      <object_component id="oc-6d">
         <name>.ebss</name>
         <uninitialized>true</uninitialized>
         <run_address>0xc52e</run_address>
         <size>0xa</size>
         <input_file_ref idref="fl-7"/>
      </object_component>
      <object_component id="oc-210">
         <name>.ebss:_write_buf$1</name>
         <uninitialized>true</uninitialized>
         <run_address>0xc300</run_address>
         <size>0x210</size>
         <input_file_ref idref="fl-8"/>
      </object_component>
      <object_component id="oc-8a">
         <name>.ebss</name>
         <uninitialized>true</uninitialized>
         <run_address>0xc540</run_address>
         <size>0x18</size>
         <input_file_ref idref="fl-c"/>
      </object_component>
      <object_component id="oc-fc">
         <name>.ebss</name>
         <uninitialized>true</uninitialized>
         <run_address>0xc56c</run_address>
         <size>0x2</size>
         <input_file_ref idref="fl-19"/>
      </object_component>
      <object_component id="oc-171">
         <name>.ebss</name>
         <uninitialized>true</uninitialized>
         <run_address>0xc562</run_address>
         <size>0x6</size>
         <input_file_ref idref="fl-40"/>
      </object_component>
      <object_component id="oc-206">
         <name>.ebss:__lock</name>
         <uninitialized>true</uninitialized>
         <run_address>0xc568</run_address>
         <size>0x2</size>
         <input_file_ref idref="fl-41"/>
      </object_component>
      <object_component id="oc-22b">
         <name>.ebss:__unlock</name>
         <uninitialized>true</uninitialized>
         <run_address>0xc56a</run_address>
         <size>0x2</size>
         <input_file_ref idref="fl-41"/>
      </object_component>
      <object_component id="oc-187">
         <name>.ebss</name>
         <uninitialized>true</uninitialized>
         <run_address>0xc561</run_address>
         <size>0x1</size>
         <input_file_ref idref="fl-44"/>
      </object_component>
      <object_component id="oc-21b">
         <name>.econst:.string:_dmp_memory</name>
         <load_address>0x33bbd8</load_address>
         <run_address>0x33bbd8</run_address>
         <size>0xbf6</size>
         <input_file_ref idref="fl-3"/>
      </object_component>
      <object_component id="oc-236">
         <name>.econst:.string:__ctypes_</name>
         <load_address>0x33c7ce</load_address>
         <run_address>0x33c7ce</run_address>
         <size>0x101</size>
         <input_file_ref idref="fl-53"/>
      </object_component>
      <object_component id="oc-229">
         <name>.econst:_PieVectTableInit</name>
         <load_address>0x33c8d0</load_address>
         <run_address>0x33c8d0</run_address>
         <size>0x100</size>
         <input_file_ref idref="fl-14"/>
      </object_component>
      <object_component id="oc-50">
         <name>.econst:.string</name>
         <load_address>0x33c9d0</load_address>
         <run_address>0x33c9d0</run_address>
         <size>0xa0</size>
         <input_file_ref idref="fl-2"/>
      </object_component>
      <object_component id="oc-18b">
         <name>.econst:.string</name>
         <load_address>0x33ca70</load_address>
         <run_address>0x33ca70</run_address>
         <size>0x26</size>
         <input_file_ref idref="fl-45"/>
      </object_component>
      <object_component id="oc-6f">
         <name>.econst:.string</name>
         <load_address>0x33ca96</load_address>
         <run_address>0x33ca96</run_address>
         <size>0x25</size>
         <input_file_ref idref="fl-7"/>
      </object_component>
      <object_component id="oc-18a">
         <name>.econst</name>
         <load_address>0x33cabc</load_address>
         <run_address>0x33cabc</run_address>
         <size>0x1c</size>
         <input_file_ref idref="fl-45"/>
      </object_component>
      <object_component id="oc-19d">
         <name>.econst</name>
         <load_address>0x33cad8</load_address>
         <run_address>0x33cad8</run_address>
         <size>0x1c</size>
         <input_file_ref idref="fl-48"/>
      </object_component>
      <object_component id="oc-fd">
         <name>.econst:.string</name>
         <load_address>0x33caf4</load_address>
         <run_address>0x33caf4</run_address>
         <size>0x1b</size>
         <input_file_ref idref="fl-19"/>
      </object_component>
      <object_component id="oc-1fe">
         <name>.econst:_reg</name>
         <load_address>0x33cb0f</load_address>
         <run_address>0x33cb0f</run_address>
         <size>0x1b</size>
         <input_file_ref idref="fl-2"/>
      </object_component>
      <object_component id="oc-200">
         <name>.econst:_test</name>
         <load_address>0x33cb2a</load_address>
         <run_address>0x33cb2a</run_address>
         <size>0x16</size>
         <input_file_ref idref="fl-2"/>
      </object_component>
      <object_component id="oc-108">
         <name>.econst</name>
         <load_address>0x33cb40</load_address>
         <run_address>0x33cb40</run_address>
         <size>0x14</size>
         <input_file_ref idref="fl-2c"/>
      </object_component>
      <object_component id="oc-67">
         <name>.econst</name>
         <load_address>0x33cb54</load_address>
         <run_address>0x33cb54</run_address>
         <size>0x10</size>
         <input_file_ref idref="fl-6"/>
      </object_component>
      <object_component id="oc-220">
         <name>.econst:.string:_$P$T4$5</name>
         <load_address>0x33cb64</load_address>
         <run_address>0x33cb64</run_address>
         <size>0xc</size>
         <input_file_ref idref="fl-3"/>
      </object_component>
      <object_component id="oc-10e">
         <name>.econst</name>
         <load_address>0x33cb70</load_address>
         <run_address>0x33cb70</run_address>
         <size>0xc</size>
         <input_file_ref idref="fl-2d"/>
      </object_component>
      <object_component id="oc-191">
         <name>.econst</name>
         <load_address>0x33cb7c</load_address>
         <run_address>0x33cb7c</run_address>
         <size>0xc</size>
         <input_file_ref idref="fl-46"/>
      </object_component>
      <object_component id="oc-223">
         <name>.econst:.string:_$P$T7$8</name>
         <load_address>0x33cb88</load_address>
         <run_address>0x33cb88</run_address>
         <size>0xb</size>
         <input_file_ref idref="fl-3"/>
      </object_component>
      <object_component id="oc-224">
         <name>.econst:.string:_$P$T8$9</name>
         <load_address>0x33cb93</load_address>
         <run_address>0x33cb93</run_address>
         <size>0xb</size>
         <input_file_ref idref="fl-3"/>
      </object_component>
      <object_component id="oc-22e">
         <name>.econst:_aT</name>
         <load_address>0x33cb9e</load_address>
         <run_address>0x33cb9e</run_address>
         <size>0xa</size>
         <input_file_ref idref="fl-2e"/>
      </object_component>
      <object_component id="oc-221">
         <name>.econst:.string:_$P$T5$6</name>
         <load_address>0x33cba8</load_address>
         <run_address>0x33cba8</run_address>
         <size>0x9</size>
         <input_file_ref idref="fl-3"/>
      </object_component>
      <object_component id="oc-222">
         <name>.econst:.string:_$P$T6$7</name>
         <load_address>0x33cbb1</load_address>
         <run_address>0x33cbb1</run_address>
         <size>0x9</size>
         <input_file_ref idref="fl-3"/>
      </object_component>
      <object_component id="oc-22c">
         <name>.econst:_atanhi</name>
         <load_address>0x33cbba</load_address>
         <run_address>0x33cbba</run_address>
         <size>0x8</size>
         <input_file_ref idref="fl-2e"/>
      </object_component>
      <object_component id="oc-22d">
         <name>.econst:_atanlo</name>
         <load_address>0x33cbc2</load_address>
         <run_address>0x33cbc2</run_address>
         <size>0x8</size>
         <input_file_ref idref="fl-2e"/>
      </object_component>
      <object_component id="oc-197">
         <name>.econst</name>
         <load_address>0x33cbca</load_address>
         <run_address>0x33cbca</run_address>
         <size>0x8</size>
         <input_file_ref idref="fl-47"/>
      </object_component>
      <object_component id="oc-1ff">
         <name>.econst:_hw</name>
         <load_address>0x33cbd2</load_address>
         <run_address>0x33cbd2</run_address>
         <size>0x6</size>
         <input_file_ref idref="fl-2"/>
      </object_component>
      <object_component id="oc-114">
         <name>.econst</name>
         <load_address>0x33cbd8</load_address>
         <run_address>0x33cbd8</run_address>
         <size>0x4</size>
         <input_file_ref idref="fl-2e"/>
      </object_component>
      <object_component id="oc-21c">
         <name>.econst:.string:_$P$T0$1</name>
         <load_address>0x33cbdc</load_address>
         <run_address>0x33cbdc</run_address>
         <size>0x3</size>
         <input_file_ref idref="fl-3"/>
      </object_component>
      <object_component id="oc-21d">
         <name>.econst:.string:_$P$T1$2</name>
         <load_address>0x33cbdf</load_address>
         <run_address>0x33cbdf</run_address>
         <size>0x3</size>
         <input_file_ref idref="fl-3"/>
      </object_component>
      <object_component id="oc-21e">
         <name>.econst:.string:_$P$T2$3</name>
         <load_address>0x33cbe2</load_address>
         <run_address>0x33cbe2</run_address>
         <size>0x3</size>
         <input_file_ref idref="fl-3"/>
      </object_component>
      <object_component id="oc-21f">
         <name>.econst:.string:_$P$T3$4</name>
         <load_address>0x33cbe5</load_address>
         <run_address>0x33cbe5</run_address>
         <size>0x3</size>
         <input_file_ref idref="fl-3"/>
      </object_component>
      <object_component id="oc-11a">
         <name>.reset</name>
         <load_address>0x3fffc0</load_address>
         <run_address>0x3fffc0</run_address>
         <size>0x2</size>
         <input_file_ref idref="fl-2f"/>
      </object_component>
      <object_component id="oc-79">
         <name>.adc_cal</name>
         <load_address>0x380080</load_address>
         <run_address>0x380080</run_address>
         <size>0x7</size>
         <input_file_ref idref="fl-9"/>
      </object_component>
      <object_component id="oc-4d">
         <name>.debug_info</name>
         <load_address>0x0</load_address>
         <run_address>0x0</run_address>
         <size>0x4f78</size>
         <input_file_ref idref="fl-2"/>
      </object_component>
      <object_component id="oc-55">
         <name>.debug_info</name>
         <load_address>0x4f78</load_address>
         <run_address>0x4f78</run_address>
         <size>0x2a74</size>
         <input_file_ref idref="fl-3"/>
      </object_component>
      <object_component id="oc-5c">
         <name>.debug_info</name>
         <load_address>0x79ec</load_address>
         <run_address>0x79ec</run_address>
         <size>0x1127</size>
         <input_file_ref idref="fl-4"/>
      </object_component>
      <object_component id="oc-61">
         <name>.debug_info</name>
         <load_address>0x8b13</load_address>
         <run_address>0x8b13</run_address>
         <size>0x1d47</size>
         <input_file_ref idref="fl-5"/>
      </object_component>
      <object_component id="oc-66">
         <name>.debug_info</name>
         <load_address>0xa85a</load_address>
         <run_address>0xa85a</run_address>
         <size>0x102b</size>
         <input_file_ref idref="fl-6"/>
      </object_component>
      <object_component id="oc-6c">
         <name>.debug_info</name>
         <load_address>0xb885</load_address>
         <run_address>0xb885</run_address>
         <size>0x480d</size>
         <input_file_ref idref="fl-7"/>
      </object_component>
      <object_component id="oc-74">
         <name>.debug_info</name>
         <load_address>0x10092</load_address>
         <run_address>0x10092</run_address>
         <size>0x1af2</size>
         <input_file_ref idref="fl-8"/>
      </object_component>
      <object_component id="oc-7b">
         <name>.debug_info</name>
         <load_address>0x11b84</load_address>
         <run_address>0x11b84</run_address>
         <size>0xf9</size>
         <input_file_ref idref="fl-9"/>
      </object_component>
      <object_component id="oc-7e">
         <name>.debug_info</name>
         <load_address>0x11c7d</load_address>
         <run_address>0x11c7d</run_address>
         <size>0x1daf</size>
         <input_file_ref idref="fl-a"/>
      </object_component>
      <object_component id="oc-86">
         <name>.debug_info</name>
         <load_address>0x13a2c</load_address>
         <run_address>0x13a2c</run_address>
         <size>0x137</size>
         <input_file_ref idref="fl-b"/>
      </object_component>
      <object_component id="oc-89">
         <name>.debug_info</name>
         <load_address>0x13b63</load_address>
         <run_address>0x13b63</run_address>
         <size>0x986</size>
         <input_file_ref idref="fl-c"/>
      </object_component>
      <object_component id="oc-8f">
         <name>.debug_info</name>
         <load_address>0x144e9</load_address>
         <run_address>0x144e9</run_address>
         <size>0x2499</size>
         <input_file_ref idref="fl-d"/>
      </object_component>
      <object_component id="oc-95">
         <name>.debug_info</name>
         <load_address>0x16982</load_address>
         <run_address>0x16982</run_address>
         <size>0x1b68</size>
         <input_file_ref idref="fl-e"/>
      </object_component>
      <object_component id="oc-9a">
         <name>.debug_info</name>
         <load_address>0x184ea</load_address>
         <run_address>0x184ea</run_address>
         <size>0x13229</size>
         <input_file_ref idref="fl-f"/>
      </object_component>
      <object_component id="oc-cd">
         <name>.debug_info</name>
         <load_address>0x2b713</load_address>
         <run_address>0x2b713</run_address>
         <size>0x1b68</size>
         <input_file_ref idref="fl-10"/>
      </object_component>
      <object_component id="oc-d2">
         <name>.debug_info</name>
         <load_address>0x2d27b</load_address>
         <run_address>0x2d27b</run_address>
         <size>0x1c29</size>
         <input_file_ref idref="fl-11"/>
      </object_component>
      <object_component id="oc-d7">
         <name>.debug_info</name>
         <load_address>0x2eea4</load_address>
         <run_address>0x2eea4</run_address>
         <size>0x43f</size>
         <input_file_ref idref="fl-12"/>
      </object_component>
      <object_component id="oc-dc">
         <name>.debug_info</name>
         <load_address>0x2f2e3</load_address>
         <run_address>0x2f2e3</run_address>
         <size>0xb2e</size>
         <input_file_ref idref="fl-13"/>
      </object_component>
      <object_component id="oc-e1">
         <name>.debug_info</name>
         <load_address>0x2fe11</load_address>
         <run_address>0x2fe11</run_address>
         <size>0x2292</size>
         <input_file_ref idref="fl-14"/>
      </object_component>
      <object_component id="oc-e6">
         <name>.debug_info</name>
         <load_address>0x320a3</load_address>
         <run_address>0x320a3</run_address>
         <size>0x1d1f</size>
         <input_file_ref idref="fl-15"/>
      </object_component>
      <object_component id="oc-eb">
         <name>.debug_info</name>
         <load_address>0x33dc2</load_address>
         <run_address>0x33dc2</run_address>
         <size>0x1b67</size>
         <input_file_ref idref="fl-16"/>
      </object_component>
      <object_component id="oc-f0">
         <name>.debug_info</name>
         <load_address>0x35929</load_address>
         <run_address>0x35929</run_address>
         <size>0x1fe2</size>
         <input_file_ref idref="fl-17"/>
      </object_component>
      <object_component id="oc-f7">
         <name>.debug_info</name>
         <load_address>0x3790b</load_address>
         <run_address>0x3790b</run_address>
         <size>0xf9</size>
         <input_file_ref idref="fl-18"/>
      </object_component>
      <object_component id="oc-fa">
         <name>.debug_info</name>
         <load_address>0x37a04</load_address>
         <run_address>0x37a04</run_address>
         <size>0x1284</size>
         <input_file_ref idref="fl-19"/>
      </object_component>
      <object_component id="oc-102">
         <name>.debug_info</name>
         <load_address>0x38c88</load_address>
         <run_address>0x38c88</run_address>
         <size>0x67e</size>
         <input_file_ref idref="fl-2b"/>
      </object_component>
      <object_component id="oc-107">
         <name>.debug_info</name>
         <load_address>0x39306</load_address>
         <run_address>0x39306</run_address>
         <size>0x577</size>
         <input_file_ref idref="fl-2c"/>
      </object_component>
      <object_component id="oc-10d">
         <name>.debug_info</name>
         <load_address>0x3987d</load_address>
         <run_address>0x3987d</run_address>
         <size>0x517</size>
         <input_file_ref idref="fl-2d"/>
      </object_component>
      <object_component id="oc-113">
         <name>.debug_info</name>
         <load_address>0x39d94</load_address>
         <run_address>0x39d94</run_address>
         <size>0x4ef</size>
         <input_file_ref idref="fl-2e"/>
      </object_component>
      <object_component id="oc-11b">
         <name>.debug_info</name>
         <load_address>0x3a283</load_address>
         <run_address>0x3a283</run_address>
         <size>0x173</size>
         <input_file_ref idref="fl-2f"/>
      </object_component>
      <object_component id="oc-120">
         <name>.debug_info</name>
         <load_address>0x3a3f6</load_address>
         <run_address>0x3a3f6</run_address>
         <size>0x114</size>
         <input_file_ref idref="fl-30"/>
      </object_component>
      <object_component id="oc-125">
         <name>.debug_info</name>
         <load_address>0x3a50a</load_address>
         <run_address>0x3a50a</run_address>
         <size>0x114</size>
         <input_file_ref idref="fl-31"/>
      </object_component>
      <object_component id="oc-12a">
         <name>.debug_info</name>
         <load_address>0x3a61e</load_address>
         <run_address>0x3a61e</run_address>
         <size>0x122</size>
         <input_file_ref idref="fl-32"/>
      </object_component>
      <object_component id="oc-12f">
         <name>.debug_info</name>
         <load_address>0x3a740</load_address>
         <run_address>0x3a740</run_address>
         <size>0x117</size>
         <input_file_ref idref="fl-33"/>
      </object_component>
      <object_component id="oc-134">
         <name>.debug_info</name>
         <load_address>0x3a857</load_address>
         <run_address>0x3a857</run_address>
         <size>0x114</size>
         <input_file_ref idref="fl-34"/>
      </object_component>
      <object_component id="oc-139">
         <name>.debug_info</name>
         <load_address>0x3a96b</load_address>
         <run_address>0x3a96b</run_address>
         <size>0x231</size>
         <input_file_ref idref="fl-35"/>
      </object_component>
      <object_component id="oc-13e">
         <name>.debug_info</name>
         <load_address>0x3ab9c</load_address>
         <run_address>0x3ab9c</run_address>
         <size>0x118</size>
         <input_file_ref idref="fl-36"/>
      </object_component>
      <object_component id="oc-143">
         <name>.debug_info</name>
         <load_address>0x3acb4</load_address>
         <run_address>0x3acb4</run_address>
         <size>0x118</size>
         <input_file_ref idref="fl-37"/>
      </object_component>
      <object_component id="oc-148">
         <name>.debug_info</name>
         <load_address>0x3adcc</load_address>
         <run_address>0x3adcc</run_address>
         <size>0x1a5</size>
         <input_file_ref idref="fl-38"/>
      </object_component>
      <object_component id="oc-14d">
         <name>.debug_info</name>
         <load_address>0x3af71</load_address>
         <run_address>0x3af71</run_address>
         <size>0x11a</size>
         <input_file_ref idref="fl-39"/>
      </object_component>
      <object_component id="oc-152">
         <name>.debug_info</name>
         <load_address>0x3b08b</load_address>
         <run_address>0x3b08b</run_address>
         <size>0x11a</size>
         <input_file_ref idref="fl-3a"/>
      </object_component>
      <object_component id="oc-157">
         <name>.debug_info</name>
         <load_address>0x3b1a5</load_address>
         <run_address>0x3b1a5</run_address>
         <size>0x114</size>
         <input_file_ref idref="fl-3b"/>
      </object_component>
      <object_component id="oc-15b">
         <name>.debug_info</name>
         <load_address>0x3b2b9</load_address>
         <run_address>0x3b2b9</run_address>
         <size>0x561</size>
         <input_file_ref idref="fl-3c"/>
      </object_component>
      <object_component id="oc-160">
         <name>.debug_info</name>
         <load_address>0x3b81a</load_address>
         <run_address>0x3b81a</run_address>
         <size>0x43a</size>
         <input_file_ref idref="fl-3d"/>
      </object_component>
      <object_component id="oc-165">
         <name>.debug_info</name>
         <load_address>0x3bc54</load_address>
         <run_address>0x3bc54</run_address>
         <size>0x3ad</size>
         <input_file_ref idref="fl-3e"/>
      </object_component>
      <object_component id="oc-16a">
         <name>.debug_info</name>
         <load_address>0x3c001</load_address>
         <run_address>0x3c001</run_address>
         <size>0x3aa</size>
         <input_file_ref idref="fl-3f"/>
      </object_component>
      <object_component id="oc-16f">
         <name>.debug_info</name>
         <load_address>0x3c3ab</load_address>
         <run_address>0x3c3ab</run_address>
         <size>0x544</size>
         <input_file_ref idref="fl-40"/>
      </object_component>
      <object_component id="oc-176">
         <name>.debug_info</name>
         <load_address>0x3c8ef</load_address>
         <run_address>0x3c8ef</run_address>
         <size>0x4cc</size>
         <input_file_ref idref="fl-41"/>
      </object_component>
      <object_component id="oc-17b">
         <name>.debug_info</name>
         <load_address>0x3cdbb</load_address>
         <run_address>0x3cdbb</run_address>
         <size>0x467</size>
         <input_file_ref idref="fl-42"/>
      </object_component>
      <object_component id="oc-180">
         <name>.debug_info</name>
         <load_address>0x3d222</load_address>
         <run_address>0x3d222</run_address>
         <size>0x50c</size>
         <input_file_ref idref="fl-43"/>
      </object_component>
      <object_component id="oc-185">
         <name>.debug_info</name>
         <load_address>0x3d72e</load_address>
         <run_address>0x3d72e</run_address>
         <size>0x1c6</size>
         <input_file_ref idref="fl-44"/>
      </object_component>
      <object_component id="oc-189">
         <name>.debug_info</name>
         <load_address>0x3d8f4</load_address>
         <run_address>0x3d8f4</run_address>
         <size>0x2a53</size>
         <input_file_ref idref="fl-45"/>
      </object_component>
      <object_component id="oc-190">
         <name>.debug_info</name>
         <load_address>0x40347</load_address>
         <run_address>0x40347</run_address>
         <size>0x489</size>
         <input_file_ref idref="fl-46"/>
      </object_component>
      <object_component id="oc-196">
         <name>.debug_info</name>
         <load_address>0x407d0</load_address>
         <run_address>0x407d0</run_address>
         <size>0x4a6</size>
         <input_file_ref idref="fl-47"/>
      </object_component>
      <object_component id="oc-19c">
         <name>.debug_info</name>
         <load_address>0x40c76</load_address>
         <run_address>0x40c76</run_address>
         <size>0x532</size>
         <input_file_ref idref="fl-48"/>
      </object_component>
      <object_component id="oc-1a3">
         <name>.debug_info</name>
         <load_address>0x411a8</load_address>
         <run_address>0x411a8</run_address>
         <size>0x120</size>
         <input_file_ref idref="fl-49"/>
      </object_component>
      <object_component id="oc-1a8">
         <name>.debug_info</name>
         <load_address>0x412c8</load_address>
         <run_address>0x412c8</run_address>
         <size>0x114</size>
         <input_file_ref idref="fl-4a"/>
      </object_component>
      <object_component id="oc-1ad">
         <name>.debug_info</name>
         <load_address>0x413dc</load_address>
         <run_address>0x413dc</run_address>
         <size>0x114</size>
         <input_file_ref idref="fl-4b"/>
      </object_component>
      <object_component id="oc-1b2">
         <name>.debug_info</name>
         <load_address>0x414f0</load_address>
         <run_address>0x414f0</run_address>
         <size>0x114</size>
         <input_file_ref idref="fl-4c"/>
      </object_component>
      <object_component id="oc-1b7">
         <name>.debug_info</name>
         <load_address>0x41604</load_address>
         <run_address>0x41604</run_address>
         <size>0x176</size>
         <input_file_ref idref="fl-4d"/>
      </object_component>
      <object_component id="oc-1bc">
         <name>.debug_info</name>
         <load_address>0x4177a</load_address>
         <run_address>0x4177a</run_address>
         <size>0x14e</size>
         <input_file_ref idref="fl-4e"/>
      </object_component>
      <object_component id="oc-1c1">
         <name>.debug_info</name>
         <load_address>0x418c8</load_address>
         <run_address>0x418c8</run_address>
         <size>0x118</size>
         <input_file_ref idref="fl-4f"/>
      </object_component>
      <object_component id="oc-1c6">
         <name>.debug_info</name>
         <load_address>0x419e0</load_address>
         <run_address>0x419e0</run_address>
         <size>0x118</size>
         <input_file_ref idref="fl-50"/>
      </object_component>
      <object_component id="oc-1ca">
         <name>.debug_info</name>
         <load_address>0x41af8</load_address>
         <run_address>0x41af8</run_address>
         <size>0x46c</size>
         <input_file_ref idref="fl-51"/>
      </object_component>
      <object_component id="oc-1cf">
         <name>.debug_info</name>
         <load_address>0x41f64</load_address>
         <run_address>0x41f64</run_address>
         <size>0x41f</size>
         <input_file_ref idref="fl-52"/>
      </object_component>
      <object_component id="oc-1d4">
         <name>.debug_info</name>
         <load_address>0x42383</load_address>
         <run_address>0x42383</run_address>
         <size>0x1e7</size>
         <input_file_ref idref="fl-53"/>
      </object_component>
      <object_component id="oc-1d6">
         <name>.debug_info</name>
         <load_address>0x4256a</load_address>
         <run_address>0x4256a</run_address>
         <size>0x45e</size>
         <input_file_ref idref="fl-54"/>
      </object_component>
      <object_component id="oc-1db">
         <name>.debug_info</name>
         <load_address>0x429c8</load_address>
         <run_address>0x429c8</run_address>
         <size>0x502</size>
         <input_file_ref idref="fl-55"/>
      </object_component>
      <object_component id="oc-1e0">
         <name>.debug_info</name>
         <load_address>0x42eca</load_address>
         <run_address>0x42eca</run_address>
         <size>0x4f1</size>
         <input_file_ref idref="fl-56"/>
      </object_component>
      <object_component id="oc-1e5">
         <name>.debug_info</name>
         <load_address>0x433bb</load_address>
         <run_address>0x433bb</run_address>
         <size>0x4e5</size>
         <input_file_ref idref="fl-57"/>
      </object_component>
      <object_component id="oc-1ea">
         <name>.debug_info</name>
         <load_address>0x438a0</load_address>
         <run_address>0x438a0</run_address>
         <size>0x4aa</size>
         <input_file_ref idref="fl-58"/>
      </object_component>
      <object_component id="oc-1ef">
         <name>.debug_info</name>
         <load_address>0x43d4a</load_address>
         <run_address>0x43d4a</run_address>
         <size>0x40c</size>
         <input_file_ref idref="fl-59"/>
      </object_component>
      <object_component id="oc-1f4">
         <name>.debug_info</name>
         <load_address>0x44156</load_address>
         <run_address>0x44156</run_address>
         <size>0x423</size>
         <input_file_ref idref="fl-5a"/>
      </object_component>
      <object_component id="oc-292">
         <name>.debug_info</name>
         <load_address>0x44579</load_address>
         <run_address>0x44579</run_address>
         <size>0xa4</size>
      </object_component>
      <object_component id="oc-51">
         <name>.debug_frame</name>
         <load_address>0x0</load_address>
         <run_address>0x0</run_address>
         <size>0x628</size>
         <input_file_ref idref="fl-2"/>
      </object_component>
      <object_component id="oc-58">
         <name>.debug_frame</name>
         <load_address>0x628</load_address>
         <run_address>0x628</run_address>
         <size>0x340</size>
         <input_file_ref idref="fl-3"/>
      </object_component>
      <object_component id="oc-5d">
         <name>.debug_frame</name>
         <load_address>0x968</load_address>
         <run_address>0x968</run_address>
         <size>0xb0</size>
         <input_file_ref idref="fl-4"/>
      </object_component>
      <object_component id="oc-62">
         <name>.debug_frame</name>
         <load_address>0xa18</load_address>
         <run_address>0xa18</run_address>
         <size>0x40</size>
         <input_file_ref idref="fl-5"/>
      </object_component>
      <object_component id="oc-68">
         <name>.debug_frame</name>
         <load_address>0xa58</load_address>
         <run_address>0xa58</run_address>
         <size>0x194</size>
         <input_file_ref idref="fl-6"/>
      </object_component>
      <object_component id="oc-70">
         <name>.debug_frame</name>
         <load_address>0xbec</load_address>
         <run_address>0xbec</run_address>
         <size>0x1c8</size>
         <input_file_ref idref="fl-7"/>
      </object_component>
[...]
      </symbol>
      <symbol id="sm-5e7">
         <name>_DmaRegs</name>
         <value>0x1000</value>
         <object_component_ref idref="oc-c8"/>
      </symbol>
      <symbol id="sm-5e8">
         <name>_FlashRegs</name>
         <value>0xa80</value>
         <object_component_ref idref="oc-9f"/>
      </symbol>
      <symbol id="sm-5e9">
         <name>_CpuTimer0Regs</name>
         <value>0xc00</value>
         <object_component_ref idref="oc-9b"/>
      </symbol>
      <symbol id="sm-5ea">
         <name>_DevEmuRegs</name>
         <value>0x880</value>
         <object_component_ref idref="oc-c7"/>
      </symbol>
      <symbol id="sm-5eb">
         <name>_McbspbRegs</name>
         <value>0x5040</value>
         <object_component_ref idref="oc-bb"/>
      </symbol>
      <symbol id="sm-5ec">
         <name>_EPwm6Regs</name>
         <value>0x6940</value>
         <object_component_ref idref="oc-b8"/>
      </symbol>
      <symbol id="sm-5ed">
         <name>_SciaRegs</name>
         <value>0x7050</value>
         <object_component_ref idref="oc-a3"/>
      </symbol>
      <symbol id="sm-5ee">
         <name>_GpioDataRegs</name>
         <value>0x6fc0</value>
         <object_component_ref idref="oc-b1"/>
      </symbol>
      <symbol id="sm-5ef">
         <name>_CsmPwl</name>
         <value>0x33fff8</value>
         <object_component_ref idref="oc-9e"/>
      </symbol>
      <symbol id="sm-5f0">
         <name>_AdcRegs</name>
         <value>0x7100</value>
         <object_component_ref idref="oc-a9"/>
      </symbol>
      <symbol id="sm-5f1">
         <name>_XIntruptRegs</name>
         <value>0x7070</value>
         <object_component_ref idref="oc-a7"/>
      </symbol>
      <symbol id="sm-5f2">
         <name>_CpuTimer2Regs</name>
         <value>0xc10</value>
         <object_component_ref idref="oc-9d"/>
      </symbol>
      <symbol id="sm-5f3">
         <name>_PieCtrlRegs</name>
         <value>0xce0</value>
         <object_component_ref idref="oc-a8"/>
      </symbol>
      <symbol id="sm-5f4">
         <name>_ECanbMOTSRegs</name>
         <value>0x6280</value>
         <object_component_ref idref="oc-c3"/>
      </symbol>
      <symbol id="sm-5f5">
         <name>_ECanaRegs</name>
         <value>0x6000</value>
         <object_component_ref idref="oc-bd"/>
      </symbol>
      <symbol id="sm-5f6">
         <name>_AdcMirror</name>
         <value>0xb00</value>
         <object_component_ref idref="oc-a1"/>
      </symbol>
      <symbol id="sm-5f7">
         <name>_ECanbMboxes</name>
         <value>0x6300</value>
         <object_component_ref idref="oc-ca"/>
      </symbol>
      <symbol id="sm-5f8">
         <name>_XintfRegs</name>
         <value>0xb20</value>
         <object_component_ref idref="oc-aa"/>
      </symbol>
      <symbol id="sm-5f9">
         <name>_ScicRegs</name>
         <value>0x7770</value>
         <object_component_ref idref="oc-a5"/>
      </symbol>
      <symbol id="sm-5fa">
         <name>_ECap1Regs</name>
         <value>0x6a00</value>
         <object_component_ref idref="oc-ab"/>
      </symbol>
      <symbol id="sm-5fb">
         <name>_EQep1Regs</name>
         <value>0x6b00</value>
         <object_component_ref idref="oc-c5"/>
      </symbol>
      <symbol id="sm-5fc">
         <name>_McbspaRegs</name>
         <value>0x5000</value>
         <object_component_ref idref="oc-ba"/>
      </symbol>
      <symbol id="sm-5fd">
         <name>_EPwm1Regs</name>
         <value>0x6800</value>
         <object_component_ref idref="oc-b3"/>
      </symbol>
      <symbol id="sm-5fe">
         <name>_ECanbRegs</name>
         <value>0x6200</value>
         <object_component_ref idref="oc-be"/>
      </symbol>
      <symbol id="sm-5ff">
         <name>_ScibRegs</name>
         <value>0x7750</value>
         <object_component_ref idref="oc-a4"/>
      </symbol>
      <symbol id="sm-600">
         <name>_ECap2Regs</name>
         <value>0x6a20</value>
         <object_component_ref idref="oc-ac"/>
      </symbol>
      <symbol id="sm-601">
         <name>_GpioIntRegs</name>
         <value>0x6fe0</value>
         <object_component_ref idref="oc-a0"/>
      </symbol>
      <symbol id="sm-602">
         <name>_EQep2Regs</name>
         <value>0x6b40</value>
         <object_component_ref idref="oc-c6"/>
      </symbol>
      <symbol id="sm-603">
         <name>_EPwm2Regs</name>
         <value>0x6840</value>
         <object_component_ref idref="oc-b4"/>
      </symbol>
      <symbol id="sm-604">
         <name>_ECanaMboxes</name>
         <value>0x6100</value>
         <object_component_ref idref="oc-c9"/>
      </symbol>
      <symbol id="sm-605">
         <name>_ECap3Regs</name>
         <value>0x6a40</value>
         <object_component_ref idref="oc-ad"/>
      </symbol>
      <symbol id="sm-606">
         <name>_ECanaMOTORegs</name>
         <value>0x60c0</value>
         <object_component_ref idref="oc-c1"/>
      </symbol>
      <symbol id="sm-607">
         <name>_EPwm3Regs</name>
         <value>0x6880</value>
         <object_component_ref idref="oc-b5"/>
      </symbol>
      <symbol id="sm-608">
         <name>_ECanbLAMRegs</name>
         <value>0x6240</value>
         <object_component_ref idref="oc-c2"/>
      </symbol>
      <symbol id="sm-609">
         <name>_I2caRegs</name>
         <value>0x7900</value>
         <object_component_ref idref="oc-b9"/>
      </symbol>
      <symbol id="sm-61e">
         <name>_InitI2C</name>
         <value>0x33bafb</value>
         <object_component_ref idref="oc-227"/>
      </symbol>
      <symbol id="sm-620">
         <name>_InitI2CGpio</name>
         <value>0x33bafc</value>
         <object_component_ref idref="oc-227"/>
      </symbol>
      <symbol id="sm-62f">
         <name>_MemCopy</name>
         <value>0x33bb3d</value>
         <object_component_ref idref="oc-212"/>
      </symbol>
      <symbol id="sm-63c">
         <name>_InitPieCtrl</name>
         <value>0x33b944</value>
         <object_component_ref idref="oc-215"/>
      </symbol>
      <symbol id="sm-63e">
         <name>_EnableInterrupts</name>
         <value>0x33b963</value>
         <object_component_ref idref="oc-215"/>
      </symbol>
      <symbol id="sm-64f">
         <name>_PieVectTableInit</name>
         <value>0x33c8d0</value>
         <object_component_ref idref="oc-229"/>
      </symbol>
      <symbol id="sm-650">
         <name>_InitPieVectTable</name>
         <value>0x33b9f9</value>
         <object_component_ref idref="oc-216"/>
      </symbol>
      <symbol id="sm-65d">
         <name>_InitScibGpio</name>
         <value>0x33b8b3</value>
         <object_component_ref idref="oc-20f"/>
      </symbol>
      <symbol id="sm-65f">
         <name>_InitSciaGpio</name>
         <value>0x33b89e</value>
         <object_component_ref idref="oc-20f"/>
      </symbol>
      <symbol id="sm-661">
         <name>_InitSciGpio</name>
         <value>0x33b899</value>
         <object_component_ref idref="oc-20f"/>
      </symbol>
      <symbol id="sm-663">
         <name>_InitSci</name>
         <value>0x33b898</value>
         <object_component_ref idref="oc-20f"/>
      </symbol>
      <symbol id="sm-684">
         <name>_InitPll</name>
         <value>0x33ad83</value>
         <object_component_ref idref="oc-214"/>
      </symbol>
      <symbol id="sm-686">
         <name>_DisableDog</name>
         <value>0x33ad7b</value>
         <object_component_ref idref="oc-214"/>
      </symbol>
      <symbol id="sm-688">
         <name>_InitPeripheralClocks</name>
         <value>0x33add4</value>
         <object_component_ref idref="oc-214"/>
      </symbol>
      <symbol id="sm-68a">
         <name>_InitFlash</name>
         <value>0x8000</value>
         <object_component_ref idref="oc-213"/>
      </symbol>
      <symbol id="sm-68c">
         <name>_CsmUnlock</name>
         <value>0x33ae2f</value>
         <object_component_ref idref="oc-214"/>
      </symbol>
      <symbol id="sm-68e">
         <name>_ServiceDog</name>
         <value>0x33ad71</value>
         <object_component_ref idref="oc-214"/>
      </symbol>
      <symbol id="sm-690">
         <name>_InitSysCtrl</name>
         <value>0x33ad68</value>
         <object_component_ref idref="oc-214"/>
      </symbol>
      <symbol id="sm-69d">
         <name>_DSP28x_usDelay</name>
         <value>0x801b</value>
         <object_component_ref idref="oc-f5"/>
      </symbol>
      <symbol id="sm-6b4">
         <name>_main</name>
         <value>0x33b65e</value>
         <object_component_ref idref="oc-205"/>
      </symbol>
      <symbol id="sm-6b6">
         <name>_res</name>
         <value>0xc56d</value>
         <object_component_ref idref="oc-fc"/>
      </symbol>
      <symbol id="sm-6b7">
         <name>_T</name>
         <value>0xc56c</value>
         <object_component_ref idref="oc-fc"/>
      </symbol>
      <symbol id="sm-6c5">
         <name>_vsprintf</name>
         <value>0x33b868</value>
         <object_component_ref idref="oc-211"/>
      </symbol>
      <symbol id="sm-6e2">
         <name>_asin</name>
         <value>0x33af58</value>
         <object_component_ref idref="oc-20c"/>
      </symbol>
      <symbol id="sm-6e3">
         <name>_asinf</name>
         <value>0x33af58</value>
         <object_component_ref idref="oc-20c"/>
      </symbol>
      <symbol id="sm-713">
         <name>_atan2f</name>
         <value>0x33b04d</value>
         <object_component_ref idref="oc-20d"/>
      </symbol>
      <symbol id="sm-715">
         <name>_atan2</name>
         <value>0x33b04d</value>
         <object_component_ref idref="oc-20d"/>
      </symbol>
      <symbol id="sm-73a">
         <name>_atan</name>
         <value>0x33b11f</value>
         <object_component_ref idref="oc-226"/>
      </symbol>
      <symbol id="sm-73b">
         <name>_atanf</name>
         <value>0x33b11f</value>
         <object_component_ref idref="oc-226"/>
      </symbol>
      <symbol id="sm-757">
         <name>_c_int00</name>
         <value>0x33b771</value>
         <object_component_ref idref="oc-4c"/>
      </symbol>
      <symbol id="sm-758">
         <name>__stack</name>
         <value>0xc000</value>
         <object_component_ref idref="oc-119"/>
      </symbol>
      <symbol id="sm-773">
         <name>FD$$ADD</name>
         <value>0x33b297</value>
         <object_component_ref idref="oc-11f"/>
      </symbol>
      <symbol id="sm-785">
         <name>FD$$MPY</name>
         <value>0x33b560</value>
         <object_component_ref idref="oc-124"/>
      </symbol>
      <symbol id="sm-791">
         <name>FD$$SUB</name>
         <value>0x33bb85</value>
         <object_component_ref idref="oc-129"/>
      </symbol>
      <symbol id="sm-7a0">
         <name>FD$$TOUL</name>
         <value>0x33bac8</value>
         <object_component_ref idref="oc-12e"/>
      </symbol>
      <symbol id="sm-7b1">
         <name>FS$$DIV</name>
         <value>0x33b451</value>
         <object_component_ref idref="oc-133"/>
      </symbol>
      <symbol id="sm-7dd">
         <name>ULL$$MOD</name>
         <value>0x33ad06</value>
         <object_component_ref idref="oc-138"/>
      </symbol>
      <symbol id="sm-7de">
         <name>ULL$$DIV</name>
         <value>0x33acd7</value>
         <object_component_ref idref="oc-138"/>
      </symbol>
      <symbol id="sm-7df">
         <name>LL$$MOD</name>
         <value>0x33ac9d</value>
         <object_component_ref idref="oc-138"/>
      </symbol>
      <symbol id="sm-7e0">
         <name>LL$$DIV</name>
         <value>0x33ac61</value>
         <object_component_ref idref="oc-138"/>
      </symbol>
      <symbol id="sm-7ec">
         <name>LL$$MPY</name>
         <value>0x33bb29</value>
         <object_component_ref idref="oc-13d"/>
      </symbol>
      <symbol id="sm-7fd">
         <name>U$$TOFD</name>
         <value>0x33bb12</value>
         <object_component_ref idref="oc-142"/>
      </symbol>
      <symbol id="sm-809">
         <name>UL$$MOD</name>
         <value>0x33b915</value>
         <object_component_ref idref="oc-147"/>
      </symbol>
      <symbol id="sm-80a">
         <name>L$$MOD</name>
         <value>0x33b900</value>
         <object_component_ref idref="oc-147"/>
      </symbol>
      <symbol id="sm-80b">
         <name>L$$DIV</name>
         <value>0x33b8f1</value>
         <object_component_ref idref="oc-147"/>
      </symbol>
      <symbol id="sm-80c">
         <name>UL$$DIV</name>
         <value>0x33b90e</value>
         <object_component_ref idref="oc-147"/>
      </symbol>
      <symbol id="sm-81c">
         <name>FS$$TOFD</name>
         <value>0x33ba90</value>
         <object_component_ref idref="oc-14c"/>
      </symbol>
      <symbol id="sm-82c">
         <name>FD$$TOFS</name>
         <value>0x33b9b5</value>
         <object_component_ref idref="oc-151"/>
      </symbol>
      <symbol id="sm-843">
         <name>FD$$DIV</name>
         <value>0x33b3c6</value>
         <object_component_ref idref="oc-156"/>
      </symbol>
      <symbol id="sm-852">
         <name>_copy_in</name>
         <value>0x33b991</value>
         <object_component_ref idref="oc-1fa"/>
      </symbol>
      <symbol id="sm-864">
         <name>_memcpy</name>
         <value>0x33ba73</value>
         <object_component_ref idref="oc-204"/>
      </symbol>
      <symbol id="sm-871">
         <name>__system_pre_init</name>
         <value>0x33bbd6</value>
         <object_component_ref idref="oc-1f9"/>
      </symbol>
      <symbol id="sm-87f">
         <name>__system_post_cinit</name>
         <value>0x33b333</value>
         <object_component_ref idref="oc-1fb"/>
      </symbol>
      <symbol id="sm-894">
         <name>C$$EXIT</name>
         <value>0x33b91b</value>
         <object_component_ref idref="oc-1fd"/>
      </symbol>
      <symbol id="sm-895">
         <name>_exit</name>
         <value>0x33b91d</value>
         <object_component_ref idref="oc-1fd"/>
      </symbol>
      <symbol id="sm-897">
         <name>___TI_cleanup_ptr</name>
         <value>0xc564</value>
         <object_component_ref idref="oc-171"/>
      </symbol>
      <symbol id="sm-898">
         <name>___TI_enable_exit_profile_output</name>
         <value>0xc562</value>
         <object_component_ref idref="oc-171"/>
      </symbol>
      <symbol id="sm-899">
         <name>_abort</name>
         <value>0x33b91b</value>
         <object_component_ref idref="oc-1fd"/>
      </symbol>
      <symbol id="sm-89b">
         <name>___TI_dtors_ptr</name>
         <value>0xc566</value>
         <object_component_ref idref="oc-171"/>
      </symbol>
      <symbol id="sm-8af">
         <name>__unlock</name>
         <value>0xc56a</value>
         <object_component_ref idref="oc-22b"/>
      </symbol>
      <symbol id="sm-8b0">
         <name>__lock</name>
         <value>0xc568</value>
         <object_component_ref idref="oc-206"/>
      </symbol>
      <symbol id="sm-8b1">
         <name>__register_lock</name>
         <value>0x33bba3</value>
         <object_component_ref idref="oc-219"/>
      </symbol>
      <symbol id="sm-8b3">
         <name>__nop</name>
         <value>0x33bba7</value>
         <object_component_ref idref="oc-219"/>
      </symbol>
      <symbol id="sm-8b5">
         <name>__register_unlock</name>
         <value>0x33bb9f</value>
         <object_component_ref idref="oc-219"/>
      </symbol>
      <symbol id="sm-8c5">
         <name>__args_main</name>
         <value>0x33bb63</value>
         <object_component_ref idref="oc-1fc"/>
      </symbol>
      <symbol id="sm-8d4">
         <name>_memcmp</name>
         <value>0x33bb50</value>
         <object_component_ref idref="oc-208"/>
      </symbol>
      <symbol id="sm-8df">
         <name>_errno</name>
         <value>0xc561</value>
         <object_component_ref idref="oc-187"/>
      </symbol>
      <symbol id="sm-a42">
         <name>___TI_printfi</name>
         <value>0x33a48b</value>
         <object_component_ref idref="oc-228"/>
      </symbol>
      <symbol id="sm-a5b">
         <name>_sqrtl</name>
         <value>0x33b334</value>
         <object_component_ref idref="oc-225"/>
      </symbol>
      <symbol id="sm-a6f">
         <name>_frexpl</name>
         <value>0x33b717</value>
         <object_component_ref idref="oc-238"/>
      </symbol>
      <symbol id="sm-a8e">
         <name>_scalbnl</name>
         <value>0x33b1e9</value>
         <object_component_ref idref="oc-239"/>
      </symbol>
      <symbol id="sm-a90">
         <name>_ldexpl</name>
         <value>0x33b1e9</value>
         <object_component_ref idref="oc-239"/>
      </symbol>
      <symbol id="sm-aa0">
         <name>FD$$CMP</name>
         <value>0x33b8c7</value>
         <object_component_ref idref="oc-1a2"/>
      </symbol>
      <symbol id="sm-aad">
         <name>FD$$NEG</name>
         <value>0x33bba8</value>
         <object_component_ref idref="oc-1a7"/>
      </symbol>
      <symbol id="sm-abc">
         <name>FD$$TOI</name>
         <value>0x33b9d8</value>
         <object_component_ref idref="oc-1ac"/>
      </symbol>
      <symbol id="sm-acb">
         <name>FD$$TOL</name>
         <value>0x33ba19</value>
         <object_component_ref idref="oc-1b1"/>
      </symbol>
      <symbol id="sm-ad7">
         <name>LL$$AND</name>
         <value>0x33bae3</value>
         <object_component_ref idref="oc-1b6"/>
      </symbol>
      <symbol id="sm-ad8">
         <name>LL$$OR</name>
         <value>0x33baeb</value>
         <object_component_ref idref="oc-1b6"/>
      </symbol>
      <symbol id="sm-ad9">
         <name>LL$$XOR</name>
         <value>0x33baf3</value>
         <object_component_ref idref="oc-1b6"/>
      </symbol>
      <symbol id="sm-ae7">
         <name>ULL$$CMP</name>
         <value>0x33ba4a</value>
         <object_component_ref idref="oc-1bb"/>
      </symbol>
      <symbol id="sm-ae8">
         <name>LL$$CMP</name>
         <value>0x33ba38</value>
         <object_component_ref idref="oc-1bb"/>
      </symbol>
      <symbol id="sm-af8">
         <name>I$$TOFD</name>
         <value>0x33ba56</value>
         <object_component_ref idref="oc-1c0"/>
      </symbol>
      <symbol id="sm-b08">
         <name>L$$TOFD</name>
         <value>0x33baac</value>
         <object_component_ref idref="oc-1c5"/>
      </symbol>
      <symbol id="sm-b16">
         <name>___TI_ltoa</name>
         <value>0x33b838</value>
         <object_component_ref idref="oc-237"/>
      </symbol>
      <symbol id="sm-b2b">
         <name>_atoi</name>
         <value>0x33b807</value>
         <object_component_ref idref="oc-22f"/>
      </symbol>
      <symbol id="sm-b34">
         <name>__ctypes_</name>
         <value>0x33c7ce</value>
         <object_component_ref idref="oc-236"/>
      </symbol>
      <symbol id="sm-b43">
         <name>_memccpy</name>
         <value>0x33bb75</value>
         <object_component_ref idref="oc-234"/>
      </symbol>
      <symbol id="sm-b52">
         <name>_memset</name>
         <value>0x33bbca</value>
         <object_component_ref idref="oc-231"/>
      </symbol>
      <symbol id="sm-b62">
         <name>_strchr</name>
         <value>0x33bb93</value>
         <object_component_ref idref="oc-23a"/>
      </symbol>
      <symbol id="sm-b70">
         <name>_strcpy</name>
         <value>0x33bbd1</value>
         <object_component_ref idref="oc-232"/>
      </symbol>
      <symbol id="sm-b7e">
         <name>_strlen</name>
         <value>0x33bbc2</value>
         <object_component_ref idref="oc-230"/>
      </symbol>
      <symbol id="sm-b8d">
         <name>_wcslen</name>
         <value>0x33bbb1</value>
         <object_component_ref idref="oc-235"/>
      </symbol>
      <symbol id="sm-b9b">
         <name>_copysignl</name>
         <value>0x33b96c</value>
         <object_component_ref idref="oc-23b"/>
      </symbol>
   </symbol_table>
   <title>Link successful</title>
</link_info>
