******************************************************************************
             TMS320C2000 Linker PC v21.6.0                     
******************************************************************************
>> Linked Fri Jan 28 11:30:40 2022

OUTPUT FILE NAME:   <kalman_test1.out>
ENTRY POINT SYMBOL: "_c_int00"  address: 00339d93


MEMORY CONFIGURATION

         name            origin    length      used     unused   attr    fill
----------------------  --------  ---------  --------  --------  ----  --------
PAGE 0:
  ZONE0                 00004000   00001000  00000000  00001000  RWIX
  RAML0                 00008000   00001000  0000001f  00000fe1  RWIX
  RAML1                 00009000   00001000  00000000  00001000  RWIX
  RAML2                 0000a000   00001000  00000000  00001000  RWIX
  RAML3                 0000b000   00001000  00000000  00001000  RWIX
  ZONE6A                00100000   0000fc00  00000000  0000fc00  RWIX
  ZONE7                 00200000   00100000  00000000  00100000  RWIX
  FLASHH                00300000   00008000  00000000  00008000  RWIX
  FLASHG                00308000   00008000  00000000  00008000  RWIX
  FLASHF                00310000   00008000  00000000  00008000  RWIX
  FLASHE                00318000   00008000  00000000  00008000  RWIX
  FLASHD                00320000   00008000  0000001f  00007fe1  RWIX
  FLASHC                00328000   00008000  00000000  00008000  RWIX
  FLASHA                00338000   00007f80  000026a3  000058dd  RWIX
  CSM_RSVD              0033ff80   00000076  00000000  00000076  RWIX
  BEGIN                 0033fff6   00000002  00000002  00000000  RWIX
  CSM_PWL               0033fff8   00000008  00000000  00000008  RWIX
  ADC_CAL               00380080   00000009  00000007  00000002  RWIX
  OTP                   00380400   00000400  00000000  00000400  RWIX
  IQTABLES              003fe000   00000b50  00000000  00000b50  RWIX
  IQTABLES2             003feb50   0000008c  00000000  0000008c  RWIX
  FPUTABLES             003febdc   000006a0  00000000  000006a0  RWIX
  ROM                   003ff27c   00000d44  00000000  00000d44  RWIX
  RESET                 003fffc0   00000002  00000000  00000002  RWIX
  VECTORS               003fffc2   0000003e  00000000  0000003e  RWIX

PAGE 1:
  BOOT_RSVD             00000000   00000050  00000000  00000050  RWIX
  RAMM0                 00000050   000003b0  00000000  000003b0  RWIX
  RAMM1                 00000400   00000400  00000000  00000400  RWIX
  DEV_EMU               00000880   00000180  000000d0  000000b0  RWIX
  FLASH_REGS            00000a80   00000060  00000008  00000058  RWIX
  CSM                   00000ae0   00000010  00000010  00000000  RWIX
  ADC_MIRROR            00000b00   00000010  00000010  00000000  RWIX
  XINTF                 00000b20   00000020  0000001e  00000002  RWIX
  CPU_TIMER0            00000c00   00000008  00000008  00000000  RWIX
  CPU_TIMER1            00000c08   00000008  00000008  00000000  RWIX
  CPU_TIMER2            00000c10   00000008  00000008  00000000  RWIX
  PIE_CTRL              00000ce0   00000020  0000001a  00000006  RWIX
  PIE_VECT              00000d00   00000100  00000100  00000000  RWIX
  DMA                   00001000   00000200  000000e0  00000120  RWIX
  MCBSPA                00005000   00000040  00000025  0000001b  RWIX
  MCBSPB                00005040   00000040  00000025  0000001b  RWIX
  ECANA                 00006000   00000040  00000034  0000000c  RWIX
  ECANA_LAM             00006040   00000040  00000040  00000000  RWIX
  ECANA_MOTS            00006080   00000040  00000040  00000000  RWIX
  ECANA_MOTO            000060c0   00000040  00000040  00000000  RWIX
  ECANA_MBOX            00006100   00000100  00000100  00000000  RWIX
  ECANB                 00006200   00000040  00000034  0000000c  RWIX
  ECANB_LAM             00006240   00000040  00000040  00000000  RWIX
  ECANB_MOTS            00006280   00000040  00000040  00000000  RWIX
  ECANB_MOTO            000062c0   00000040  00000040  00000000  RWIX
  ECANB_MBOX            00006300   00000100  00000100  00000000  RWIX
  EPWM1                 00006800   00000022  00000022  00000000  RWIX
  EPWM2                 00006840   00000022  00000022  00000000  RWIX
  EPWM3                 00006880   00000022  00000022  00000000  RWIX
  EPWM4                 000068c0   00000022  00000022  00000000  RWIX
  EPWM5                 00006900   00000022  00000022  00000000  RWIX
  EPWM6                 00006940   00000022  00000022  00000000  RWIX
  ECAP1                 00006a00   00000020  00000020  00000000  RWIX
  ECAP2                 00006a20   00000020  00000020  00000000  RWIX
  ECAP3                 00006a40   00000020  00000020  00000000  RWIX
  ECAP4                 00006a60   00000020  00000020  00000000  RWIX
  ECAP5                 00006a80   00000020  00000020  00000000  RWIX
  ECAP6                 00006aa0   00000020  00000020  00000000  RWIX
  EQEP1                 00006b00   00000040  00000040  00000000  RWIX
  EQEP2                 00006b40   00000040  00000040  00000000  RWIX
  GPIOCTRL              00006f80   00000040  0000002e  00000012  RWIX
  GPIODAT               00006fc0   00000020  00000020  00000000  RWIX
  GPIOINT               00006fe0   00000020  0000000a  00000016  RWIX
  SYSTEM                00007010   00000020  00000020  00000000  RWIX
  SPIA                  00007040   00000010  00000010  00000000  RWIX
  SCIA                  00007050   00000010  00000010  00000000  RWIX
  XINTRUPT              00007070   00000010  00000010  00000000  RWIX
  ADC                   00007100   00000020  0000001e  00000002  RWIX
  SCIB                  00007750   00000010  00000010  00000000  RWIX
  SCIC                  00007770   00000010  00000010  00000000  RWIX
  I2CA                  00007900   00000040  00000022  0000001e  RWIX
  RAML4                 0000c000   00001000  0000058b  00000a75  RWIX
  RAML5                 0000d000   00001000  00000000  00001000  RWIX
  RAML6                 0000e000   00001000  00000000  00001000  RWIX
  RAML7                 0000f000   00001000  00000000  00001000  RWIX
  ZONE6B                0010fc00   00000400  00000000  00000400  RWIX
  FLASHB                00330000   00008000  00000000  00008000  RWIX
  CSM_PWL               0033fff8   00000008  00000008  00000000  RWIX


SECTION ALLOCATION MAP

 output                                  attributes/
section   page    origin      length       input sections
--------  ----  ----------  ----------   ----------------
ramfuncs   0    00320000    0000001f     RUN ADDR = 00008000
                  00320000    0000001b     DSP2833x_SysCtrl.obj (ramfuncs)
                  0032001b    00000004     DSP2833x_usDelay.obj (ramfuncs)

.cinit     0    0033a626    0000007d     
                  0033a626    0000002d     timer.obj (.cinit)
                  0033a653    0000000e     rts2800_fpu32.lib : exit.c.obj (.cinit)
                  0033a661    0000000d     inv_mpu.obj (.cinit)
                  0033a66e    0000000b     timer.obj (.cinit:_P)
                  0033a679    0000000b     timer.obj (.cinit:_Pdot)
                  0033a684    0000000b     inv_mpu_dmp_motion_driver.obj (.cinit)
                  0033a68f    00000005     rts2800_fpu32.lib : _lock.c.obj (.cinit:__lock)
                  0033a694    00000005                       : _lock.c.obj (.cinit:__unlock)
                  0033a699    00000004     main_kalman1.obj (.cinit)
                  0033a69d    00000004     rts2800_fpu32.lib : errno.c.obj (.cinit)
                  0033a6a1    00000002     --HOLE-- [fill = 0]

DevEmuRegsFile 
*          1    00000880    000000d0     UNINITIALIZED
                  00000880    000000d0     DSP2833x_GlobalVariableDefs.obj (DevEmuRegsFile)

FlashRegsFile 
*          1    00000a80    00000008     UNINITIALIZED
                  00000a80    00000008     DSP2833x_GlobalVariableDefs.obj (FlashRegsFile)

CsmRegsFile 
*          1    00000ae0    00000010     UNINITIALIZED
                  00000ae0    00000010     DSP2833x_GlobalVariableDefs.obj (CsmRegsFile)

AdcMirrorFile 
*          1    00000b00    00000010     UNINITIALIZED
                  00000b00    00000010     DSP2833x_GlobalVariableDefs.obj (AdcMirrorFile)

XintfRegsFile 
*          1    00000b20    0000001e     UNINITIALIZED
                  00000b20    0000001e     DSP2833x_GlobalVariableDefs.obj (XintfRegsFile)

CpuTimer0RegsFile 
*          1    00000c00    00000008     UNINITIALIZED
                  00000c00    00000008     DSP2833x_GlobalVariableDefs.obj (CpuTimer0RegsFile)

CpuTimer1RegsFile 
*          1    00000c08    00000008     UNINITIALIZED
                  00000c08    00000008     DSP2833x_GlobalVariableDefs.obj (CpuTimer1RegsFile)

CpuTimer2RegsFile 
*          1    00000c10    00000008     UNINITIALIZED
                  00000c10    00000008     DSP2833x_GlobalVariableDefs.obj (CpuTimer2RegsFile)

PieCtrlRegsFile 
*          1    00000ce0    0000001a     UNINITIALIZED
                  00000ce0    0000001a     DSP2833x_GlobalVariableDefs.obj (PieCtrlRegsFile)

PieVectTableFile 
*          1    00000d00    00000100     UNINITIALIZED
                  00000d00    00000100     DSP2833x_GlobalVariableDefs.obj (PieVectTableFile)

DmaRegsFile 
*          1    00001000    000000e0     UNINITIALIZED
                  00001000    000000e0     DSP2833x_GlobalVariableDefs.obj (DmaRegsFile)

McbspaRegsFile 
*          1    00005000    00000025     UNINITIALIZED
                  00005000    00000025     DSP2833x_GlobalVariableDefs.obj (McbspaRegsFile)

McbspbRegsFile 
*          1    00005040    00000025     UNINITIALIZED
                  00005040    00000025     DSP2833x_GlobalVariableDefs.obj (McbspbRegsFile)

ECanaRegsFile 
*          1    00006000    00000034     UNINITIALIZED
                  00006000    00000034     DSP2833x_GlobalVariableDefs.obj (ECanaRegsFile)

ECanaLAMRegsFile 
*          1    00006040    00000040     UNINITIALIZED
                  00006040    00000040     DSP2833x_GlobalVariableDefs.obj (ECanaLAMRegsFile)

ECanaMOTSRegsFile 
*          1    00006080    00000040     UNINITIALIZED
                  00006080    00000040     DSP2833x_GlobalVariableDefs.obj (ECanaMOTSRegsFile)

ECanaMOTORegsFile 
*          1    000060c0    00000040     UNINITIALIZED
                  000060c0    00000040     DSP2833x_GlobalVariableDefs.obj (ECanaMOTORegsFile)

ECanaMboxesFile 
*          1    00006100    00000100     UNINITIALIZED
                  00006100    00000100     DSP2833x_GlobalVariableDefs.obj (ECanaMboxesFile)

ECanbRegsFile 
*          1    00006200    00000034     UNINITIALIZED
                  00006200    00000034     DSP2833x_GlobalVariableDefs.obj (ECanbRegsFile)

ECanbLAMRegsFile 
*          1    00006240    00000040     UNINITIALIZED
                  00006240    00000040     DSP2833x_GlobalVariableDefs.obj (ECanbLAMRegsFile)

ECanbMOTSRegsFile 
*          1    00006280    00000040     UNINITIALIZED
                  00006280    00000040     DSP2833x_GlobalVariableDefs.obj (ECanbMOTSRegsFile)

ECanbMOTORegsFile 
*          1    000062c0    00000040     UNINITIALIZED
                  000062c0    00000040     DSP2833x_GlobalVariableDefs.obj (ECanbMOTORegsFile)

ECanbMboxesFile 
*          1    00006300    00000100     UNINITIALIZED
                  00006300    00000100     DSP2833x_GlobalVariableDefs.obj (ECanbMboxesFile)

EPwm1RegsFile 
*          1    00006800    00000022     UNINITIALIZED
                  00006800    00000022     DSP2833x_GlobalVariableDefs.obj (EPwm1RegsFile)

EPwm2RegsFile 
*          1    00006840    00000022     UNINITIALIZED
                  00006840    00000022     DSP2833x_GlobalVariableDefs.obj (EPwm2RegsFile)

EPwm3RegsFile 
*          1    00006880    00000022     UNINITIALIZED
                  00006880    00000022     DSP2833x_GlobalVariableDefs.obj (EPwm3RegsFile)

EPwm4RegsFile 
*          1    000068c0    00000022     UNINITIALIZED
                  000068c0    00000022     DSP2833x_GlobalVariableDefs.obj (EPwm4RegsFile)

EPwm5RegsFile 
*          1    00006900    00000022     UNINITIALIZED
                  00006900    00000022     DSP2833x_GlobalVariableDefs.obj (EPwm5RegsFile)

EPwm6RegsFile 
*          1    00006940    00000022     UNINITIALIZED
                  00006940    00000022     DSP2833x_GlobalVariableDefs.obj (EPwm6RegsFile)

ECap1RegsFile 
*          1    00006a00    00000020     UNINITIALIZED
                  00006a00    00000020     DSP2833x_GlobalVariableDefs.obj (ECap1RegsFile)

ECap2RegsFile 
*          1    00006a20    00000020     UNINITIALIZED
                  00006a20    00000020     DSP2833x_GlobalVariableDefs.obj (ECap2RegsFile)

ECap3RegsFile 
*          1    00006a40    00000020     UNINITIALIZED
                  00006a40    00000020     DSP2833x_GlobalVariableDefs.obj (ECap3RegsFile)

ECap4RegsFile 
*          1    00006a60    00000020     UNINITIALIZED
                  00006a60    00000020     DSP2833x_GlobalVariableDefs.obj (ECap4RegsFile)

ECap5RegsFile 
*          1    00006a80    00000020     UNINITIALIZED
                  00006a80    00000020     DSP2833x_GlobalVariableDefs.obj (ECap5RegsFile)

ECap6RegsFile 
*          1    00006aa0    00000020     UNINITIALIZED
                  00006aa0    00000020     DSP2833x_GlobalVariableDefs.obj (ECap6RegsFile)

EQep1RegsFile 
*          1    00006b00    00000040     UNINITIALIZED
                  00006b00    00000040     DSP2833x_GlobalVariableDefs.obj (EQep1RegsFile)

EQep2RegsFile 
*          1    00006b40    00000040     UNINITIALIZED
                  00006b40    00000040     DSP2833x_GlobalVariableDefs.obj (EQep2RegsFile)

GpioCtrlRegsFile 
*          1    00006f80    0000002e     UNINITIALIZED
                  00006f80    0000002e     DSP2833x_GlobalVariableDefs.obj (GpioCtrlRegsFile)

GpioDataRegsFile 
*          1    00006fc0    00000020     UNINITIALIZED
                  00006fc0    00000020     DSP2833x_GlobalVariableDefs.obj (GpioDataRegsFile)

GpioIntRegsFile 
*          1    00006fe0    0000000a     UNINITIALIZED
                  00006fe0    0000000a     DSP2833x_GlobalVariableDefs.obj (GpioIntRegsFile)

SysCtrlRegsFile 
*          1    00007010    00000020     UNINITIALIZED
                  00007010    00000020     DSP2833x_GlobalVariableDefs.obj (SysCtrlRegsFile)

SpiaRegsFile 
*          1    00007040    00000010     UNINITIALIZED
                  00007040    00000010     DSP2833x_GlobalVariableDefs.obj (SpiaRegsFile)

SciaRegsFile 
*          1    00007050    00000010     UNINITIALIZED
                  00007050    00000010     DSP2833x_GlobalVariableDefs.obj (SciaRegsFile)

XIntruptRegsFile 
*          1    00007070    00000010     UNINITIALIZED
                  00007070    00000010     DSP2833x_GlobalVariableDefs.obj (XIntruptRegsFile)

AdcRegsFile 
*          1    00007100    0000001e     UNINITIALIZED
                  00007100    0000001e     DSP2833x_GlobalVariableDefs.obj (AdcRegsFile)

ScibRegsFile 
*          1    00007750    00000010     UNINITIALIZED
                  00007750    00000010     DSP2833x_GlobalVariableDefs.obj (ScibRegsFile)

ScicRegsFile 
*          1    00007770    00000010     UNINITIALIZED
                  00007770    00000010     DSP2833x_GlobalVariableDefs.obj (ScicRegsFile)

I2caRegsFile 
*          1    00007900    00000022     UNINITIALIZED
                  00007900    00000022     DSP2833x_GlobalVariableDefs.obj (I2caRegsFile)

CsmPwlFile 
*          1    0033fff8    00000008     UNINITIALIZED
                  0033fff8    00000008     DSP2833x_GlobalVariableDefs.obj (CsmPwlFile)

.pinit     0    00338000    00000000     UNINITIALIZED

.text      0    00338000    00002240     
                  00338000    000006da     rts2800_fpu32.lib : _printfi.c.obj (.text)
                  003386da    0000060a                       : _printfi.c.obj (.text:__TI_printfi)
                  00338ce4    00000323     DSP2833x_DefaultIsr.obj (.text:retain)
                  00339007    00000247     mpu6050.obj (.text)
                  0033924e    000001c5     timer.obj (.text)
                  00339413    00000107     rts2800_fpu32.lib : ll_div28.asm.obj (.text)
                  0033951a    000000f8     DSP2833x_SysCtrl.obj (.text)
                  00339612    000000f8     i2c.obj (.text)
                  0033970a    000000d2     rts2800_fpu32.lib : e_atan2f.c.obj (.text)
                  003397dc    000000d1     timer.obj (.text:retain)
                  003398ad    000000ca     rts2800_fpu32.lib : s_atanf.c.obj (.text)
                  00339977    000000ae                       : s_scalbn.c.obj (.text)
                  00339a25    0000009c                       : fd_add28.asm.obj (.text)
                  00339ac1    0000008b                       : fd_div28.asm.obj (.text)
                  00339b4c    00000088                       : fs_div28.asm.obj (.text)
                  00339bd4    00000083                       : fd_mpy28.asm.obj (.text)
                  00339c57    0000007b     DSP2833x_CpuTimers.obj (.text)
                  00339cd2    00000067     uart.obj (.text)
                  00339d39    0000005a     rts2800_fpu32.lib : s_frexp.c.obj (.text)
                  00339d93    00000056                       : boot28.asm.obj (.text)
                  00339de9    00000042     common.obj (.text)
                  00339e2b    00000040     leds.obj (.text)
                  00339e6b    0000003e     main_kalman1.obj (.text)
                  00339ea9    00000031     rts2800_fpu32.lib : atoi.c.obj (.text)
                  00339eda    00000030                       : _ltoa.c.obj (.text)
                  00339f0a    00000030                       : vsprintf.c.obj (.text)
                  00339f3a    0000002f     DSP2833x_Sci.obj (.text)
                  00339f69    0000002a     rts2800_fpu32.lib : fd_cmp28.asm.obj (.text)
                  00339f93    0000002a                       : l_div28.asm.obj (.text)
                  00339fbd    00000029                       : exit.c.obj (.text)
                  00339fe6    00000025                       : s_copysign.c.obj (.text)
                  0033a00b    00000024                       : cpy_tbl.c.obj (.text)
                  0033a02f    00000023                       : fd_tofsfpu32.asm.obj (.text)
                  0033a052    00000021                       : fd_toi28.asm.obj (.text)
                  0033a073    00000020     DSP2833x_PieVect.obj (.text)
                  0033a093    0000001f     rts2800_fpu32.lib : fd_tol28.asm.obj (.text)
                  0033a0b2    0000001e                       : ll_cmp28.asm.obj (.text)
                  0033a0d0    0000001d                       : i_tofd28.asm.obj (.text)
                  0033a0ed    0000001d                       : memcpy.c.obj (.text)
                  0033a10a    0000001c                       : fs_tofdfpu32.asm.obj (.text)
                  0033a126    0000001c                       : l_tofd28.asm.obj (.text)
                  0033a142    0000001b                       : fd_toul28.asm.obj (.text)
                  0033a15d    00000018                       : ll_aox28.asm.obj (.text)
                  0033a175    00000017     DSP2833x_I2C.obj (.text)
                  0033a18c    00000017     rts2800_fpu32.lib : u_tofd28.asm.obj (.text)
                  0033a1a3    00000014                       : ll_mpy28.asm.obj (.text)
                  0033a1b7    00000013     DSP2833x_MemCopy.obj (.text)
                  0033a1ca    00000012     rts2800_fpu32.lib : args_main.c.obj (.text)
                  0033a1dc    00000010                       : memccpy.c.obj (.text)
                  0033a1ec    0000000e                       : fd_sub28.asm.obj (.text)
                  0033a1fa    0000000c                       : strchr.c.obj (.text)
                  0033a206    00000009                       : _lock.c.obj (.text)
                  0033a20f    00000009                       : fd_neg28.asm.obj (.text)
                  0033a218    00000009                       : wcslen.c.obj (.text)
                  0033a221    00000008     DSP2833x_CodeStartBranch.obj (.text)
                  0033a229    00000008     rts2800_fpu32.lib : strlen.c.obj (.text)
                  0033a231    00000007                       : memset.c.obj (.text)
                  0033a238    00000005                       : strcpy.c.obj (.text)
                  0033a23d    00000002                       : pre_init.c.obj (.text)
                  0033a23f    00000001                       : startup.c.obj (.text)

codestart 
*          0    0033fff6    00000002     
                  0033fff6    00000002     DSP2833x_CodeStartBranch.obj (codestart)

.stack     1    0000c000    00000300     UNINITIALIZED
                  0000c000    00000300     --HOLE--

.ebss      1    0000c300    0000028b     UNINITIALIZED
                  0000c300    00000210     uart.obj (.ebss:_write_buf$1)
                  0000c510    00000020     timer.obj (.ebss)
                  0000c530    00000008     timer.obj (.ebss:_P)
                  0000c538    00000008     timer.obj (.ebss:_Pdot)
                  0000c540    0000001e     inv_mpu.obj (.ebss)
                  0000c55e    00000018     DSP2833x_CpuTimers.obj (.ebss)
                  0000c576    00000008     inv_mpu_dmp_motion_driver.obj (.ebss)
                  0000c57e    00000002     rts2800_fpu32.lib : _lock.c.obj (.ebss:__lock)
                  0000c580    00000006                       : exit.c.obj (.ebss)
                  0000c586    00000002                       : _lock.c.obj (.ebss:__unlock)
                  0000c588    00000002     main_kalman1.obj (.ebss)
                  0000c58a    00000001     rts2800_fpu32.lib : errno.c.obj (.ebss)

.econst    0    0033a240    000003e6     
                  0033a240    00000101     rts2800_fpu32.lib : ctype.c.obj (.econst:.string:__ctypes_)
                  0033a341    00000001     --HOLE-- [fill = 0]
                  0033a342    00000100     DSP2833x_PieVect.obj (.econst:_PieVectTableInit)
                  0033a442    000000a0     inv_mpu.obj (.econst:.string)
                  0033a4e2    00000043     timer.obj (.econst:.string)
                  0033a525    00000001     --HOLE-- [fill = 0]
                  0033a526    00000026     rts2800_fpu32.lib : _printfi.c.obj (.econst:.string)
                  0033a54c    0000001c                       : _printfi.c.obj (.econst)
                  0033a568    0000001c                       : s_scalbn.c.obj (.econst)
                  0033a584    0000001b     inv_mpu.obj (.econst:_reg)
                  0033a59f    00000001     --HOLE-- [fill = 0]
                  0033a5a0    00000016     inv_mpu.obj (.econst:_test)
                  0033a5b6    00000014     rts2800_fpu32.lib : e_asinf.c.obj (.econst)
                  0033a5ca    00000010     common.obj (.econst)
                  0033a5da    0000000c     rts2800_fpu32.lib : e_atan2f.c.obj (.econst)
                  0033a5e6    0000000c                       : e_sqrt.c.obj (.econst)
                  0033a5f2    0000000a                       : s_atanf.c.obj (.econst:_aT)
                  0033a5fc    00000008     main_kalman1.obj (.econst:.string)
                  0033a604    00000008     rts2800_fpu32.lib : s_atanf.c.obj (.econst:_atanhi)
                  0033a60c    00000008                       : s_atanf.c.obj (.econst:_atanlo)
                  0033a614    00000008                       : s_frexp.c.obj (.econst)
                  0033a61c    00000006     inv_mpu.obj (.econst:_hw)
                  0033a622    00000004     rts2800_fpu32.lib : s_atanf.c.obj (.econst)

.reset     0    003fffc0    00000002     DSECT
                  003fffc0    00000002     rts2800_fpu32.lib : boot28.asm.obj (.reset)

vectors    0    003fffc2    00000000     DSECT

.adc_cal   0    00380080    00000007     NOLOAD SECTION
                  00380080    00000007     DSP2833x_ADC_cal.obj (.adc_cal)

MODULE SUMMARY

       Module                            code   initialized data   uninitialized data
       ------                            ----   ----------------   ------------------
    .\app\src\
       timer.obj                         662    134                48                
       uart.obj                          103    0                  528               
       mpu6050.obj                       583    0                  0                 
       i2c.obj                           248    0                  0                 
       common.obj                        66     16                 0                 
       leds.obj                          64     0                  0                 
    +--+---------------------------------+------+------------------+--------------------+
       Total:                            1726   150                576               
                                                                                     
    .\app\src\eMPL\
       inv_mpu.obj                       0      228                30                
       inv_mpu_dmp_motion_driver.obj     0      11                 8                 
    +--+---------------------------------+------+------------------+--------------------+
       Total:                            0      239                38                
                                                                                     
    .\source\
       DSP2833x_GlobalVariableDefs.obj   0      0                  2678              
       DSP2833x_DefaultIsr.obj           803    0                  0                 
       DSP2833x_SysCtrl.obj              302    0                  0                 
       DSP2833x_PieVect.obj              32     256                0                 
       DSP2833x_CpuTimers.obj            123    0                  24                
       DSP2833x_Sci.obj                  47     0                  0                 
       DSP2833x_I2C.obj                  23     0                  0                 
       DSP2833x_MemCopy.obj              19     0                  0                 
       DSP2833x_CodeStartBranch.obj      10     0                  0                 
       DSP2833x_usDelay.obj              8      0                  0                 
       DSP2833x_ADC_cal.obj              7      0                  0                 
    +--+---------------------------------+------+------------------+--------------------+
       Total:                            1374   256                2702              
                                                                                     
    .\user\
       main_kalman1.obj                  62     12                 2                 
    +--+---------------------------------+------+------------------+--------------------+
       Total:                            62     12                 2                 
                                                                                     
    C:\ti\ccs1110\ccs\tools\compiler\ti-cgt-c2000_21.6.0.LTS\lib\rts2800_fpu32.lib
       _printfi.c.obj                    3300   66                 0                 
       ll_div28.asm.obj                  263    0                  0                 
       ctype.c.obj                       0      257                0                 
       s_atanf.c.obj                     202    30                 0                 
       e_atan2f.c.obj                    210    12                 0                 
       s_scalbn.c.obj                    174    28                 0                 
       fd_add28.asm.obj                  156    0                  0                 
       fd_div28.asm.obj                  139    0                  0                 
       fs_div28.asm.obj                  136    0                  0                 
       fd_mpy28.asm.obj                  131    0                  0                 
       s_frexp.c.obj                     90     8                  0                 
       boot28.asm.obj                    86     0                  0                 
       exit.c.obj                        41     14                 6                 
       atoi.c.obj                        49     0                  0                 
       _ltoa.c.obj                       48     0                  0                 
       vsprintf.c.obj                    48     0                  0                 
       fd_cmp28.asm.obj                  42     0                  0                 
       l_div28.asm.obj                   42     0                  0                 
       s_copysign.c.obj                  37     0                  0                 
       cpy_tbl.c.obj                     36     0                  0                 
       fd_tofsfpu32.asm.obj              35     0                  0                 
       fd_toi28.asm.obj                  33     0                  0                 
       fd_tol28.asm.obj                  31     0                  0                 
       ll_cmp28.asm.obj                  30     0                  0                 
       i_tofd28.asm.obj                  29     0                  0                 
       memcpy.c.obj                      29     0                  0                 
       fs_tofdfpu32.asm.obj              28     0                  0                 
       l_tofd28.asm.obj                  28     0                  0                 
       fd_toul28.asm.obj                 27     0                  0                 
       ll_aox28.asm.obj                  24     0                  0                 
       _lock.c.obj                       9      10                 4                 
       u_tofd28.asm.obj                  23     0                  0                 
       e_asinf.c.obj                     0      20                 0                 
       ll_mpy28.asm.obj                  20     0                  0                 
       args_main.c.obj                   18     0                  0                 
       memccpy.c.obj                     16     0                  0                 
       fd_sub28.asm.obj                  14     0                  0                 
       e_sqrt.c.obj                      0      12                 0                 
       strchr.c.obj                      12     0                  0                 
       fd_neg28.asm.obj                  9      0                  0                 
       wcslen.c.obj                      9      0                  0                 
       strlen.c.obj                      8      0                  0                 
       memset.c.obj                      7      0                  0                 
       errno.c.obj                       0      4                  1                 
       strcpy.c.obj                      5      0                  0                 
       pre_init.c.obj                    2      0                  0                 
       startup.c.obj                     1      0                  0                 
    +--+---------------------------------+------+------------------+--------------------+
       Total:                            5677   461                11                
                                                                                     
       Stack:                            0      0                  768               
    +--+---------------------------------+------+------------------+--------------------+
       Grand Total:                      8839   1118               4097              


GLOBAL DATA SYMBOLS: SORTED BY DATA PAGE

address     data page           name
--------    ----------------    ----
00000880      22 (00000880)     _DevEmuRegs

00000a80      2a (00000a80)     _FlashRegs

00000ae0      2b (00000ac0)     _CsmRegs

00000b00      2c (00000b00)     _AdcMirror
00000b20      2c (00000b00)     _XintfRegs

00000c00      30 (00000c00)     _CpuTimer0Regs
00000c08      30 (00000c00)     _CpuTimer1Regs
00000c10      30 (00000c00)     _CpuTimer2Regs

00000ce0      33 (00000cc0)     _PieCtrlRegs

00000d00      34 (00000d00)     _PieVectTable

00001000      40 (00001000)     _DmaRegs

00005000     140 (00005000)     _McbspaRegs

00005040     141 (00005040)     _McbspbRegs

00006000     180 (00006000)     _ECanaRegs

00006040     181 (00006040)     _ECanaLAMRegs

00006080     182 (00006080)     _ECanaMOTSRegs

000060c0     183 (000060c0)     _ECanaMOTORegs

00006100     184 (00006100)     _ECanaMboxes

00006200     188 (00006200)     _ECanbRegs

00006240     189 (00006240)     _ECanbLAMRegs

00006280     18a (00006280)     _ECanbMOTSRegs

000062c0     18b (000062c0)     _ECanbMOTORegs

00006300     18c (00006300)     _ECanbMboxes

00006800     1a0 (00006800)     _EPwm1Regs

00006840     1a1 (00006840)     _EPwm2Regs

00006880     1a2 (00006880)     _EPwm3Regs

000068c0     1a3 (000068c0)     _EPwm4Regs

00006900     1a4 (00006900)     _EPwm5Regs

00006940     1a5 (00006940)     _EPwm6Regs

00006a00     1a8 (00006a00)     _ECap1Regs
00006a20     1a8 (00006a00)     _ECap2Regs

00006a40     1a9 (00006a40)     _ECap3Regs
00006a60     1a9 (00006a40)     _ECap4Regs

00006a80     1aa (00006a80)     _ECap5Regs
00006aa0     1aa (00006a80)     _ECap6Regs

00006b00     1ac (00006b00)     _EQep1Regs

00006b40     1ad (00006b40)     _EQep2Regs

00006f80     1be (00006f80)     _GpioCtrlRegs

00006fc0     1bf (00006fc0)     _GpioDataRegs
00006fe0     1bf (00006fc0)     _GpioIntRegs

00007010     1c0 (00007000)     _SysCtrlRegs

00007040     1c1 (00007040)     _SpiaRegs
00007050     1c1 (00007040)     _SciaRegs
00007070     1c1 (00007040)     _XIntruptRegs

00007100     1c4 (00007100)     _AdcRegs

00007750     1dd (00007740)     _ScibRegs
00007770     1dd (00007740)     _ScicRegs

00007900     1e4 (00007900)     _I2caRegs

0000c000     300 (0000c000)     __stack

0000c510     314 (0000c500)     _gyrox
0000c511     314 (0000c500)     _gyroy
0000c512     314 (0000c500)     _gyroz
0000c513     314 (0000c500)     _aacx
0000c514     314 (0000c500)     _aacy
0000c515     314 (0000c500)     _aacz
0000c516     314 (0000c500)     _dt
0000c518     314 (0000c500)     _angle
0000c51a     314 (0000c500)     _angle_dot
0000c51c     314 (0000c500)     _Q_angle
0000c51e     314 (0000c500)     _Q_gyro
0000c520     314 (0000c500)     _R_angle
0000c522     314 (0000c500)     _q_bias
0000c524     314 (0000c500)     _angle_err
0000c526     314 (0000c500)     _E
0000c528     314 (0000c500)     _K_0
0000c52a     314 (0000c500)     _K_1
0000c52c     314 (0000c500)     _angle_m
0000c52e     314 (0000c500)     _gyro_m
0000c530     314 (0000c500)     _P
0000c538     314 (0000c500)     _Pdot

0000c55e     315 (0000c540)     _CpuTimer0
0000c566     315 (0000c540)     _CpuTimer1
0000c56e     315 (0000c540)     _CpuTimer2
0000c57e     315 (0000c540)     __lock

0000c580     316 (0000c580)     ___TI_enable_exit_profile_output
0000c582     316 (0000c580)     ___TI_cleanup_ptr
0000c584     316 (0000c580)     ___TI_dtors_ptr
0000c586     316 (0000c580)     __unlock
0000c588     316 (0000c580)     _T
0000c589     316 (0000c580)     _res
0000c58a     316 (0000c580)     _errno

0033a240    ce89 (0033a240)     __ctypes_

0033a342    ce8d (0033a340)     _PieVectTableInit

0033a584    ce96 (0033a580)     _reg
0033a5a0    ce96 (0033a580)     _test

0033a61c    ce98 (0033a600)     _hw

0033fff8    cfff (0033ffc0)     _CsmPwl


GLOBAL SYMBOLS: SORTED ALPHABETICALLY BY Name 

page  address   name                            
----  -------   ----                            
0     00338000  .text                           
0     00339fbd  C$$EXIT                         
0     00339a25  FD$$ADD                         
0     00339f69  FD$$CMP                         
0     00339ac1  FD$$DIV                         
0     00339bd4  FD$$MPY                         
0     0033a20f  FD$$NEG                         
0     0033a1ec  FD$$SUB                         
0     0033a02f  FD$$TOFS                        
0     0033a052  FD$$TOI                         
0     0033a093  FD$$TOL                         
0     0033a142  FD$$TOUL                        
0     00339b4c  FS$$DIV                         
0     0033a10a  FS$$TOFD                        
0     0033a0d0  I$$TOFD                         
0     00339f93  L$$DIV                          
0     00339fa2  L$$MOD                          
0     0033a126  L$$TOFD                         
0     0033a15d  LL$$AND                         
0     0033a0b2  LL$$CMP                         
0     00339413  LL$$DIV                         
0     0033944f  LL$$MOD                         
0     0033a1a3  LL$$MPY                         
0     0033a165  LL$$OR                          
0     0033a16d  LL$$XOR                         
0     0033a18c  U$$TOFD                         
0     00339fb0  UL$$DIV                         
0     00339fb7  UL$$MOD                         
0     0033a0c4  ULL$$CMP                        
0     00339489  ULL$$DIV                        
0     003394b8  ULL$$MOD                        
0     00338dca  _ADCINT_ISR                     
0     00380080  _ADC_cal                        
1     00000b00  _AdcMirror                      
1     00007100  _AdcRegs                        
0     00339c98  _ConfigCpuTimer                 
1     0000c55e  _CpuTimer0                      
1     00000c00  _CpuTimer0Regs                  
1     0000c566  _CpuTimer1                      
1     00000c08  _CpuTimer1Regs                  
1     0000c56e  _CpuTimer2                      
1     00000c10  _CpuTimer2Regs                  
1     0033fff8  _CsmPwl                         
1     00000ae0  _CsmRegs                        
0     003395e1  _CsmUnlock                      
0     00338cf8  _DATALOG_ISR                    
0     00338eec  _DINTCH1_ISR                    
0     00338ef6  _DINTCH2_ISR                    
0     00338f00  _DINTCH3_ISR                    
0     00338f0a  _DINTCH4_ISR                    
0     00338f14  _DINTCH5_ISR                    
0     00338f1e  _DINTCH6_ISR                    
0     0000801b  _DSP28x_usDelay                 
1     00000880  _DevEmuRegs                     
0     0033952d  _DisableDog                     
1     00001000  _DmaRegs                        
1     0000c526  _E                              
0     00338f78  _ECAN0INTA_ISR                  
0     00338f8c  _ECAN0INTB_ISR                  
0     00338f82  _ECAN1INTA_ISR                  
0     00338f96  _ECAN1INTB_ISR                  
0     00338e60  _ECAP1_INT_ISR                  
0     00338e6a  _ECAP2_INT_ISR                  
0     00338e74  _ECAP3_INT_ISR                  
0     00338e7e  _ECAP4_INT_ISR                  
0     00338e88  _ECAP5_INT_ISR                  
0     00338e92  _ECAP6_INT_ISR                  
1     00006040  _ECanaLAMRegs                   
1     000060c0  _ECanaMOTORegs                  
1     00006080  _ECanaMOTSRegs                  
1     00006100  _ECanaMboxes                    
1     00006000  _ECanaRegs                      
1     00006240  _ECanbLAMRegs                   
1     000062c0  _ECanbMOTORegs                  
1     00006280  _ECanbMOTSRegs                  
1     00006300  _ECanbMboxes                    
1     00006200  _ECanbRegs                      
1     00006a00  _ECap1Regs                      
1     00006a20  _ECap2Regs                      
1     00006a40  _ECap3Regs                      
1     00006a60  _ECap4Regs                      
1     00006a80  _ECap5Regs                      
1     00006aa0  _ECap6Regs                      
0     00338fe6  _EMPTY_ISR                      
0     00338d0c  _EMUINT_ISR                     
0     00338e24  _EPWM1_INT_ISR                  
0     00338de8  _EPWM1_TZINT_ISR                
0     00338e2e  _EPWM2_INT_ISR                  
0     00338df2  _EPWM2_TZINT_ISR                
0     00338e38  _EPWM3_INT_ISR                  
0     00338dfc  _EPWM3_TZINT_ISR                
0     00338e42  _EPWM4_INT_ISR                  
0     00338e06  _EPWM4_TZINT_ISR                
0     00338e4c  _EPWM5_INT_ISR                  
0     00338e10  _EPWM5_TZINT_ISR                
0     00338e56  _EPWM6_INT_ISR                  
0     00338e1a  _EPWM6_TZINT_ISR                
1     00006800  _EPwm1Regs                      
1     00006840  _EPwm2Regs                      
1     00006880  _EPwm3Regs                      
1     000068c0  _EPwm4Regs                      
1     00006900  _EPwm5Regs                      
1     00006940  _EPwm6Regs                      
0     00338e9c  _EQEP1_INT_ISR                  
0     00338ea6  _EQEP2_INT_ISR                  
1     00006b00  _EQep1Regs                      
1     00006b40  _EQep2Regs                      
1     00000a80  _FlashRegs                      
1     00006f80  _GpioCtrlRegs                   
1     00006fc0  _GpioDataRegs                   
1     00006fe0  _GpioIntRegs                    
0     00339612  _I2CA_Init                      
0     00338f28  _I2CINT1A_ISR                   
0     00338f32  _I2CINT2A_ISR                   
0     00339698  _I2C_ReadData                   
0     0033964b  _I2C_WriteData                  
1     00007900  _I2caRegs                       
0     00338d20  _ILLEGAL_ISR                    
0     00338ce4  _INT13_ISR                      
0     00338cee  _INT14_ISR                      
0     00339c57  _InitCpuTimers                  
0     00008000  _InitFlash                      
0     0033a175  _InitI2C                        
0     0033a176  _InitI2CGpio                    
0     00339586  _InitPeripheralClocks           
0     0033a073  _InitPieVectTable               
0     00339535  _InitPll                        
0     00339f3a  _InitSci                        
0     00339f3b  _InitSciGpio                    
0     00339f40  _InitSciaGpio                   
0     00339f55  _InitScibGpio                   
0     0033951a  _InitSysCtrl                    
1     0000c528  _K_0                            
1     0000c52a  _K_1                            
0     003392be  _Kalman_Filter                  
0     00339e2b  _LED_Init                       
0     00338fdc  _LUF_ISR                        
0     00338fd2  _LVF_ISR                        
0     0033913c  _MPU_Get_Accelerometer          
0     0033911c  _MPU_Get_Gyroscope              
0     003390f5  _MPU_Get_Temperature            
0     00339007  _MPU_Init                       
0     003390c3  _MPU_Read_Byte                  
0     003390e5  _MPU_Read_Len                   
0     0033905d  _MPU_Set_Accel_Fsr              
0     00339051  _MPU_Set_Gyro_Fsr               
0     00339068  _MPU_Set_LPF                    
0     0033908d  _MPU_Set_Rate                   
0     003390b0  _MPU_Write_Byte                 
0     003390d5  _MPU_Write_Len                  
0     00338ed8  _MRINTA_ISR                     
0     00338ec4  _MRINTB_ISR                     
0     00338ee2  _MXINTA_ISR                     
0     00338ece  _MXINTB_ISR                     
1     00005000  _McbspaRegs                     
1     00005040  _McbspbRegs                     
0     0033a1b7  _MemCopy                        
0     00338d16  _NMI_ISR                        
1     0000c530  _P                              
0     00338ff3  _PIE_RESERVED                   
1     0000c538  _Pdot                           
1     00000ce0  _PieCtrlRegs                    
1     00000d00  _PieVectTable                   
0     0033a342  _PieVectTableInit               
1     0000c51c  _Q_angle                        
1     0000c51e  _Q_gyro                         
0     00338d02  _RTOSINT_ISR                    
1     0000c520  _R_angle                        
0     0032001f  _RamfuncsLoadEnd                
0     00320000  _RamfuncsLoadStart              
0     00008000  _RamfuncsRunStart               
0     00338f50  _SCIRXINTA_ISR                  
0     00338f64  _SCIRXINTB_ISR                  
0     00338f3c  _SCIRXINTC_ISR                  
0     00338f5a  _SCITXINTA_ISR                  
0     00338f6e  _SCITXINTB_ISR                  
0     00338f46  _SCITXINTC_ISR                  
0     00338da2  _SEQ1INT_ISR                    
0     00338dac  _SEQ2INT_ISR                    
0     00338eb0  _SPIRXINTA_ISR                  
0     00338eba  _SPITXINTA_ISR                  
1     00007050  _SciaRegs                       
1     00007750  _ScibRegs                       
1     00007770  _ScicRegs                       
0     00339523  _ServiceDog                     
1     00007040  _SpiaRegs                       
1     00007010  _SysCtrlRegs                    
1     0000c588  _T                              
0     003397dc  _TIM0_IRQn                      
0     0033924e  _TIM0_Init                      
0     00339885  _TIM1_IRQn                      
0     00339288  _TIM1_Init                      
0     00339899  _TIM2_IRQn                      
0     003393dd  _TIM2_Init                      
0     00338dd4  _TINT0_ISR                      
0     00339cd2  _UARTa_Init                     
0     00338d84  _USER10_ISR                     
0     00338d8e  _USER11_ISR                     
0     00338d98  _USER12_ISR                     
0     00338d2a  _USER1_ISR                      
0     00338d34  _USER2_ISR                      
0     00338d3e  _USER3_ISR                      
0     00338d48  _USER4_ISR                      
0     00338d52  _USER5_ISR                      
0     00338d5c  _USER6_ISR                      
0     00338d66  _USER7_ISR                      
0     00338d70  _USER8_ISR                      
0     00338d7a  _USER9_ISR                      
0     00338dde  _WAKEINT_ISR                    
0     00338db6  _XINT1_ISR                      
0     00338dc0  _XINT2_ISR                      
0     00338fa0  _XINT3_ISR                      
0     00338faa  _XINT4_ISR                      
0     00338fb4  _XINT5_ISR                      
0     00338fbe  _XINT6_ISR                      
0     00338fc8  _XINT7_ISR                      
1     00007070  _XIntruptRegs                   
1     00000b20  _XintfRegs                      
1     0000c300  __STACK_END                     
abs   00000300  __STACK_SIZE                    
1     0000c582  ___TI_cleanup_ptr               
1     0000c584  ___TI_dtors_ptr                 
1     0000c580  ___TI_enable_exit_profile_output
0     00339eda  ___TI_ltoa                      
abs   ffffffff  ___TI_pprof_out_hndl            
0     00338b53  ___TI_printfi                   
abs   ffffffff  ___TI_prof_data_size            
abs   ffffffff  ___TI_prof_data_start           
abs   ffffffff  ___binit__                      
abs   ffffffff  ___c_args__                     
0     0033a626  ___cinit__                      
0     0033a240  ___etext__                      
abs   ffffffff  ___pinit__                      
0     00338000  ___text__                       
0     0033a1ca  __args_main                     
0     0033a240  __ctypes_                       
1     0000c57e  __lock                          
0     0033a20e  __nop                           
0     0033a20a  __register_lock                 
0     0033a206  __register_unlock               
1     0000c000  __stack                         
0     0033a23f  __system_post_cinit             
0     0033a23d  __system_pre_init               
1     0000c586  __unlock                        
1     0000c513  _aacx                           
1     0000c514  _aacy                           
1     0000c515  _aacz                           
0     00339fbd  _abort                          
1     0000c518  _angle                          
1     0000c51a  _angle_dot                      
1     0000c524  _angle_err                      
1     0000c52c  _angle_m                        
0     003398ad  _atan                           
0     0033970a  _atan2                          
0     0033970a  _atan2f                         
0     003398ad  _atanf                          
0     00339ea9  _atoi                           
0     00339d93  _c_int00                        
0     0033a00b  _copy_in                        
0     00339fe6  _copysignl                      
0     00339de9  _delay_ms                       
1     0000c516  _dt                             
1     0000c58a  _errno                          
0     00339fbf  _exit                           
0     00339d39  _frexpl                         
1     0000c52e  _gyro_m                         
1     0000c510  _gyrox                          
1     0000c511  _gyroy                          
1     0000c512  _gyroz                          
0     0033a61c  _hw                             
0     00339977  _ldexpl                         
0     00339e6b  _main                           
0     0033a1dc  _memccpy                        
0     0033a0ed  _memcpy                         
0     0033a231  _memset                         
0     003391bd  _mpu6050_send_data              
0     003391a4  _mpu6050_send_kalman            
1     0000c522  _q_bias                         
0     0033a584  _reg                            
1     0000c589  _res                            
0     00338ffd  _rsvd_ISR                       
0     00339977  _scalbnl                        
0     0033a1fa  _strchr                         
0     0033a238  _strcpy                         
0     0033a229  _strlen                         
0     0033a5a0  _test                           
0     00339d0b  _uart_printf                    
0     003391f4  _usart1_report_imu              
0     00339d2d  _usart1_send_char               
0     00339f0a  _vsprintf                       
0     0033a218  _wcslen                         
abs   ffffffff  binit                           
0     0033a626  cinit                           
0     0033fff6  code_start                      
0     0033a240  etext                           
abs   ffffffff  pinit                           


GLOBAL SYMBOLS: SORTED BY Symbol Address 

page  address   name                            
----  -------   ----                            
0     00008000  _InitFlash                      
0     00008000  _RamfuncsRunStart               
0     0000801b  _DSP28x_usDelay                 
0     00320000  _RamfuncsLoadStart              
0     0032001f  _RamfuncsLoadEnd                
0     00338000  .text                           
0     00338000  ___text__                       
0     00338b53  ___TI_printfi                   
0     00338ce4  _INT13_ISR                      
0     00338cee  _INT14_ISR                      
0     00338cf8  _DATALOG_ISR                    
0     00338d02  _RTOSINT_ISR                    
0     00338d0c  _EMUINT_ISR                     
0     00338d16  _NMI_ISR                        
0     00338d20  _ILLEGAL_ISR                    
0     00338d2a  _USER1_ISR                      
0     00338d34  _USER2_ISR                      
0     00338d3e  _USER3_ISR                      
0     00338d48  _USER4_ISR                      
0     00338d52  _USER5_ISR                      
0     00338d5c  _USER6_ISR                      
0     00338d66  _USER7_ISR                      
0     00338d70  _USER8_ISR                      
0     00338d7a  _USER9_ISR                      
0     00338d84  _USER10_ISR                     
0     00338d8e  _USER11_ISR                     
0     00338d98  _USER12_ISR                     
0     00338da2  _SEQ1INT_ISR                    
0     00338dac  _SEQ2INT_ISR                    
0     00338db6  _XINT1_ISR                      
0     00338dc0  _XINT2_ISR                      
0     00338dca  _ADCINT_ISR                     
0     00338dd4  _TINT0_ISR                      
0     00338dde  _WAKEINT_ISR                    
0     00338de8  _EPWM1_TZINT_ISR                
0     00338df2  _EPWM2_TZINT_ISR                
0     00338dfc  _EPWM3_TZINT_ISR                
0     00338e06  _EPWM4_TZINT_ISR                
0     00338e10  _EPWM5_TZINT_ISR                
0     00338e1a  _EPWM6_TZINT_ISR                
0     00338e24  _EPWM1_INT_ISR                  
0     00338e2e  _EPWM2_INT_ISR                  
0     00338e38  _EPWM3_INT_ISR                  
0     00338e42  _EPWM4_INT_ISR                  
0     00338e4c  _EPWM5_INT_ISR                  
0     00338e56  _EPWM6_INT_ISR                  
0     00338e60  _ECAP1_INT_ISR                  
0     00338e6a  _ECAP2_INT_ISR                  
0     00338e74  _ECAP3_INT_ISR                  
0     00338e7e  _ECAP4_INT_ISR                  
0     00338e88  _ECAP5_INT_ISR                  
0     00338e92  _ECAP6_INT_ISR                  
0     00338e9c  _EQEP1_INT_ISR                  
0     00338ea6  _EQEP2_INT_ISR                  
0     00338eb0  _SPIRXINTA_ISR                  
0     00338eba  _SPITXINTA_ISR                  
0     00338ec4  _MRINTB_ISR                     
0     00338ece  _MXINTB_ISR                     
0     00338ed8  _MRINTA_ISR                     
0     00338ee2  _MXINTA_ISR                     
0     00338eec  _DINTCH1_ISR                    
0     00338ef6  _DINTCH2_ISR                    
0     00338f00  _DINTCH3_ISR                    
0     00338f0a  _DINTCH4_ISR                    
0     00338f14  _DINTCH5_ISR                    
0     00338f1e  _DINTCH6_ISR                    
0     00338f28  _I2CINT1A_ISR                   
0     00338f32  _I2CINT2A_ISR                   
0     00338f3c  _SCIRXINTC_ISR                  
0     00338f46  _SCITXINTC_ISR                  
0     00338f50  _SCIRXINTA_ISR                  
0     00338f5a  _SCITXINTA_ISR                  
0     00338f64  _SCIRXINTB_ISR                  
0     00338f6e  _SCITXINTB_ISR                  
0     00338f78  _ECAN0INTA_ISR                  
0     00338f82  _ECAN1INTA_ISR                  
0     00338f8c  _ECAN0INTB_ISR                  
0     00338f96  _ECAN1INTB_ISR                  
0     00338fa0  _XINT3_ISR                      
0     00338faa  _XINT4_ISR                      
0     00338fb4  _XINT5_ISR                      
0     00338fbe  _XINT6_ISR                      
0     00338fc8  _XINT7_ISR                      
0     00338fd2  _LVF_ISR                        
0     00338fdc  _LUF_ISR                        
0     00338fe6  _EMPTY_ISR                      
0     00338ff3  _PIE_RESERVED                   
0     00338ffd  _rsvd_ISR                       
0     00339007  _MPU_Init                       
0     00339051  _MPU_Set_Gyro_Fsr               
0     0033905d  _MPU_Set_Accel_Fsr              
0     00339068  _MPU_Set_LPF                    
0     0033908d  _MPU_Set_Rate                   
0     003390b0  _MPU_Write_Byte                 
0     003390c3  _MPU_Read_Byte                  
0     003390d5  _MPU_Write_Len                  
0     003390e5  _MPU_Read_Len                   
0     003390f5  _MPU_Get_Temperature            
0     0033911c  _MPU_Get_Gyroscope              
0     0033913c  _MPU_Get_Accelerometer          
0     003391a4  _mpu6050_send_kalman            
0     003391bd  _mpu6050_send_data              
0     003391f4  _usart1_report_imu              
0     0033924e  _TIM0_Init                      
0     00339288  _TIM1_Init                      
0     003392be  _Kalman_Filter                  
0     003393dd  _TIM2_Init                      
0     00339413  LL$$DIV                         
0     0033944f  LL$$MOD                         
0     00339489  ULL$$DIV                        
0     003394b8  ULL$$MOD                        
0     0033951a  _InitSysCtrl                    
0     00339523  _ServiceDog                     
0     0033952d  _DisableDog                     
0     00339535  _InitPll                        
0     00339586  _InitPeripheralClocks           
0     003395e1  _CsmUnlock                      
0     00339612  _I2CA_Init                      
0     0033964b  _I2C_WriteData                  
0     00339698  _I2C_ReadData                   
0     0033970a  _atan2                          
0     0033970a  _atan2f                         
0     003397dc  _TIM0_IRQn                      
0     00339885  _TIM1_IRQn                      
0     00339899  _TIM2_IRQn                      
0     003398ad  _atan                           
0     003398ad  _atanf                          
0     00339977  _ldexpl                         
0     00339977  _scalbnl                        
0     00339a25  FD$$ADD                         
0     00339ac1  FD$$DIV                         
0     00339b4c  FS$$DIV                         
0     00339bd4  FD$$MPY                         
0     00339c57  _InitCpuTimers                  
0     00339c98  _ConfigCpuTimer                 
0     00339cd2  _UARTa_Init                     
0     00339d0b  _uart_printf                    
0     00339d2d  _usart1_send_char               
0     00339d39  _frexpl                         
0     00339d93  _c_int00                        
0     00339de9  _delay_ms                       
0     00339e2b  _LED_Init                       
0     00339e6b  _main                           
0     00339ea9  _atoi                           
0     00339eda  ___TI_ltoa                      
0     00339f0a  _vsprintf                       
0     00339f3a  _InitSci                        
0     00339f3b  _InitSciGpio                    
0     00339f40  _InitSciaGpio                   
0     00339f55  _InitScibGpio                   
0     00339f69  FD$$CMP                         
0     00339f93  L$$DIV                          
0     00339fa2  L$$MOD                          
0     00339fb0  UL$$DIV                         
0     00339fb7  UL$$MOD                         
0     00339fbd  C$$EXIT                         
0     00339fbd  _abort                          
0     00339fbf  _exit                           
0     00339fe6  _copysignl                      
0     0033a00b  _copy_in                        
0     0033a02f  FD$$TOFS                        
0     0033a052  FD$$TOI                         
0     0033a073  _InitPieVectTable               
0     0033a093  FD$$TOL                         
0     0033a0b2  LL$$CMP                         
0     0033a0c4  ULL$$CMP                        
0     0033a0d0  I$$TOFD                         
0     0033a0ed  _memcpy                         
0     0033a10a  FS$$TOFD                        
0     0033a126  L$$TOFD                         
0     0033a142  FD$$TOUL                        
0     0033a15d  LL$$AND                         
0     0033a165  LL$$OR                          
0     0033a16d  LL$$XOR                         
0     0033a175  _InitI2C                        
0     0033a176  _InitI2CGpio                    
0     0033a18c  U$$TOFD                         
0     0033a1a3  LL$$MPY                         
0     0033a1b7  _MemCopy                        
0     0033a1ca  __args_main                     
0     0033a1dc  _memccpy                        
0     0033a1ec  FD$$SUB                         
0     0033a1fa  _strchr                         
0     0033a206  __register_unlock               
0     0033a20a  __register_lock                 
0     0033a20e  __nop                           
0     0033a20f  FD$$NEG                         
0     0033a218  _wcslen                         
0     0033a229  _strlen                         
0     0033a231  _memset                         
0     0033a238  _strcpy                         
0     0033a23d  __system_pre_init               
0     0033a23f  __system_post_cinit             
0     0033a240  ___etext__                      
0     0033a240  __ctypes_                       
0     0033a240  etext                           
0     0033a342  _PieVectTableInit               
0     0033a584  _reg                            
0     0033a5a0  _test                           
0     0033a61c  _hw                             
0     0033a626  ___cinit__                      
0     0033a626  cinit                           
0     0033fff6  code_start                      
0     00380080  _ADC_cal                        
1     00000880  _DevEmuRegs                     
1     00000a80  _FlashRegs                      
1     00000ae0  _CsmRegs                        
1     00000b00  _AdcMirror                      
1     00000b20  _XintfRegs                      
1     00000c00  _CpuTimer0Regs                  
1     00000c08  _CpuTimer1Regs                  
1     00000c10  _CpuTimer2Regs                  
1     00000ce0  _PieCtrlRegs                    
1     00000d00  _PieVectTable                   
1     00001000  _DmaRegs                        
1     00005000  _McbspaRegs                     
1     00005040  _McbspbRegs                     
1     00006000  _ECanaRegs                      
1     00006040  _ECanaLAMRegs                   
1     00006080  _ECanaMOTSRegs                  
1     000060c0  _ECanaMOTORegs                  
1     00006100  _ECanaMboxes                    
1     00006200  _ECanbRegs                      
1     00006240  _ECanbLAMRegs                   
1     00006280  _ECanbMOTSRegs                  
1     000062c0  _ECanbMOTORegs                  
1     00006300  _ECanbMboxes                    
1     00006800  _EPwm1Regs                      
1     00006840  _EPwm2Regs                      
1     00006880  _EPwm3Regs                      
1     000068c0  _EPwm4Regs                      
1     00006900  _EPwm5Regs                      
1     00006940  _EPwm6Regs                      
1     00006a00  _ECap1Regs                      
1     00006a20  _ECap2Regs                      
1     00006a40  _ECap3Regs                      
1     00006a60  _ECap4Regs                      
1     00006a80  _ECap5Regs                      
1     00006aa0  _ECap6Regs                      
1     00006b00  _EQep1Regs                      
1     00006b40  _EQep2Regs                      
1     00006f80  _GpioCtrlRegs                   
1     00006fc0  _GpioDataRegs                   
1     00006fe0  _GpioIntRegs                    
1     00007010  _SysCtrlRegs                    
1     00007040  _SpiaRegs                       
1     00007050  _SciaRegs                       
1     00007070  _XIntruptRegs                   
1     00007100  _AdcRegs                        
1     00007750  _ScibRegs                       
1     00007770  _ScicRegs                       
1     00007900  _I2caRegs                       
1     0000c000  __stack                         
1     0000c300  __STACK_END                     
1     0000c510  _gyrox                          
1     0000c511  _gyroy                          
1     0000c512  _gyroz                          
1     0000c513  _aacx                           
1     0000c514  _aacy                           
1     0000c515  _aacz                           
1     0000c516  _dt                             
1     0000c518  _angle                          
1     0000c51a  _angle_dot                      
1     0000c51c  _Q_angle                        
1     0000c51e  _Q_gyro                         
1     0000c520  _R_angle                        
1     0000c522  _q_bias                         
1     0000c524  _angle_err                      
1     0000c526  _E                              
1     0000c528  _K_0                            
1     0000c52a  _K_1                            
1     0000c52c  _angle_m                        
1     0000c52e  _gyro_m                         
1     0000c530  _P                              
1     0000c538  _Pdot                           
1     0000c55e  _CpuTimer0                      
1     0000c566  _CpuTimer1                      
1     0000c56e  _CpuTimer2                      
1     0000c57e  __lock                          
1     0000c580  ___TI_enable_exit_profile_output
1     0000c582  ___TI_cleanup_ptr               
1     0000c584  ___TI_dtors_ptr                 
1     0000c586  __unlock                        
1     0000c588  _T                              
1     0000c589  _res                            
1     0000c58a  _errno                          
1     0033fff8  _CsmPwl                         
abs   00000300  __STACK_SIZE                    
abs   ffffffff  ___TI_pprof_out_hndl            
abs   ffffffff  ___TI_prof_data_size            
abs   ffffffff  ___TI_prof_data_start           
abs   ffffffff  ___binit__                      
abs   ffffffff  ___c_args__                     
abs   ffffffff  ___pinit__                      
abs   ffffffff  binit                           
abs   ffffffff  pinit                           

[296 symbols]
