<?xml version="1.0" encoding="ISO-8859-1" ?>
<link_info>
   <banner>TMS320C2000 Linker PC v21.6.0.LTS</banner>
   <copyright>Copyright (c) 1996-2018 Texas Instruments Incorporated</copyright>
   <link_time>0x620f641d</link_time>
   <link_errors>0x0</link_errors>
   <output_file>kalman_test1.out</output_file>
   <entry_point>
      <name>_c_int00</name>
      <address>0x339d93</address>
   </entry_point>
   <input_file_list>
      <input_file id="fl-2">
         <path>.\app\src\</path>
         <kind>object</kind>
         <file>common.obj</file>
         <name>common.obj</name>
      </input_file>
      <input_file id="fl-3">
         <path>.\app\src\</path>
         <kind>object</kind>
         <file>i2c.obj</file>
         <name>i2c.obj</name>
      </input_file>
      <input_file id="fl-4">
         <path>.\app\src\</path>
         <kind>object</kind>
         <file>leds.obj</file>
         <name>leds.obj</name>
      </input_file>
      <input_file id="fl-5">
         <path>.\app\src\</path>
         <kind>object</kind>
         <file>mpu6050.obj</file>
         <name>mpu6050.obj</name>
      </input_file>
      <input_file id="fl-6">
         <path>.\app\src\</path>
         <kind>object</kind>
         <file>timer.obj</file>
         <name>timer.obj</name>
      </input_file>
      <input_file id="fl-7">
         <path>.\app\src\</path>
         <kind>object</kind>
         <file>uart.obj</file>
         <name>uart.obj</name>
      </input_file>
      <input_file id="fl-8">
         <path>.\app\src\eMPL\</path>
         <kind>object</kind>
         <file>inv_mpu.obj</file>
         <name>inv_mpu.obj</name>
      </input_file>
      <input_file id="fl-9">
         <path>.\app\src\eMPL\</path>
         <kind>object</kind>
         <file>inv_mpu_dmp_motion_driver.obj</file>
         <name>inv_mpu_dmp_motion_driver.obj</name>
      </input_file>
      <input_file id="fl-a">
         <path>.\source\</path>
         <kind>object</kind>
         <file>DSP2833x_ADC_cal.obj</file>
         <name>DSP2833x_ADC_cal.obj</name>
      </input_file>
      <input_file id="fl-b">
         <path>.\source\</path>
         <kind>object</kind>
         <file>DSP2833x_Adc.obj</file>
         <name>DSP2833x_Adc.obj</name>
      </input_file>
      <input_file id="fl-c">
         <path>.\source\</path>
         <kind>object</kind>
         <file>DSP2833x_CodeStartBranch.obj</file>
         <name>DSP2833x_CodeStartBranch.obj</name>
      </input_file>
      <input_file id="fl-d">
         <path>.\source\</path>
         <kind>object</kind>
         <file>DSP2833x_CpuTimers.obj</file>
         <name>DSP2833x_CpuTimers.obj</name>
      </input_file>
      <input_file id="fl-e">
         <path>.\source\</path>
         <kind>object</kind>
         <file>DSP2833x_DefaultIsr.obj</file>
         <name>DSP2833x_DefaultIsr.obj</name>
      </input_file>
      <input_file id="fl-f">
         <path>.\source\</path>
         <kind>object</kind>
         <file>DSP2833x_EPwm.obj</file>
         <name>DSP2833x_EPwm.obj</name>
      </input_file>
      <input_file id="fl-10">
         <path>.\source\</path>
         <kind>object</kind>
         <file>DSP2833x_GlobalVariableDefs.obj</file>
         <name>DSP2833x_GlobalVariableDefs.obj</name>
      </input_file>
      <input_file id="fl-11">
         <path>.\source\</path>
         <kind>object</kind>
         <file>DSP2833x_Gpio.obj</file>
         <name>DSP2833x_Gpio.obj</name>
      </input_file>
      <input_file id="fl-12">
         <path>.\source\</path>
         <kind>object</kind>
         <file>DSP2833x_I2C.obj</file>
         <name>DSP2833x_I2C.obj</name>
      </input_file>
      <input_file id="fl-13">
         <path>.\source\</path>
         <kind>object</kind>
         <file>DSP2833x_MemCopy.obj</file>
         <name>DSP2833x_MemCopy.obj</name>
      </input_file>
      <input_file id="fl-14">
         <path>.\source\</path>
         <kind>object</kind>
         <file>DSP2833x_PieCtrl.obj</file>
         <name>DSP2833x_PieCtrl.obj</name>
      </input_file>
      <input_file id="fl-15">
         <path>.\source\</path>
         <kind>object</kind>
         <file>DSP2833x_PieVect.obj</file>
         <name>DSP2833x_PieVect.obj</name>
      </input_file>
      <input_file id="fl-16">
         <path>.\source\</path>
         <kind>object</kind>
         <file>DSP2833x_Sci.obj</file>
         <name>DSP2833x_Sci.obj</name>
      </input_file>
      <input_file id="fl-17">
         <path>.\source\</path>
         <kind>object</kind>
         <file>DSP2833x_Spi.obj</file>
         <name>DSP2833x_Spi.obj</name>
      </input_file>
      <input_file id="fl-18">
         <path>.\source\</path>
         <kind>object</kind>
         <file>DSP2833x_SysCtrl.obj</file>
         <name>DSP2833x_SysCtrl.obj</name>
      </input_file>
      <input_file id="fl-19">
         <path>.\source\</path>
         <kind>object</kind>
         <file>DSP2833x_usDelay.obj</file>
         <name>DSP2833x_usDelay.obj</name>
      </input_file>
      <input_file id="fl-1a">
         <path>.\user\</path>
         <kind>object</kind>
         <file>main_kalman1.obj</file>
         <name>main_kalman1.obj</name>
      </input_file>
      <input_file id="fl-20">
         <kind>object</kind>
         <file>&lt;internal&gt;</file>
         <name>&lt;internal&gt;</name>
      </input_file>
      <input_file id="fl-2c">
         <path>E:\ti\ccs1110\ccs\tools\compiler\ti-cgt-c2000_21.6.0.LTS\lib\</path>
         <kind>archive</kind>
         <file>rts2800_fpu32.lib</file>
         <name>vsprintf.c.obj</name>
      </input_file>
      <input_file id="fl-2d">
         <path>E:\ti\ccs1110\ccs\tools\compiler\ti-cgt-c2000_21.6.0.LTS\lib\</path>
         <kind>archive</kind>
         <file>rts2800_fpu32.lib</file>
         <name>e_asinf.c.obj</name>
      </input_file>
      <input_file id="fl-2e">
         <path>E:\ti\ccs1110\ccs\tools\compiler\ti-cgt-c2000_21.6.0.LTS\lib\</path>
         <kind>archive</kind>
         <file>rts2800_fpu32.lib</file>
         <name>e_atan2f.c.obj</name>
      </input_file>
      <input_file id="fl-2f">
         <path>E:\ti\ccs1110\ccs\tools\compiler\ti-cgt-c2000_21.6.0.LTS\lib\</path>
         <kind>archive</kind>
         <file>rts2800_fpu32.lib</file>
         <name>s_atanf.c.obj</name>
      </input_file>
      <input_file id="fl-30">
         <path>E:\ti\ccs1110\ccs\tools\compiler\ti-cgt-c2000_21.6.0.LTS\lib\</path>
         <kind>archive</kind>
         <file>rts2800_fpu32.lib</file>
         <name>boot28.asm.obj</name>
      </input_file>
      <input_file id="fl-31">
         <path>E:\ti\ccs1110\ccs\tools\compiler\ti-cgt-c2000_21.6.0.LTS\lib\</path>
         <kind>archive</kind>
         <file>rts2800_fpu32.lib</file>
         <name>fd_add28.asm.obj</name>
      </input_file>
      <input_file id="fl-32">
         <path>E:\ti\ccs1110\ccs\tools\compiler\ti-cgt-c2000_21.6.0.LTS\lib\</path>
         <kind>archive</kind>
         <file>rts2800_fpu32.lib</file>
         <name>fd_mpy28.asm.obj</name>
      </input_file>
      <input_file id="fl-33">
         <path>E:\ti\ccs1110\ccs\tools\compiler\ti-cgt-c2000_21.6.0.LTS\lib\</path>
         <kind>archive</kind>
         <file>rts2800_fpu32.lib</file>
         <name>fd_sub28.asm.obj</name>
      </input_file>
      <input_file id="fl-34">
         <path>E:\ti\ccs1110\ccs\tools\compiler\ti-cgt-c2000_21.6.0.LTS\lib\</path>
         <kind>archive</kind>
         <file>rts2800_fpu32.lib</file>
         <name>fd_toul28.asm.obj</name>
      </input_file>
      <input_file id="fl-35">
         <path>E:\ti\ccs1110\ccs\tools\compiler\ti-cgt-c2000_21.6.0.LTS\lib\</path>
         <kind>archive</kind>
         <file>rts2800_fpu32.lib</file>
         <name>fs_div28.asm.obj</name>
      </input_file>
      <input_file id="fl-36">
         <path>E:\ti\ccs1110\ccs\tools\compiler\ti-cgt-c2000_21.6.0.LTS\lib\</path>
         <kind>archive</kind>
         <file>rts2800_fpu32.lib</file>
         <name>ll_div28.asm.obj</name>
      </input_file>
      <input_file id="fl-37">
         <path>E:\ti\ccs1110\ccs\tools\compiler\ti-cgt-c2000_21.6.0.LTS\lib\</path>
         <kind>archive</kind>
         <file>rts2800_fpu32.lib</file>
         <name>ll_mpy28.asm.obj</name>
      </input_file>
      <input_file id="fl-38">
         <path>E:\ti\ccs1110\ccs\tools\compiler\ti-cgt-c2000_21.6.0.LTS\lib\</path>
         <kind>archive</kind>
         <file>rts2800_fpu32.lib</file>
         <name>u_tofd28.asm.obj</name>
      </input_file>
      <input_file id="fl-39">
         <path>E:\ti\ccs1110\ccs\tools\compiler\ti-cgt-c2000_21.6.0.LTS\lib\</path>
         <kind>archive</kind>
         <file>rts2800_fpu32.lib</file>
         <name>l_div28.asm.obj</name>
      </input_file>
      <input_file id="fl-3a">
         <path>E:\ti\ccs1110\ccs\tools\compiler\ti-cgt-c2000_21.6.0.LTS\lib\</path>
         <kind>archive</kind>
         <file>rts2800_fpu32.lib</file>
         <name>fs_tofdfpu32.asm.obj</name>
      </input_file>
      <input_file id="fl-3b">
         <path>E:\ti\ccs1110\ccs\tools\compiler\ti-cgt-c2000_21.6.0.LTS\lib\</path>
         <kind>archive</kind>
         <file>rts2800_fpu32.lib</file>
         <name>fd_tofsfpu32.asm.obj</name>
      </input_file>
      <input_file id="fl-3c">
         <path>E:\ti\ccs1110\ccs\tools\compiler\ti-cgt-c2000_21.6.0.LTS\lib\</path>
         <kind>archive</kind>
         <file>rts2800_fpu32.lib</file>
         <name>fd_div28.asm.obj</name>
      </input_file>
      <input_file id="fl-3d">
         <path>E:\ti\ccs1110\ccs\tools\compiler\ti-cgt-c2000_21.6.0.LTS\lib\</path>
         <kind>archive</kind>
         <file>rts2800_fpu32.lib</file>
         <name>cpy_tbl.c.obj</name>
      </input_file>
      <input_file id="fl-3e">
         <path>E:\ti\ccs1110\ccs\tools\compiler\ti-cgt-c2000_21.6.0.LTS\lib\</path>
         <kind>archive</kind>
         <file>rts2800_fpu32.lib</file>
         <name>memcpy.c.obj</name>
      </input_file>
      <input_file id="fl-3f">
         <path>E:\ti\ccs1110\ccs\tools\compiler\ti-cgt-c2000_21.6.0.LTS\lib\</path>
         <kind>archive</kind>
         <file>rts2800_fpu32.lib</file>
         <name>pre_init.c.obj</name>
      </input_file>
      <input_file id="fl-40">
         <path>E:\ti\ccs1110\ccs\tools\compiler\ti-cgt-c2000_21.6.0.LTS\lib\</path>
         <kind>archive</kind>
         <file>rts2800_fpu32.lib</file>
         <name>startup.c.obj</name>
      </input_file>
      <input_file id="fl-41">
         <path>E:\ti\ccs1110\ccs\tools\compiler\ti-cgt-c2000_21.6.0.LTS\lib\</path>
         <kind>archive</kind>
         <file>rts2800_fpu32.lib</file>
         <name>exit.c.obj</name>
      </input_file>
      <input_file id="fl-42">
         <path>E:\ti\ccs1110\ccs\tools\compiler\ti-cgt-c2000_21.6.0.LTS\lib\</path>
         <kind>archive</kind>
         <file>rts2800_fpu32.lib</file>
         <name>_lock.c.obj</name>
      </input_file>
      <input_file id="fl-43">
         <path>E:\ti\ccs1110\ccs\tools\compiler\ti-cgt-c2000_21.6.0.LTS\lib\</path>
         <kind>archive</kind>
         <file>rts2800_fpu32.lib</file>
         <name>args_main.c.obj</name>
      </input_file>
      <input_file id="fl-44">
         <path>E:\ti\ccs1110\ccs\tools\compiler\ti-cgt-c2000_21.6.0.LTS\lib\</path>
         <kind>archive</kind>
         <file>rts2800_fpu32.lib</file>
         <name>memcmp.c.obj</name>
      </input_file>
      <input_file id="fl-45">
         <path>E:\ti\ccs1110\ccs\tools\compiler\ti-cgt-c2000_21.6.0.LTS\lib\</path>
         <kind>archive</kind>
         <file>rts2800_fpu32.lib</file>
         <name>errno.c.obj</name>
      </input_file>
      <input_file id="fl-46">
         <path>E:\ti\ccs1110\ccs\tools\compiler\ti-cgt-c2000_21.6.0.LTS\lib\</path>
         <kind>archive</kind>
         <file>rts2800_fpu32.lib</file>
         <name>_printfi.c.obj</name>
      </input_file>
      <input_file id="fl-47">
         <path>E:\ti\ccs1110\ccs\tools\compiler\ti-cgt-c2000_21.6.0.LTS\lib\</path>
         <kind>archive</kind>
         <file>rts2800_fpu32.lib</file>
         <name>e_sqrt.c.obj</name>
      </input_file>
      <input_file id="fl-48">
         <path>E:\ti\ccs1110\ccs\tools\compiler\ti-cgt-c2000_21.6.0.LTS\lib\</path>
         <kind>archive</kind>
         <file>rts2800_fpu32.lib</file>
         <name>s_frexp.c.obj</name>
      </input_file>
      <input_file id="fl-49">
         <path>E:\ti\ccs1110\ccs\tools\compiler\ti-cgt-c2000_21.6.0.LTS\lib\</path>
         <kind>archive</kind>
         <file>rts2800_fpu32.lib</file>
         <name>s_scalbn.c.obj</name>
      </input_file>
      <input_file id="fl-4a">
         <path>E:\ti\ccs1110\ccs\tools\compiler\ti-cgt-c2000_21.6.0.LTS\lib\</path>
         <kind>archive</kind>
         <file>rts2800_fpu32.lib</file>
         <name>fd_cmp28.asm.obj</name>
      </input_file>
      <input_file id="fl-4b">
         <path>E:\ti\ccs1110\ccs\tools\compiler\ti-cgt-c2000_21.6.0.LTS\lib\</path>
         <kind>archive</kind>
         <file>rts2800_fpu32.lib</file>
         <name>fd_neg28.asm.obj</name>
      </input_file>
      <input_file id="fl-4c">
         <path>E:\ti\ccs1110\ccs\tools\compiler\ti-cgt-c2000_21.6.0.LTS\lib\</path>
         <kind>archive</kind>
         <file>rts2800_fpu32.lib</file>
         <name>fd_toi28.asm.obj</name>
      </input_file>
      <input_file id="fl-4d">
         <path>E:\ti\ccs1110\ccs\tools\compiler\ti-cgt-c2000_21.6.0.LTS\lib\</path>
         <kind>archive</kind>
         <file>rts2800_fpu32.lib</file>
         <name>fd_tol28.asm.obj</name>
      </input_file>
      <input_file id="fl-4e">
         <path>E:\ti\ccs1110\ccs\tools\compiler\ti-cgt-c2000_21.6.0.LTS\lib\</path>
         <kind>archive</kind>
         <file>rts2800_fpu32.lib</file>
         <name>ll_aox28.asm.obj</name>
      </input_file>
      <input_file id="fl-4f">
         <path>E:\ti\ccs1110\ccs\tools\compiler\ti-cgt-c2000_21.6.0.LTS\lib\</path>
         <kind>archive</kind>
         <file>rts2800_fpu32.lib</file>
         <name>ll_cmp28.asm.obj</name>
      </input_file>
      <input_file id="fl-50">
         <path>E:\ti\ccs1110\ccs\tools\compiler\ti-cgt-c2000_21.6.0.LTS\lib\</path>
         <kind>archive</kind>
         <file>rts2800_fpu32.lib</file>
         <name>i_tofd28.asm.obj</name>
      </input_file>
      <input_file id="fl-51">
         <path>E:\ti\ccs1110\ccs\tools\compiler\ti-cgt-c2000_21.6.0.LTS\lib\</path>
         <kind>archive</kind>
         <file>rts2800_fpu32.lib</file>
         <name>l_tofd28.asm.obj</name>
      </input_file>
      <input_file id="fl-52">
         <path>E:\ti\ccs1110\ccs\tools\compiler\ti-cgt-c2000_21.6.0.LTS\lib\</path>
         <kind>archive</kind>
         <file>rts2800_fpu32.lib</file>
         <name>_ltoa.c.obj</name>
      </input_file>
      <input_file id="fl-53">
         <path>E:\ti\ccs1110\ccs\tools\compiler\ti-cgt-c2000_21.6.0.LTS\lib\</path>
         <kind>archive</kind>
         <file>rts2800_fpu32.lib</file>
         <name>atoi.c.obj</name>
      </input_file>
      <input_file id="fl-54">
         <path>E:\ti\ccs1110\ccs\tools\compiler\ti-cgt-c2000_21.6.0.LTS\lib\</path>
         <kind>archive</kind>
         <file>rts2800_fpu32.lib</file>
         <name>ctype.c.obj</name>
      </input_file>
      <input_file id="fl-55">
         <path>E:\ti\ccs1110\ccs\tools\compiler\ti-cgt-c2000_21.6.0.LTS\lib\</path>
         <kind>archive</kind>
         <file>rts2800_fpu32.lib</file>
         <name>memccpy.c.obj</name>
      </input_file>
      <input_file id="fl-56">
         <path>E:\ti\ccs1110\ccs\tools\compiler\ti-cgt-c2000_21.6.0.LTS\lib\</path>
         <kind>archive</kind>
         <file>rts2800_fpu32.lib</file>
         <name>memset.c.obj</name>
      </input_file>
      <input_file id="fl-57">
         <path>E:\ti\ccs1110\ccs\tools\compiler\ti-cgt-c2000_21.6.0.LTS\lib\</path>
         <kind>archive</kind>
         <file>rts2800_fpu32.lib</file>
         <name>strchr.c.obj</name>
      </input_file>
      <input_file id="fl-58">
         <path>E:\ti\ccs1110\ccs\tools\compiler\ti-cgt-c2000_21.6.0.LTS\lib\</path>
         <kind>archive</kind>
         <file>rts2800_fpu32.lib</file>
         <name>strcpy.c.obj</name>
      </input_file>
      <input_file id="fl-59">
         <path>E:\ti\ccs1110\ccs\tools\compiler\ti-cgt-c2000_21.6.0.LTS\lib\</path>
         <kind>archive</kind>
         <file>rts2800_fpu32.lib</file>
         <name>strlen.c.obj</name>
      </input_file>
      <input_file id="fl-5a">
         <path>E:\ti\ccs1110\ccs\tools\compiler\ti-cgt-c2000_21.6.0.LTS\lib\</path>
         <kind>archive</kind>
         <file>rts2800_fpu32.lib</file>
         <name>wcslen.c.obj</name>
      </input_file>
      <input_file id="fl-5b">
         <path>E:\ti\ccs1110\ccs\tools\compiler\ti-cgt-c2000_21.6.0.LTS\lib\</path>
         <kind>archive</kind>
         <file>rts2800_fpu32.lib</file>
         <name>s_copysign.c.obj</name>
      </input_file>
   </input_file_list>
   <object_component_list>
      <object_component id="oc-d1">
         <name>PieVectTableFile</name>
         <uninitialized>true</uninitialized>
         <run_address>0xd00</run_address>
         <size>0x100</size>
         <input_file_ref idref="fl-10"/>
      </object_component>
      <object_component id="oc-cd">
         <name>DevEmuRegsFile</name>
         <uninitialized>true</uninitialized>
         <run_address>0x880</run_address>
         <size>0xd0</size>
         <input_file_ref idref="fl-10"/>
      </object_component>
      <object_component id="oc-a5">
         <name>FlashRegsFile</name>
         <uninitialized>true</uninitialized>
         <run_address>0xa80</run_address>
         <size>0x8</size>
         <input_file_ref idref="fl-10"/>
      </object_component>
      <object_component id="oc-a8">
         <name>CsmRegsFile</name>
         <uninitialized>true</uninitialized>
         <run_address>0xae0</run_address>
         <size>0x10</size>
         <input_file_ref idref="fl-10"/>
      </object_component>
      <object_component id="oc-a7">
         <name>AdcMirrorFile</name>
         <uninitialized>true</uninitialized>
         <run_address>0xb00</run_address>
         <size>0x10</size>
         <input_file_ref idref="fl-10"/>
      </object_component>
      <object_component id="oc-b0">
         <name>XintfRegsFile</name>
         <uninitialized>true</uninitialized>
         <run_address>0xb20</run_address>
         <size>0x1e</size>
         <input_file_ref idref="fl-10"/>
      </object_component>
      <object_component id="oc-a1">
         <name>CpuTimer0RegsFile</name>
         <uninitialized>true</uninitialized>
         <run_address>0xc00</run_address>
         <size>0x8</size>
         <input_file_ref idref="fl-10"/>
      </object_component>
      <object_component id="oc-a2">
         <name>CpuTimer1RegsFile</name>
         <uninitialized>true</uninitialized>
         <run_address>0xc08</run_address>
         <size>0x8</size>
         <input_file_ref idref="fl-10"/>
      </object_component>
      <object_component id="oc-a3">
         <name>CpuTimer2RegsFile</name>
         <uninitialized>true</uninitialized>
         <run_address>0xc10</run_address>
         <size>0x8</size>
         <input_file_ref idref="fl-10"/>
      </object_component>
      <object_component id="oc-ae">
         <name>PieCtrlRegsFile</name>
         <uninitialized>true</uninitialized>
         <run_address>0xce0</run_address>
         <size>0x1a</size>
         <input_file_ref idref="fl-10"/>
      </object_component>
      <object_component id="oc-ce">
         <name>DmaRegsFile</name>
         <uninitialized>true</uninitialized>
         <run_address>0x1000</run_address>
         <size>0xe0</size>
         <input_file_ref idref="fl-10"/>
      </object_component>
      <object_component id="oc-c0">
         <name>McbspaRegsFile</name>
         <uninitialized>true</uninitialized>
         <run_address>0x5000</run_address>
         <size>0x25</size>
         <input_file_ref idref="fl-10"/>
      </object_component>
      <object_component id="oc-c1">
         <name>McbspbRegsFile</name>
         <uninitialized>true</uninitialized>
         <run_address>0x5040</run_address>
         <size>0x25</size>
         <input_file_ref idref="fl-10"/>
      </object_component>
      <object_component id="oc-c3">
         <name>ECanaRegsFile</name>
         <uninitialized>true</uninitialized>
         <run_address>0x6000</run_address>
         <size>0x34</size>
         <input_file_ref idref="fl-10"/>
      </object_component>
      <object_component id="oc-c5">
         <name>ECanaLAMRegsFile</name>
         <uninitialized>true</uninitialized>
         <run_address>0x6040</run_address>
         <size>0x40</size>
         <input_file_ref idref="fl-10"/>
      </object_component>
      <object_component id="oc-cf">
         <name>ECanaMboxesFile</name>
         <uninitialized>true</uninitialized>
         <run_address>0x6100</run_address>
         <size>0x100</size>
         <input_file_ref idref="fl-10"/>
      </object_component>
      <object_component id="oc-c6">
         <name>ECanaMOTSRegsFile</name>
         <uninitialized>true</uninitialized>
         <run_address>0x6080</run_address>
         <size>0x40</size>
         <input_file_ref idref="fl-10"/>
      </object_component>
      <object_component id="oc-c7">
         <name>ECanaMOTORegsFile</name>
         <uninitialized>true</uninitialized>
         <run_address>0x60c0</run_address>
         <size>0x40</size>
         <input_file_ref idref="fl-10"/>
      </object_component>
      <object_component id="oc-c4">
         <name>ECanbRegsFile</name>
         <uninitialized>true</uninitialized>
         <run_address>0x6200</run_address>
         <size>0x34</size>
         <input_file_ref idref="fl-10"/>
      </object_component>
      <object_component id="oc-c8">
         <name>ECanbLAMRegsFile</name>
         <uninitialized>true</uninitialized>
         <run_address>0x6240</run_address>
         <size>0x40</size>
         <input_file_ref idref="fl-10"/>
      </object_component>
      <object_component id="oc-d0">
         <name>ECanbMboxesFile</name>
         <uninitialized>true</uninitialized>
         <run_address>0x6300</run_address>
         <size>0x100</size>
         <input_file_ref idref="fl-10"/>
      </object_component>
      <object_component id="oc-c9">
         <name>ECanbMOTSRegsFile</name>
         <uninitialized>true</uninitialized>
         <run_address>0x6280</run_address>
         <size>0x40</size>
         <input_file_ref idref="fl-10"/>
      </object_component>
      <object_component id="oc-ca">
         <name>ECanbMOTORegsFile</name>
         <uninitialized>true</uninitialized>
         <run_address>0x62c0</run_address>
         <size>0x40</size>
         <input_file_ref idref="fl-10"/>
      </object_component>
      <object_component id="oc-b9">
         <name>EPwm1RegsFile</name>
         <uninitialized>true</uninitialized>
         <run_address>0x6800</run_address>
         <size>0x22</size>
         <input_file_ref idref="fl-10"/>
      </object_component>
      <object_component id="oc-ba">
         <name>EPwm2RegsFile</name>
         <uninitialized>true</uninitialized>
         <run_address>0x6840</run_address>
         <size>0x22</size>
         <input_file_ref idref="fl-10"/>
      </object_component>
      <object_component id="oc-bb">
         <name>EPwm3RegsFile</name>
         <uninitialized>true</uninitialized>
         <run_address>0x6880</run_address>
         <size>0x22</size>
         <input_file_ref idref="fl-10"/>
      </object_component>
      <object_component id="oc-bc">
         <name>EPwm4RegsFile</name>
         <uninitialized>true</uninitialized>
         <run_address>0x68c0</run_address>
         <size>0x22</size>
         <input_file_ref idref="fl-10"/>
      </object_component>
      <object_component id="oc-bd">
         <name>EPwm5RegsFile</name>
         <uninitialized>true</uninitialized>
         <run_address>0x6900</run_address>
         <size>0x22</size>
         <input_file_ref idref="fl-10"/>
      </object_component>
      <object_component id="oc-be">
         <name>EPwm6RegsFile</name>
         <uninitialized>true</uninitialized>
         <run_address>0x6940</run_address>
         <size>0x22</size>
         <input_file_ref idref="fl-10"/>
      </object_component>
      <object_component id="oc-b1">
         <name>ECap1RegsFile</name>
         <uninitialized>true</uninitialized>
         <run_address>0x6a00</run_address>
         <size>0x20</size>
         <input_file_ref idref="fl-10"/>
      </object_component>
      <object_component id="oc-b2">
         <name>ECap2RegsFile</name>
         <uninitialized>true</uninitialized>
         <run_address>0x6a20</run_address>
         <size>0x20</size>
         <input_file_ref idref="fl-10"/>
      </object_component>
      <object_component id="oc-b3">
         <name>ECap3RegsFile</name>
         <uninitialized>true</uninitialized>
         <run_address>0x6a40</run_address>
         <size>0x20</size>
         <input_file_ref idref="fl-10"/>
      </object_component>
      <object_component id="oc-b4">
         <name>ECap4RegsFile</name>
         <uninitialized>true</uninitialized>
         <run_address>0x6a60</run_address>
         <size>0x20</size>
         <input_file_ref idref="fl-10"/>
      </object_component>
      <object_component id="oc-b5">
         <name>ECap5RegsFile</name>
         <uninitialized>true</uninitialized>
         <run_address>0x6a80</run_address>
         <size>0x20</size>
         <input_file_ref idref="fl-10"/>
      </object_component>
      <object_component id="oc-b6">
         <name>ECap6RegsFile</name>
         <uninitialized>true</uninitialized>
         <run_address>0x6aa0</run_address>
         <size>0x20</size>
         <input_file_ref idref="fl-10"/>
      </object_component>
      <object_component id="oc-cb">
         <name>EQep1RegsFile</name>
         <uninitialized>true</uninitialized>
         <run_address>0x6b00</run_address>
         <size>0x40</size>
         <input_file_ref idref="fl-10"/>
      </object_component>
      <object_component id="oc-cc">
         <name>EQep2RegsFile</name>
         <uninitialized>true</uninitialized>
         <run_address>0x6b40</run_address>
         <size>0x40</size>
         <input_file_ref idref="fl-10"/>
      </object_component>
      <object_component id="oc-c2">
         <name>GpioCtrlRegsFile</name>
         <uninitialized>true</uninitialized>
         <run_address>0x6f80</run_address>
         <size>0x2e</size>
         <input_file_ref idref="fl-10"/>
      </object_component>
      <object_component id="oc-b7">
         <name>GpioDataRegsFile</name>
         <uninitialized>true</uninitialized>
         <run_address>0x6fc0</run_address>
         <size>0x20</size>
         <input_file_ref idref="fl-10"/>
      </object_component>
      <object_component id="oc-a6">
         <name>GpioIntRegsFile</name>
         <uninitialized>true</uninitialized>
         <run_address>0x6fe0</run_address>
         <size>0xa</size>
         <input_file_ref idref="fl-10"/>
      </object_component>
      <object_component id="oc-b8">
         <name>SysCtrlRegsFile</name>
         <uninitialized>true</uninitialized>
         <run_address>0x7010</run_address>
         <size>0x20</size>
         <input_file_ref idref="fl-10"/>
      </object_component>
      <object_component id="oc-ac">
         <name>SpiaRegsFile</name>
         <uninitialized>true</uninitialized>
         <run_address>0x7040</run_address>
         <size>0x10</size>
         <input_file_ref idref="fl-10"/>
      </object_component>
      <object_component id="oc-a9">
         <name>SciaRegsFile</name>
         <uninitialized>true</uninitialized>
         <run_address>0x7050</run_address>
         <size>0x10</size>
         <input_file_ref idref="fl-10"/>
      </object_component>
      <object_component id="oc-ad">
         <name>XIntruptRegsFile</name>
         <uninitialized>true</uninitialized>
         <run_address>0x7070</run_address>
         <size>0x10</size>
         <input_file_ref idref="fl-10"/>
      </object_component>
      <object_component id="oc-af">
         <name>AdcRegsFile</name>
         <uninitialized>true</uninitialized>
         <run_address>0x7100</run_address>
         <size>0x1e</size>
         <input_file_ref idref="fl-10"/>
      </object_component>
      <object_component id="oc-aa">
         <name>ScibRegsFile</name>
         <uninitialized>true</uninitialized>
         <run_address>0x7750</run_address>
         <size>0x10</size>
         <input_file_ref idref="fl-10"/>
      </object_component>
      <object_component id="oc-ab">
         <name>ScicRegsFile</name>
         <uninitialized>true</uninitialized>
         <run_address>0x7770</run_address>
         <size>0x10</size>
         <input_file_ref idref="fl-10"/>
      </object_component>
      <object_component id="oc-bf">
         <name>I2caRegsFile</name>
         <uninitialized>true</uninitialized>
         <run_address>0x7900</run_address>
         <size>0x22</size>
         <input_file_ref idref="fl-10"/>
      </object_component>
      <object_component id="oc-a4">
         <name>CsmPwlFile</name>
         <uninitialized>true</uninitialized>
         <run_address>0x33fff8</run_address>
         <size>0x8</size>
         <input_file_ref idref="fl-10"/>
      </object_component>
      <object_component id="oc-63">
         <name>.cinit</name>
         <load_address>0x33a626</load_address>
         <run_address>0x33a626</run_address>
         <size>0x2d</size>
         <input_file_ref idref="fl-6"/>
      </object_component>
      <object_component id="oc-176">
         <name>.cinit</name>
         <load_address>0x33a653</load_address>
         <run_address>0x33a653</run_address>
         <size>0xe</size>
         <input_file_ref idref="fl-41"/>
      </object_component>
      <object_component id="oc-71">
         <name>.cinit</name>
         <load_address>0x33a661</load_address>
         <run_address>0x33a661</run_address>
         <size>0xd</size>
         <input_file_ref idref="fl-8"/>
      </object_component>
      <object_component id="oc-214">
         <name>.cinit:_P</name>
         <load_address>0x33a66e</load_address>
         <run_address>0x33a66e</run_address>
         <size>0xb</size>
         <input_file_ref idref="fl-6"/>
      </object_component>
      <object_component id="oc-216">
         <name>.cinit:_Pdot</name>
         <load_address>0x33a679</load_address>
         <run_address>0x33a679</run_address>
         <size>0xb</size>
         <input_file_ref idref="fl-6"/>
      </object_component>
      <object_component id="oc-79">
         <name>.cinit</name>
         <load_address>0x33a684</load_address>
         <run_address>0x33a684</run_address>
         <size>0xb</size>
         <input_file_ref idref="fl-9"/>
      </object_component>
      <object_component id="oc-20e">
         <name>.cinit:__lock</name>
         <load_address>0x33a68f</load_address>
         <run_address>0x33a68f</run_address>
         <size>0x5</size>
         <input_file_ref idref="fl-42"/>
      </object_component>
      <object_component id="oc-220">
         <name>.cinit:__unlock</name>
         <load_address>0x33a694</load_address>
         <run_address>0x33a694</run_address>
         <size>0x5</size>
         <input_file_ref idref="fl-42"/>
      </object_component>
      <object_component id="oc-101">
         <name>.cinit</name>
         <load_address>0x33a699</load_address>
         <run_address>0x33a699</run_address>
         <size>0x4</size>
         <input_file_ref idref="fl-1a"/>
      </object_component>
      <object_component id="oc-18c">
         <name>.cinit</name>
         <load_address>0x33a69d</load_address>
         <run_address>0x33a69d</run_address>
         <size>0x4</size>
         <input_file_ref idref="fl-45"/>
      </object_component>
      <object_component id="oc-22c">
         <name>.text</name>
         <load_address>0x338000</load_address>
         <run_address>0x338000</run_address>
         <size>0x6da</size>
         <input_file_ref idref="fl-46"/>
      </object_component>
      <object_component id="oc-225">
         <name>.text:__TI_printfi</name>
         <load_address>0x3386da</load_address>
         <run_address>0x3386da</run_address>
         <size>0x60a</size>
         <input_file_ref idref="fl-46"/>
      </object_component>
      <object_component id="oc-96">
         <name>.text:retain</name>
         <load_address>0x338ce4</load_address>
         <run_address>0x338ce4</run_address>
         <size>0x323</size>
         <input_file_ref idref="fl-e"/>
      </object_component>
      <object_component id="oc-204">
         <name>.text</name>
         <load_address>0x339007</load_address>
         <run_address>0x339007</run_address>
         <size>0x247</size>
         <input_file_ref idref="fl-5"/>
      </object_component>
      <object_component id="oc-206">
         <name>.text</name>
         <load_address>0x33924e</load_address>
         <run_address>0x33924e</run_address>
         <size>0x1c5</size>
         <input_file_ref idref="fl-6"/>
      </object_component>
      <object_component id="oc-13e">
         <name>.text</name>
         <load_address>0x339413</load_address>
         <run_address>0x339413</run_address>
         <size>0x107</size>
         <input_file_ref idref="fl-36"/>
      </object_component>
      <object_component id="oc-21c">
         <name>.text</name>
         <load_address>0x33951a</load_address>
         <run_address>0x33951a</run_address>
         <size>0xf8</size>
         <input_file_ref idref="fl-18"/>
      </object_component>
      <object_component id="oc-210">
         <name>.text</name>
         <load_address>0x339612</load_address>
         <run_address>0x339612</run_address>
         <size>0xf8</size>
         <input_file_ref idref="fl-3"/>
      </object_component>
      <object_component id="oc-205">
         <name>.text</name>
         <load_address>0x33970a</load_address>
         <run_address>0x33970a</run_address>
         <size>0xd2</size>
         <input_file_ref idref="fl-2e"/>
      </object_component>
      <object_component id="oc-65">
         <name>.text:retain</name>
         <load_address>0x3397dc</load_address>
         <run_address>0x3397dc</run_address>
         <size>0xd1</size>
         <input_file_ref idref="fl-6"/>
      </object_component>
      <object_component id="oc-211">
         <name>.text</name>
         <load_address>0x3398ad</load_address>
         <run_address>0x3398ad</run_address>
         <size>0xca</size>
         <input_file_ref idref="fl-2f"/>
      </object_component>
      <object_component id="oc-232">
         <name>.text</name>
         <load_address>0x339977</load_address>
         <run_address>0x339977</run_address>
         <size>0xae</size>
         <input_file_ref idref="fl-49"/>
      </object_component>
      <object_component id="oc-125">
         <name>.text</name>
         <load_address>0x339a25</load_address>
         <run_address>0x339a25</run_address>
         <size>0x9c</size>
         <input_file_ref idref="fl-31"/>
      </object_component>
      <object_component id="oc-15c">
         <name>.text</name>
         <load_address>0x339ac1</load_address>
         <run_address>0x339ac1</run_address>
         <size>0x8b</size>
         <input_file_ref idref="fl-3c"/>
      </object_component>
      <object_component id="oc-139">
         <name>.text</name>
         <load_address>0x339b4c</load_address>
         <run_address>0x339b4c</run_address>
         <size>0x88</size>
         <input_file_ref idref="fl-35"/>
      </object_component>
      <object_component id="oc-12a">
         <name>.text</name>
         <load_address>0x339bd4</load_address>
         <run_address>0x339bd4</run_address>
         <size>0x83</size>
         <input_file_ref idref="fl-32"/>
      </object_component>
      <object_component id="oc-212">
         <name>.text</name>
         <load_address>0x339c57</load_address>
         <run_address>0x339c57</run_address>
         <size>0x7b</size>
         <input_file_ref idref="fl-d"/>
      </object_component>
      <object_component id="oc-207">
         <name>.text</name>
         <load_address>0x339cd2</load_address>
         <run_address>0x339cd2</run_address>
         <size>0x67</size>
         <input_file_ref idref="fl-7"/>
      </object_component>
      <object_component id="oc-231">
         <name>.text</name>
         <load_address>0x339d39</load_address>
         <run_address>0x339d39</run_address>
         <size>0x5a</size>
         <input_file_ref idref="fl-48"/>
      </object_component>
      <object_component id="oc-4c">
         <name>.text</name>
         <load_address>0x339d93</load_address>
         <run_address>0x339d93</run_address>
         <size>0x56</size>
         <input_file_ref idref="fl-30"/>
      </object_component>
      <object_component id="oc-20f">
         <name>.text</name>
         <load_address>0x339de9</load_address>
         <run_address>0x339de9</run_address>
         <size>0x42</size>
         <input_file_ref idref="fl-2"/>
      </object_component>
      <object_component id="oc-21e">
         <name>.text</name>
         <load_address>0x339e2b</load_address>
         <run_address>0x339e2b</run_address>
         <size>0x40</size>
         <input_file_ref idref="fl-4"/>
      </object_component>
      <object_component id="oc-20c">
         <name>.text</name>
         <load_address>0x339e6b</load_address>
         <run_address>0x339e6b</run_address>
         <size>0x3e</size>
         <input_file_ref idref="fl-1a"/>
      </object_component>
      <object_component id="oc-228">
         <name>.text</name>
         <load_address>0x339ea9</load_address>
         <run_address>0x339ea9</run_address>
         <size>0x31</size>
         <input_file_ref idref="fl-53"/>
      </object_component>
      <object_component id="oc-230">
         <name>.text</name>
         <load_address>0x339eda</load_address>
         <run_address>0x339eda</run_address>
         <size>0x30</size>
         <input_file_ref idref="fl-52"/>
      </object_component>
      <object_component id="oc-219">
         <name>.text</name>
         <load_address>0x339f0a</load_address>
         <run_address>0x339f0a</run_address>
         <size>0x30</size>
         <input_file_ref idref="fl-2c"/>
      </object_component>
      <object_component id="oc-217">
         <name>.text</name>
         <load_address>0x339f3a</load_address>
         <run_address>0x339f3a</run_address>
         <size>0x2f</size>
         <input_file_ref idref="fl-16"/>
      </object_component>
      <object_component id="oc-1a8">
         <name>.text</name>
         <load_address>0x339f69</load_address>
         <run_address>0x339f69</run_address>
         <size>0x2a</size>
         <input_file_ref idref="fl-4a"/>
      </object_component>
      <object_component id="oc-14d">
         <name>.text</name>
         <load_address>0x339f93</load_address>
         <run_address>0x339f93</run_address>
         <size>0x2a</size>
         <input_file_ref idref="fl-39"/>
      </object_component>
      <object_component id="oc-203">
         <name>.text</name>
         <load_address>0x339fbd</load_address>
         <run_address>0x339fbd</run_address>
         <size>0x29</size>
         <input_file_ref idref="fl-41"/>
      </object_component>
      <object_component id="oc-234">
         <name>.text</name>
         <load_address>0x339fe6</load_address>
         <run_address>0x339fe6</run_address>
         <size>0x25</size>
         <input_file_ref idref="fl-5b"/>
      </object_component>
      <object_component id="oc-200">
         <name>.text</name>
         <load_address>0x33a00b</load_address>
         <run_address>0x33a00b</run_address>
         <size>0x24</size>
         <input_file_ref idref="fl-3d"/>
      </object_component>
      <object_component id="oc-157">
         <name>.text</name>
         <load_address>0x33a02f</load_address>
         <run_address>0x33a02f</run_address>
         <size>0x23</size>
         <input_file_ref idref="fl-3b"/>
      </object_component>
      <object_component id="oc-1b2">
         <name>.text</name>
         <load_address>0x33a052</load_address>
         <run_address>0x33a052</run_address>
         <size>0x21</size>
         <input_file_ref idref="fl-4c"/>
      </object_component>
      <object_component id="oc-21d">
         <name>.text</name>
         <load_address>0x33a073</load_address>
         <run_address>0x33a073</run_address>
         <size>0x20</size>
         <input_file_ref idref="fl-15"/>
      </object_component>
      <object_component id="oc-1b7">
         <name>.text</name>
         <load_address>0x33a093</load_address>
         <run_address>0x33a093</run_address>
         <size>0x1f</size>
         <input_file_ref idref="fl-4d"/>
      </object_component>
      <object_component id="oc-1c1">
         <name>.text</name>
         <load_address>0x33a0b2</load_address>
         <run_address>0x33a0b2</run_address>
         <size>0x1e</size>
         <input_file_ref idref="fl-4f"/>
      </object_component>
      <object_component id="oc-1c6">
         <name>.text</name>
         <load_address>0x33a0d0</load_address>
         <run_address>0x33a0d0</run_address>
         <size>0x1d</size>
         <input_file_ref idref="fl-50"/>
      </object_component>
      <object_component id="oc-20b">
         <name>.text</name>
         <load_address>0x33a0ed</load_address>
         <run_address>0x33a0ed</run_address>
         <size>0x1d</size>
         <input_file_ref idref="fl-3e"/>
      </object_component>
      <object_component id="oc-152">
         <name>.text</name>
         <load_address>0x33a10a</load_address>
         <run_address>0x33a10a</run_address>
         <size>0x1c</size>
         <input_file_ref idref="fl-3a"/>
      </object_component>
      <object_component id="oc-1cb">
         <name>.text</name>
         <load_address>0x33a126</load_address>
         <run_address>0x33a126</run_address>
         <size>0x1c</size>
         <input_file_ref idref="fl-51"/>
      </object_component>
      <object_component id="oc-134">
         <name>.text</name>
         <load_address>0x33a142</load_address>
         <run_address>0x33a142</run_address>
         <size>0x1b</size>
         <input_file_ref idref="fl-34"/>
      </object_component>
      <object_component id="oc-1bc">
         <name>.text</name>
         <load_address>0x33a15d</load_address>
         <run_address>0x33a15d</run_address>
         <size>0x18</size>
         <input_file_ref idref="fl-4e"/>
      </object_component>
      <object_component id="oc-221">
         <name>.text</name>
         <load_address>0x33a175</load_address>
         <run_address>0x33a175</run_address>
         <size>0x17</size>
         <input_file_ref idref="fl-12"/>
      </object_component>
      <object_component id="oc-148">
         <name>.text</name>
         <load_address>0x33a18c</load_address>
         <run_address>0x33a18c</run_address>
         <size>0x17</size>
         <input_file_ref idref="fl-38"/>
      </object_component>
      <object_component id="oc-143">
         <name>.text</name>
         <load_address>0x33a1a3</load_address>
         <run_address>0x33a1a3</run_address>
         <size>0x14</size>
         <input_file_ref idref="fl-37"/>
      </object_component>
      <object_component id="oc-21a">
         <name>.text</name>
         <load_address>0x33a1b7</load_address>
         <run_address>0x33a1b7</run_address>
         <size>0x13</size>
         <input_file_ref idref="fl-13"/>
      </object_component>
      <object_component id="oc-202">
         <name>.text</name>
         <load_address>0x33a1ca</load_address>
         <run_address>0x33a1ca</run_address>
         <size>0x12</size>
         <input_file_ref idref="fl-43"/>
      </object_component>
      <object_component id="oc-22d">
         <name>.text</name>
         <load_address>0x33a1dc</load_address>
         <run_address>0x33a1dc</run_address>
         <size>0x10</size>
         <input_file_ref idref="fl-55"/>
      </object_component>
      <object_component id="oc-12f">
         <name>.text</name>
         <load_address>0x33a1ec</load_address>
         <run_address>0x33a1ec</run_address>
         <size>0xe</size>
         <input_file_ref idref="fl-33"/>
      </object_component>
      <object_component id="oc-233">
         <name>.text</name>
         <load_address>0x33a1fa</load_address>
         <run_address>0x33a1fa</run_address>
         <size>0xc</size>
         <input_file_ref idref="fl-57"/>
      </object_component>
      <object_component id="oc-21f">
         <name>.text</name>
         <load_address>0x33a206</load_address>
         <run_address>0x33a206</run_address>
         <size>0x9</size>
         <input_file_ref idref="fl-42"/>
      </object_component>
      <object_component id="oc-1ad">
         <name>.text</name>
         <load_address>0x33a20f</load_address>
         <run_address>0x33a20f</run_address>
         <size>0x9</size>
         <input_file_ref idref="fl-4b"/>
      </object_component>
      <object_component id="oc-22e">
         <name>.text</name>
         <load_address>0x33a218</load_address>
         <run_address>0x33a218</run_address>
         <size>0x9</size>
         <input_file_ref idref="fl-5a"/>
      </object_component>
      <object_component id="oc-89">
         <name>.text</name>
         <load_address>0x33a221</load_address>
         <run_address>0x33a221</run_address>
         <size>0x8</size>
         <input_file_ref idref="fl-c"/>
      </object_component>
      <object_component id="oc-229">
         <name>.text</name>
         <load_address>0x33a229</load_address>
         <run_address>0x33a229</run_address>
         <size>0x8</size>
         <input_file_ref idref="fl-59"/>
      </object_component>
      <object_component id="oc-22a">
         <name>.text</name>
         <load_address>0x33a231</load_address>
         <run_address>0x33a231</run_address>
         <size>0x7</size>
         <input_file_ref idref="fl-56"/>
      </object_component>
      <object_component id="oc-22b">
         <name>.text</name>
         <load_address>0x33a238</load_address>
         <run_address>0x33a238</run_address>
         <size>0x5</size>
         <input_file_ref idref="fl-58"/>
      </object_component>
      <object_component id="oc-1ff">
         <name>.text</name>
         <load_address>0x33a23d</load_address>
         <run_address>0x33a23d</run_address>
         <size>0x2</size>
         <input_file_ref idref="fl-3f"/>
      </object_component>
      <object_component id="oc-201">
         <name>.text</name>
         <load_address>0x33a23f</load_address>
         <run_address>0x33a23f</run_address>
         <size>0x1</size>
         <input_file_ref idref="fl-40"/>
      </object_component>
      <object_component id="oc-8a">
         <name>codestart</name>
         <load_address>0x33fff6</load_address>
         <run_address>0x33fff6</run_address>
         <size>0x2</size>
         <input_file_ref idref="fl-c"/>
      </object_component>
      <object_component id="oc-21b">
         <name>ramfuncs</name>
         <load_address>0x320000</load_address>
         <run_address>0x8000</run_address>
         <size>0x1b</size>
         <input_file_ref idref="fl-18"/>
      </object_component>
      <object_component id="oc-fb">
         <name>ramfuncs</name>
         <load_address>0x32001b</load_address>
         <run_address>0x801b</run_address>
         <size>0x4</size>
         <input_file_ref idref="fl-19"/>
      </object_component>
      <object_component id="oc-11f">
         <name>.stack</name>
         <uninitialized>true</uninitialized>
         <run_address>0xc000</run_address>
         <size>0x0</size>
         <input_file_ref idref="fl-30"/>
      </object_component>
      <object_component id="oc-28a">
         <name>.stack</name>
         <uninitialized>true</uninitialized>
         <run_address>0xc000</run_address>
         <size>0x0</size>
      </object_component>
      <object_component id="oc-64">
         <name>.ebss</name>
         <uninitialized>true</uninitialized>
         <run_address>0xc510</run_address>
         <size>0x20</size>
         <input_file_ref idref="fl-6"/>
      </object_component>
      <object_component id="oc-213">
         <name>.ebss:_P</name>
         <uninitialized>true</uninitialized>
         <run_address>0xc530</run_address>
         <size>0x8</size>
         <input_file_ref idref="fl-6"/>
      </object_component>
      <object_component id="oc-215">
         <name>.ebss:_Pdot</name>
         <uninitialized>true</uninitialized>
         <run_address>0xc538</run_address>
         <size>0x8</size>
         <input_file_ref idref="fl-6"/>
      </object_component>
      <object_component id="oc-218">
         <name>.ebss:_write_buf$1</name>
         <uninitialized>true</uninitialized>
         <run_address>0xc300</run_address>
         <size>0x210</size>
         <input_file_ref idref="fl-7"/>
      </object_component>
      <object_component id="oc-72">
         <name>.ebss</name>
         <uninitialized>true</uninitialized>
         <run_address>0xc540</run_address>
         <size>0x1e</size>
         <input_file_ref idref="fl-8"/>
      </object_component>
      <object_component id="oc-7a">
         <name>.ebss</name>
         <uninitialized>true</uninitialized>
         <run_address>0xc576</run_address>
         <size>0x8</size>
         <input_file_ref idref="fl-9"/>
      </object_component>
      <object_component id="oc-90">
         <name>.ebss</name>
         <uninitialized>true</uninitialized>
         <run_address>0xc55e</run_address>
         <size>0x18</size>
         <input_file_ref idref="fl-d"/>
      </object_component>
      <object_component id="oc-102">
         <name>.ebss</name>
         <uninitialized>true</uninitialized>
         <run_address>0xc588</run_address>
         <size>0x2</size>
         <input_file_ref idref="fl-1a"/>
      </object_component>
      <object_component id="oc-177">
         <name>.ebss</name>
         <uninitialized>true</uninitialized>
         <run_address>0xc580</run_address>
         <size>0x6</size>
         <input_file_ref idref="fl-41"/>
      </object_component>
      <object_component id="oc-20d">
         <name>.ebss:__lock</name>
         <uninitialized>true</uninitialized>
         <run_address>0xc57e</run_address>
         <size>0x2</size>
         <input_file_ref idref="fl-42"/>
      </object_component>
      <object_component id="oc-227">
         <name>.ebss:__unlock</name>
         <uninitialized>true</uninitialized>
         <run_address>0xc586</run_address>
         <size>0x2</size>
         <input_file_ref idref="fl-42"/>
      </object_component>
      <object_component id="oc-18d">
         <name>.ebss</name>
         <uninitialized>true</uninitialized>
         <run_address>0xc58a</run_address>
         <size>0x1</size>
         <input_file_ref idref="fl-45"/>
      </object_component>
      <object_component id="oc-22f">
         <name>.econst:.string:__ctypes_</name>
         <load_address>0x33a240</load_address>
         <run_address>0x33a240</run_address>
         <size>0x101</size>
         <input_file_ref idref="fl-54"/>
      </object_component>
      <object_component id="oc-226">
         <name>.econst:_PieVectTableInit</name>
         <load_address>0x33a342</load_address>
         <run_address>0x33a342</run_address>
         <size>0x100</size>
         <input_file_ref idref="fl-15"/>
      </object_component>
      <object_component id="oc-73">
         <name>.econst:.string</name>
         <load_address>0x33a442</load_address>
         <run_address>0x33a442</run_address>
         <size>0xa0</size>
         <input_file_ref idref="fl-8"/>
      </object_component>
      <object_component id="oc-66">
         <name>.econst:.string</name>
         <load_address>0x33a4e2</load_address>
         <run_address>0x33a4e2</run_address>
         <size>0x43</size>
         <input_file_ref idref="fl-6"/>
      </object_component>
      <object_component id="oc-191">
         <name>.econst:.string</name>
         <load_address>0x33a526</load_address>
         <run_address>0x33a526</run_address>
         <size>0x26</size>
         <input_file_ref idref="fl-46"/>
      </object_component>
      <object_component id="oc-190">
         <name>.econst</name>
         <load_address>0x33a54c</load_address>
         <run_address>0x33a54c</run_address>
         <size>0x1c</size>
         <input_file_ref idref="fl-46"/>
      </object_component>
      <object_component id="oc-1a3">
         <name>.econst</name>
         <load_address>0x33a568</load_address>
         <run_address>0x33a568</run_address>
         <size>0x1c</size>
         <input_file_ref idref="fl-49"/>
      </object_component>
      <object_component id="oc-208">
         <name>.econst:_reg</name>
         <load_address>0x33a584</load_address>
         <run_address>0x33a584</run_address>
         <size>0x1b</size>
         <input_file_ref idref="fl-8"/>
      </object_component>
      <object_component id="oc-20a">
         <name>.econst:_test</name>
         <load_address>0x33a5a0</load_address>
         <run_address>0x33a5a0</run_address>
         <size>0x16</size>
         <input_file_ref idref="fl-8"/>
      </object_component>
      <object_component id="oc-10e">
         <name>.econst</name>
         <load_address>0x33a5b6</load_address>
         <run_address>0x33a5b6</run_address>
         <size>0x14</size>
         <input_file_ref idref="fl-2d"/>
      </object_component>
      <object_component id="oc-4e">
         <name>.econst</name>
         <load_address>0x33a5ca</load_address>
         <run_address>0x33a5ca</run_address>
         <size>0x10</size>
         <input_file_ref idref="fl-2"/>
      </object_component>
      <object_component id="oc-114">
         <name>.econst</name>
         <load_address>0x33a5da</load_address>
         <run_address>0x33a5da</run_address>
         <size>0xc</size>
         <input_file_ref idref="fl-2e"/>
      </object_component>
      <object_component id="oc-197">
         <name>.econst</name>
         <load_address>0x33a5e6</load_address>
         <run_address>0x33a5e6</run_address>
         <size>0xc</size>
         <input_file_ref idref="fl-47"/>
      </object_component>
      <object_component id="oc-224">
         <name>.econst:_aT</name>
         <load_address>0x33a5f2</load_address>
         <run_address>0x33a5f2</run_address>
         <size>0xa</size>
         <input_file_ref idref="fl-2f"/>
      </object_component>
      <object_component id="oc-103">
         <name>.econst:.string</name>
         <load_address>0x33a5fc</load_address>
         <run_address>0x33a5fc</run_address>
         <size>0x8</size>
         <input_file_ref idref="fl-1a"/>
      </object_component>
      <object_component id="oc-222">
         <name>.econst:_atanhi</name>
         <load_address>0x33a604</load_address>
         <run_address>0x33a604</run_address>
         <size>0x8</size>
         <input_file_ref idref="fl-2f"/>
      </object_component>
      <object_component id="oc-223">
         <name>.econst:_atanlo</name>
         <load_address>0x33a60c</load_address>
         <run_address>0x33a60c</run_address>
         <size>0x8</size>
         <input_file_ref idref="fl-2f"/>
      </object_component>
      <object_component id="oc-19d">
         <name>.econst</name>
         <load_address>0x33a614</load_address>
         <run_address>0x33a614</run_address>
         <size>0x8</size>
         <input_file_ref idref="fl-48"/>
      </object_component>
      <object_component id="oc-209">
         <name>.econst:_hw</name>
         <load_address>0x33a61c</load_address>
         <run_address>0x33a61c</run_address>
         <size>0x6</size>
         <input_file_ref idref="fl-8"/>
      </object_component>
      <object_component id="oc-11a">
         <name>.econst</name>
         <load_address>0x33a622</load_address>
         <run_address>0x33a622</run_address>
         <size>0x4</size>
         <input_file_ref idref="fl-2f"/>
      </object_component>
      <object_component id="oc-120">
         <name>.reset</name>
         <load_address>0x3fffc0</load_address>
         <run_address>0x3fffc0</run_address>
         <size>0x2</size>
         <input_file_ref idref="fl-30"/>
      </object_component>
      <object_component id="oc-7f">
         <name>.adc_cal</name>
         <load_address>0x380080</load_address>
         <run_address>0x380080</run_address>
         <size>0x7</size>
         <input_file_ref idref="fl-a"/>
      </object_component>
      <object_component id="oc-4d">
         <name>.debug_info</name>
         <load_address>0x0</load_address>
         <run_address>0x0</run_address>
         <size>0x448</size>
         <input_file_ref idref="fl-2"/>
      </object_component>
      <object_component id="oc-53">
         <name>.debug_info</name>
         <load_address>0x448</load_address>
         <run_address>0x448</run_address>
         <size>0x111d</size>
         <input_file_ref idref="fl-3"/>
      </object_component>
      <object_component id="oc-58">
         <name>.debug_info</name>
         <load_address>0x1565</load_address>
         <run_address>0x1565</run_address>
         <size>0x1d3d</size>
         <input_file_ref idref="fl-4"/>
      </object_component>
      <object_component id="oc-5d">
         <name>.debug_info</name>
         <load_address>0x32a2</load_address>
         <run_address>0x32a2</run_address>
         <size>0x1484</size>
         <input_file_ref idref="fl-5"/>
      </object_component>
      <object_component id="oc-62">
         <name>.debug_info</name>
         <load_address>0x4726</load_address>
         <run_address>0x4726</run_address>
         <size>0x3c20</size>
         <input_file_ref idref="fl-6"/>
      </object_component>
      <object_component id="oc-6b">
         <name>.debug_info</name>
         <load_address>0x8346</load_address>
         <run_address>0x8346</run_address>
         <size>0x1b6e</size>
         <input_file_ref idref="fl-7"/>
      </object_component>
      <object_component id="oc-70">
         <name>.debug_info</name>
         <load_address>0x9eb4</load_address>
         <run_address>0x9eb4</run_address>
         <size>0x1109</size>
         <input_file_ref idref="fl-8"/>
      </object_component>
      <object_component id="oc-78">
         <name>.debug_info</name>
         <load_address>0xafbd</load_address>
         <run_address>0xafbd</run_address>
         <size>0x725</size>
         <input_file_ref idref="fl-9"/>
      </object_component>
      <object_component id="oc-81">
         <name>.debug_info</name>
         <load_address>0xb6e2</load_address>
         <run_address>0xb6e2</run_address>
         <size>0xef</size>
         <input_file_ref idref="fl-a"/>
      </object_component>
      <object_component id="oc-84">
         <name>.debug_info</name>
         <load_address>0xb7d1</load_address>
         <run_address>0xb7d1</run_address>
         <size>0x1da5</size>
         <input_file_ref idref="fl-b"/>
      </object_component>
      <object_component id="oc-8c">
         <name>.debug_info</name>
         <load_address>0xd576</load_address>
         <run_address>0xd576</run_address>
         <size>0x12d</size>
         <input_file_ref idref="fl-c"/>
      </object_component>
      <object_component id="oc-8f">
         <name>.debug_info</name>
         <load_address>0xd6a3</load_address>
         <run_address>0xd6a3</run_address>
         <size>0x97c</size>
         <input_file_ref idref="fl-d"/>
      </object_component>
      <object_component id="oc-95">
         <name>.debug_info</name>
         <load_address>0xe01f</load_address>
         <run_address>0xe01f</run_address>
         <size>0x248f</size>
         <input_file_ref idref="fl-e"/>
      </object_component>
      <object_component id="oc-9b">
         <name>.debug_info</name>
         <load_address>0x104ae</load_address>
         <run_address>0x104ae</run_address>
         <size>0x1b5e</size>
         <input_file_ref idref="fl-f"/>
      </object_component>
      <object_component id="oc-a0">
         <name>.debug_info</name>
         <load_address>0x1200c</load_address>
         <run_address>0x1200c</run_address>
         <size>0x1321f</size>
         <input_file_ref idref="fl-10"/>
      </object_component>
      <object_component id="oc-d3">
         <name>.debug_info</name>
         <load_address>0x2522b</load_address>
         <run_address>0x2522b</run_address>
         <size>0x1b5e</size>
         <input_file_ref idref="fl-11"/>
      </object_component>
      <object_component id="oc-d8">
         <name>.debug_info</name>
         <load_address>0x26d89</load_address>
         <run_address>0x26d89</run_address>
         <size>0x1c1f</size>
         <input_file_ref idref="fl-12"/>
      </object_component>
      <object_component id="oc-dd">
         <name>.debug_info</name>
         <load_address>0x289a8</load_address>
         <run_address>0x289a8</run_address>
         <size>0x435</size>
         <input_file_ref idref="fl-13"/>
      </object_component>
      <object_component id="oc-e2">
         <name>.debug_info</name>
         <load_address>0x28ddd</load_address>
         <run_address>0x28ddd</run_address>
         <size>0xa40</size>
         <input_file_ref idref="fl-14"/>
      </object_component>
      <object_component id="oc-e7">
         <name>.debug_info</name>
         <load_address>0x2981d</load_address>
         <run_address>0x2981d</run_address>
         <size>0x2288</size>
         <input_file_ref idref="fl-15"/>
      </object_component>
      <object_component id="oc-ec">
         <name>.debug_info</name>
         <load_address>0x2baa5</load_address>
         <run_address>0x2baa5</run_address>
         <size>0x1d15</size>
         <input_file_ref idref="fl-16"/>
      </object_component>
      <object_component id="oc-f1">
         <name>.debug_info</name>
         <load_address>0x2d7ba</load_address>
         <run_address>0x2d7ba</run_address>
         <size>0x1b5d</size>
         <input_file_ref idref="fl-17"/>
      </object_component>
      <object_component id="oc-f6">
         <name>.debug_info</name>
         <load_address>0x2f317</load_address>
         <run_address>0x2f317</run_address>
         <size>0x1fd8</size>
         <input_file_ref idref="fl-18"/>
      </object_component>
      <object_component id="oc-fd">
         <name>.debug_info</name>
         <load_address>0x312ef</load_address>
         <run_address>0x312ef</run_address>
         <size>0xef</size>
         <input_file_ref idref="fl-19"/>
      </object_component>
      <object_component id="oc-100">
         <name>.debug_info</name>
         <load_address>0x313de</load_address>
         <run_address>0x313de</run_address>
         <size>0x1214</size>
         <input_file_ref idref="fl-1a"/>
      </object_component>
      <object_component id="oc-108">
         <name>.debug_info</name>
         <load_address>0x325f2</load_address>
         <run_address>0x325f2</run_address>
         <size>0x67e</size>
         <input_file_ref idref="fl-2c"/>
      </object_component>
      <object_component id="oc-10d">
         <name>.debug_info</name>
         <load_address>0x32c70</load_address>
         <run_address>0x32c70</run_address>
         <size>0x43e</size>
         <input_file_ref idref="fl-2d"/>
      </object_component>
      <object_component id="oc-113">
         <name>.debug_info</name>
         <load_address>0x330ae</load_address>
         <run_address>0x330ae</run_address>
         <size>0x517</size>
         <input_file_ref idref="fl-2e"/>
      </object_component>
      <object_component id="oc-119">
         <name>.debug_info</name>
         <load_address>0x335c5</load_address>
         <run_address>0x335c5</run_address>
         <size>0x4ef</size>
         <input_file_ref idref="fl-2f"/>
      </object_component>
      <object_component id="oc-121">
         <name>.debug_info</name>
         <load_address>0x33ab4</load_address>
         <run_address>0x33ab4</run_address>
         <size>0x173</size>
         <input_file_ref idref="fl-30"/>
      </object_component>
      <object_component id="oc-126">
         <name>.debug_info</name>
         <load_address>0x33c27</load_address>
         <run_address>0x33c27</run_address>
         <size>0x114</size>
         <input_file_ref idref="fl-31"/>
      </object_component>
      <object_component id="oc-12b">
         <name>.debug_info</name>
         <load_address>0x33d3b</load_address>
         <run_address>0x33d3b</run_address>
         <size>0x114</size>
         <input_file_ref idref="fl-32"/>
      </object_component>
      <object_component id="oc-130">
         <name>.debug_info</name>
         <load_address>0x33e4f</load_address>
         <run_address>0x33e4f</run_address>
         <size>0x122</size>
         <input_file_ref idref="fl-33"/>
      </object_component>
      <object_component id="oc-135">
         <name>.debug_info</name>
         <load_address>0x33f71</load_address>
         <run_address>0x33f71</run_address>
         <size>0x117</size>
         <input_file_ref idref="fl-34"/>
      </object_component>
      <object_component id="oc-13a">
         <name>.debug_info</name>
         <load_address>0x34088</load_address>
         <run_address>0x34088</run_address>
         <size>0x114</size>
         <input_file_ref idref="fl-35"/>
      </object_component>
      <object_component id="oc-13f">
         <name>.debug_info</name>
         <load_address>0x3419c</load_address>
         <run_address>0x3419c</run_address>
         <size>0x231</size>
         <input_file_ref idref="fl-36"/>
      </object_component>
      <object_component id="oc-144">
         <name>.debug_info</name>
         <load_address>0x343cd</load_address>
         <run_address>0x343cd</run_address>
         <size>0x118</size>
         <input_file_ref idref="fl-37"/>
      </object_component>
      <object_component id="oc-149">
         <name>.debug_info</name>
         <load_address>0x344e5</load_address>
         <run_address>0x344e5</run_address>
         <size>0x118</size>
         <input_file_ref idref="fl-38"/>
      </object_component>
      <object_component id="oc-14e">
         <name>.debug_info</name>
         <load_address>0x345fd</load_address>
         <run_address>0x345fd</run_address>
         <size>0x1a5</size>
         <input_file_ref idref="fl-39"/>
      </object_component>
      <object_component id="oc-153">
         <name>.debug_info</name>
         <load_address>0x347a2</load_address>
         <run_address>0x347a2</run_address>
         <size>0x11a</size>
         <input_file_ref idref="fl-3a"/>
      </object_component>
      <object_component id="oc-158">
         <name>.debug_info</name>
         <load_address>0x348bc</load_address>
         <run_address>0x348bc</run_address>
         <size>0x11a</size>
         <input_file_ref idref="fl-3b"/>
      </object_component>
      <object_component id="oc-15d">
         <name>.debug_info</name>
         <load_address>0x349d6</load_address>
         <run_address>0x349d6</run_address>
         <size>0x114</size>
         <input_file_ref idref="fl-3c"/>
      </object_component>
      <object_component id="oc-161">
         <name>.debug_info</name>
         <load_address>0x34aea</load_address>
         <run_address>0x34aea</run_address>
         <size>0x561</size>
         <input_file_ref idref="fl-3d"/>
      </object_component>
      <object_component id="oc-166">
         <name>.debug_info</name>
         <load_address>0x3504b</load_address>
         <run_address>0x3504b</run_address>
         <size>0x43a</size>
         <input_file_ref idref="fl-3e"/>
      </object_component>
      <object_component id="oc-16b">
         <name>.debug_info</name>
         <load_address>0x35485</load_address>
         <run_address>0x35485</run_address>
         <size>0x3ad</size>
         <input_file_ref idref="fl-3f"/>
      </object_component>
      <object_component id="oc-170">
         <name>.debug_info</name>
         <load_address>0x35832</load_address>
         <run_address>0x35832</run_address>
         <size>0x3aa</size>
         <input_file_ref idref="fl-40"/>
      </object_component>
      <object_component id="oc-175">
         <name>.debug_info</name>
         <load_address>0x35bdc</load_address>
         <run_address>0x35bdc</run_address>
         <size>0x544</size>
         <input_file_ref idref="fl-41"/>
      </object_component>
      <object_component id="oc-17c">
         <name>.debug_info</name>
         <load_address>0x36120</load_address>
         <run_address>0x36120</run_address>
         <size>0x4cc</size>
         <input_file_ref idref="fl-42"/>
      </object_component>
      <object_component id="oc-181">
         <name>.debug_info</name>
         <load_address>0x365ec</load_address>
         <run_address>0x365ec</run_address>
         <size>0x467</size>
         <input_file_ref idref="fl-43"/>
      </object_component>
      <object_component id="oc-186">
         <name>.debug_info</name>
         <load_address>0x36a53</load_address>
         <run_address>0x36a53</run_address>
         <size>0x376</size>
         <input_file_ref idref="fl-44"/>
      </object_component>
      <object_component id="oc-18b">
         <name>.debug_info</name>
         <load_address>0x36dc9</load_address>
         <run_address>0x36dc9</run_address>
         <size>0x1c6</size>
         <input_file_ref idref="fl-45"/>
      </object_component>
      <object_component id="oc-18f">
         <name>.debug_info</name>
         <load_address>0x36f8f</load_address>
         <run_address>0x36f8f</run_address>
         <size>0x2a53</size>
         <input_file_ref idref="fl-46"/>
      </object_component>
      <object_component id="oc-196">
         <name>.debug_info</name>
         <load_address>0x399e2</load_address>
         <run_address>0x399e2</run_address>
         <size>0x36d</size>
         <input_file_ref idref="fl-47"/>
      </object_component>
      <object_component id="oc-19c">
         <name>.debug_info</name>
         <load_address>0x39d4f</load_address>
         <run_address>0x39d4f</run_address>
         <size>0x4a6</size>
         <input_file_ref idref="fl-48"/>
      </object_component>
      <object_component id="oc-1a2">
         <name>.debug_info</name>
         <load_address>0x3a1f5</load_address>
         <run_address>0x3a1f5</run_address>
         <size>0x532</size>
         <input_file_ref idref="fl-49"/>
      </object_component>
      <object_component id="oc-1a9">
         <name>.debug_info</name>
         <load_address>0x3a727</load_address>
         <run_address>0x3a727</run_address>
         <size>0x120</size>
         <input_file_ref idref="fl-4a"/>
      </object_component>
      <object_component id="oc-1ae">
         <name>.debug_info</name>
         <load_address>0x3a847</load_address>
         <run_address>0x3a847</run_address>
         <size>0x114</size>
         <input_file_ref idref="fl-4b"/>
      </object_component>
      <object_component id="oc-1b3">
         <name>.debug_info</name>
         <load_address>0x3a95b</load_address>
         <run_address>0x3a95b</run_address>
         <size>0x114</size>
         <input_file_ref idref="fl-4c"/>
      </object_component>
      <object_component id="oc-1b8">
         <name>.debug_info</name>
         <load_address>0x3aa6f</load_address>
         <run_address>0x3aa6f</run_address>
         <size>0x114</size>
         <input_file_ref idref="fl-4d"/>
      </object_component>
      <object_component id="oc-1bd">
         <name>.debug_info</name>
         <load_address>0x3ab83</load_address>
         <run_address>0x3ab83</run_address>
         <size>0x176</size>
         <input_file_ref idref="fl-4e"/>
      </object_component>
      <object_component id="oc-1c2">
         <name>.debug_info</name>
         <load_address>0x3acf9</load_address>
         <run_address>0x3acf9</run_address>
         <size>0x14e</size>
         <input_file_ref idref="fl-4f"/>
      </object_component>
      <object_component id="oc-1c7">
         <name>.debug_info</name>
         <load_address>0x3ae47</load_address>
         <run_address>0x3ae47</run_address>
         <size>0x118</size>
         <input_file_ref idref="fl-50"/>
      </object_component>
      <object_component id="oc-1cc">
         <name>.debug_info</name>
         <load_address>0x3af5f</load_address>
         <run_address>0x3af5f</run_address>
         <size>0x118</size>
         <input_file_ref idref="fl-51"/>
      </object_component>
      <object_component id="oc-1d0">
         <name>.debug_info</name>
         <load_address>0x3b077</load_address>
         <run_address>0x3b077</run_address>
         <size>0x46c</size>
         <input_file_ref idref="fl-52"/>
      </object_component>
      <object_component id="oc-1d5">
         <name>.debug_info</name>
         <load_address>0x3b4e3</load_address>
         <run_address>0x3b4e3</run_address>
         <size>0x41f</size>
         <input_file_ref idref="fl-53"/>
      </object_component>
      <object_component id="oc-1da">
         <name>.debug_info</name>
         <load_address>0x3b902</load_address>
         <run_address>0x3b902</run_address>
         <size>0x1e7</size>
         <input_file_ref idref="fl-54"/>
      </object_component>
      <object_component id="oc-1dc">
         <name>.debug_info</name>
         <load_address>0x3bae9</load_address>
         <run_address>0x3bae9</run_address>
         <size>0x45e</size>
         <input_file_ref idref="fl-55"/>
      </object_component>
      <object_component id="oc-1e1">
         <name>.debug_info</name>
         <load_address>0x3bf47</load_address>
         <run_address>0x3bf47</run_address>
         <size>0x502</size>
         <input_file_ref idref="fl-56"/>
      </object_component>
      <object_component id="oc-1e6">
         <name>.debug_info</name>
         <load_address>0x3c449</load_address>
         <run_address>0x3c449</run_address>
         <size>0x4f1</size>
         <input_file_ref idref="fl-57"/>
      </object_component>
      <object_component id="oc-1eb">
         <name>.debug_info</name>
         <load_address>0x3c93a</load_address>
         <run_address>0x3c93a</run_address>
         <size>0x4e5</size>
         <input_file_ref idref="fl-58"/>
      </object_component>
      <object_component id="oc-1f0">
         <name>.debug_info</name>
         <load_address>0x3ce1f</load_address>
         <run_address>0x3ce1f</run_address>
         <size>0x4aa</size>
         <input_file_ref idref="fl-59"/>
      </object_component>
      <object_component id="oc-1f5">
         <name>.debug_info</name>
         <load_address>0x3d2c9</load_address>
         <run_address>0x3d2c9</run_address>
         <size>0x40c</size>
         <input_file_ref idref="fl-5a"/>
      </object_component>
      <object_component id="oc-1fa">
         <name>.debug_info</name>
         <load_address>0x3d6d5</load_address>
         <run_address>0x3d6d5</run_address>
         <size>0x423</size>
         <input_file_ref idref="fl-5b"/>
      </object_component>
      <object_component id="oc-28b">
         <name>.debug_info</name>
         <load_address>0x3daf8</load_address>
         <run_address>0x3daf8</run_address>
         <size>0x9a</size>
      </object_component>
      <object_component id="oc-4f">
         <name>.debug_frame</name>
         <load_address>0x0</load_address>
         <run_address>0x0</run_address>
         <size>0x44</size>
         <input_file_ref idref="fl-2"/>
      </object_component>
      <object_component id="oc-54">
         <name>.debug_frame</name>
         <load_address>0x44</load_address>
         <run_address>0x44</run_address>
         <size>0xb0</size>
         <input_file_ref idref="fl-3"/>
      </object_component>
      <object_component id="oc-59">
         <name>.debug_frame</name>
         <load_address>0xf4</load_address>
         <run_address>0xf4</run_address>
         <size>0x40</size>
         <input_file_ref idref="fl-4"/>
      </object_component>
      <object_component id="oc-5e">
         <name>.debug_frame</name>
         <load_address>0x134</load_address>
         <run_address>0x134</run_address>
         <size>0x1e8</size>
         <input_file_ref idref="fl-5"/>
      </object_component>
      <object_component id="oc-67">
         <name>.debug_frame</name>
         <load_address>0x31c</load_address>
         <run_address>0x31c</run_address>
         <size>0x178</size>
         <input_file_ref idref="fl-6"/>
      </object_component>
      <object_component id="oc-6c">
         <name>.debug_frame</name>
         <load_address>0x494</load_address>
         <run_address>0x494</run_address>
         <size>0x7c</size>
         <input_file_ref idref="fl-7"/>
      </object_component>
      <object_component id="oc-74">
         <name>.debug_frame</name>
         <load_address>0x510</load_address>
         <run_address>0x510</run_address>
         <size>0x28</size>
         <input_file_ref idref="fl-8"/>
      </object_component>
      <object_component id="oc-7b">
         <name>.debug_frame</name>
         <load_address>0x538</load_address>
         <run_address>0x538</run_address>
         <size>0x28</size>
         <input_file_ref idref="fl-9"/>
      </object_component>
      <object_component id="oc-85">
         <name>.debug_frame</name>
         <load_address>0x560</load_address>
         <run_address>0x560</run_address>
         <size>0x28</size>
         <input_file_ref idref="fl-b"/>
      </object_component>
      <object_component id="oc-91">
         <name>.debug_frame</name>
         <load_address>0x588</load_address>
         <run_address>0x588</run_address>
         <size>0x5c</size>
         <input_file_ref idref="fl-d"/>
      </object_component>
      <object_component id="oc-97">
         <name>.debug_frame</name>
         <load_address>0x5e4</load_address>
         <run_address>0x5e4</run_address>
         <size>0xa30</size>
         <input_file_ref idref="fl-e"/>
      </object_component>
      <object_component id="oc-9c">
         <name>.debug_frame</name>
         <load_address>0x1014</load_address>
         <run_address>0x1014</run_address>
         <size>0x28</size>
         <input_file_ref idref="fl-f"/>
      </object_component>
      <object_component id="oc-d4">
         <name>.debug_frame</name>
         <load_address>0x103c</load_address>
         <run_address>0x103c</run_address>
         <size>0x28</size>
         <input_file_ref idref="fl-11"/>
      </object_component>
      <object_component id="oc-d9">
         <name>.debug_frame</name>
         <load_address>0x1064</load_address>
         <run_address>0x1064</run_address>
         <size>0x58</size>
         <input_file_ref idref="fl-12"/>
      </object_component>
      <object_component id="oc-de">
         <name>.debug_frame</name>
         <load_address>0x10bc</load_address>
         <run_address>0x10bc</run_address>
         <size>0x44</size>
         <input_file_ref idref="fl-13"/>
      </object_component>
      <object_component id="oc-e3">
         <name>.debug_frame</name>
         <load_address>0x1100</load_address>
         <run_address>0x1100</run_address>
         <size>0x28</size>
         <input_file_ref idref="fl-14"/>
      </object_component>
      <object_component id="oc-e8">
         <name>.debug_frame</name>
         <load_address>0x1128</load_address>
         <run_address>0x1128</run_address>
         <size>0x44</size>
         <input_file_ref idref="fl-15"/>
[...]
      </symbol>
      <symbol id="sm-379">
         <name>_CpuTimer1Regs</name>
         <value>0xc08</value>
         <object_component_ref idref="oc-a2"/>
      </symbol>
      <symbol id="sm-37a">
         <name>_SysCtrlRegs</name>
         <value>0x7010</value>
         <object_component_ref idref="oc-b8"/>
      </symbol>
      <symbol id="sm-37b">
         <name>_EPwm5Regs</name>
         <value>0x6900</value>
         <object_component_ref idref="oc-bd"/>
      </symbol>
      <symbol id="sm-37c">
         <name>_SpiaRegs</name>
         <value>0x7040</value>
         <object_component_ref idref="oc-ac"/>
      </symbol>
      <symbol id="sm-37d">
         <name>_ECanaMOTSRegs</name>
         <value>0x6080</value>
         <object_component_ref idref="oc-c6"/>
      </symbol>
      <symbol id="sm-37e">
         <name>_ECap6Regs</name>
         <value>0x6aa0</value>
         <object_component_ref idref="oc-b6"/>
      </symbol>
      <symbol id="sm-37f">
         <name>_DmaRegs</name>
         <value>0x1000</value>
         <object_component_ref idref="oc-ce"/>
      </symbol>
      <symbol id="sm-380">
         <name>_FlashRegs</name>
         <value>0xa80</value>
         <object_component_ref idref="oc-a5"/>
      </symbol>
      <symbol id="sm-381">
         <name>_CpuTimer0Regs</name>
         <value>0xc00</value>
         <object_component_ref idref="oc-a1"/>
      </symbol>
      <symbol id="sm-382">
         <name>_DevEmuRegs</name>
         <value>0x880</value>
         <object_component_ref idref="oc-cd"/>
      </symbol>
      <symbol id="sm-383">
         <name>_McbspbRegs</name>
         <value>0x5040</value>
         <object_component_ref idref="oc-c1"/>
      </symbol>
      <symbol id="sm-384">
         <name>_EPwm6Regs</name>
         <value>0x6940</value>
         <object_component_ref idref="oc-be"/>
      </symbol>
      <symbol id="sm-385">
         <name>_SciaRegs</name>
         <value>0x7050</value>
         <object_component_ref idref="oc-a9"/>
      </symbol>
      <symbol id="sm-386">
         <name>_GpioDataRegs</name>
         <value>0x6fc0</value>
         <object_component_ref idref="oc-b7"/>
      </symbol>
      <symbol id="sm-387">
         <name>_CsmPwl</name>
         <value>0x33fff8</value>
         <object_component_ref idref="oc-a4"/>
      </symbol>
      <symbol id="sm-388">
         <name>_AdcRegs</name>
         <value>0x7100</value>
         <object_component_ref idref="oc-af"/>
      </symbol>
      <symbol id="sm-389">
         <name>_XIntruptRegs</name>
         <value>0x7070</value>
         <object_component_ref idref="oc-ad"/>
      </symbol>
      <symbol id="sm-38a">
         <name>_CpuTimer2Regs</name>
         <value>0xc10</value>
         <object_component_ref idref="oc-a3"/>
      </symbol>
      <symbol id="sm-38b">
         <name>_PieCtrlRegs</name>
         <value>0xce0</value>
         <object_component_ref idref="oc-ae"/>
      </symbol>
      <symbol id="sm-38c">
         <name>_ECanbMOTSRegs</name>
         <value>0x6280</value>
         <object_component_ref idref="oc-c9"/>
      </symbol>
      <symbol id="sm-38d">
         <name>_ECanaRegs</name>
         <value>0x6000</value>
         <object_component_ref idref="oc-c3"/>
      </symbol>
      <symbol id="sm-38e">
         <name>_AdcMirror</name>
         <value>0xb00</value>
         <object_component_ref idref="oc-a7"/>
      </symbol>
      <symbol id="sm-38f">
         <name>_ECanbMboxes</name>
         <value>0x6300</value>
         <object_component_ref idref="oc-d0"/>
      </symbol>
      <symbol id="sm-390">
         <name>_XintfRegs</name>
         <value>0xb20</value>
         <object_component_ref idref="oc-b0"/>
      </symbol>
      <symbol id="sm-391">
         <name>_ScicRegs</name>
         <value>0x7770</value>
         <object_component_ref idref="oc-ab"/>
      </symbol>
      <symbol id="sm-392">
         <name>_ECap1Regs</name>
         <value>0x6a00</value>
         <object_component_ref idref="oc-b1"/>
      </symbol>
      <symbol id="sm-393">
         <name>_EQep1Regs</name>
         <value>0x6b00</value>
         <object_component_ref idref="oc-cb"/>
      </symbol>
      <symbol id="sm-394">
         <name>_McbspaRegs</name>
         <value>0x5000</value>
         <object_component_ref idref="oc-c0"/>
      </symbol>
      <symbol id="sm-395">
         <name>_EPwm1Regs</name>
         <value>0x6800</value>
         <object_component_ref idref="oc-b9"/>
      </symbol>
      <symbol id="sm-396">
         <name>_ECanbRegs</name>
         <value>0x6200</value>
         <object_component_ref idref="oc-c4"/>
      </symbol>
      <symbol id="sm-397">
         <name>_ScibRegs</name>
         <value>0x7750</value>
         <object_component_ref idref="oc-aa"/>
      </symbol>
      <symbol id="sm-398">
         <name>_ECap2Regs</name>
         <value>0x6a20</value>
         <object_component_ref idref="oc-b2"/>
      </symbol>
      <symbol id="sm-399">
         <name>_GpioIntRegs</name>
         <value>0x6fe0</value>
         <object_component_ref idref="oc-a6"/>
      </symbol>
      <symbol id="sm-39a">
         <name>_EQep2Regs</name>
         <value>0x6b40</value>
         <object_component_ref idref="oc-cc"/>
      </symbol>
      <symbol id="sm-39b">
         <name>_EPwm2Regs</name>
         <value>0x6840</value>
         <object_component_ref idref="oc-ba"/>
      </symbol>
      <symbol id="sm-39c">
         <name>_ECanaMboxes</name>
         <value>0x6100</value>
         <object_component_ref idref="oc-cf"/>
      </symbol>
      <symbol id="sm-39d">
         <name>_ECap3Regs</name>
         <value>0x6a40</value>
         <object_component_ref idref="oc-b3"/>
      </symbol>
      <symbol id="sm-39e">
         <name>_ECanaMOTORegs</name>
         <value>0x60c0</value>
         <object_component_ref idref="oc-c7"/>
      </symbol>
      <symbol id="sm-39f">
         <name>_EPwm3Regs</name>
         <value>0x6880</value>
         <object_component_ref idref="oc-bb"/>
      </symbol>
      <symbol id="sm-3a0">
         <name>_ECanbLAMRegs</name>
         <value>0x6240</value>
         <object_component_ref idref="oc-c8"/>
      </symbol>
      <symbol id="sm-3a1">
         <name>_I2caRegs</name>
         <value>0x7900</value>
         <object_component_ref idref="oc-bf"/>
      </symbol>
      <symbol id="sm-3b6">
         <name>_InitI2C</name>
         <value>0x33a175</value>
         <object_component_ref idref="oc-221"/>
      </symbol>
      <symbol id="sm-3b8">
         <name>_InitI2CGpio</name>
         <value>0x33a176</value>
         <object_component_ref idref="oc-221"/>
      </symbol>
      <symbol id="sm-3c7">
         <name>_MemCopy</name>
         <value>0x33a1b7</value>
         <object_component_ref idref="oc-21a"/>
      </symbol>
      <symbol id="sm-3e1">
         <name>_PieVectTableInit</name>
         <value>0x33a342</value>
         <object_component_ref idref="oc-226"/>
      </symbol>
      <symbol id="sm-3e2">
         <name>_InitPieVectTable</name>
         <value>0x33a073</value>
         <object_component_ref idref="oc-21d"/>
      </symbol>
      <symbol id="sm-3ef">
         <name>_InitScibGpio</name>
         <value>0x339f55</value>
         <object_component_ref idref="oc-217"/>
      </symbol>
      <symbol id="sm-3f1">
         <name>_InitSciaGpio</name>
         <value>0x339f40</value>
         <object_component_ref idref="oc-217"/>
      </symbol>
      <symbol id="sm-3f3">
         <name>_InitSciGpio</name>
         <value>0x339f3b</value>
         <object_component_ref idref="oc-217"/>
      </symbol>
      <symbol id="sm-3f5">
         <name>_InitSci</name>
         <value>0x339f3a</value>
         <object_component_ref idref="oc-217"/>
      </symbol>
      <symbol id="sm-416">
         <name>_InitPll</name>
         <value>0x339535</value>
         <object_component_ref idref="oc-21c"/>
      </symbol>
      <symbol id="sm-418">
         <name>_DisableDog</name>
         <value>0x33952d</value>
         <object_component_ref idref="oc-21c"/>
      </symbol>
      <symbol id="sm-41a">
         <name>_InitPeripheralClocks</name>
         <value>0x339586</value>
         <object_component_ref idref="oc-21c"/>
      </symbol>
      <symbol id="sm-41c">
         <name>_InitFlash</name>
         <value>0x8000</value>
         <object_component_ref idref="oc-21b"/>
      </symbol>
      <symbol id="sm-41e">
         <name>_CsmUnlock</name>
         <value>0x3395e1</value>
         <object_component_ref idref="oc-21c"/>
      </symbol>
      <symbol id="sm-420">
         <name>_ServiceDog</name>
         <value>0x339523</value>
         <object_component_ref idref="oc-21c"/>
      </symbol>
      <symbol id="sm-422">
         <name>_InitSysCtrl</name>
         <value>0x33951a</value>
         <object_component_ref idref="oc-21c"/>
      </symbol>
      <symbol id="sm-42f">
         <name>_DSP28x_usDelay</name>
         <value>0x801b</value>
         <object_component_ref idref="oc-fb"/>
      </symbol>
      <symbol id="sm-443">
         <name>_main</name>
         <value>0x339e6b</value>
         <object_component_ref idref="oc-20c"/>
      </symbol>
      <symbol id="sm-445">
         <name>_res</name>
         <value>0xc589</value>
         <object_component_ref idref="oc-102"/>
      </symbol>
      <symbol id="sm-446">
         <name>_T</name>
         <value>0xc588</value>
         <object_component_ref idref="oc-102"/>
      </symbol>
      <symbol id="sm-454">
         <name>_vsprintf</name>
         <value>0x339f0a</value>
         <object_component_ref idref="oc-219"/>
      </symbol>
      <symbol id="sm-497">
         <name>_atan2f</name>
         <value>0x33970a</value>
         <object_component_ref idref="oc-205"/>
      </symbol>
      <symbol id="sm-499">
         <name>_atan2</name>
         <value>0x33970a</value>
         <object_component_ref idref="oc-205"/>
      </symbol>
      <symbol id="sm-4be">
         <name>_atan</name>
         <value>0x3398ad</value>
         <object_component_ref idref="oc-211"/>
      </symbol>
      <symbol id="sm-4bf">
         <name>_atanf</name>
         <value>0x3398ad</value>
         <object_component_ref idref="oc-211"/>
      </symbol>
      <symbol id="sm-4db">
         <name>_c_int00</name>
         <value>0x339d93</value>
         <object_component_ref idref="oc-4c"/>
      </symbol>
      <symbol id="sm-4dc">
         <name>__stack</name>
         <value>0xc000</value>
         <object_component_ref idref="oc-11f"/>
      </symbol>
      <symbol id="sm-4f7">
         <name>FD$$ADD</name>
         <value>0x339a25</value>
         <object_component_ref idref="oc-125"/>
      </symbol>
      <symbol id="sm-509">
         <name>FD$$MPY</name>
         <value>0x339bd4</value>
         <object_component_ref idref="oc-12a"/>
      </symbol>
      <symbol id="sm-515">
         <name>FD$$SUB</name>
         <value>0x33a1ec</value>
         <object_component_ref idref="oc-12f"/>
      </symbol>
      <symbol id="sm-524">
         <name>FD$$TOUL</name>
         <value>0x33a142</value>
         <object_component_ref idref="oc-134"/>
      </symbol>
      <symbol id="sm-535">
         <name>FS$$DIV</name>
         <value>0x339b4c</value>
         <object_component_ref idref="oc-139"/>
      </symbol>
      <symbol id="sm-561">
         <name>ULL$$MOD</name>
         <value>0x3394b8</value>
         <object_component_ref idref="oc-13e"/>
      </symbol>
      <symbol id="sm-562">
         <name>ULL$$DIV</name>
         <value>0x339489</value>
         <object_component_ref idref="oc-13e"/>
      </symbol>
      <symbol id="sm-563">
         <name>LL$$MOD</name>
         <value>0x33944f</value>
         <object_component_ref idref="oc-13e"/>
      </symbol>
      <symbol id="sm-564">
         <name>LL$$DIV</name>
         <value>0x339413</value>
         <object_component_ref idref="oc-13e"/>
      </symbol>
      <symbol id="sm-570">
         <name>LL$$MPY</name>
         <value>0x33a1a3</value>
         <object_component_ref idref="oc-143"/>
      </symbol>
      <symbol id="sm-581">
         <name>U$$TOFD</name>
         <value>0x33a18c</value>
         <object_component_ref idref="oc-148"/>
      </symbol>
      <symbol id="sm-58d">
         <name>UL$$MOD</name>
         <value>0x339fb7</value>
         <object_component_ref idref="oc-14d"/>
      </symbol>
      <symbol id="sm-58e">
         <name>L$$MOD</name>
         <value>0x339fa2</value>
         <object_component_ref idref="oc-14d"/>
      </symbol>
      <symbol id="sm-58f">
         <name>L$$DIV</name>
         <value>0x339f93</value>
         <object_component_ref idref="oc-14d"/>
      </symbol>
      <symbol id="sm-590">
         <name>UL$$DIV</name>
         <value>0x339fb0</value>
         <object_component_ref idref="oc-14d"/>
      </symbol>
      <symbol id="sm-5a0">
         <name>FS$$TOFD</name>
         <value>0x33a10a</value>
         <object_component_ref idref="oc-152"/>
      </symbol>
      <symbol id="sm-5b0">
         <name>FD$$TOFS</name>
         <value>0x33a02f</value>
         <object_component_ref idref="oc-157"/>
      </symbol>
      <symbol id="sm-5c7">
         <name>FD$$DIV</name>
         <value>0x339ac1</value>
         <object_component_ref idref="oc-15c"/>
      </symbol>
      <symbol id="sm-5d6">
         <name>_copy_in</name>
         <value>0x33a00b</value>
         <object_component_ref idref="oc-200"/>
      </symbol>
      <symbol id="sm-5e8">
         <name>_memcpy</name>
         <value>0x33a0ed</value>
         <object_component_ref idref="oc-20b"/>
      </symbol>
      <symbol id="sm-5f5">
         <name>__system_pre_init</name>
         <value>0x33a23d</value>
         <object_component_ref idref="oc-1ff"/>
      </symbol>
      <symbol id="sm-603">
         <name>__system_post_cinit</name>
         <value>0x33a23f</value>
         <object_component_ref idref="oc-201"/>
      </symbol>
      <symbol id="sm-618">
         <name>C$$EXIT</name>
         <value>0x339fbd</value>
         <object_component_ref idref="oc-203"/>
      </symbol>
      <symbol id="sm-619">
         <name>_exit</name>
         <value>0x339fbf</value>
         <object_component_ref idref="oc-203"/>
      </symbol>
      <symbol id="sm-61b">
         <name>___TI_cleanup_ptr</name>
         <value>0xc582</value>
         <object_component_ref idref="oc-177"/>
      </symbol>
      <symbol id="sm-61c">
         <name>___TI_enable_exit_profile_output</name>
         <value>0xc580</value>
         <object_component_ref idref="oc-177"/>
      </symbol>
      <symbol id="sm-61d">
         <name>_abort</name>
         <value>0x339fbd</value>
         <object_component_ref idref="oc-203"/>
      </symbol>
      <symbol id="sm-61f">
         <name>___TI_dtors_ptr</name>
         <value>0xc584</value>
         <object_component_ref idref="oc-177"/>
      </symbol>
      <symbol id="sm-633">
         <name>__unlock</name>
         <value>0xc586</value>
         <object_component_ref idref="oc-227"/>
      </symbol>
      <symbol id="sm-634">
         <name>__lock</name>
         <value>0xc57e</value>
         <object_component_ref idref="oc-20d"/>
      </symbol>
      <symbol id="sm-635">
         <name>__register_lock</name>
         <value>0x33a20a</value>
         <object_component_ref idref="oc-21f"/>
      </symbol>
      <symbol id="sm-637">
         <name>__nop</name>
         <value>0x33a20e</value>
         <object_component_ref idref="oc-21f"/>
      </symbol>
      <symbol id="sm-639">
         <name>__register_unlock</name>
         <value>0x33a206</value>
         <object_component_ref idref="oc-21f"/>
      </symbol>
      <symbol id="sm-649">
         <name>__args_main</name>
         <value>0x33a1ca</value>
         <object_component_ref idref="oc-202"/>
      </symbol>
      <symbol id="sm-65d">
         <name>_errno</name>
         <value>0xc58a</value>
         <object_component_ref idref="oc-18d"/>
      </symbol>
      <symbol id="sm-7c0">
         <name>___TI_printfi</name>
         <value>0x338b53</value>
         <object_component_ref idref="oc-225"/>
      </symbol>
      <symbol id="sm-7e2">
         <name>_frexpl</name>
         <value>0x339d39</value>
         <object_component_ref idref="oc-231"/>
      </symbol>
      <symbol id="sm-801">
         <name>_scalbnl</name>
         <value>0x339977</value>
         <object_component_ref idref="oc-232"/>
      </symbol>
      <symbol id="sm-803">
         <name>_ldexpl</name>
         <value>0x339977</value>
         <object_component_ref idref="oc-232"/>
      </symbol>
      <symbol id="sm-813">
         <name>FD$$CMP</name>
         <value>0x339f69</value>
         <object_component_ref idref="oc-1a8"/>
      </symbol>
      <symbol id="sm-820">
         <name>FD$$NEG</name>
         <value>0x33a20f</value>
         <object_component_ref idref="oc-1ad"/>
      </symbol>
      <symbol id="sm-82f">
         <name>FD$$TOI</name>
         <value>0x33a052</value>
         <object_component_ref idref="oc-1b2"/>
      </symbol>
      <symbol id="sm-83e">
         <name>FD$$TOL</name>
         <value>0x33a093</value>
         <object_component_ref idref="oc-1b7"/>
      </symbol>
      <symbol id="sm-84a">
         <name>LL$$AND</name>
         <value>0x33a15d</value>
         <object_component_ref idref="oc-1bc"/>
      </symbol>
      <symbol id="sm-84b">
         <name>LL$$OR</name>
         <value>0x33a165</value>
         <object_component_ref idref="oc-1bc"/>
      </symbol>
      <symbol id="sm-84c">
         <name>LL$$XOR</name>
         <value>0x33a16d</value>
         <object_component_ref idref="oc-1bc"/>
      </symbol>
      <symbol id="sm-85a">
         <name>ULL$$CMP</name>
         <value>0x33a0c4</value>
         <object_component_ref idref="oc-1c1"/>
      </symbol>
      <symbol id="sm-85b">
         <name>LL$$CMP</name>
         <value>0x33a0b2</value>
         <object_component_ref idref="oc-1c1"/>
      </symbol>
      <symbol id="sm-86b">
         <name>I$$TOFD</name>
         <value>0x33a0d0</value>
         <object_component_ref idref="oc-1c6"/>
      </symbol>
      <symbol id="sm-87b">
         <name>L$$TOFD</name>
         <value>0x33a126</value>
         <object_component_ref idref="oc-1cb"/>
      </symbol>
      <symbol id="sm-889">
         <name>___TI_ltoa</name>
         <value>0x339eda</value>
         <object_component_ref idref="oc-230"/>
      </symbol>
      <symbol id="sm-89e">
         <name>_atoi</name>
         <value>0x339ea9</value>
         <object_component_ref idref="oc-228"/>
      </symbol>
      <symbol id="sm-8a7">
         <name>__ctypes_</name>
         <value>0x33a240</value>
         <object_component_ref idref="oc-22f"/>
      </symbol>
      <symbol id="sm-8b6">
         <name>_memccpy</name>
         <value>0x33a1dc</value>
         <object_component_ref idref="oc-22d"/>
      </symbol>
      <symbol id="sm-8c5">
         <name>_memset</name>
         <value>0x33a231</value>
         <object_component_ref idref="oc-22a"/>
      </symbol>
      <symbol id="sm-8d5">
         <name>_strchr</name>
         <value>0x33a1fa</value>
         <object_component_ref idref="oc-233"/>
      </symbol>
      <symbol id="sm-8e3">
         <name>_strcpy</name>
         <value>0x33a238</value>
         <object_component_ref idref="oc-22b"/>
      </symbol>
      <symbol id="sm-8f1">
         <name>_strlen</name>
         <value>0x33a229</value>
         <object_component_ref idref="oc-229"/>
      </symbol>
      <symbol id="sm-900">
         <name>_wcslen</name>
         <value>0x33a218</value>
         <object_component_ref idref="oc-22e"/>
      </symbol>
      <symbol id="sm-90e">
         <name>_copysignl</name>
         <value>0x339fe6</value>
         <object_component_ref idref="oc-234"/>
      </symbol>
   </symbol_table>
   <title>Link successful</title>
</link_info>
