******************************************************************************
             TMS320C2000 Linker PC v21.6.0                     
******************************************************************************
>> Linked Wed Jan 26 11:11:37 2022

OUTPUT FILE NAME:   <mpu_test1.out>
ENTRY POINT SYMBOL: "_c_int00"  address: 0033b5fa


MEMORY CONFIGURATION

         name            origin    length      used     unused   attr    fill
----------------------  --------  ---------  --------  --------  ----  --------
PAGE 0:
  ZONE0                 00004000   00001000  00000000  00001000  RWIX
  RAML0                 00008000   00001000  0000001f  00000fe1  RWIX
  RAML1                 00009000   00001000  00000000  00001000  RWIX
  RAML2                 0000a000   00001000  00000000  00001000  RWIX
  RAML3                 0000b000   00001000  00000000  00001000  RWIX
  ZONE6A                00100000   0000fc00  00000000  0000fc00  RWIX
  ZONE7                 00200000   00100000  00000000  00100000  RWIX
  FLASHH                00300000   00008000  00000000  00008000  RWIX
  FLASHG                00308000   00008000  00000000  00008000  RWIX
  FLASHF                00310000   00008000  00000000  00008000  RWIX
  FLASHE                00318000   00008000  00000000  00008000  RWIX
  FLASHD                00320000   00008000  0000001f  00007fe1  RWIX
  FLASHC                00328000   00008000  00000000  00008000  RWIX
  FLASHA                00338000   00007f80  000049dd  000035a3  RWIX
  CSM_RSVD              0033ff80   00000076  00000000  00000076  RWIX
  BEGIN                 0033fff6   00000002  00000002  00000000  RWIX
  CSM_PWL               0033fff8   00000008  00000000  00000008  RWIX
  ADC_CAL               00380080   00000009  00000007  00000002  RWIX
  OTP                   00380400   00000400  00000000  00000400  RWIX
  IQTABLES              003fe000   00000b50  00000000  00000b50  RWIX
  IQTABLES2             003feb50   0000008c  00000000  0000008c  RWIX
  FPUTABLES             003febdc   000006a0  00000000  000006a0  RWIX
  ROM                   003ff27c   00000d44  00000000  00000d44  RWIX
  RESET                 003fffc0   00000002  00000000  00000002  RWIX
  VECTORS               003fffc2   0000003e  00000000  0000003e  RWIX

PAGE 1:
  BOOT_RSVD             00000000   00000050  00000000  00000050  RWIX
  RAMM0                 00000050   000003b0  00000000  000003b0  RWIX
  RAMM1                 00000400   00000400  00000000  00000400  RWIX
  DEV_EMU               00000880   00000180  000000d0  000000b0  RWIX
  FLASH_REGS            00000a80   00000060  00000008  00000058  RWIX
  CSM                   00000ae0   00000010  00000010  00000000  RWIX
  ADC_MIRROR            00000b00   00000010  00000010  00000000  RWIX
  XINTF                 00000b20   00000020  0000001e  00000002  RWIX
  CPU_TIMER0            00000c00   00000008  00000008  00000000  RWIX
  CPU_TIMER1            00000c08   00000008  00000008  00000000  RWIX
  CPU_TIMER2            00000c10   00000008  00000008  00000000  RWIX
  PIE_CTRL              00000ce0   00000020  0000001a  00000006  RWIX
  PIE_VECT              00000d00   00000100  00000100  00000000  RWIX
  DMA                   00001000   00000200  000000e0  00000120  RWIX
  MCBSPA                00005000   00000040  00000025  0000001b  RWIX
  MCBSPB                00005040   00000040  00000025  0000001b  RWIX
  ECANA                 00006000   00000040  00000034  0000000c  RWIX
  ECANA_LAM             00006040   00000040  00000040  00000000  RWIX
  ECANA_MOTS            00006080   00000040  00000040  00000000  RWIX
  ECANA_MOTO            000060c0   00000040  00000040  00000000  RWIX
  ECANA_MBOX            00006100   00000100  00000100  00000000  RWIX
  ECANB                 00006200   00000040  00000034  0000000c  RWIX
  ECANB_LAM             00006240   00000040  00000040  00000000  RWIX
  ECANB_MOTS            00006280   00000040  00000040  00000000  RWIX
  ECANB_MOTO            000062c0   00000040  00000040  00000000  RWIX
  ECANB_MBOX            00006300   00000100  00000100  00000000  RWIX
  EPWM1                 00006800   00000022  00000022  00000000  RWIX
  EPWM2                 00006840   00000022  00000022  00000000  RWIX
  EPWM3                 00006880   00000022  00000022  00000000  RWIX
  EPWM4                 000068c0   00000022  00000022  00000000  RWIX
  EPWM5                 00006900   00000022  00000022  00000000  RWIX
  EPWM6                 00006940   00000022  00000022  00000000  RWIX
  ECAP1                 00006a00   00000020  00000020  00000000  RWIX
  ECAP2                 00006a20   00000020  00000020  00000000  RWIX
  ECAP3                 00006a40   00000020  00000020  00000000  RWIX
  ECAP4                 00006a60   00000020  00000020  00000000  RWIX
  ECAP5                 00006a80   00000020  00000020  00000000  RWIX
  ECAP6                 00006aa0   00000020  00000020  00000000  RWIX
  EQEP1                 00006b00   00000040  00000040  00000000  RWIX
  EQEP2                 00006b40   00000040  00000040  00000000  RWIX
  GPIOCTRL              00006f80   00000040  0000002e  00000012  RWIX
  GPIODAT               00006fc0   00000020  00000020  00000000  RWIX
  GPIOINT               00006fe0   00000020  0000000a  00000016  RWIX
  SYSTEM                00007010   00000020  00000020  00000000  RWIX
  SPIA                  00007040   00000010  00000010  00000000  RWIX
  SCIA                  00007050   00000010  00000010  00000000  RWIX
  XINTRUPT              00007070   00000010  00000010  00000000  RWIX
  ADC                   00007100   00000020  0000001e  00000002  RWIX
  SCIB                  00007750   00000010  00000010  00000000  RWIX
  SCIC                  00007770   00000010  00000010  00000000  RWIX
  I2CA                  00007900   00000040  00000022  0000001e  RWIX
  RAML4                 0000c000   00001000  00000572  00000a8e  RWIX
  RAML5                 0000d000   00001000  00000000  00001000  RWIX
  RAML6                 0000e000   00001000  00000000  00001000  RWIX
  RAML7                 0000f000   00001000  00000000  00001000  RWIX
  ZONE6B                0010fc00   00000400  00000000  00000400  RWIX
  FLASHB                00330000   00008000  00000000  00008000  RWIX
  CSM_PWL               0033fff8   00000008  00000008  00000000  RWIX


SECTION ALLOCATION MAP

 output                                  attributes/
section   page    origin      length       input sections
--------  ----  ----------  ----------   ----------------
ramfuncs   0    00320000    0000001f     RUN ADDR = 00008000
                  00320000    0000001b     DSP2833x_SysCtrl.obj (ramfuncs)
                  0032001b    00000004     DSP2833x_usDelay.obj (ramfuncs)

.cinit     0    0033c998    00000046     
                  0033c998    0000000e     rts2800_fpu32.lib : exit.c.obj (.cinit)
                  0033c9a6    0000000d     inv_mpu.obj (.cinit)
                  0033c9b3    0000000c     inv_mpu.obj (.cinit:_gyro_orientation)
                  0033c9bf    0000000b     inv_mpu_dmp_motion_driver.obj (.cinit)
                  0033c9ca    00000005     rts2800_fpu32.lib : _lock.c.obj (.cinit:__lock)
                  0033c9cf    00000005                       : _lock.c.obj (.cinit:__unlock)
                  0033c9d4    00000004     main.obj (.cinit)
                  0033c9d8    00000004     rts2800_fpu32.lib : errno.c.obj (.cinit)
                  0033c9dc    00000002     --HOLE-- [fill = 0]

DevEmuRegsFile 
*          1    00000880    000000d0     UNINITIALIZED
                  00000880    000000d0     DSP2833x_GlobalVariableDefs.obj (DevEmuRegsFile)

FlashRegsFile 
*          1    00000a80    00000008     UNINITIALIZED
                  00000a80    00000008     DSP2833x_GlobalVariableDefs.obj (FlashRegsFile)

CsmRegsFile 
*          1    00000ae0    00000010     UNINITIALIZED
                  00000ae0    00000010     DSP2833x_GlobalVariableDefs.obj (CsmRegsFile)

AdcMirrorFile 
*          1    00000b00    00000010     UNINITIALIZED
                  00000b00    00000010     DSP2833x_GlobalVariableDefs.obj (AdcMirrorFile)

XintfRegsFile 
*          1    00000b20    0000001e     UNINITIALIZED
                  00000b20    0000001e     DSP2833x_GlobalVariableDefs.obj (XintfRegsFile)

CpuTimer0RegsFile 
*          1    00000c00    00000008     UNINITIALIZED
                  00000c00    00000008     DSP2833x_GlobalVariableDefs.obj (CpuTimer0RegsFile)

CpuTimer1RegsFile 
*          1    00000c08    00000008     UNINITIALIZED
                  00000c08    00000008     DSP2833x_GlobalVariableDefs.obj (CpuTimer1RegsFile)

CpuTimer2RegsFile 
*          1    00000c10    00000008     UNINITIALIZED
                  00000c10    00000008     DSP2833x_GlobalVariableDefs.obj (CpuTimer2RegsFile)

PieCtrlRegsFile 
*          1    00000ce0    0000001a     UNINITIALIZED
                  00000ce0    0000001a     DSP2833x_GlobalVariableDefs.obj (PieCtrlRegsFile)

PieVectTableFile 
*          1    00000d00    00000100     UNINITIALIZED
                  00000d00    00000100     DSP2833x_GlobalVariableDefs.obj (PieVectTableFile)

DmaRegsFile 
*          1    00001000    000000e0     UNINITIALIZED
                  00001000    000000e0     DSP2833x_GlobalVariableDefs.obj (DmaRegsFile)

McbspaRegsFile 
*          1    00005000    00000025     UNINITIALIZED
                  00005000    00000025     DSP2833x_GlobalVariableDefs.obj (McbspaRegsFile)

McbspbRegsFile 
*          1    00005040    00000025     UNINITIALIZED
                  00005040    00000025     DSP2833x_GlobalVariableDefs.obj (McbspbRegsFile)

ECanaRegsFile 
*          1    00006000    00000034     UNINITIALIZED
                  00006000    00000034     DSP2833x_GlobalVariableDefs.obj (ECanaRegsFile)

ECanaLAMRegsFile 
*          1    00006040    00000040     UNINITIALIZED
                  00006040    00000040     DSP2833x_GlobalVariableDefs.obj (ECanaLAMRegsFile)

ECanaMOTSRegsFile 
*          1    00006080    00000040     UNINITIALIZED
                  00006080    00000040     DSP2833x_GlobalVariableDefs.obj (ECanaMOTSRegsFile)

ECanaMOTORegsFile 
*          1    000060c0    00000040     UNINITIALIZED
                  000060c0    00000040     DSP2833x_GlobalVariableDefs.obj (ECanaMOTORegsFile)

ECanaMboxesFile 
*          1    00006100    00000100     UNINITIALIZED
                  00006100    00000100     DSP2833x_GlobalVariableDefs.obj (ECanaMboxesFile)

ECanbRegsFile 
*          1    00006200    00000034     UNINITIALIZED
                  00006200    00000034     DSP2833x_GlobalVariableDefs.obj (ECanbRegsFile)

ECanbLAMRegsFile 
*          1    00006240    00000040     UNINITIALIZED
                  00006240    00000040     DSP2833x_GlobalVariableDefs.obj (ECanbLAMRegsFile)

ECanbMOTSRegsFile 
*          1    00006280    00000040     UNINITIALIZED
                  00006280    00000040     DSP2833x_GlobalVariableDefs.obj (ECanbMOTSRegsFile)

ECanbMOTORegsFile 
*          1    000062c0    00000040     UNINITIALIZED
                  000062c0    00000040     DSP2833x_GlobalVariableDefs.obj (ECanbMOTORegsFile)

ECanbMboxesFile 
*          1    00006300    00000100     UNINITIALIZED
                  00006300    00000100     DSP2833x_GlobalVariableDefs.obj (ECanbMboxesFile)

EPwm1RegsFile 
*          1    00006800    00000022     UNINITIALIZED
                  00006800    00000022     DSP2833x_GlobalVariableDefs.obj (EPwm1RegsFile)

EPwm2RegsFile 
*          1    00006840    00000022     UNINITIALIZED
                  00006840    00000022     DSP2833x_GlobalVariableDefs.obj (EPwm2RegsFile)

EPwm3RegsFile 
*          1    00006880    00000022     UNINITIALIZED
                  00006880    00000022     DSP2833x_GlobalVariableDefs.obj (EPwm3RegsFile)

EPwm4RegsFile 
*          1    000068c0    00000022     UNINITIALIZED
                  000068c0    00000022     DSP2833x_GlobalVariableDefs.obj (EPwm4RegsFile)

EPwm5RegsFile 
*          1    00006900    00000022     UNINITIALIZED
                  00006900    00000022     DSP2833x_GlobalVariableDefs.obj (EPwm5RegsFile)

EPwm6RegsFile 
*          1    00006940    00000022     UNINITIALIZED
                  00006940    00000022     DSP2833x_GlobalVariableDefs.obj (EPwm6RegsFile)

ECap1RegsFile 
*          1    00006a00    00000020     UNINITIALIZED
                  00006a00    00000020     DSP2833x_GlobalVariableDefs.obj (ECap1RegsFile)

ECap2RegsFile 
*          1    00006a20    00000020     UNINITIALIZED
                  00006a20    00000020     DSP2833x_GlobalVariableDefs.obj (ECap2RegsFile)

ECap3RegsFile 
*          1    00006a40    00000020     UNINITIALIZED
                  00006a40    00000020     DSP2833x_GlobalVariableDefs.obj (ECap3RegsFile)

ECap4RegsFile 
*          1    00006a60    00000020     UNINITIALIZED
                  00006a60    00000020     DSP2833x_GlobalVariableDefs.obj (ECap4RegsFile)

ECap5RegsFile 
*          1    00006a80    00000020     UNINITIALIZED
                  00006a80    00000020     DSP2833x_GlobalVariableDefs.obj (ECap5RegsFile)

ECap6RegsFile 
*          1    00006aa0    00000020     UNINITIALIZED
                  00006aa0    00000020     DSP2833x_GlobalVariableDefs.obj (ECap6RegsFile)

EQep1RegsFile 
*          1    00006b00    00000040     UNINITIALIZED
                  00006b00    00000040     DSP2833x_GlobalVariableDefs.obj (EQep1RegsFile)

EQep2RegsFile 
*          1    00006b40    00000040     UNINITIALIZED
                  00006b40    00000040     DSP2833x_GlobalVariableDefs.obj (EQep2RegsFile)

GpioCtrlRegsFile 
*          1    00006f80    0000002e     UNINITIALIZED
                  00006f80    0000002e     DSP2833x_GlobalVariableDefs.obj (GpioCtrlRegsFile)

GpioDataRegsFile 
*          1    00006fc0    00000020     UNINITIALIZED
                  00006fc0    00000020     DSP2833x_GlobalVariableDefs.obj (GpioDataRegsFile)

GpioIntRegsFile 
*          1    00006fe0    0000000a     UNINITIALIZED
                  00006fe0    0000000a     DSP2833x_GlobalVariableDefs.obj (GpioIntRegsFile)

SysCtrlRegsFile 
*          1    00007010    00000020     UNINITIALIZED
                  00007010    00000020     DSP2833x_GlobalVariableDefs.obj (SysCtrlRegsFile)

SpiaRegsFile 
*          1    00007040    00000010     UNINITIALIZED
                  00007040    00000010     DSP2833x_GlobalVariableDefs.obj (SpiaRegsFile)

SciaRegsFile 
*          1    00007050    00000010     UNINITIALIZED
                  00007050    00000010     DSP2833x_GlobalVariableDefs.obj (SciaRegsFile)

XIntruptRegsFile 
*          1    00007070    00000010     UNINITIALIZED
                  00007070    00000010     DSP2833x_GlobalVariableDefs.obj (XIntruptRegsFile)

AdcRegsFile 
*          1    00007100    0000001e     UNINITIALIZED
                  00007100    0000001e     DSP2833x_GlobalVariableDefs.obj (AdcRegsFile)

ScibRegsFile 
*          1    00007750    00000010     UNINITIALIZED
                  00007750    00000010     DSP2833x_GlobalVariableDefs.obj (ScibRegsFile)

ScicRegsFile 
*          1    00007770    00000010     UNINITIALIZED
                  00007770    00000010     DSP2833x_GlobalVariableDefs.obj (ScicRegsFile)

I2caRegsFile 
*          1    00007900    00000022     UNINITIALIZED
                  00007900    00000022     DSP2833x_GlobalVariableDefs.obj (I2caRegsFile)

CsmPwlFile 
*          1    0033fff8    00000008     UNINITIALIZED
                  0033fff8    00000008     DSP2833x_GlobalVariableDefs.obj (CsmPwlFile)

.pinit     0    00338000    00000000     UNINITIALIZED

.text      0    00338000    00003a25     
                  00338000    000011f5     inv_mpu.obj (.text)
                  003391f5    00000746     inv_mpu_dmp_motion_driver.obj (.text)
                  0033993b    00000001     rts2800_fpu32.lib : startup.c.obj (.text)
                  0033993c    000006da                       : _printfi.c.obj (.text)
                  0033a016    0000060a                       : _printfi.c.obj (.text:__TI_printfi)
                  0033a620    00000323     DSP2833x_DefaultIsr.obj (.text:retain)
                  0033a943    00000197     mpu6050.obj (.text)
                  0033aada    00000132     uart.obj (.text)
                  0033ac0c    00000107     rts2800_fpu32.lib : ll_div28.asm.obj (.text)
                  0033ad13    000000f8     DSP2833x_SysCtrl.obj (.text)
                  0033ae0b    000000f8     i2c.obj (.text)
                  0033af03    000000f5     rts2800_fpu32.lib : e_asinf.c.obj (.text)
                  0033aff8    000000d2                       : e_atan2f.c.obj (.text)
                  0033b0ca    000000ca                       : s_atanf.c.obj (.text)
                  0033b194    000000ae                       : s_scalbn.c.obj (.text)
                  0033b242    0000009c                       : fd_add28.asm.obj (.text)
                  0033b2de    00000099     main.obj (.text)
                  0033b377    00000001     --HOLE-- [fill = 0]
                  0033b378    00000092     rts2800_fpu32.lib : e_sqrt.c.obj (.text)
                  0033b40a    0000008b                       : fd_div28.asm.obj (.text)
                  0033b495    00000088                       : fs_div28.asm.obj (.text)
                  0033b51d    00000083                       : fd_mpy28.asm.obj (.text)
                  0033b5a0    0000005a                       : s_frexp.c.obj (.text)
                  0033b5fa    00000056                       : boot28.asm.obj (.text)
                  0033b650    00000040     leds.obj (.text)
                  0033b690    00000031     rts2800_fpu32.lib : atoi.c.obj (.text)
                  0033b6c1    00000030                       : _ltoa.c.obj (.text)
                  0033b6f1    00000030                       : vsprintf.c.obj (.text)
                  0033b721    0000002a                       : fd_cmp28.asm.obj (.text)
                  0033b74b    0000002a                       : l_div28.asm.obj (.text)
                  0033b775    00000029                       : exit.c.obj (.text)
                  0033b79e    00000025                       : s_copysign.c.obj (.text)
                  0033b7c3    00000024                       : cpy_tbl.c.obj (.text)
                  0033b7e7    00000023                       : fd_tofsfpu32.asm.obj (.text)
                  0033b80a    00000022                       : i_div28.asm.obj (.text)
                  0033b82c    00000021                       : fd_toi28.asm.obj (.text)
                  0033b84d    0000001f                       : fd_tol28.asm.obj (.text)
                  0033b86c    0000001e                       : ll_cmp28.asm.obj (.text)
                  0033b88a    0000001d                       : i_tofd28.asm.obj (.text)
                  0033b8a7    0000001d                       : memcpy.c.obj (.text)
                  0033b8c4    0000001c                       : fs_tofdfpu32.asm.obj (.text)
                  0033b8e0    0000001c                       : l_tofd28.asm.obj (.text)
                  0033b8fc    0000001b                       : fd_toul28.asm.obj (.text)
                  0033b917    00000019     DSP2833x_Sci.obj (.text)
                  0033b930    00000018     rts2800_fpu32.lib : ll_aox28.asm.obj (.text)
                  0033b948    00000017     DSP2833x_I2C.obj (.text)
                  0033b95f    00000017     rts2800_fpu32.lib : u_tofd28.asm.obj (.text)
                  0033b976    00000014                       : ll_mpy28.asm.obj (.text)
                  0033b98a    00000013     DSP2833x_MemCopy.obj (.text)
                  0033b99d    00000013     rts2800_fpu32.lib : memcmp.c.obj (.text)
                  0033b9b0    00000012                       : args_main.c.obj (.text)
                  0033b9c2    00000010                       : memccpy.c.obj (.text)
                  0033b9d2    0000000e                       : fd_sub28.asm.obj (.text)
                  0033b9e0    0000000c                       : strchr.c.obj (.text)
                  0033b9ec    00000009                       : _lock.c.obj (.text)
                  0033b9f5    00000009                       : fd_neg28.asm.obj (.text)
                  0033b9fe    00000009                       : wcslen.c.obj (.text)
                  0033ba07    00000008     DSP2833x_CodeStartBranch.obj (.text)
                  0033ba0f    00000008     rts2800_fpu32.lib : strlen.c.obj (.text)
                  0033ba17    00000007                       : memset.c.obj (.text)
                  0033ba1e    00000005                       : strcpy.c.obj (.text)
                  0033ba23    00000002                       : pre_init.c.obj (.text)

codestart 
*          0    0033fff6    00000002     
                  0033fff6    00000002     DSP2833x_CodeStartBranch.obj (codestart)

.stack     1    0000c000    00000300     UNINITIALIZED
                  0000c000    00000300     --HOLE--

.ebss      1    0000c300    00000272     UNINITIALIZED
                  0000c300    00000210     uart.obj (.ebss:_write_buf$1)
                  0000c510    0000001e     inv_mpu.obj (.ebss)
                  0000c52e    00000010     main.obj (.ebss)
                  0000c53e    00000002     rts2800_fpu32.lib : _lock.c.obj (.ebss:__lock)
                  0000c540    00000018     DSP2833x_CpuTimers.obj (.ebss)
                  0000c558    00000009     inv_mpu.obj (.ebss:_gyro_orientation)
                  0000c561    00000001     rts2800_fpu32.lib : errno.c.obj (.ebss)
                  0000c562    00000008     inv_mpu_dmp_motion_driver.obj (.ebss)
                  0000c56a    00000006     rts2800_fpu32.lib : exit.c.obj (.ebss)
                  0000c570    00000002                       : _lock.c.obj (.ebss:__unlock)

.econst    0    0033ba26    00000f72     
                  0033ba26    00000bf6     inv_mpu_dmp_motion_driver.obj (.econst:.string:_dmp_memory)
                  0033c61c    00000101     rts2800_fpu32.lib : ctype.c.obj (.econst:.string:__ctypes_)
                  0033c71d    00000001     --HOLE-- [fill = 0]
                  0033c71e    000000a2     main.obj (.econst:.string)
                  0033c7c0    000000a0     inv_mpu.obj (.econst:.string)
                  0033c860    00000026     rts2800_fpu32.lib : _printfi.c.obj (.econst:.string)
                  0033c886    0000001c                       : _printfi.c.obj (.econst)
                  0033c8a2    0000001c                       : s_scalbn.c.obj (.econst)
                  0033c8be    0000001b     inv_mpu.obj (.econst:_reg)
                  0033c8d9    00000001     --HOLE-- [fill = 0]
                  0033c8da    00000016     inv_mpu.obj (.econst:_test)
                  0033c8f0    00000014     rts2800_fpu32.lib : e_asinf.c.obj (.econst)
                  0033c904    00000010     mpu6050.obj (.econst)
                  0033c914    0000000c     inv_mpu_dmp_motion_driver.obj (.econst:.string:_$P$T4$5)
                  0033c920    0000000c     rts2800_fpu32.lib : e_atan2f.c.obj (.econst)
                  0033c92c    0000000c                       : e_sqrt.c.obj (.econst)
                  0033c938    0000000b     inv_mpu_dmp_motion_driver.obj (.econst:.string:_$P$T7$8)
                  0033c943    0000000b     inv_mpu_dmp_motion_driver.obj (.econst:.string:_$P$T8$9)
                  0033c94e    0000000a     rts2800_fpu32.lib : s_atanf.c.obj (.econst:_aT)
                  0033c958    00000009     inv_mpu_dmp_motion_driver.obj (.econst:.string:_$P$T5$6)
                  0033c961    00000009     inv_mpu_dmp_motion_driver.obj (.econst:.string:_$P$T6$7)
                  0033c96a    00000008     rts2800_fpu32.lib : s_atanf.c.obj (.econst:_atanhi)
                  0033c972    00000008                       : s_atanf.c.obj (.econst:_atanlo)
                  0033c97a    00000008                       : s_frexp.c.obj (.econst)
                  0033c982    00000006     inv_mpu.obj (.econst:_hw)
                  0033c988    00000004     rts2800_fpu32.lib : s_atanf.c.obj (.econst)
                  0033c98c    00000003     inv_mpu_dmp_motion_driver.obj (.econst:.string:_$P$T0$1)
                  0033c98f    00000003     inv_mpu_dmp_motion_driver.obj (.econst:.string:_$P$T1$2)
                  0033c992    00000003     inv_mpu_dmp_motion_driver.obj (.econst:.string:_$P$T2$3)
                  0033c995    00000003     inv_mpu_dmp_motion_driver.obj (.econst:.string:_$P$T3$4)

.reset     0    003fffc0    00000002     DSECT
                  003fffc0    00000002     rts2800_fpu32.lib : boot28.asm.obj (.reset)

vectors    0    003fffc2    00000000     DSECT

.adc_cal   0    00380080    00000007     NOLOAD SECTION
                  00380080    00000007     DSP2833x_ADC_cal.obj (.adc_cal)

MODULE SUMMARY

       Module                            code    initialized data   uninitialized data
       ------                            ----    ----------------   ------------------
    .\app\src\
       uart.obj                          306     0                  528               
       mpu6050.obj                       407     16                 0                 
       i2c.obj                           248     0                  0                 
       leds.obj                          64      0                  0                 
    +--+---------------------------------+-------+------------------+--------------------+
       Total:                            1025    16                 528               
                                                                                      
    .\app\src\eMPL\
       inv_mpu_dmp_motion_driver.obj     1862    3137               8                 
       inv_mpu.obj                       4597    240                39                
    +--+---------------------------------+-------+------------------+--------------------+
       Total:                            6459    3377               47                
                                                                                      
    .\source\
       DSP2833x_GlobalVariableDefs.obj   0       0                  2678              
       DSP2833x_DefaultIsr.obj           803     0                  0                 
       DSP2833x_SysCtrl.obj              302     0                  0                 
       DSP2833x_Sci.obj                  25      0                  0                 
       DSP2833x_CpuTimers.obj            0       0                  24                
       DSP2833x_I2C.obj                  23      0                  0                 
       DSP2833x_MemCopy.obj              19      0                  0                 
       DSP2833x_CodeStartBranch.obj      10      0                  0                 
       DSP2833x_usDelay.obj              8       0                  0                 
       DSP2833x_ADC_cal.obj              7       0                  0                 
    +--+---------------------------------+-------+------------------+--------------------+
       Total:                            1197    0                  2702              
                                                                                      
    .\user\
       main.obj                          153     166                16                
    +--+---------------------------------+-------+------------------+--------------------+
       Total:                            153     166                16                
                                                                                      
    C:\ti\ccs1110\ccs\tools\compiler\ti-cgt-c2000_21.6.0.LTS\lib\rts2800_fpu32.lib
       _printfi.c.obj                    3300    66                 0                 
       e_asinf.c.obj                     245     20                 0                 
       ll_div28.asm.obj                  263     0                  0                 
       ctype.c.obj                       0       257                0                 
       s_atanf.c.obj                     202     30                 0                 
       e_atan2f.c.obj                    210     12                 0                 
       s_scalbn.c.obj                    174     28                 0                 
       e_sqrt.c.obj                      146     12                 0                 
       fd_add28.asm.obj                  156     0                  0                 
       fd_div28.asm.obj                  139     0                  0                 
       fs_div28.asm.obj                  136     0                  0                 
       fd_mpy28.asm.obj                  131     0                  0                 
       s_frexp.c.obj                     90      8                  0                 
       boot28.asm.obj                    86      0                  0                 
       exit.c.obj                        41      14                 6                 
       atoi.c.obj                        49      0                  0                 
       _ltoa.c.obj                       48      0                  0                 
       vsprintf.c.obj                    48      0                  0                 
       fd_cmp28.asm.obj                  42      0                  0                 
       l_div28.asm.obj                   42      0                  0                 
       s_copysign.c.obj                  37      0                  0                 
       cpy_tbl.c.obj                     36      0                  0                 
       fd_tofsfpu32.asm.obj              35      0                  0                 
       i_div28.asm.obj                   34      0                  0                 
       fd_toi28.asm.obj                  33      0                  0                 
       fd_tol28.asm.obj                  31      0                  0                 
       ll_cmp28.asm.obj                  30      0                  0                 
       i_tofd28.asm.obj                  29      0                  0                 
       memcpy.c.obj                      29      0                  0                 
       fs_tofdfpu32.asm.obj              28      0                  0                 
       l_tofd28.asm.obj                  28      0                  0                 
       fd_toul28.asm.obj                 27      0                  0                 
       ll_aox28.asm.obj                  24      0                  0                 
       _lock.c.obj                       9       10                 4                 
       u_tofd28.asm.obj                  23      0                  0                 
       ll_mpy28.asm.obj                  20      0                  0                 
       memcmp.c.obj                      19      0                  0                 
       args_main.c.obj                   18      0                  0                 
       memccpy.c.obj                     16      0                  0                 
       fd_sub28.asm.obj                  14      0                  0                 
       strchr.c.obj                      12      0                  0                 
       fd_neg28.asm.obj                  9       0                  0                 
       wcslen.c.obj                      9       0                  0                 
       strlen.c.obj                      8       0                  0                 
       memset.c.obj                      7       0                  0                 
       errno.c.obj                       0       4                  1                 
       strcpy.c.obj                      5       0                  0                 
       pre_init.c.obj                    2       0                  0                 
       startup.c.obj                     1       0                  0                 
    +--+---------------------------------+-------+------------------+--------------------+
       Total:                            6121    461                11                
                                                                                      
       Stack:                            0       0                  768               
    +--+---------------------------------+-------+------------------+--------------------+
       Grand Total:                      14955   4020               4072              


GLOBAL DATA SYMBOLS: SORTED BY DATA PAGE

address     data page           name
--------    ----------------    ----
00000880      22 (00000880)     _DevEmuRegs

00000a80      2a (00000a80)     _FlashRegs

00000ae0      2b (00000ac0)     _CsmRegs

00000b00      2c (00000b00)     _AdcMirror
00000b20      2c (00000b00)     _XintfRegs

00000c00      30 (00000c00)     _CpuTimer0Regs
00000c08      30 (00000c00)     _CpuTimer1Regs
00000c10      30 (00000c00)     _CpuTimer2Regs

00000ce0      33 (00000cc0)     _PieCtrlRegs

00000d00      34 (00000d00)     _PieVectTable

00001000      40 (00001000)     _DmaRegs

00005000     140 (00005000)     _McbspaRegs

00005040     141 (00005040)     _McbspbRegs

00006000     180 (00006000)     _ECanaRegs

00006040     181 (00006040)     _ECanaLAMRegs

00006080     182 (00006080)     _ECanaMOTSRegs

000060c0     183 (000060c0)     _ECanaMOTORegs

00006100     184 (00006100)     _ECanaMboxes

00006200     188 (00006200)     _ECanbRegs

00006240     189 (00006240)     _ECanbLAMRegs

00006280     18a (00006280)     _ECanbMOTSRegs

000062c0     18b (000062c0)     _ECanbMOTORegs

00006300     18c (00006300)     _ECanbMboxes

00006800     1a0 (00006800)     _EPwm1Regs

00006840     1a1 (00006840)     _EPwm2Regs

00006880     1a2 (00006880)     _EPwm3Regs

000068c0     1a3 (000068c0)     _EPwm4Regs

00006900     1a4 (00006900)     _EPwm5Regs

00006940     1a5 (00006940)     _EPwm6Regs

00006a00     1a8 (00006a00)     _ECap1Regs
00006a20     1a8 (00006a00)     _ECap2Regs

00006a40     1a9 (00006a40)     _ECap3Regs
00006a60     1a9 (00006a40)     _ECap4Regs

00006a80     1aa (00006a80)     _ECap5Regs
00006aa0     1aa (00006a80)     _ECap6Regs

00006b00     1ac (00006b00)     _EQep1Regs

00006b40     1ad (00006b40)     _EQep2Regs

00006f80     1be (00006f80)     _GpioCtrlRegs

00006fc0     1bf (00006fc0)     _GpioDataRegs
00006fe0     1bf (00006fc0)     _GpioIntRegs

00007010     1c0 (00007000)     _SysCtrlRegs

00007040     1c1 (00007040)     _SpiaRegs
00007050     1c1 (00007040)     _SciaRegs
00007070     1c1 (00007040)     _XIntruptRegs

00007100     1c4 (00007100)     _AdcRegs

00007750     1dd (00007740)     _ScibRegs
00007770     1dd (00007740)     _ScicRegs

00007900     1e4 (00007900)     _I2caRegs

0000c000     300 (0000c000)     __stack

0000c52e     314 (0000c500)     _T
0000c52f     314 (0000c500)     _ax
0000c530     314 (0000c500)     _ay
0000c531     314 (0000c500)     _az
0000c532     314 (0000c500)     _gx
0000c533     314 (0000c500)     _gy
0000c534     314 (0000c500)     _gz
0000c535     314 (0000c500)     _ggx
0000c536     314 (0000c500)     _aax
0000c537     314 (0000c500)     _res
0000c538     314 (0000c500)     _pitch
0000c53a     314 (0000c500)     _roll
0000c53c     314 (0000c500)     _yaw
0000c53e     314 (0000c500)     __lock

0000c540     315 (0000c540)     _CpuTimer0
0000c548     315 (0000c540)     _CpuTimer1
0000c550     315 (0000c540)     _CpuTimer2
0000c561     315 (0000c540)     _errno
0000c56a     315 (0000c540)     ___TI_enable_exit_profile_output
0000c56c     315 (0000c540)     ___TI_cleanup_ptr
0000c56e     315 (0000c540)     ___TI_dtors_ptr
0000c570     315 (0000c540)     __unlock

0033c61c    cf18 (0033c600)     __ctypes_

0033c8be    cf22 (0033c880)     _reg

0033c8da    cf23 (0033c8c0)     _test

0033c982    cf26 (0033c980)     _hw

0033fff8    cfff (0033ffc0)     _CsmPwl


GLOBAL SYMBOLS: SORTED ALPHABETICALLY BY Name 

page  address   name                             
----  -------   ----                             
0     00338000  .text                            
0     0033b775  C$$EXIT                          
0     0033b242  FD$$ADD                          
0     0033b721  FD$$CMP                          
0     0033b40a  FD$$DIV                          
0     0033b51d  FD$$MPY                          
0     0033b9f5  FD$$NEG                          
0     0033b9d2  FD$$SUB                          
0     0033b7e7  FD$$TOFS                         
0     0033b82c  FD$$TOI                          
0     0033b84d  FD$$TOL                          
0     0033b8fc  FD$$TOUL                         
0     0033b495  FS$$DIV                          
0     0033b8c4  FS$$TOFD                         
0     0033b80a  I$$DIV                           
0     0033b81b  I$$MOD                           
0     0033b88a  I$$TOFD                          
0     0033b74b  L$$DIV                           
0     0033b75a  L$$MOD                           
0     0033b8e0  L$$TOFD                          
0     0033b930  LL$$AND                          
0     0033b86c  LL$$CMP                          
0     0033ac0c  LL$$DIV                          
0     0033ac48  LL$$MOD                          
0     0033b976  LL$$MPY                          
0     0033b938  LL$$OR                           
0     0033b940  LL$$XOR                          
0     0033b95f  U$$TOFD                          
0     0033b768  UL$$DIV                          
0     0033b76f  UL$$MOD                          
0     0033b87e  ULL$$CMP                         
0     0033ac82  ULL$$DIV                         
0     0033acb1  ULL$$MOD                         
0     0033a706  _ADCINT_ISR                      
0     00380080  _ADC_cal                         
1     00000b00  _AdcMirror                       
1     00007100  _AdcRegs                         
1     0000c540  _CpuTimer0                       
1     00000c00  _CpuTimer0Regs                   
1     0000c548  _CpuTimer1                       
1     00000c08  _CpuTimer1Regs                   
1     0000c550  _CpuTimer2                       
1     00000c10  _CpuTimer2Regs                   
1     0033fff8  _CsmPwl                          
1     00000ae0  _CsmRegs                         
0     0033adda  _CsmUnlock                       
0     0033a634  _DATALOG_ISR                     
0     0033a828  _DINTCH1_ISR                     
0     0033a832  _DINTCH2_ISR                     
0     0033a83c  _DINTCH3_ISR                     
0     0033a846  _DINTCH4_ISR                     
0     0033a850  _DINTCH5_ISR                     
0     0033a85a  _DINTCH6_ISR                     
0     0000801b  _DSP28x_usDelay                  
1     00000880  _DevEmuRegs                      
0     0033ad26  _DisableDog                      
1     00001000  _DmaRegs                         
0     0033a8b4  _ECAN0INTA_ISR                   
0     0033a8c8  _ECAN0INTB_ISR                   
0     0033a8be  _ECAN1INTA_ISR                   
0     0033a8d2  _ECAN1INTB_ISR                   
0     0033a79c  _ECAP1_INT_ISR                   
0     0033a7a6  _ECAP2_INT_ISR                   
0     0033a7b0  _ECAP3_INT_ISR                   
0     0033a7ba  _ECAP4_INT_ISR                   
0     0033a7c4  _ECAP5_INT_ISR                   
0     0033a7ce  _ECAP6_INT_ISR                   
1     00006040  _ECanaLAMRegs                    
1     000060c0  _ECanaMOTORegs                   
1     00006080  _ECanaMOTSRegs                   
1     00006100  _ECanaMboxes                     
1     00006000  _ECanaRegs                       
1     00006240  _ECanbLAMRegs                    
1     000062c0  _ECanbMOTORegs                   
1     00006280  _ECanbMOTSRegs                   
1     00006300  _ECanbMboxes                     
1     00006200  _ECanbRegs                       
1     00006a00  _ECap1Regs                       
1     00006a20  _ECap2Regs                       
1     00006a40  _ECap3Regs                       
1     00006a60  _ECap4Regs                       
1     00006a80  _ECap5Regs                       
1     00006aa0  _ECap6Regs                       
0     0033a922  _EMPTY_ISR                       
0     0033a648  _EMUINT_ISR                      
0     0033a760  _EPWM1_INT_ISR                   
0     0033a724  _EPWM1_TZINT_ISR                 
0     0033a76a  _EPWM2_INT_ISR                   
0     0033a72e  _EPWM2_TZINT_ISR                 
0     0033a774  _EPWM3_INT_ISR                   
0     0033a738  _EPWM3_TZINT_ISR                 
0     0033a77e  _EPWM4_INT_ISR                   
0     0033a742  _EPWM4_TZINT_ISR                 
0     0033a788  _EPWM5_INT_ISR                   
0     0033a74c  _EPWM5_TZINT_ISR                 
0     0033a792  _EPWM6_INT_ISR                   
0     0033a756  _EPWM6_TZINT_ISR                 
1     00006800  _EPwm1Regs                       
1     00006840  _EPwm2Regs                       
1     00006880  _EPwm3Regs                       
1     000068c0  _EPwm4Regs                       
1     00006900  _EPwm5Regs                       
1     00006940  _EPwm6Regs                       
0     0033a7d8  _EQEP1_INT_ISR                   
0     0033a7e2  _EQEP2_INT_ISR                   
1     00006b00  _EQep1Regs                       
1     00006b40  _EQep2Regs                       
1     00000a80  _FlashRegs                       
1     00006f80  _GpioCtrlRegs                    
1     00006fc0  _GpioDataRegs                    
1     00006fe0  _GpioIntRegs                     
0     0033ae0b  _I2CA_Init                       
0     0033a864  _I2CINT1A_ISR                    
0     0033a86e  _I2CINT2A_ISR                    
0     0033ae91  _I2C_ReadData                    
0     0033ae44  _I2C_WriteData                   
1     00007900  _I2caRegs                        
0     0033a65c  _ILLEGAL_ISR                     
0     0033a620  _INT13_ISR                       
0     0033a62a  _INT14_ISR                       
0     00008000  _InitFlash                       
0     0033b948  _InitI2C                         
0     0033b949  _InitI2CGpio                     
0     0033ad7f  _InitPeripheralClocks            
0     0033ad2e  _InitPll                         
0     0033b917  _InitSci                         
0     0033b918  _InitSciGpio                     
0     0033b91b  _InitSciaGpio                    
0     0033ad13  _InitSysCtrl                     
0     0033b650  _LED_Init                        
0     0033a918  _LUF_ISR                         
0     0033a90e  _LVF_ISR                         
0     0033aaba  _MPU_Get_Accelerometer           
0     0033aa9a  _MPU_Get_Gyroscope               
0     0033aa73  _MPU_Get_Temperature             
0     0033a985  _MPU_Init                        
0     0033aa41  _MPU_Read_Byte                   
0     0033aa63  _MPU_Read_Len                    
0     0033a9db  _MPU_Set_Accel_Fsr               
0     0033a9cf  _MPU_Set_Gyro_Fsr                
0     0033a9e6  _MPU_Set_LPF                     
0     0033aa0b  _MPU_Set_Rate                    
0     0033aa2e  _MPU_Write_Byte                  
0     0033aa53  _MPU_Write_Len                   
0     0033a814  _MRINTA_ISR                      
0     0033a800  _MRINTB_ISR                      
0     0033a81e  _MXINTA_ISR                      
0     0033a80a  _MXINTB_ISR                      
1     00005000  _McbspaRegs                      
1     00005040  _McbspbRegs                      
0     0033b98a  _MemCopy                         
0     0033a652  _NMI_ISR                         
0     0033a92f  _PIE_RESERVED                    
1     00000ce0  _PieCtrlRegs                     
1     00000d00  _PieVectTable                    
0     0033a63e  _RTOSINT_ISR                     
0     0032001f  _RamfuncsLoadEnd                 
0     00320000  _RamfuncsLoadStart               
0     00008000  _RamfuncsRunStart                
0     0033a88c  _SCIRXINTA_ISR                   
0     0033a8a0  _SCIRXINTB_ISR                   
0     0033a878  _SCIRXINTC_ISR                   
0     0033a896  _SCITXINTA_ISR                   
0     0033a8aa  _SCITXINTB_ISR                   
0     0033a882  _SCITXINTC_ISR                   
0     0033a6de  _SEQ1INT_ISR                     
0     0033a6e8  _SEQ2INT_ISR                     
0     0033a7ec  _SPIRXINTA_ISR                   
0     0033a7f6  _SPITXINTA_ISR                   
1     00007050  _SciaRegs                        
1     00007750  _ScibRegs                        
1     00007770  _ScicRegs                        
0     0033ad1c  _ServiceDog                      
1     00007040  _SpiaRegs                        
1     00007010  _SysCtrlRegs                     
1     0000c52e  _T                               
0     0033a710  _TINT0_ISR                       
0     0033aada  _UARTa_Init                      
0     0033ab35  _UARTa_SendByte                  
0     0033ab41  _UARTa_SendString                
0     0033a6c0  _USER10_ISR                      
0     0033a6ca  _USER11_ISR                      
0     0033a6d4  _USER12_ISR                      
0     0033a666  _USER1_ISR                       
0     0033a670  _USER2_ISR                       
0     0033a67a  _USER3_ISR                       
0     0033a684  _USER4_ISR                       
0     0033a68e  _USER5_ISR                       
0     0033a698  _USER6_ISR                       
0     0033a6a2  _USER7_ISR                       
0     0033a6ac  _USER8_ISR                       
0     0033a6b6  _USER9_ISR                       
0     0033a71a  _WAKEINT_ISR                     
0     0033a6f2  _XINT1_ISR                       
0     0033a6fc  _XINT2_ISR                       
0     0033a8dc  _XINT3_ISR                       
0     0033a8e6  _XINT4_ISR                       
0     0033a8f0  _XINT5_ISR                       
0     0033a8fa  _XINT6_ISR                       
0     0033a904  _XINT7_ISR                       
1     00007070  _XIntruptRegs                    
1     00000b20  _XintfRegs                       
1     0000c300  __STACK_END                      
abs   00000300  __STACK_SIZE                     
1     0000c56c  ___TI_cleanup_ptr                
1     0000c56e  ___TI_dtors_ptr                  
1     0000c56a  ___TI_enable_exit_profile_output 
0     0033b6c1  ___TI_ltoa                       
abs   ffffffff  ___TI_pprof_out_hndl             
0     0033a48f  ___TI_printfi                    
abs   ffffffff  ___TI_prof_data_size             
abs   ffffffff  ___TI_prof_data_start            
abs   ffffffff  ___binit__                       
abs   ffffffff  ___c_args__                      
0     0033c998  ___cinit__                       
0     0033ba25  ___etext__                       
abs   ffffffff  ___pinit__                       
0     00338000  ___text__                        
0     0033b9b0  __args_main                      
0     0033c61c  __ctypes_                        
1     0000c53e  __lock                           
0     0033b9f4  __nop                            
0     0033b9f0  __register_lock                  
0     0033b9ec  __register_unlock                
1     0000c000  __stack                          
0     0033993b  __system_post_cinit              
0     0033ba23  __system_pre_init                
1     0000c570  __unlock                         
1     0000c536  _aax                             
0     0033b775  _abort                           
0     0033af03  _asin                            
0     0033af03  _asinf                           
0     0033b0ca  _atan                            
0     0033aff8  _atan2                           
0     0033aff8  _atan2f                          
0     0033b0ca  _atanf                           
0     0033b690  _atoi                            
1     0000c52f  _ax                              
1     0000c530  _ay                              
1     0000c531  _az                              
0     0033b5fa  _c_int00                         
0     0033b7c3  _copy_in                         
0     0033b79e  _copysignl                       
0     0033a943  _delay_ms                        
0     003397a1  _dmp_enable_6x_lp_quat           
0     00339665  _dmp_enable_feature              
0     0033975c  _dmp_enable_gyro_cal             
0     00339782  _dmp_enable_lp_quat              
0     00339752  _dmp_get_enabled_features        
0     0033942b  _dmp_get_fifo_rate               
0     003395c4  _dmp_get_pedometer_step_count    
0     0033960d  _dmp_get_pedometer_walk_time     
0     003391f5  _dmp_load_motion_driver_firmware 
0     00339814  _dmp_read_fifo                   
0     00339932  _dmp_register_android_orient_cb  
0     00339929  _dmp_register_tap_cb             
0     00339357  _dmp_set_accel_bias              
0     003393ef  _dmp_set_fifo_rate               
0     003392ae  _dmp_set_gyro_bias               
0     003397e6  _dmp_set_interrupt_mode          
0     003391ff  _dmp_set_orientation             
0     003395f1  _dmp_set_pedometer_step_count    
0     00339640  _dmp_set_pedometer_walk_time     
0     00339570  _dmp_set_shake_reject_thresh     
0     00339598  _dmp_set_shake_reject_time       
0     003395ae  _dmp_set_shake_reject_timeout    
0     00339513  _dmp_set_tap_axes                
0     0033952c  _dmp_set_tap_count               
0     00339435  _dmp_set_tap_thresh              
0     00339544  _dmp_set_tap_time                
0     0033955a  _dmp_set_tap_time_multi          
1     0000c561  _errno                           
0     0033b777  _exit                            
0     0033b5a0  _frexpl                          
1     0000c535  _ggx                             
1     0000c532  _gx                              
1     0000c533  _gy                              
1     0000c534  _gz                              
0     0033c982  _hw                              
0     00339076  _inv_orientation_matrix_to_scalar
0     0033908e  _inv_row_2_scale                 
0     0033b194  _ldexpl                          
0     0033b2de  _main                            
0     0033b9c2  _memccpy                         
0     0033b99d  _memcmp                          
0     0033b8a7  _memcpy                          
0     0033ba17  _memset                          
0     003390b2  _mget_ms                         
0     00338636  _mpu_configure_fifo              
0     00339102  _mpu_dmp_get_data                
0     003390b6  _mpu_dmp_init                    
0     00338498  _mpu_get_accel_fsr               
0     00338229  _mpu_get_accel_reg               
0     00338606  _mpu_get_accel_sens              
0     00338f05  _mpu_get_compass_fsr             
0     00338efe  _mpu_get_compass_reg             
0     003385cd  _mpu_get_compass_sample_rate     
0     00338ef1  _mpu_get_dmp_state               
0     0033862c  _mpu_get_fifo_config             
0     0033842c  _mpu_get_gyro_fsr                
0     003381f6  _mpu_get_gyro_reg                
0     003385da  _mpu_get_gyro_sens               
0     003386da  _mpu_get_int_status              
0     003384fe  _mpu_get_lpf                     
0     0033866e  _mpu_get_power_state             
0     00338570  _mpu_get_sample_rate             
0     0033825b  _mpu_get_temperature             
0     003380a3  _mpu_init                        
0     00338e3f  _mpu_load_firmware               
0     00338189  _mpu_lp_accel_mode               
0     00338f0b  _mpu_lp_motion_interrupt         
0     003386fc  _mpu_read_fifo                   
0     00338812  _mpu_read_fifo_stream            
0     00338dfb  _mpu_read_mem                    
0     0033807e  _mpu_read_reg                    
0     0033804b  _mpu_reg_dump                    
0     00338336  _mpu_reset_fifo                  
0     00338d1f  _mpu_run_self_test               
0     0033829b  _mpu_set_accel_bias              
0     003384be  _mpu_set_accel_fsr               
0     00338879  _mpu_set_bypass                  
0     003385d4  _mpu_set_compass_sample_rate     
0     00338ea7  _mpu_set_dmp_state               
0     0033844b  _mpu_set_gyro_fsr                
0     0033891f  _mpu_set_int_latched             
0     00338917  _mpu_set_int_level               
0     0033852f  _mpu_set_lpf                     
0     0033857f  _mpu_set_sample_rate             
0     0033867b  _mpu_set_sensors                 
0     00338db7  _mpu_write_mem                   
1     0000c538  _pitch                           
0     0033c8be  _reg                             
1     0000c537  _res                             
1     0000c53a  _roll                            
0     0033a939  _rsvd_ISR                        
0     00339020  _run_self_test                   
0     0033b194  _scalbnl                         
0     0033aba7  _scia_float                      
0     0033ab60  _scia_int                        
0     0033abf9  _scia_msg                        
0     0033ab54  _scia_xmit                       
0     00338efb  _setup_compass                   
0     0033b378  _sqrtl                           
0     0033b9e0  _strchr                          
0     0033ba1e  _strcpy                          
0     0033ba0f  _strlen                          
0     0033c8da  _test                            
0     0033ab13  _uart_printf                     
0     0033b6f1  _vsprintf                        
0     0033b9fe  _wcslen                          
1     0000c53c  _yaw                             
abs   ffffffff  binit                            
0     0033c998  cinit                            
0     0033fff6  code_start                       
0     0033ba25  etext                            
abs   ffffffff  pinit                            


GLOBAL SYMBOLS: SORTED BY Symbol Address 

page  address   name                             
----  -------   ----                             
0     00008000  _InitFlash                       
0     00008000  _RamfuncsRunStart                
0     0000801b  _DSP28x_usDelay                  
0     00320000  _RamfuncsLoadStart               
0     0032001f  _RamfuncsLoadEnd                 
0     00338000  .text                            
0     00338000  ___text__                        
0     0033804b  _mpu_reg_dump                    
0     0033807e  _mpu_read_reg                    
0     003380a3  _mpu_init                        
0     00338189  _mpu_lp_accel_mode               
0     003381f6  _mpu_get_gyro_reg                
0     00338229  _mpu_get_accel_reg               
0     0033825b  _mpu_get_temperature             
0     0033829b  _mpu_set_accel_bias              
0     00338336  _mpu_reset_fifo                  
0     0033842c  _mpu_get_gyro_fsr                
0     0033844b  _mpu_set_gyro_fsr                
0     00338498  _mpu_get_accel_fsr               
0     003384be  _mpu_set_accel_fsr               
0     003384fe  _mpu_get_lpf                     
0     0033852f  _mpu_set_lpf                     
0     00338570  _mpu_get_sample_rate             
0     0033857f  _mpu_set_sample_rate             
0     003385cd  _mpu_get_compass_sample_rate     
0     003385d4  _mpu_set_compass_sample_rate     
0     003385da  _mpu_get_gyro_sens               
0     00338606  _mpu_get_accel_sens              
0     0033862c  _mpu_get_fifo_config             
0     00338636  _mpu_configure_fifo              
0     0033866e  _mpu_get_power_state             
0     0033867b  _mpu_set_sensors                 
0     003386da  _mpu_get_int_status              
0     003386fc  _mpu_read_fifo                   
0     00338812  _mpu_read_fifo_stream            
0     00338879  _mpu_set_bypass                  
0     00338917  _mpu_set_int_level               
0     0033891f  _mpu_set_int_latched             
0     00338d1f  _mpu_run_self_test               
0     00338db7  _mpu_write_mem                   
0     00338dfb  _mpu_read_mem                    
0     00338e3f  _mpu_load_firmware               
0     00338ea7  _mpu_set_dmp_state               
0     00338ef1  _mpu_get_dmp_state               
0     00338efb  _setup_compass                   
0     00338efe  _mpu_get_compass_reg             
0     00338f05  _mpu_get_compass_fsr             
0     00338f0b  _mpu_lp_motion_interrupt         
0     00339020  _run_self_test                   
0     00339076  _inv_orientation_matrix_to_scalar
0     0033908e  _inv_row_2_scale                 
0     003390b2  _mget_ms                         
0     003390b6  _mpu_dmp_init                    
0     00339102  _mpu_dmp_get_data                
0     003391f5  _dmp_load_motion_driver_firmware 
0     003391ff  _dmp_set_orientation             
0     003392ae  _dmp_set_gyro_bias               
0     00339357  _dmp_set_accel_bias              
0     003393ef  _dmp_set_fifo_rate               
0     0033942b  _dmp_get_fifo_rate               
0     00339435  _dmp_set_tap_thresh              
0     00339513  _dmp_set_tap_axes                
0     0033952c  _dmp_set_tap_count               
0     00339544  _dmp_set_tap_time                
0     0033955a  _dmp_set_tap_time_multi          
0     00339570  _dmp_set_shake_reject_thresh     
0     00339598  _dmp_set_shake_reject_time       
0     003395ae  _dmp_set_shake_reject_timeout    
0     003395c4  _dmp_get_pedometer_step_count    
0     003395f1  _dmp_set_pedometer_step_count    
0     0033960d  _dmp_get_pedometer_walk_time     
0     00339640  _dmp_set_pedometer_walk_time     
0     00339665  _dmp_enable_feature              
0     00339752  _dmp_get_enabled_features        
0     0033975c  _dmp_enable_gyro_cal             
0     00339782  _dmp_enable_lp_quat              
0     003397a1  _dmp_enable_6x_lp_quat           
0     003397e6  _dmp_set_interrupt_mode          
0     00339814  _dmp_read_fifo                   
0     00339929  _dmp_register_tap_cb             
0     00339932  _dmp_register_android_orient_cb  
0     0033993b  __system_post_cinit              
0     0033a48f  ___TI_printfi                    
0     0033a620  _INT13_ISR                       
0     0033a62a  _INT14_ISR                       
0     0033a634  _DATALOG_ISR                     
0     0033a63e  _RTOSINT_ISR                     
0     0033a648  _EMUINT_ISR                      
0     0033a652  _NMI_ISR                         
0     0033a65c  _ILLEGAL_ISR                     
0     0033a666  _USER1_ISR                       
0     0033a670  _USER2_ISR                       
0     0033a67a  _USER3_ISR                       
0     0033a684  _USER4_ISR                       
0     0033a68e  _USER5_ISR                       
0     0033a698  _USER6_ISR                       
0     0033a6a2  _USER7_ISR                       
0     0033a6ac  _USER8_ISR                       
0     0033a6b6  _USER9_ISR                       
0     0033a6c0  _USER10_ISR                      
0     0033a6ca  _USER11_ISR                      
0     0033a6d4  _USER12_ISR                      
0     0033a6de  _SEQ1INT_ISR                     
0     0033a6e8  _SEQ2INT_ISR                     
0     0033a6f2  _XINT1_ISR                       
0     0033a6fc  _XINT2_ISR                       
0     0033a706  _ADCINT_ISR                      
0     0033a710  _TINT0_ISR                       
0     0033a71a  _WAKEINT_ISR                     
0     0033a724  _EPWM1_TZINT_ISR                 
0     0033a72e  _EPWM2_TZINT_ISR                 
0     0033a738  _EPWM3_TZINT_ISR                 
0     0033a742  _EPWM4_TZINT_ISR                 
0     0033a74c  _EPWM5_TZINT_ISR                 
0     0033a756  _EPWM6_TZINT_ISR                 
0     0033a760  _EPWM1_INT_ISR                   
0     0033a76a  _EPWM2_INT_ISR                   
0     0033a774  _EPWM3_INT_ISR                   
0     0033a77e  _EPWM4_INT_ISR                   
0     0033a788  _EPWM5_INT_ISR                   
0     0033a792  _EPWM6_INT_ISR                   
0     0033a79c  _ECAP1_INT_ISR                   
0     0033a7a6  _ECAP2_INT_ISR                   
0     0033a7b0  _ECAP3_INT_ISR                   
0     0033a7ba  _ECAP4_INT_ISR                   
0     0033a7c4  _ECAP5_INT_ISR                   
0     0033a7ce  _ECAP6_INT_ISR                   
0     0033a7d8  _EQEP1_INT_ISR                   
0     0033a7e2  _EQEP2_INT_ISR                   
0     0033a7ec  _SPIRXINTA_ISR                   
0     0033a7f6  _SPITXINTA_ISR                   
0     0033a800  _MRINTB_ISR                      
0     0033a80a  _MXINTB_ISR                      
0     0033a814  _MRINTA_ISR                      
0     0033a81e  _MXINTA_ISR                      
0     0033a828  _DINTCH1_ISR                     
0     0033a832  _DINTCH2_ISR                     
0     0033a83c  _DINTCH3_ISR                     
0     0033a846  _DINTCH4_ISR                     
0     0033a850  _DINTCH5_ISR                     
0     0033a85a  _DINTCH6_ISR                     
0     0033a864  _I2CINT1A_ISR                    
0     0033a86e  _I2CINT2A_ISR                    
0     0033a878  _SCIRXINTC_ISR                   
0     0033a882  _SCITXINTC_ISR                   
0     0033a88c  _SCIRXINTA_ISR                   
0     0033a896  _SCITXINTA_ISR                   
0     0033a8a0  _SCIRXINTB_ISR                   
0     0033a8aa  _SCITXINTB_ISR                   
0     0033a8b4  _ECAN0INTA_ISR                   
0     0033a8be  _ECAN1INTA_ISR                   
0     0033a8c8  _ECAN0INTB_ISR                   
0     0033a8d2  _ECAN1INTB_ISR                   
0     0033a8dc  _XINT3_ISR                       
0     0033a8e6  _XINT4_ISR                       
0     0033a8f0  _XINT5_ISR                       
0     0033a8fa  _XINT6_ISR                       
0     0033a904  _XINT7_ISR                       
0     0033a90e  _LVF_ISR                         
0     0033a918  _LUF_ISR                         
0     0033a922  _EMPTY_ISR                       
0     0033a92f  _PIE_RESERVED                    
0     0033a939  _rsvd_ISR                        
0     0033a943  _delay_ms                        
0     0033a985  _MPU_Init                        
0     0033a9cf  _MPU_Set_Gyro_Fsr                
0     0033a9db  _MPU_Set_Accel_Fsr               
0     0033a9e6  _MPU_Set_LPF                     
0     0033aa0b  _MPU_Set_Rate                    
0     0033aa2e  _MPU_Write_Byte                  
0     0033aa41  _MPU_Read_Byte                   
0     0033aa53  _MPU_Write_Len                   
0     0033aa63  _MPU_Read_Len                    
0     0033aa73  _MPU_Get_Temperature             
0     0033aa9a  _MPU_Get_Gyroscope               
0     0033aaba  _MPU_Get_Accelerometer           
0     0033aada  _UARTa_Init                      
0     0033ab13  _uart_printf                     
0     0033ab35  _UARTa_SendByte                  
0     0033ab41  _UARTa_SendString                
0     0033ab54  _scia_xmit                       
0     0033ab60  _scia_int                        
0     0033aba7  _scia_float                      
0     0033abf9  _scia_msg                        
0     0033ac0c  LL$$DIV                          
0     0033ac48  LL$$MOD                          
0     0033ac82  ULL$$DIV                         
0     0033acb1  ULL$$MOD                         
0     0033ad13  _InitSysCtrl                     
0     0033ad1c  _ServiceDog                      
0     0033ad26  _DisableDog                      
0     0033ad2e  _InitPll                         
0     0033ad7f  _InitPeripheralClocks            
0     0033adda  _CsmUnlock                       
0     0033ae0b  _I2CA_Init                       
0     0033ae44  _I2C_WriteData                   
0     0033ae91  _I2C_ReadData                    
0     0033af03  _asin                            
0     0033af03  _asinf                           
0     0033aff8  _atan2                           
0     0033aff8  _atan2f                          
0     0033b0ca  _atan                            
0     0033b0ca  _atanf                           
0     0033b194  _ldexpl                          
0     0033b194  _scalbnl                         
0     0033b242  FD$$ADD                          
0     0033b2de  _main                            
0     0033b378  _sqrtl                           
0     0033b40a  FD$$DIV                          
0     0033b495  FS$$DIV                          
0     0033b51d  FD$$MPY                          
0     0033b5a0  _frexpl                          
0     0033b5fa  _c_int00                         
0     0033b650  _LED_Init                        
0     0033b690  _atoi                            
0     0033b6c1  ___TI_ltoa                       
0     0033b6f1  _vsprintf                        
0     0033b721  FD$$CMP                          
0     0033b74b  L$$DIV                           
0     0033b75a  L$$MOD                           
0     0033b768  UL$$DIV                          
0     0033b76f  UL$$MOD                          
0     0033b775  C$$EXIT                          
0     0033b775  _abort                           
0     0033b777  _exit                            
0     0033b79e  _copysignl                       
0     0033b7c3  _copy_in                         
0     0033b7e7  FD$$TOFS                         
0     0033b80a  I$$DIV                           
0     0033b81b  I$$MOD                           
0     0033b82c  FD$$TOI                          
0     0033b84d  FD$$TOL                          
0     0033b86c  LL$$CMP                          
0     0033b87e  ULL$$CMP                         
0     0033b88a  I$$TOFD                          
0     0033b8a7  _memcpy                          
0     0033b8c4  FS$$TOFD                         
0     0033b8e0  L$$TOFD                          
0     0033b8fc  FD$$TOUL                         
0     0033b917  _InitSci                         
0     0033b918  _InitSciGpio                     
0     0033b91b  _InitSciaGpio                    
0     0033b930  LL$$AND                          
0     0033b938  LL$$OR                           
0     0033b940  LL$$XOR                          
0     0033b948  _InitI2C                         
0     0033b949  _InitI2CGpio                     
0     0033b95f  U$$TOFD                          
0     0033b976  LL$$MPY                          
0     0033b98a  _MemCopy                         
0     0033b99d  _memcmp                          
0     0033b9b0  __args_main                      
0     0033b9c2  _memccpy                         
0     0033b9d2  FD$$SUB                          
0     0033b9e0  _strchr                          
0     0033b9ec  __register_unlock                
0     0033b9f0  __register_lock                  
0     0033b9f4  __nop                            
0     0033b9f5  FD$$NEG                          
0     0033b9fe  _wcslen                          
0     0033ba0f  _strlen                          
0     0033ba17  _memset                          
0     0033ba1e  _strcpy                          
0     0033ba23  __system_pre_init                
0     0033ba25  ___etext__                       
0     0033ba25  etext                            
0     0033c61c  __ctypes_                        
0     0033c8be  _reg                             
0     0033c8da  _test                            
0     0033c982  _hw                              
0     0033c998  ___cinit__                       
0     0033c998  cinit                            
0     0033fff6  code_start                       
0     00380080  _ADC_cal                         
1     00000880  _DevEmuRegs                      
1     00000a80  _FlashRegs                       
1     00000ae0  _CsmRegs                         
1     00000b00  _AdcMirror                       
1     00000b20  _XintfRegs                       
1     00000c00  _CpuTimer0Regs                   
1     00000c08  _CpuTimer1Regs                   
1     00000c10  _CpuTimer2Regs                   
1     00000ce0  _PieCtrlRegs                     
1     00000d00  _PieVectTable                    
1     00001000  _DmaRegs                         
1     00005000  _McbspaRegs                      
1     00005040  _McbspbRegs                      
1     00006000  _ECanaRegs                       
1     00006040  _ECanaLAMRegs                    
1     00006080  _ECanaMOTSRegs                   
1     000060c0  _ECanaMOTORegs                   
1     00006100  _ECanaMboxes                     
1     00006200  _ECanbRegs                       
1     00006240  _ECanbLAMRegs                    
1     00006280  _ECanbMOTSRegs                   
1     000062c0  _ECanbMOTORegs                   
1     00006300  _ECanbMboxes                     
1     00006800  _EPwm1Regs                       
1     00006840  _EPwm2Regs                       
1     00006880  _EPwm3Regs                       
1     000068c0  _EPwm4Regs                       
1     00006900  _EPwm5Regs                       
1     00006940  _EPwm6Regs                       
1     00006a00  _ECap1Regs                       
1     00006a20  _ECap2Regs                       
1     00006a40  _ECap3Regs                       
1     00006a60  _ECap4Regs                       
1     00006a80  _ECap5Regs                       
1     00006aa0  _ECap6Regs                       
1     00006b00  _EQep1Regs                       
1     00006b40  _EQep2Regs                       
1     00006f80  _GpioCtrlRegs                    
1     00006fc0  _GpioDataRegs                    
1     00006fe0  _GpioIntRegs                     
1     00007010  _SysCtrlRegs                     
1     00007040  _SpiaRegs                        
1     00007050  _SciaRegs                        
1     00007070  _XIntruptRegs                    
1     00007100  _AdcRegs                         
1     00007750  _ScibRegs                        
1     00007770  _ScicRegs                        
1     00007900  _I2caRegs                        
1     0000c000  __stack                          
1     0000c300  __STACK_END                      
1     0000c52e  _T                               
1     0000c52f  _ax                              
1     0000c530  _ay                              
1     0000c531  _az                              
1     0000c532  _gx                              
1     0000c533  _gy                              
1     0000c534  _gz                              
1     0000c535  _ggx                             
1     0000c536  _aax                             
1     0000c537  _res                             
1     0000c538  _pitch                           
1     0000c53a  _roll                            
1     0000c53c  _yaw                             
1     0000c53e  __lock                           
1     0000c540  _CpuTimer0                       
1     0000c548  _CpuTimer1                       
1     0000c550  _CpuTimer2                       
1     0000c561  _errno                           
1     0000c56a  ___TI_enable_exit_profile_output 
1     0000c56c  ___TI_cleanup_ptr                
1     0000c56e  ___TI_dtors_ptr                  
1     0000c570  __unlock                         
1     0033fff8  _CsmPwl                          
abs   00000300  __STACK_SIZE                     
abs   ffffffff  ___TI_pprof_out_hndl             
abs   ffffffff  ___TI_prof_data_size             
abs   ffffffff  ___TI_prof_data_start            
abs   ffffffff  ___binit__                       
abs   ffffffff  ___c_args__                      
abs   ffffffff  ___pinit__                       
abs   ffffffff  binit                            
abs   ffffffff  pinit                            

[356 symbols]
